[0.930s] Invoking command in '/home/kj/Desktop/space/ros2_ws/src/build/space_ardupilot_interface': DEBUGINFOD_URLS=https://debuginfod.ubuntu.com PYTHONPATH=/home/kj/Desktop/space/ros2_ws/src/build/space_ardupilot_interface/prefix_override:/usr/lib/python3/dist-packages/colcon_core/task/python/colcon_distutils_commands:/home/kj/Desktop/space/ros2_ws/src/install/space_ardupilot_interface/lib/python3.12/site-packages:${PYTHONPATH} /usr/bin/python3 -W ignore:setup.py install is deprecated -W ignore:easy_install command is deprecated setup.py develop --editable --build-directory /home/kj/Desktop/space/ros2_ws/src/build/space_ardupilot_interface/build --no-deps symlink_data
[1.179s] running develop
[1.326s] running egg_info
[1.326s] creating space_ardupilot_interface.egg-info
[1.338s] writing space_ardupilot_interface.egg-info/PKG-INFO
[1.339s] writing dependency_links to space_ardupilot_interface.egg-info/dependency_links.txt
[1.339s] writing requirements to space_ardupilot_interface.egg-info/requires.txt
[1.339s] writing top-level names to space_ardupilot_interface.egg-info/top_level.txt
[1.339s] writing manifest file 'space_ardupilot_interface.egg-info/SOURCES.txt'
[1.367s] reading manifest file 'space_ardupilot_interface.egg-info/SOURCES.txt'
[1.368s] writing manifest file 'space_ardupilot_interface.egg-info/SOURCES.txt'
[1.385s] running build_ext
[1.386s] Creating /home/kj/Desktop/space/ros2_ws/src/install/space_ardupilot_interface/lib/python3.12/site-packages/space-ardupilot-interface.egg-link (link to .)
[1.386s] 
[1.386s] Installed /home/kj/Desktop/space/ros2_ws/src/build/space_ardupilot_interface
[1.386s] running symlink_data
[1.386s] creating /home/kj/Desktop/space/ros2_ws/src/install/space_ardupilot_interface/share/ament_index
[1.386s] creating /home/kj/Desktop/space/ros2_ws/src/install/space_ardupilot_interface/share/ament_index/resource_index
[1.386s] creating /home/kj/Desktop/space/ros2_ws/src/install/space_ardupilot_interface/share/ament_index/resource_index/packages
[1.386s] symbolically linking /home/kj/Desktop/space/ros2_ws/src/build/space_ardupilot_interface/resource/space_ardupilot_interface -> /home/kj/Desktop/space/ros2_ws/src/install/space_ardupilot_interface/share/ament_index/resource_index/packages
[1.386s] symbolically linking /home/kj/Desktop/space/ros2_ws/src/build/space_ardupilot_interface/package.xml -> /home/kj/Desktop/space/ros2_ws/src/install/space_ardupilot_interface/share/space_ardupilot_interface
[1.386s] symbolically linking /home/kj/Desktop/space/ros2_ws/src/build/space_ardupilot_interface/README.md -> /home/kj/Desktop/space/ros2_ws/src/install/space_ardupilot_interface/share/space_ardupilot_interface
[1.432s] Invoked command in '/home/kj/Desktop/space/ros2_ws/src/build/space_ardupilot_interface' returned '0': DEBUGINFOD_URLS=https://debuginfod.ubuntu.com PYTHONPATH=/home/kj/Desktop/space/ros2_ws/src/build/space_ardupilot_interface/prefix_override:/usr/lib/python3/dist-packages/colcon_core/task/python/colcon_distutils_commands:/home/kj/Desktop/space/ros2_ws/src/install/space_ardupilot_interface/lib/python3.12/site-packages:${PYTHONPATH} /usr/bin/python3 -W ignore:setup.py install is deprecated -W ignore:easy_install command is deprecated setup.py develop --editable --build-directory /home/kj/Desktop/space/ros2_ws/src/build/space_ardupilot_interface/build --no-deps symlink_data
