[1.352s] Invoking command in '/home/kms301111/Desktop/space/build/space_controller': DEBUGINFOD_URLS=https://debuginfod.ubuntu.com PYTHONPATH=/home/kms301111/Desktop/space/build/space_controller/prefix_override:/usr/lib/python3/dist-packages/colcon_core/task/python/colcon_distutils_commands:/home/kms301111/Desktop/space/install/space_controller/lib/python3.12/site-packages:${PYTHONPATH} /usr/bin/python3 -W ignore:setup.py install is deprecated -W ignore:easy_install command is deprecated setup.py develop --editable --build-directory /home/kms301111/Desktop/space/build/space_controller/build --no-deps symlink_data
[1.781s] running develop
[1.954s] running egg_info
[1.954s] creating space_controller.egg-info
[1.968s] writing space_controller.egg-info/PKG-INFO
[1.968s] writing dependency_links to space_controller.egg-info/dependency_links.txt
[1.968s] writing entry points to space_controller.egg-info/entry_points.txt
[1.968s] writing requirements to space_controller.egg-info/requires.txt
[1.969s] writing top-level names to space_controller.egg-info/top_level.txt
[1.969s] writing manifest file 'space_controller.egg-info/SOURCES.txt'
[2.017s] reading manifest file 'space_controller.egg-info/SOURCES.txt'
[2.018s] writing manifest file 'space_controller.egg-info/SOURCES.txt'
[2.052s] running build_ext
[2.052s] Creating /home/kms301111/Desktop/space/install/space_controller/lib/python3.12/site-packages/space-controller.egg-link (link to .)
[2.053s] Installing command_safety_node script to /home/kms301111/Desktop/space/install/space_controller/lib/space_controller
[2.053s] 
[2.053s] Installed /home/kms301111/Desktop/space/build/space_controller
[2.053s] running symlink_data
[2.054s] creating /home/kms301111/Desktop/space/install/space_controller/share/ament_index
[2.054s] creating /home/kms301111/Desktop/space/install/space_controller/share/ament_index/resource_index
[2.054s] creating /home/kms301111/Desktop/space/install/space_controller/share/ament_index/resource_index/packages
[2.054s] symbolically linking /home/kms301111/Desktop/space/build/space_controller/resource/space_controller -> /home/kms301111/Desktop/space/install/space_controller/share/ament_index/resource_index/packages
[2.054s] symbolically linking /home/kms301111/Desktop/space/build/space_controller/package.xml -> /home/kms301111/Desktop/space/install/space_controller/share/space_controller
[2.098s] Invoked command in '/home/kms301111/Desktop/space/build/space_controller' returned '0': DEBUGINFOD_URLS=https://debuginfod.ubuntu.com PYTHONPATH=/home/kms301111/Desktop/space/build/space_controller/prefix_override:/usr/lib/python3/dist-packages/colcon_core/task/python/colcon_distutils_commands:/home/kms301111/Desktop/space/install/space_controller/lib/python3.12/site-packages:${PYTHONPATH} /usr/bin/python3 -W ignore:setup.py install is deprecated -W ignore:easy_install command is deprecated setup.py develop --editable --build-directory /home/kms301111/Desktop/space/build/space_controller/build --no-deps symlink_data
