[0.227s] DEBUG:colcon:Command line arguments: ['/usr/bin/colcon', 'build', '--symlink-install']
[0.227s] DEBUG:colcon:Parsed command line arguments: Namespace(log_base=None, log_level=None, verb_name='build', build_base='build', install_base='install', merge_install=False, symlink_install=True, test_result_base=None, continue_on_error=False, executor='parallel', parallel_workers=12, event_handlers=None, ignore_user_meta=False, metas=['./colcon.meta'], base_paths=['.'], packages_ignore=None, packages_ignore_regex=None, paths=None, packages_up_to=None, packages_up_to_regex=None, packages_above=None, packages_above_and_dependencies=None, packages_above_depth=None, packages_select_by_dep=None, packages_skip_by_dep=None, packages_skip_up_to=None, packages_select_build_failed=False, packages_skip_build_finished=False, packages_select_test_failures=False, packages_skip_test_passed=False, packages_select=None, packages_skip=None, packages_select_regex=None, packages_skip_regex=None, packages_start=None, packages_end=None, allow_overriding=[], cmake_args=None, cmake_target=None, cmake_target_skip_unavailable=False, cmake_clean_cache=False, cmake_clean_first=False, cmake_force_configure=False, ament_cmake_args=None, catkin_cmake_args=None, catkin_skip_building_tests=False, mixin_files=None, mixin=None, verb_parser=<colcon_mixin.mixin.mixin_argument.MixinArgumentDecorator object at 0x7f74110375f0>, verb_extension=<colcon_core.verb.build.BuildVerb object at 0x7f74110371a0>, main=<bound method BuildVerb.main of <colcon_core.verb.build.BuildVerb object at 0x7f74110371a0>>, mixin_verb=('build',))
[0.291s] Level 1:colcon.colcon_core.package_discovery:discover_packages(colcon_meta) check parameters
[0.291s] Level 1:colcon.colcon_core.package_discovery:discover_packages(recursive) check parameters
[0.291s] Level 1:colcon.colcon_core.package_discovery:discover_packages(ignore) check parameters
[0.291s] Level 1:colcon.colcon_core.package_discovery:discover_packages(path) check parameters
[0.291s] Level 1:colcon.colcon_core.package_discovery:discover_packages(colcon_meta) discover
[0.291s] Level 1:colcon.colcon_core.package_discovery:discover_packages(recursive) discover
[0.291s] INFO:colcon.colcon_core.package_discovery:Crawling recursively for packages in '/home/kms301111/Desktop/space'
[0.291s] Level 1:colcon.colcon_core.package_identification:_identify(.) by extensions ['ignore', 'ignore_ament_install']
[0.291s] Level 1:colcon.colcon_core.package_identification:_identify(.) by extension 'ignore'
[0.291s] Level 1:colcon.colcon_core.package_identification:_identify(.) by extension 'ignore_ament_install'
[0.291s] Level 1:colcon.colcon_core.package_identification:_identify(.) by extensions ['colcon_pkg']
[0.291s] Level 1:colcon.colcon_core.package_identification:_identify(.) by extension 'colcon_pkg'
[0.292s] Level 1:colcon.colcon_core.package_identification:_identify(.) by extensions ['colcon_meta']
[0.292s] Level 1:colcon.colcon_core.package_identification:_identify(.) by extension 'colcon_meta'
[0.292s] Level 1:colcon.colcon_core.package_identification:_identify(.) by extensions ['ros']
[0.292s] Level 1:colcon.colcon_core.package_identification:_identify(.) by extension 'ros'
[0.318s] Level 1:colcon.colcon_core.package_identification:_identify(.) by extensions ['cmake', 'python']
[0.318s] Level 1:colcon.colcon_core.package_identification:_identify(.) by extension 'cmake'
[0.318s] Level 1:colcon.colcon_core.package_identification:_identify(.) by extension 'python'
[0.318s] Level 1:colcon.colcon_core.package_identification:_identify(.) by extensions ['python_setup_py']
[0.318s] Level 1:colcon.colcon_core.package_identification:_identify(.) by extension 'python_setup_py'
[0.318s] Level 1:colcon.colcon_core.package_identification:_identify(build) by extensions ['ignore', 'ignore_ament_install']
[0.318s] Level 1:colcon.colcon_core.package_identification:_identify(build) by extension 'ignore'
[0.318s] Level 1:colcon.colcon_core.package_identification:_identify(build) ignored
[0.318s] Level 1:colcon.colcon_core.package_identification:_identify(docs) by extensions ['ignore', 'ignore_ament_install']
[0.318s] Level 1:colcon.colcon_core.package_identification:_identify(docs) by extension 'ignore'
[0.318s] Level 1:colcon.colcon_core.package_identification:_identify(docs) by extension 'ignore_ament_install'
[0.318s] Level 1:colcon.colcon_core.package_identification:_identify(docs) by extensions ['colcon_pkg']
[0.318s] Level 1:colcon.colcon_core.package_identification:_identify(docs) by extension 'colcon_pkg'
[0.318s] Level 1:colcon.colcon_core.package_identification:_identify(docs) by extensions ['colcon_meta']
[0.318s] Level 1:colcon.colcon_core.package_identification:_identify(docs) by extension 'colcon_meta'
[0.318s] Level 1:colcon.colcon_core.package_identification:_identify(docs) by extensions ['ros']
[0.318s] Level 1:colcon.colcon_core.package_identification:_identify(docs) by extension 'ros'
[0.319s] Level 1:colcon.colcon_core.package_identification:_identify(docs) by extensions ['cmake', 'python']
[0.319s] Level 1:colcon.colcon_core.package_identification:_identify(docs) by extension 'cmake'
[0.319s] Level 1:colcon.colcon_core.package_identification:_identify(docs) by extension 'python'
[0.319s] Level 1:colcon.colcon_core.package_identification:_identify(docs) by extensions ['python_setup_py']
[0.319s] Level 1:colcon.colcon_core.package_identification:_identify(docs) by extension 'python_setup_py'
[0.319s] Level 1:colcon.colcon_core.package_identification:_identify(docs/calibration) by extensions ['ignore', 'ignore_ament_install']
[0.319s] Level 1:colcon.colcon_core.package_identification:_identify(docs/calibration) by extension 'ignore'
[0.319s] Level 1:colcon.colcon_core.package_identification:_identify(docs/calibration) by extension 'ignore_ament_install'
[0.319s] Level 1:colcon.colcon_core.package_identification:_identify(docs/calibration) by extensions ['colcon_pkg']
[0.319s] Level 1:colcon.colcon_core.package_identification:_identify(docs/calibration) by extension 'colcon_pkg'
[0.319s] Level 1:colcon.colcon_core.package_identification:_identify(docs/calibration) by extensions ['colcon_meta']
[0.319s] Level 1:colcon.colcon_core.package_identification:_identify(docs/calibration) by extension 'colcon_meta'
[0.319s] Level 1:colcon.colcon_core.package_identification:_identify(docs/calibration) by extensions ['ros']
[0.319s] Level 1:colcon.colcon_core.package_identification:_identify(docs/calibration) by extension 'ros'
[0.319s] Level 1:colcon.colcon_core.package_identification:_identify(docs/calibration) by extensions ['cmake', 'python']
[0.319s] Level 1:colcon.colcon_core.package_identification:_identify(docs/calibration) by extension 'cmake'
[0.319s] Level 1:colcon.colcon_core.package_identification:_identify(docs/calibration) by extension 'python'
[0.319s] Level 1:colcon.colcon_core.package_identification:_identify(docs/calibration) by extensions ['python_setup_py']
[0.319s] Level 1:colcon.colcon_core.package_identification:_identify(docs/calibration) by extension 'python_setup_py'
[0.319s] Level 1:colcon.colcon_core.package_identification:_identify(firmware) by extensions ['ignore', 'ignore_ament_install']
[0.319s] Level 1:colcon.colcon_core.package_identification:_identify(firmware) by extension 'ignore'
[0.319s] Level 1:colcon.colcon_core.package_identification:_identify(firmware) by extension 'ignore_ament_install'
[0.319s] Level 1:colcon.colcon_core.package_identification:_identify(firmware) by extensions ['colcon_pkg']
[0.319s] Level 1:colcon.colcon_core.package_identification:_identify(firmware) by extension 'colcon_pkg'
[0.319s] Level 1:colcon.colcon_core.package_identification:_identify(firmware) by extensions ['colcon_meta']
[0.319s] Level 1:colcon.colcon_core.package_identification:_identify(firmware) by extension 'colcon_meta'
[0.319s] Level 1:colcon.colcon_core.package_identification:_identify(firmware) by extensions ['ros']
[0.319s] Level 1:colcon.colcon_core.package_identification:_identify(firmware) by extension 'ros'
[0.319s] Level 1:colcon.colcon_core.package_identification:_identify(firmware) by extensions ['cmake', 'python']
[0.319s] Level 1:colcon.colcon_core.package_identification:_identify(firmware) by extension 'cmake'
[0.319s] Level 1:colcon.colcon_core.package_identification:_identify(firmware) by extension 'python'
[0.319s] Level 1:colcon.colcon_core.package_identification:_identify(firmware) by extensions ['python_setup_py']
[0.319s] Level 1:colcon.colcon_core.package_identification:_identify(firmware) by extension 'python_setup_py'
[0.319s] Level 1:colcon.colcon_core.package_identification:_identify(firmware/ardupilot) by extensions ['ignore', 'ignore_ament_install']
[0.319s] Level 1:colcon.colcon_core.package_identification:_identify(firmware/ardupilot) by extension 'ignore'
[0.319s] Level 1:colcon.colcon_core.package_identification:_identify(firmware/ardupilot) by extension 'ignore_ament_install'
[0.320s] Level 1:colcon.colcon_core.package_identification:_identify(firmware/ardupilot) by extensions ['colcon_pkg']
[0.320s] Level 1:colcon.colcon_core.package_identification:_identify(firmware/ardupilot) by extension 'colcon_pkg'
[0.320s] Level 1:colcon.colcon_core.package_identification:_identify(firmware/ardupilot) by extensions ['colcon_meta']
[0.320s] Level 1:colcon.colcon_core.package_identification:_identify(firmware/ardupilot) by extension 'colcon_meta'
[0.320s] Level 1:colcon.colcon_core.package_identification:_identify(firmware/ardupilot) by extensions ['ros']
[0.320s] Level 1:colcon.colcon_core.package_identification:_identify(firmware/ardupilot) by extension 'ros'
[0.320s] Level 1:colcon.colcon_core.package_identification:_identify(firmware/ardupilot) by extensions ['cmake', 'python']
[0.320s] Level 1:colcon.colcon_core.package_identification:_identify(firmware/ardupilot) by extension 'cmake'
[0.320s] Level 1:colcon.colcon_core.package_identification:_identify(firmware/ardupilot) by extension 'python'
[0.320s] Level 1:colcon.colcon_core.package_identification:_identify(firmware/ardupilot) by extensions ['python_setup_py']
[0.320s] Level 1:colcon.colcon_core.package_identification:_identify(firmware/ardupilot) by extension 'python_setup_py'
[0.320s] Level 1:colcon.colcon_core.package_identification:_identify(firmware/ardupilot/params) by extensions ['ignore', 'ignore_ament_install']
[0.320s] Level 1:colcon.colcon_core.package_identification:_identify(firmware/ardupilot/params) by extension 'ignore'
[0.320s] Level 1:colcon.colcon_core.package_identification:_identify(firmware/ardupilot/params) by extension 'ignore_ament_install'
[0.320s] Level 1:colcon.colcon_core.package_identification:_identify(firmware/ardupilot/params) by extensions ['colcon_pkg']
[0.320s] Level 1:colcon.colcon_core.package_identification:_identify(firmware/ardupilot/params) by extension 'colcon_pkg'
[0.320s] Level 1:colcon.colcon_core.package_identification:_identify(firmware/ardupilot/params) by extensions ['colcon_meta']
[0.320s] Level 1:colcon.colcon_core.package_identification:_identify(firmware/ardupilot/params) by extension 'colcon_meta'
[0.320s] Level 1:colcon.colcon_core.package_identification:_identify(firmware/ardupilot/params) by extensions ['ros']
[0.320s] Level 1:colcon.colcon_core.package_identification:_identify(firmware/ardupilot/params) by extension 'ros'
[0.320s] Level 1:colcon.colcon_core.package_identification:_identify(firmware/ardupilot/params) by extensions ['cmake', 'python']
[0.320s] Level 1:colcon.colcon_core.package_identification:_identify(firmware/ardupilot/params) by extension 'cmake'
[0.320s] Level 1:colcon.colcon_core.package_identification:_identify(firmware/ardupilot/params) by extension 'python'
[0.320s] Level 1:colcon.colcon_core.package_identification:_identify(firmware/ardupilot/params) by extensions ['python_setup_py']
[0.320s] Level 1:colcon.colcon_core.package_identification:_identify(firmware/ardupilot/params) by extension 'python_setup_py'
[0.320s] Level 1:colcon.colcon_core.package_identification:_identify(firmware/ardupilot/scripts) by extensions ['ignore', 'ignore_ament_install']
[0.320s] Level 1:colcon.colcon_core.package_identification:_identify(firmware/ardupilot/scripts) by extension 'ignore'
[0.320s] Level 1:colcon.colcon_core.package_identification:_identify(firmware/ardupilot/scripts) by extension 'ignore_ament_install'
[0.320s] Level 1:colcon.colcon_core.package_identification:_identify(firmware/ardupilot/scripts) by extensions ['colcon_pkg']
[0.320s] Level 1:colcon.colcon_core.package_identification:_identify(firmware/ardupilot/scripts) by extension 'colcon_pkg'
[0.320s] Level 1:colcon.colcon_core.package_identification:_identify(firmware/ardupilot/scripts) by extensions ['colcon_meta']
[0.320s] Level 1:colcon.colcon_core.package_identification:_identify(firmware/ardupilot/scripts) by extension 'colcon_meta'
[0.320s] Level 1:colcon.colcon_core.package_identification:_identify(firmware/ardupilot/scripts) by extensions ['ros']
[0.320s] Level 1:colcon.colcon_core.package_identification:_identify(firmware/ardupilot/scripts) by extension 'ros'
[0.320s] Level 1:colcon.colcon_core.package_identification:_identify(firmware/ardupilot/scripts) by extensions ['cmake', 'python']
[0.320s] Level 1:colcon.colcon_core.package_identification:_identify(firmware/ardupilot/scripts) by extension 'cmake'
[0.320s] Level 1:colcon.colcon_core.package_identification:_identify(firmware/ardupilot/scripts) by extension 'python'
[0.320s] Level 1:colcon.colcon_core.package_identification:_identify(firmware/ardupilot/scripts) by extensions ['python_setup_py']
[0.320s] Level 1:colcon.colcon_core.package_identification:_identify(firmware/ardupilot/scripts) by extension 'python_setup_py'
[0.320s] Level 1:colcon.colcon_core.package_identification:_identify(hardware) by extensions ['ignore', 'ignore_ament_install']
[0.321s] Level 1:colcon.colcon_core.package_identification:_identify(hardware) by extension 'ignore'
[0.321s] Level 1:colcon.colcon_core.package_identification:_identify(hardware) by extension 'ignore_ament_install'
[0.321s] Level 1:colcon.colcon_core.package_identification:_identify(hardware) by extensions ['colcon_pkg']
[0.321s] Level 1:colcon.colcon_core.package_identification:_identify(hardware) by extension 'colcon_pkg'
[0.321s] Level 1:colcon.colcon_core.package_identification:_identify(hardware) by extensions ['colcon_meta']
[0.321s] Level 1:colcon.colcon_core.package_identification:_identify(hardware) by extension 'colcon_meta'
[0.321s] Level 1:colcon.colcon_core.package_identification:_identify(hardware) by extensions ['ros']
[0.321s] Level 1:colcon.colcon_core.package_identification:_identify(hardware) by extension 'ros'
[0.321s] Level 1:colcon.colcon_core.package_identification:_identify(hardware) by extensions ['cmake', 'python']
[0.321s] Level 1:colcon.colcon_core.package_identification:_identify(hardware) by extension 'cmake'
[0.321s] Level 1:colcon.colcon_core.package_identification:_identify(hardware) by extension 'python'
[0.321s] Level 1:colcon.colcon_core.package_identification:_identify(hardware) by extensions ['python_setup_py']
[0.321s] Level 1:colcon.colcon_core.package_identification:_identify(hardware) by extension 'python_setup_py'
[0.321s] Level 1:colcon.colcon_core.package_identification:_identify(hardware/drivetrain) by extensions ['ignore', 'ignore_ament_install']
[0.321s] Level 1:colcon.colcon_core.package_identification:_identify(hardware/drivetrain) by extension 'ignore'
[0.321s] Level 1:colcon.colcon_core.package_identification:_identify(hardware/drivetrain) by extension 'ignore_ament_install'
[0.321s] Level 1:colcon.colcon_core.package_identification:_identify(hardware/drivetrain) by extensions ['colcon_pkg']
[0.321s] Level 1:colcon.colcon_core.package_identification:_identify(hardware/drivetrain) by extension 'colcon_pkg'
[0.321s] Level 1:colcon.colcon_core.package_identification:_identify(hardware/drivetrain) by extensions ['colcon_meta']
[0.321s] Level 1:colcon.colcon_core.package_identification:_identify(hardware/drivetrain) by extension 'colcon_meta'
[0.321s] Level 1:colcon.colcon_core.package_identification:_identify(hardware/drivetrain) by extensions ['ros']
[0.321s] Level 1:colcon.colcon_core.package_identification:_identify(hardware/drivetrain) by extension 'ros'
[0.321s] Level 1:colcon.colcon_core.package_identification:_identify(hardware/drivetrain) by extensions ['cmake', 'python']
[0.321s] Level 1:colcon.colcon_core.package_identification:_identify(hardware/drivetrain) by extension 'cmake'
[0.321s] Level 1:colcon.colcon_core.package_identification:_identify(hardware/drivetrain) by extension 'python'
[0.321s] Level 1:colcon.colcon_core.package_identification:_identify(hardware/drivetrain) by extensions ['python_setup_py']
[0.321s] Level 1:colcon.colcon_core.package_identification:_identify(hardware/drivetrain) by extension 'python_setup_py'
[0.321s] Level 1:colcon.colcon_core.package_identification:_identify(hardware/power) by extensions ['ignore', 'ignore_ament_install']
[0.321s] Level 1:colcon.colcon_core.package_identification:_identify(hardware/power) by extension 'ignore'
[0.321s] Level 1:colcon.colcon_core.package_identification:_identify(hardware/power) by extension 'ignore_ament_install'
[0.321s] Level 1:colcon.colcon_core.package_identification:_identify(hardware/power) by extensions ['colcon_pkg']
[0.321s] Level 1:colcon.colcon_core.package_identification:_identify(hardware/power) by extension 'colcon_pkg'
[0.321s] Level 1:colcon.colcon_core.package_identification:_identify(hardware/power) by extensions ['colcon_meta']
[0.321s] Level 1:colcon.colcon_core.package_identification:_identify(hardware/power) by extension 'colcon_meta'
[0.321s] Level 1:colcon.colcon_core.package_identification:_identify(hardware/power) by extensions ['ros']
[0.321s] Level 1:colcon.colcon_core.package_identification:_identify(hardware/power) by extension 'ros'
[0.321s] Level 1:colcon.colcon_core.package_identification:_identify(hardware/power) by extensions ['cmake', 'python']
[0.321s] Level 1:colcon.colcon_core.package_identification:_identify(hardware/power) by extension 'cmake'
[0.321s] Level 1:colcon.colcon_core.package_identification:_identify(hardware/power) by extension 'python'
[0.321s] Level 1:colcon.colcon_core.package_identification:_identify(hardware/power) by extensions ['python_setup_py']
[0.321s] Level 1:colcon.colcon_core.package_identification:_identify(hardware/power) by extension 'python_setup_py'
[0.322s] Level 1:colcon.colcon_core.package_identification:_identify(install) by extensions ['ignore', 'ignore_ament_install']
[0.322s] Level 1:colcon.colcon_core.package_identification:_identify(install) by extension 'ignore'
[0.322s] Level 1:colcon.colcon_core.package_identification:_identify(install) ignored
[0.322s] Level 1:colcon.colcon_core.package_identification:_identify(log) by extensions ['ignore', 'ignore_ament_install']
[0.322s] Level 1:colcon.colcon_core.package_identification:_identify(log) by extension 'ignore'
[0.322s] Level 1:colcon.colcon_core.package_identification:_identify(log) ignored
[0.322s] Level 1:colcon.colcon_core.package_identification:_identify(ros2_ws) by extensions ['ignore', 'ignore_ament_install']
[0.322s] Level 1:colcon.colcon_core.package_identification:_identify(ros2_ws) by extension 'ignore'
[0.322s] Level 1:colcon.colcon_core.package_identification:_identify(ros2_ws) by extension 'ignore_ament_install'
[0.322s] Level 1:colcon.colcon_core.package_identification:_identify(ros2_ws) by extensions ['colcon_pkg']
[0.322s] Level 1:colcon.colcon_core.package_identification:_identify(ros2_ws) by extension 'colcon_pkg'
[0.322s] Level 1:colcon.colcon_core.package_identification:_identify(ros2_ws) by extensions ['colcon_meta']
[0.322s] Level 1:colcon.colcon_core.package_identification:_identify(ros2_ws) by extension 'colcon_meta'
[0.322s] Level 1:colcon.colcon_core.package_identification:_identify(ros2_ws) by extensions ['ros']
[0.322s] Level 1:colcon.colcon_core.package_identification:_identify(ros2_ws) by extension 'ros'
[0.322s] Level 1:colcon.colcon_core.package_identification:_identify(ros2_ws) by extensions ['cmake', 'python']
[0.322s] Level 1:colcon.colcon_core.package_identification:_identify(ros2_ws) by extension 'cmake'
[0.322s] Level 1:colcon.colcon_core.package_identification:_identify(ros2_ws) by extension 'python'
[0.322s] Level 1:colcon.colcon_core.package_identification:_identify(ros2_ws) by extensions ['python_setup_py']
[0.322s] Level 1:colcon.colcon_core.package_identification:_identify(ros2_ws) by extension 'python_setup_py'
[0.322s] Level 1:colcon.colcon_core.package_identification:_identify(ros2_ws/src) by extensions ['ignore', 'ignore_ament_install']
[0.322s] Level 1:colcon.colcon_core.package_identification:_identify(ros2_ws/src) by extension 'ignore'
[0.322s] Level 1:colcon.colcon_core.package_identification:_identify(ros2_ws/src) by extension 'ignore_ament_install'
[0.322s] Level 1:colcon.colcon_core.package_identification:_identify(ros2_ws/src) by extensions ['colcon_pkg']
[0.322s] Level 1:colcon.colcon_core.package_identification:_identify(ros2_ws/src) by extension 'colcon_pkg'
[0.322s] Level 1:colcon.colcon_core.package_identification:_identify(ros2_ws/src) by extensions ['colcon_meta']
[0.322s] Level 1:colcon.colcon_core.package_identification:_identify(ros2_ws/src) by extension 'colcon_meta'
[0.322s] Level 1:colcon.colcon_core.package_identification:_identify(ros2_ws/src) by extensions ['ros']
[0.322s] Level 1:colcon.colcon_core.package_identification:_identify(ros2_ws/src) by extension 'ros'
[0.322s] Level 1:colcon.colcon_core.package_identification:_identify(ros2_ws/src) by extensions ['cmake', 'python']
[0.322s] Level 1:colcon.colcon_core.package_identification:_identify(ros2_ws/src) by extension 'cmake'
[0.322s] Level 1:colcon.colcon_core.package_identification:_identify(ros2_ws/src) by extension 'python'
[0.322s] Level 1:colcon.colcon_core.package_identification:_identify(ros2_ws/src) by extensions ['python_setup_py']
[0.322s] Level 1:colcon.colcon_core.package_identification:_identify(ros2_ws/src) by extension 'python_setup_py'
[0.322s] Level 1:colcon.colcon_core.package_identification:_identify(ros2_ws/src/space_ardupilot_interface) by extensions ['ignore', 'ignore_ament_install']
[0.322s] Level 1:colcon.colcon_core.package_identification:_identify(ros2_ws/src/space_ardupilot_interface) by extension 'ignore'
[0.323s] Level 1:colcon.colcon_core.package_identification:_identify(ros2_ws/src/space_ardupilot_interface) by extension 'ignore_ament_install'
[0.323s] Level 1:colcon.colcon_core.package_identification:_identify(ros2_ws/src/space_ardupilot_interface) by extensions ['colcon_pkg']
[0.323s] Level 1:colcon.colcon_core.package_identification:_identify(ros2_ws/src/space_ardupilot_interface) by extension 'colcon_pkg'
[0.323s] Level 1:colcon.colcon_core.package_identification:_identify(ros2_ws/src/space_ardupilot_interface) by extensions ['colcon_meta']
[0.323s] Level 1:colcon.colcon_core.package_identification:_identify(ros2_ws/src/space_ardupilot_interface) by extension 'colcon_meta'
[0.323s] Level 1:colcon.colcon_core.package_identification:_identify(ros2_ws/src/space_ardupilot_interface) by extensions ['ros']
[0.323s] Level 1:colcon.colcon_core.package_identification:_identify(ros2_ws/src/space_ardupilot_interface) by extension 'ros'
[0.325s] DEBUG:colcon.colcon_core.package_identification:Package 'ros2_ws/src/space_ardupilot_interface' with type 'ros.ament_python' and name 'space_ardupilot_interface'
[0.325s] Level 1:colcon.colcon_core.package_identification:_identify(ros2_ws/src/space_bringup) by extensions ['ignore', 'ignore_ament_install']
[0.325s] Level 1:colcon.colcon_core.package_identification:_identify(ros2_ws/src/space_bringup) by extension 'ignore'
[0.325s] Level 1:colcon.colcon_core.package_identification:_identify(ros2_ws/src/space_bringup) by extension 'ignore_ament_install'
[0.325s] Level 1:colcon.colcon_core.package_identification:_identify(ros2_ws/src/space_bringup) by extensions ['colcon_pkg']
[0.325s] Level 1:colcon.colcon_core.package_identification:_identify(ros2_ws/src/space_bringup) by extension 'colcon_pkg'
[0.325s] Level 1:colcon.colcon_core.package_identification:_identify(ros2_ws/src/space_bringup) by extensions ['colcon_meta']
[0.325s] Level 1:colcon.colcon_core.package_identification:_identify(ros2_ws/src/space_bringup) by extension 'colcon_meta'
[0.325s] Level 1:colcon.colcon_core.package_identification:_identify(ros2_ws/src/space_bringup) by extensions ['ros']
[0.325s] Level 1:colcon.colcon_core.package_identification:_identify(ros2_ws/src/space_bringup) by extension 'ros'
[0.325s] DEBUG:colcon.colcon_core.package_identification:Package 'ros2_ws/src/space_bringup' with type 'ros.ament_python' and name 'space_bringup'
[0.326s] Level 1:colcon.colcon_core.package_identification:_identify(ros2_ws/src/space_controller) by extensions ['ignore', 'ignore_ament_install']
[0.326s] Level 1:colcon.colcon_core.package_identification:_identify(ros2_ws/src/space_controller) by extension 'ignore'
[0.326s] Level 1:colcon.colcon_core.package_identification:_identify(ros2_ws/src/space_controller) by extension 'ignore_ament_install'
[0.326s] Level 1:colcon.colcon_core.package_identification:_identify(ros2_ws/src/space_controller) by extensions ['colcon_pkg']
[0.326s] Level 1:colcon.colcon_core.package_identification:_identify(ros2_ws/src/space_controller) by extension 'colcon_pkg'
[0.326s] Level 1:colcon.colcon_core.package_identification:_identify(ros2_ws/src/space_controller) by extensions ['colcon_meta']
[0.326s] Level 1:colcon.colcon_core.package_identification:_identify(ros2_ws/src/space_controller) by extension 'colcon_meta'
[0.326s] Level 1:colcon.colcon_core.package_identification:_identify(ros2_ws/src/space_controller) by extensions ['ros']
[0.326s] Level 1:colcon.colcon_core.package_identification:_identify(ros2_ws/src/space_controller) by extension 'ros'
[0.326s] DEBUG:colcon.colcon_core.package_identification:Package 'ros2_ws/src/space_controller' with type 'ros.ament_python' and name 'space_controller'
[0.326s] Level 1:colcon.colcon_core.package_identification:_identify(ros2_ws/src/space_description) by extensions ['ignore', 'ignore_ament_install']
[0.326s] Level 1:colcon.colcon_core.package_identification:_identify(ros2_ws/src/space_description) by extension 'ignore'
[0.326s] Level 1:colcon.colcon_core.package_identification:_identify(ros2_ws/src/space_description) by extension 'ignore_ament_install'
[0.326s] Level 1:colcon.colcon_core.package_identification:_identify(ros2_ws/src/space_description) by extensions ['colcon_pkg']
[0.326s] Level 1:colcon.colcon_core.package_identification:_identify(ros2_ws/src/space_description) by extension 'colcon_pkg'
[0.326s] Level 1:colcon.colcon_core.package_identification:_identify(ros2_ws/src/space_description) by extensions ['colcon_meta']
[0.326s] Level 1:colcon.colcon_core.package_identification:_identify(ros2_ws/src/space_description) by extension 'colcon_meta'
[0.326s] Level 1:colcon.colcon_core.package_identification:_identify(ros2_ws/src/space_description) by extensions ['ros']
[0.326s] Level 1:colcon.colcon_core.package_identification:_identify(ros2_ws/src/space_description) by extension 'ros'
[0.327s] DEBUG:colcon.colcon_core.package_identification:Package 'ros2_ws/src/space_description' with type 'ros.ament_cmake' and name 'space_description'
[0.327s] Level 1:colcon.colcon_core.package_identification:_identify(ros2_ws/src/space_gazebo) by extensions ['ignore', 'ignore_ament_install']
[0.327s] Level 1:colcon.colcon_core.package_identification:_identify(ros2_ws/src/space_gazebo) by extension 'ignore'
[0.327s] Level 1:colcon.colcon_core.package_identification:_identify(ros2_ws/src/space_gazebo) by extension 'ignore_ament_install'
[0.327s] Level 1:colcon.colcon_core.package_identification:_identify(ros2_ws/src/space_gazebo) by extensions ['colcon_pkg']
[0.327s] Level 1:colcon.colcon_core.package_identification:_identify(ros2_ws/src/space_gazebo) by extension 'colcon_pkg'
[0.327s] Level 1:colcon.colcon_core.package_identification:_identify(ros2_ws/src/space_gazebo) by extensions ['colcon_meta']
[0.327s] Level 1:colcon.colcon_core.package_identification:_identify(ros2_ws/src/space_gazebo) by extension 'colcon_meta'
[0.327s] Level 1:colcon.colcon_core.package_identification:_identify(ros2_ws/src/space_gazebo) by extensions ['ros']
[0.327s] Level 1:colcon.colcon_core.package_identification:_identify(ros2_ws/src/space_gazebo) by extension 'ros'
[0.328s] DEBUG:colcon.colcon_core.package_identification:Package 'ros2_ws/src/space_gazebo' with type 'ros.ament_cmake' and name 'space_gazebo'
[0.328s] Level 1:colcon.colcon_core.package_identification:_identify(ros2_ws/src/space_perception) by extensions ['ignore', 'ignore_ament_install']
[0.328s] Level 1:colcon.colcon_core.package_identification:_identify(ros2_ws/src/space_perception) by extension 'ignore'
[0.328s] Level 1:colcon.colcon_core.package_identification:_identify(ros2_ws/src/space_perception) by extension 'ignore_ament_install'
[0.328s] Level 1:colcon.colcon_core.package_identification:_identify(ros2_ws/src/space_perception) by extensions ['colcon_pkg']
[0.328s] Level 1:colcon.colcon_core.package_identification:_identify(ros2_ws/src/space_perception) by extension 'colcon_pkg'
[0.328s] Level 1:colcon.colcon_core.package_identification:_identify(ros2_ws/src/space_perception) by extensions ['colcon_meta']
[0.328s] Level 1:colcon.colcon_core.package_identification:_identify(ros2_ws/src/space_perception) by extension 'colcon_meta'
[0.328s] Level 1:colcon.colcon_core.package_identification:_identify(ros2_ws/src/space_perception) by extensions ['ros']
[0.328s] Level 1:colcon.colcon_core.package_identification:_identify(ros2_ws/src/space_perception) by extension 'ros'
[0.329s] DEBUG:colcon.colcon_core.package_identification:Package 'ros2_ws/src/space_perception' with type 'ros.ament_cmake' and name 'space_perception'
[0.329s] Level 1:colcon.colcon_core.package_discovery:discover_packages(recursive) using defaults
[0.329s] Level 1:colcon.colcon_core.package_discovery:discover_packages(ignore) discover
[0.329s] Level 1:colcon.colcon_core.package_discovery:discover_packages(ignore) using defaults
[0.329s] Level 1:colcon.colcon_core.package_discovery:discover_packages(path) discover
[0.329s] Level 1:colcon.colcon_core.package_discovery:discover_packages(path) using defaults
[0.348s] Level 1:colcon.colcon_core.package_discovery:discover_packages(prefix_path) check parameters
[0.348s] Level 1:colcon.colcon_core.package_discovery:discover_packages(prefix_path) discover
[0.351s] DEBUG:colcon.colcon_installed_package_information.package_discovery:Found 434 installed packages in /opt/ros/jazzy
[0.352s] Level 1:colcon.colcon_core.package_discovery:discover_packages(prefix_path) using defaults
[0.387s] Level 5:colcon.colcon_core.verb:set package 'space_ardupilot_interface' build argument 'cmake_args' from command line to 'None'
[0.387s] Level 5:colcon.colcon_core.verb:set package 'space_ardupilot_interface' build argument 'cmake_target' from command line to 'None'
[0.387s] Level 5:colcon.colcon_core.verb:set package 'space_ardupilot_interface' build argument 'cmake_target_skip_unavailable' from command line to 'False'
[0.387s] Level 5:colcon.colcon_core.verb:set package 'space_ardupilot_interface' build argument 'cmake_clean_cache' from command line to 'False'
[0.387s] Level 5:colcon.colcon_core.verb:set package 'space_ardupilot_interface' build argument 'cmake_clean_first' from command line to 'False'
[0.387s] Level 5:colcon.colcon_core.verb:set package 'space_ardupilot_interface' build argument 'cmake_force_configure' from command line to 'False'
[0.387s] Level 5:colcon.colcon_core.verb:set package 'space_ardupilot_interface' build argument 'ament_cmake_args' from command line to 'None'
[0.387s] Level 5:colcon.colcon_core.verb:set package 'space_ardupilot_interface' build argument 'catkin_cmake_args' from command line to 'None'
[0.387s] Level 5:colcon.colcon_core.verb:set package 'space_ardupilot_interface' build argument 'catkin_skip_building_tests' from command line to 'False'
[0.387s] DEBUG:colcon.colcon_core.verb:Building package 'space_ardupilot_interface' with the following arguments: {'ament_cmake_args': None, 'build_base': '/home/kms301111/Desktop/space/build/space_ardupilot_interface', 'catkin_cmake_args': None, 'catkin_skip_building_tests': False, 'cmake_args': None, 'cmake_clean_cache': False, 'cmake_clean_first': False, 'cmake_force_configure': False, 'cmake_target': None, 'cmake_target_skip_unavailable': False, 'install_base': '/home/kms301111/Desktop/space/install/space_ardupilot_interface', 'merge_install': False, 'path': '/home/kms301111/Desktop/space/ros2_ws/src/space_ardupilot_interface', 'symlink_install': True, 'test_result_base': None}
[0.387s] Level 5:colcon.colcon_core.verb:set package 'space_controller' build argument 'cmake_args' from command line to 'None'
[0.387s] Level 5:colcon.colcon_core.verb:set package 'space_controller' build argument 'cmake_target' from command line to 'None'
[0.387s] Level 5:colcon.colcon_core.verb:set package 'space_controller' build argument 'cmake_target_skip_unavailable' from command line to 'False'
[0.387s] Level 5:colcon.colcon_core.verb:set package 'space_controller' build argument 'cmake_clean_cache' from command line to 'False'
[0.387s] Level 5:colcon.colcon_core.verb:set package 'space_controller' build argument 'cmake_clean_first' from command line to 'False'
[0.387s] Level 5:colcon.colcon_core.verb:set package 'space_controller' build argument 'cmake_force_configure' from command line to 'False'
[0.387s] Level 5:colcon.colcon_core.verb:set package 'space_controller' build argument 'ament_cmake_args' from command line to 'None'
[0.387s] Level 5:colcon.colcon_core.verb:set package 'space_controller' build argument 'catkin_cmake_args' from command line to 'None'
[0.387s] Level 5:colcon.colcon_core.verb:set package 'space_controller' build argument 'catkin_skip_building_tests' from command line to 'False'
[0.387s] DEBUG:colcon.colcon_core.verb:Building package 'space_controller' with the following arguments: {'ament_cmake_args': None, 'build_base': '/home/kms301111/Desktop/space/build/space_controller', 'catkin_cmake_args': None, 'catkin_skip_building_tests': False, 'cmake_args': None, 'cmake_clean_cache': False, 'cmake_clean_first': False, 'cmake_force_configure': False, 'cmake_target': None, 'cmake_target_skip_unavailable': False, 'install_base': '/home/kms301111/Desktop/space/install/space_controller', 'merge_install': False, 'path': '/home/kms301111/Desktop/space/ros2_ws/src/space_controller', 'symlink_install': True, 'test_result_base': None}
[0.387s] Level 5:colcon.colcon_core.verb:set package 'space_description' build argument 'cmake_args' from command line to 'None'
[0.388s] Level 5:colcon.colcon_core.verb:set package 'space_description' build argument 'cmake_target' from command line to 'None'
[0.388s] Level 5:colcon.colcon_core.verb:set package 'space_description' build argument 'cmake_target_skip_unavailable' from command line to 'False'
[0.388s] Level 5:colcon.colcon_core.verb:set package 'space_description' build argument 'cmake_clean_cache' from command line to 'False'
[0.388s] Level 5:colcon.colcon_core.verb:set package 'space_description' build argument 'cmake_clean_first' from command line to 'False'
[0.388s] Level 5:colcon.colcon_core.verb:set package 'space_description' build argument 'cmake_force_configure' from command line to 'False'
[0.388s] Level 5:colcon.colcon_core.verb:set package 'space_description' build argument 'ament_cmake_args' from command line to 'None'
[0.388s] Level 5:colcon.colcon_core.verb:set package 'space_description' build argument 'catkin_cmake_args' from command line to 'None'
[0.388s] Level 5:colcon.colcon_core.verb:set package 'space_description' build argument 'catkin_skip_building_tests' from command line to 'False'
[0.388s] DEBUG:colcon.colcon_core.verb:Building package 'space_description' with the following arguments: {'ament_cmake_args': None, 'build_base': '/home/kms301111/Desktop/space/build/space_description', 'catkin_cmake_args': None, 'catkin_skip_building_tests': False, 'cmake_args': None, 'cmake_clean_cache': False, 'cmake_clean_first': False, 'cmake_force_configure': False, 'cmake_target': None, 'cmake_target_skip_unavailable': False, 'install_base': '/home/kms301111/Desktop/space/install/space_description', 'merge_install': False, 'path': '/home/kms301111/Desktop/space/ros2_ws/src/space_description', 'symlink_install': True, 'test_result_base': None}
[0.388s] Level 5:colcon.colcon_core.verb:set package 'space_perception' build argument 'cmake_args' from command line to 'None'
[0.388s] Level 5:colcon.colcon_core.verb:set package 'space_perception' build argument 'cmake_target' from command line to 'None'
[0.388s] Level 5:colcon.colcon_core.verb:set package 'space_perception' build argument 'cmake_target_skip_unavailable' from command line to 'False'
[0.388s] Level 5:colcon.colcon_core.verb:set package 'space_perception' build argument 'cmake_clean_cache' from command line to 'False'
[0.388s] Level 5:colcon.colcon_core.verb:set package 'space_perception' build argument 'cmake_clean_first' from command line to 'False'
[0.388s] Level 5:colcon.colcon_core.verb:set package 'space_perception' build argument 'cmake_force_configure' from command line to 'False'
[0.388s] Level 5:colcon.colcon_core.verb:set package 'space_perception' build argument 'ament_cmake_args' from command line to 'None'
[0.388s] Level 5:colcon.colcon_core.verb:set package 'space_perception' build argument 'catkin_cmake_args' from command line to 'None'
[0.388s] Level 5:colcon.colcon_core.verb:set package 'space_perception' build argument 'catkin_skip_building_tests' from command line to 'False'
[0.388s] DEBUG:colcon.colcon_core.verb:Building package 'space_perception' with the following arguments: {'ament_cmake_args': None, 'build_base': '/home/kms301111/Desktop/space/build/space_perception', 'catkin_cmake_args': None, 'catkin_skip_building_tests': False, 'cmake_args': None, 'cmake_clean_cache': False, 'cmake_clean_first': False, 'cmake_force_configure': False, 'cmake_target': None, 'cmake_target_skip_unavailable': False, 'install_base': '/home/kms301111/Desktop/space/install/space_perception', 'merge_install': False, 'path': '/home/kms301111/Desktop/space/ros2_ws/src/space_perception', 'symlink_install': True, 'test_result_base': None}
[0.388s] Level 5:colcon.colcon_core.verb:set package 'space_gazebo' build argument 'cmake_args' from command line to 'None'
[0.388s] Level 5:colcon.colcon_core.verb:set package 'space_gazebo' build argument 'cmake_target' from command line to 'None'
[0.388s] Level 5:colcon.colcon_core.verb:set package 'space_gazebo' build argument 'cmake_target_skip_unavailable' from command line to 'False'
[0.388s] Level 5:colcon.colcon_core.verb:set package 'space_gazebo' build argument 'cmake_clean_cache' from command line to 'False'
[0.388s] Level 5:colcon.colcon_core.verb:set package 'space_gazebo' build argument 'cmake_clean_first' from command line to 'False'
[0.388s] Level 5:colcon.colcon_core.verb:set package 'space_gazebo' build argument 'cmake_force_configure' from command line to 'False'
[0.388s] Level 5:colcon.colcon_core.verb:set package 'space_gazebo' build argument 'ament_cmake_args' from command line to 'None'
[0.388s] Level 5:colcon.colcon_core.verb:set package 'space_gazebo' build argument 'catkin_cmake_args' from command line to 'None'
[0.388s] Level 5:colcon.colcon_core.verb:set package 'space_gazebo' build argument 'catkin_skip_building_tests' from command line to 'False'
[0.388s] DEBUG:colcon.colcon_core.verb:Building package 'space_gazebo' with the following arguments: {'ament_cmake_args': None, 'build_base': '/home/kms301111/Desktop/space/build/space_gazebo', 'catkin_cmake_args': None, 'catkin_skip_building_tests': False, 'cmake_args': None, 'cmake_clean_cache': False, 'cmake_clean_first': False, 'cmake_force_configure': False, 'cmake_target': None, 'cmake_target_skip_unavailable': False, 'install_base': '/home/kms301111/Desktop/space/install/space_gazebo', 'merge_install': False, 'path': '/home/kms301111/Desktop/space/ros2_ws/src/space_gazebo', 'symlink_install': True, 'test_result_base': None}
[0.388s] Level 5:colcon.colcon_core.verb:set package 'space_bringup' build argument 'cmake_args' from command line to 'None'
[0.388s] Level 5:colcon.colcon_core.verb:set package 'space_bringup' build argument 'cmake_target' from command line to 'None'
[0.388s] Level 5:colcon.colcon_core.verb:set package 'space_bringup' build argument 'cmake_target_skip_unavailable' from command line to 'False'
[0.388s] Level 5:colcon.colcon_core.verb:set package 'space_bringup' build argument 'cmake_clean_cache' from command line to 'False'
[0.388s] Level 5:colcon.colcon_core.verb:set package 'space_bringup' build argument 'cmake_clean_first' from command line to 'False'
[0.388s] Level 5:colcon.colcon_core.verb:set package 'space_bringup' build argument 'cmake_force_configure' from command line to 'False'
[0.388s] Level 5:colcon.colcon_core.verb:set package 'space_bringup' build argument 'ament_cmake_args' from command line to 'None'
[0.388s] Level 5:colcon.colcon_core.verb:set package 'space_bringup' build argument 'catkin_cmake_args' from command line to 'None'
[0.388s] Level 5:colcon.colcon_core.verb:set package 'space_bringup' build argument 'catkin_skip_building_tests' from command line to 'False'
[0.388s] DEBUG:colcon.colcon_core.verb:Building package 'space_bringup' with the following arguments: {'ament_cmake_args': None, 'build_base': '/home/kms301111/Desktop/space/build/space_bringup', 'catkin_cmake_args': None, 'catkin_skip_building_tests': False, 'cmake_args': None, 'cmake_clean_cache': False, 'cmake_clean_first': False, 'cmake_force_configure': False, 'cmake_target': None, 'cmake_target_skip_unavailable': False, 'install_base': '/home/kms301111/Desktop/space/install/space_bringup', 'merge_install': False, 'path': '/home/kms301111/Desktop/space/ros2_ws/src/space_bringup', 'symlink_install': True, 'test_result_base': None}
[0.388s] INFO:colcon.colcon_core.executor:Executing jobs using 'parallel' executor
[0.389s] DEBUG:colcon.colcon_parallel_executor.executor.parallel:run_until_complete
[0.389s] INFO:colcon.colcon_ros.task.ament_cmake.build:Building ROS package in '/home/kms301111/Desktop/space/ros2_ws/src/space_description' with build type 'ament_cmake'
[0.390s] INFO:colcon.colcon_cmake.task.cmake.build:Building CMake package in '/home/kms301111/Desktop/space/ros2_ws/src/space_description'
[0.399s] INFO:colcon.colcon_core.plugin_system:Skipping extension 'colcon_core.shell.bat': Not used on non-Windows systems
[0.399s] INFO:colcon.colcon_core.shell:Skip shell extension 'powershell' for command environment: Not usable outside of PowerShell
[0.399s] DEBUG:colcon.colcon_core.shell:Skip shell extension 'dsv' for command environment
[0.405s] INFO:colcon.colcon_ros.task.ament_python.build:Building ROS package in '/home/kms301111/Desktop/space/ros2_ws/src/space_controller' with build type 'ament_python'
[0.405s] Level 1:colcon.colcon_core.shell:create_environment_hook('space_controller', 'ament_prefix_path')
[0.405s] INFO:colcon.colcon_core.shell:Creating environment hook '/home/kms301111/Desktop/space/install/space_controller/share/space_controller/hook/ament_prefix_path.ps1'
[0.406s] INFO:colcon.colcon_core.shell:Creating environment descriptor '/home/kms301111/Desktop/space/install/space_controller/share/space_controller/hook/ament_prefix_path.dsv'
[0.407s] INFO:colcon.colcon_core.shell:Creating environment hook '/home/kms301111/Desktop/space/install/space_controller/share/space_controller/hook/ament_prefix_path.sh'
[0.407s] INFO:colcon.colcon_core.shell:Skip shell extension 'powershell' for command environment: Not usable outside of PowerShell
[0.408s] DEBUG:colcon.colcon_core.shell:Skip shell extension 'dsv' for command environment
[0.410s] INFO:colcon.colcon_ros.task.ament_cmake.build:Building ROS package in '/home/kms301111/Desktop/space/ros2_ws/src/space_perception' with build type 'ament_cmake'
[0.410s] INFO:colcon.colcon_cmake.task.cmake.build:Building CMake package in '/home/kms301111/Desktop/space/ros2_ws/src/space_perception'
[0.410s] INFO:colcon.colcon_core.shell:Skip shell extension 'powershell' for command environment: Not usable outside of PowerShell
[0.410s] DEBUG:colcon.colcon_core.shell:Skip shell extension 'dsv' for command environment
[0.413s] INFO:colcon.colcon_ros.task.ament_python.build:Building ROS package in '/home/kms301111/Desktop/space/ros2_ws/src/space_ardupilot_interface' with build type 'ament_python'
[0.413s] Level 1:colcon.colcon_core.shell:create_environment_hook('space_ardupilot_interface', 'ament_prefix_path')
[0.413s] INFO:colcon.colcon_core.shell:Creating environment hook '/home/kms301111/Desktop/space/install/space_ardupilot_interface/share/space_ardupilot_interface/hook/ament_prefix_path.ps1'
[0.414s] INFO:colcon.colcon_core.shell:Creating environment descriptor '/home/kms301111/Desktop/space/install/space_ardupilot_interface/share/space_ardupilot_interface/hook/ament_prefix_path.dsv'
[0.414s] INFO:colcon.colcon_core.shell:Creating environment hook '/home/kms301111/Desktop/space/install/space_ardupilot_interface/share/space_ardupilot_interface/hook/ament_prefix_path.sh'
[0.414s] INFO:colcon.colcon_core.shell:Skip shell extension 'powershell' for command environment: Not usable outside of PowerShell
[0.414s] DEBUG:colcon.colcon_core.shell:Skip shell extension 'dsv' for command environment
[0.420s] DEBUG:colcon.colcon_core.event_handler.log_command:Invoking command in '/home/kms301111/Desktop/space/build/space_description': CMAKE_PREFIX_PATH=${CMAKE_PREFIX_PATH}:/opt/ros/jazzy DEBUGINFOD_URLS=https://debuginfod.ubuntu.com /usr/bin/cmake /home/kms301111/Desktop/space/ros2_ws/src/space_description -DAMENT_CMAKE_SYMLINK_INSTALL=1 -DCMAKE_INSTALL_PREFIX=/home/kms301111/Desktop/space/install/space_description
[0.587s] INFO:colcon.colcon_core.task.python.build:Building Python package in '/home/kms301111/Desktop/space/ros2_ws/src/space_controller'
[0.587s] INFO:colcon.colcon_core.shell:Skip shell extension 'powershell' for command environment: Not usable outside of PowerShell
[0.587s] DEBUG:colcon.colcon_core.shell:Skip shell extension 'dsv' for command environment
[0.595s] DEBUG:colcon.colcon_core.event_handler.log_command:Invoking command in '/home/kms301111/Desktop/space/build/space_perception': CMAKE_PREFIX_PATH=${CMAKE_PREFIX_PATH}:/opt/ros/jazzy DEBUGINFOD_URLS=https://debuginfod.ubuntu.com /usr/bin/cmake /home/kms301111/Desktop/space/ros2_ws/src/space_perception -DAMENT_CMAKE_SYMLINK_INSTALL=1 -DCMAKE_INSTALL_PREFIX=/home/kms301111/Desktop/space/install/space_perception
[0.777s] INFO:colcon.colcon_core.task.python.build:Building Python package in '/home/kms301111/Desktop/space/ros2_ws/src/space_ardupilot_interface'
[0.777s] INFO:colcon.colcon_core.shell:Skip shell extension 'powershell' for command environment: Not usable outside of PowerShell
[0.777s] DEBUG:colcon.colcon_core.shell:Skip shell extension 'dsv' for command environment
[1.554s] DEBUG:colcon.colcon_core.event_handler.log_command:Invoked command in '/home/kms301111/Desktop/space/build/space_description' returned '0': CMAKE_PREFIX_PATH=${CMAKE_PREFIX_PATH}:/opt/ros/jazzy DEBUGINFOD_URLS=https://debuginfod.ubuntu.com /usr/bin/cmake /home/kms301111/Desktop/space/ros2_ws/src/space_description -DAMENT_CMAKE_SYMLINK_INSTALL=1 -DCMAKE_INSTALL_PREFIX=/home/kms301111/Desktop/space/install/space_description
[1.555s] DEBUG:colcon.colcon_core.event_handler.log_command:Invoking command in '/home/kms301111/Desktop/space/build/space_description': CMAKE_PREFIX_PATH=${CMAKE_PREFIX_PATH}:/opt/ros/jazzy DEBUGINFOD_URLS=https://debuginfod.ubuntu.com /usr/bin/cmake --build /home/kms301111/Desktop/space/build/space_description -- -j12 -l12
[1.599s] DEBUG:colcon.colcon_core.event_handler.log_command:Invoked command in '/home/kms301111/Desktop/space/build/space_description' returned '0': CMAKE_PREFIX_PATH=${CMAKE_PREFIX_PATH}:/opt/ros/jazzy DEBUGINFOD_URLS=https://debuginfod.ubuntu.com /usr/bin/cmake --build /home/kms301111/Desktop/space/build/space_description -- -j12 -l12
[1.607s] DEBUG:colcon.colcon_core.event_handler.log_command:Invoking command in '/home/kms301111/Desktop/space/build/space_description': CMAKE_PREFIX_PATH=${CMAKE_PREFIX_PATH}:/opt/ros/jazzy DEBUGINFOD_URLS=https://debuginfod.ubuntu.com /usr/bin/cmake --install /home/kms301111/Desktop/space/build/space_description
[1.626s] DEBUG:colcon.colcon_core.event_handler.log_command:Invoking command in '/home/kms301111/Desktop/space/build/space_ardupilot_interface': DEBUGINFOD_URLS=https://debuginfod.ubuntu.com PYTHONPATH=/home/kms301111/Desktop/space/build/space_ardupilot_interface/prefix_override:/usr/lib/python3/dist-packages/colcon_core/task/python/colcon_distutils_commands:/home/kms301111/Desktop/space/install/space_ardupilot_interface/lib/python3.12/site-packages:${PYTHONPATH} /usr/bin/python3 -W ignore:setup.py install is deprecated -W ignore:easy_install command is deprecated setup.py develop --editable --build-directory /home/kms301111/Desktop/space/build/space_ardupilot_interface/build --no-deps symlink_data
[1.758s] DEBUG:colcon.colcon_core.event_handler.log_command:Invoking command in '/home/kms301111/Desktop/space/build/space_controller': DEBUGINFOD_URLS=https://debuginfod.ubuntu.com PYTHONPATH=/home/kms301111/Desktop/space/build/space_controller/prefix_override:/usr/lib/python3/dist-packages/colcon_core/task/python/colcon_distutils_commands:/home/kms301111/Desktop/space/install/space_controller/lib/python3.12/site-packages:${PYTHONPATH} /usr/bin/python3 -W ignore:setup.py install is deprecated -W ignore:easy_install command is deprecated setup.py develop --editable --build-directory /home/kms301111/Desktop/space/build/space_controller/build --no-deps symlink_data
[1.796s] Level 1:colcon.colcon_core.environment:create_environment_scripts_only(space_description)
[1.796s] DEBUG:colcon.colcon_core.event_handler.log_command:Invoked command in '/home/kms301111/Desktop/space/build/space_description' returned '0': CMAKE_PREFIX_PATH=${CMAKE_PREFIX_PATH}:/opt/ros/jazzy DEBUGINFOD_URLS=https://debuginfod.ubuntu.com /usr/bin/cmake --install /home/kms301111/Desktop/space/build/space_description
[1.801s] Level 1:colcon.colcon_core.environment:checking '/home/kms301111/Desktop/space/install/space_description' for CMake module files
[1.819s] Level 1:colcon.colcon_core.environment:checking '/home/kms301111/Desktop/space/install/space_description' for CMake config files
[1.820s] Level 1:colcon.colcon_core.shell:create_environment_hook('space_description', 'cmake_prefix_path')
[1.820s] INFO:colcon.colcon_core.shell:Creating environment hook '/home/kms301111/Desktop/space/install/space_description/share/space_description/hook/cmake_prefix_path.ps1'
[1.821s] INFO:colcon.colcon_core.shell:Creating environment descriptor '/home/kms301111/Desktop/space/install/space_description/share/space_description/hook/cmake_prefix_path.dsv'
[1.821s] INFO:colcon.colcon_core.shell:Creating environment hook '/home/kms301111/Desktop/space/install/space_description/share/space_description/hook/cmake_prefix_path.sh'
[1.822s] Level 1:colcon.colcon_core.environment:checking '/home/kms301111/Desktop/space/install/space_description/bin'
[1.823s] Level 1:colcon.colcon_core.environment:checking '/home/kms301111/Desktop/space/install/space_description/lib/pkgconfig/space_description.pc'
[1.823s] Level 1:colcon.colcon_core.environment:checking '/home/kms301111/Desktop/space/install/space_description/lib/python3.12/site-packages'
[1.823s] Level 1:colcon.colcon_core.environment:checking '/home/kms301111/Desktop/space/install/space_description/bin'
[1.824s] INFO:colcon.colcon_core.shell:Creating package script '/home/kms301111/Desktop/space/install/space_description/share/space_description/package.ps1'
[1.825s] INFO:colcon.colcon_core.shell:Creating package descriptor '/home/kms301111/Desktop/space/install/space_description/share/space_description/package.dsv'
[1.826s] INFO:colcon.colcon_core.shell:Creating package script '/home/kms301111/Desktop/space/install/space_description/share/space_description/package.sh'
[1.827s] INFO:colcon.colcon_core.shell:Creating package script '/home/kms301111/Desktop/space/install/space_description/share/space_description/package.bash'
[1.828s] INFO:colcon.colcon_core.shell:Creating package script '/home/kms301111/Desktop/space/install/space_description/share/space_description/package.zsh'
[1.829s] Level 1:colcon.colcon_core.environment:create_file_with_runtime_dependencies(/home/kms301111/Desktop/space/install/space_description/share/colcon-core/packages/space_description)
[1.830s] Level 1:colcon.colcon_core.environment:create_environment_scripts_only(space_description)
[1.830s] Level 1:colcon.colcon_core.environment:checking '/home/kms301111/Desktop/space/install/space_description' for CMake module files
[1.831s] Level 1:colcon.colcon_core.environment:checking '/home/kms301111/Desktop/space/install/space_description' for CMake config files
[1.831s] Level 1:colcon.colcon_core.shell:create_environment_hook('space_description', 'cmake_prefix_path')
[1.831s] INFO:colcon.colcon_core.shell:Creating environment hook '/home/kms301111/Desktop/space/install/space_description/share/space_description/hook/cmake_prefix_path.ps1'
[1.832s] INFO:colcon.colcon_core.shell:Creating environment descriptor '/home/kms301111/Desktop/space/install/space_description/share/space_description/hook/cmake_prefix_path.dsv'
[1.832s] INFO:colcon.colcon_core.shell:Creating environment hook '/home/kms301111/Desktop/space/install/space_description/share/space_description/hook/cmake_prefix_path.sh'
[1.833s] Level 1:colcon.colcon_core.environment:checking '/home/kms301111/Desktop/space/install/space_description/bin'
[1.833s] Level 1:colcon.colcon_core.environment:checking '/home/kms301111/Desktop/space/install/space_description/lib/pkgconfig/space_description.pc'
[1.833s] Level 1:colcon.colcon_core.environment:checking '/home/kms301111/Desktop/space/install/space_description/lib/python3.12/site-packages'
[1.834s] Level 1:colcon.colcon_core.environment:checking '/home/kms301111/Desktop/space/install/space_description/bin'
[1.834s] INFO:colcon.colcon_core.shell:Creating package script '/home/kms301111/Desktop/space/install/space_description/share/space_description/package.ps1'
[1.835s] INFO:colcon.colcon_core.shell:Creating package descriptor '/home/kms301111/Desktop/space/install/space_description/share/space_description/package.dsv'
[1.835s] INFO:colcon.colcon_core.shell:Creating package script '/home/kms301111/Desktop/space/install/space_description/share/space_description/package.sh'
[1.836s] INFO:colcon.colcon_core.shell:Creating package script '/home/kms301111/Desktop/space/install/space_description/share/space_description/package.bash'
[1.836s] INFO:colcon.colcon_core.shell:Creating package script '/home/kms301111/Desktop/space/install/space_description/share/space_description/package.zsh'
[1.836s] Level 1:colcon.colcon_core.environment:create_file_with_runtime_dependencies(/home/kms301111/Desktop/space/install/space_description/share/colcon-core/packages/space_description)
[1.837s] INFO:colcon.colcon_ros.task.ament_cmake.build:Building ROS package in '/home/kms301111/Desktop/space/ros2_ws/src/space_gazebo' with build type 'ament_cmake'
[1.837s] INFO:colcon.colcon_cmake.task.cmake.build:Building CMake package in '/home/kms301111/Desktop/space/ros2_ws/src/space_gazebo'
[1.837s] INFO:colcon.colcon_core.shell:Skip shell extension 'powershell' for command environment: Not usable outside of PowerShell
[1.837s] DEBUG:colcon.colcon_core.shell:Skip shell extension 'dsv' for command environment
[1.847s] DEBUG:colcon.colcon_core.event_handler.log_command:Invoking command in '/home/kms301111/Desktop/space/build/space_gazebo': AMENT_PREFIX_PATH=/home/kms301111/Desktop/space/install/space_description:${AMENT_PREFIX_PATH} CMAKE_PREFIX_PATH=/home/kms301111/Desktop/space/install/space_description:/opt/ros/jazzy/opt/gz_sim_vendor:/opt/ros/jazzy/opt/gz_sensors_vendor:/opt/ros/jazzy/opt/gz_physics_vendor:/opt/ros/jazzy/opt/sdformat_vendor:/opt/ros/jazzy/opt/gz_gui_vendor:/opt/ros/jazzy/opt/gz_transport_vendor:/opt/ros/jazzy/opt/gz_rendering_vendor:/opt/ros/jazzy/opt/gz_plugin_vendor:/opt/ros/jazzy/opt/gz_fuel_tools_vendor:/opt/ros/jazzy/opt/gz_msgs_vendor:/opt/ros/jazzy/opt/gz_common_vendor:/opt/ros/jazzy/opt/gz_math_vendor:/opt/ros/jazzy/opt/gz_utils_vendor:/opt/ros/jazzy/opt/gz_tools_vendor:/opt/ros/jazzy/opt/gz_ogre_next_vendor:/opt/ros/jazzy/opt/gz_dartsim_vendor:/opt/ros/jazzy/opt/gz_cmake_vendor:/opt/ros/jazzy DEBUGINFOD_URLS=https://debuginfod.ubuntu.com /usr/bin/cmake /home/kms301111/Desktop/space/ros2_ws/src/space_gazebo -DAMENT_CMAKE_SYMLINK_INSTALL=1 -DCMAKE_INSTALL_PREFIX=/home/kms301111/Desktop/space/install/space_gazebo
[2.104s] Level 1:colcon.colcon_core.shell:create_environment_hook('space_ardupilot_interface', 'pythonpath_develop')
[2.104s] INFO:colcon.colcon_core.shell:Creating environment hook '/home/kms301111/Desktop/space/build/space_ardupilot_interface/share/space_ardupilot_interface/hook/pythonpath_develop.ps1'
[2.104s] DEBUG:colcon.colcon_core.event_handler.log_command:Invoked command in '/home/kms301111/Desktop/space/build/space_ardupilot_interface' returned '0': DEBUGINFOD_URLS=https://debuginfod.ubuntu.com PYTHONPATH=/home/kms301111/Desktop/space/build/space_ardupilot_interface/prefix_override:/usr/lib/python3/dist-packages/colcon_core/task/python/colcon_distutils_commands:/home/kms301111/Desktop/space/install/space_ardupilot_interface/lib/python3.12/site-packages:${PYTHONPATH} /usr/bin/python3 -W ignore:setup.py install is deprecated -W ignore:easy_install command is deprecated setup.py develop --editable --build-directory /home/kms301111/Desktop/space/build/space_ardupilot_interface/build --no-deps symlink_data
[2.105s] INFO:colcon.colcon_core.shell:Creating environment descriptor '/home/kms301111/Desktop/space/build/space_ardupilot_interface/share/space_ardupilot_interface/hook/pythonpath_develop.dsv'
[2.105s] INFO:colcon.colcon_core.shell:Creating environment hook '/home/kms301111/Desktop/space/build/space_ardupilot_interface/share/space_ardupilot_interface/hook/pythonpath_develop.sh'
[2.105s] Level 1:colcon.colcon_core.environment:checking '/home/kms301111/Desktop/space/install/space_ardupilot_interface' for CMake module files
[2.106s] Level 1:colcon.colcon_core.environment:checking '/home/kms301111/Desktop/space/install/space_ardupilot_interface' for CMake config files
[2.106s] Level 1:colcon.colcon_core.environment:checking '/home/kms301111/Desktop/space/install/space_ardupilot_interface/lib'
[2.106s] Level 1:colcon.colcon_core.environment:checking '/home/kms301111/Desktop/space/install/space_ardupilot_interface/bin'
[2.106s] Level 1:colcon.colcon_core.environment:checking '/home/kms301111/Desktop/space/install/space_ardupilot_interface/lib/pkgconfig/space_ardupilot_interface.pc'
[2.106s] Level 1:colcon.colcon_core.environment:checking '/home/kms301111/Desktop/space/install/space_ardupilot_interface/lib/python3.12/site-packages'
[2.106s] Level 1:colcon.colcon_core.shell:create_environment_hook('space_ardupilot_interface', 'pythonpath')
[2.107s] INFO:colcon.colcon_core.shell:Creating environment hook '/home/kms301111/Desktop/space/install/space_ardupilot_interface/share/space_ardupilot_interface/hook/pythonpath.ps1'
[2.107s] INFO:colcon.colcon_core.shell:Creating environment descriptor '/home/kms301111/Desktop/space/install/space_ardupilot_interface/share/space_ardupilot_interface/hook/pythonpath.dsv'
[2.107s] INFO:colcon.colcon_core.shell:Creating environment hook '/home/kms301111/Desktop/space/install/space_ardupilot_interface/share/space_ardupilot_interface/hook/pythonpath.sh'
[2.108s] Level 1:colcon.colcon_core.environment:checking '/home/kms301111/Desktop/space/install/space_ardupilot_interface/bin'
[2.108s] Level 1:colcon.colcon_core.environment:create_environment_scripts_only(space_ardupilot_interface)
[2.109s] INFO:colcon.colcon_core.shell:Creating package script '/home/kms301111/Desktop/space/install/space_ardupilot_interface/share/space_ardupilot_interface/package.ps1'
[2.110s] INFO:colcon.colcon_core.shell:Creating package descriptor '/home/kms301111/Desktop/space/install/space_ardupilot_interface/share/space_ardupilot_interface/package.dsv'
[2.110s] INFO:colcon.colcon_core.shell:Creating package script '/home/kms301111/Desktop/space/install/space_ardupilot_interface/share/space_ardupilot_interface/package.sh'
[2.111s] INFO:colcon.colcon_core.shell:Creating package script '/home/kms301111/Desktop/space/install/space_ardupilot_interface/share/space_ardupilot_interface/package.bash'
[2.111s] INFO:colcon.colcon_core.shell:Creating package script '/home/kms301111/Desktop/space/install/space_ardupilot_interface/share/space_ardupilot_interface/package.zsh'
[2.112s] Level 1:colcon.colcon_core.environment:create_file_with_runtime_dependencies(/home/kms301111/Desktop/space/install/space_ardupilot_interface/share/colcon-core/packages/space_ardupilot_interface)
[2.503s] Level 1:colcon.colcon_core.shell:create_environment_hook('space_controller', 'pythonpath_develop')
[2.503s] INFO:colcon.colcon_core.shell:Creating environment hook '/home/kms301111/Desktop/space/build/space_controller/share/space_controller/hook/pythonpath_develop.ps1'
[2.503s] DEBUG:colcon.colcon_core.event_handler.log_command:Invoked command in '/home/kms301111/Desktop/space/build/space_controller' returned '0': DEBUGINFOD_URLS=https://debuginfod.ubuntu.com PYTHONPATH=/home/kms301111/Desktop/space/build/space_controller/prefix_override:/usr/lib/python3/dist-packages/colcon_core/task/python/colcon_distutils_commands:/home/kms301111/Desktop/space/install/space_controller/lib/python3.12/site-packages:${PYTHONPATH} /usr/bin/python3 -W ignore:setup.py install is deprecated -W ignore:easy_install command is deprecated setup.py develop --editable --build-directory /home/kms301111/Desktop/space/build/space_controller/build --no-deps symlink_data
[2.504s] INFO:colcon.colcon_core.shell:Creating environment descriptor '/home/kms301111/Desktop/space/build/space_controller/share/space_controller/hook/pythonpath_develop.dsv'
[2.505s] INFO:colcon.colcon_core.shell:Creating environment hook '/home/kms301111/Desktop/space/build/space_controller/share/space_controller/hook/pythonpath_develop.sh'
[2.505s] Level 1:colcon.colcon_core.environment:checking '/home/kms301111/Desktop/space/install/space_controller' for CMake module files
[2.506s] Level 1:colcon.colcon_core.environment:checking '/home/kms301111/Desktop/space/install/space_controller' for CMake config files
[2.506s] Level 1:colcon.colcon_core.environment:checking '/home/kms301111/Desktop/space/install/space_controller/lib'
[2.507s] Level 1:colcon.colcon_core.environment:checking '/home/kms301111/Desktop/space/install/space_controller/bin'
[2.507s] Level 1:colcon.colcon_core.environment:checking '/home/kms301111/Desktop/space/install/space_controller/lib/pkgconfig/space_controller.pc'
[2.507s] Level 1:colcon.colcon_core.environment:checking '/home/kms301111/Desktop/space/install/space_controller/lib/python3.12/site-packages'
[2.507s] Level 1:colcon.colcon_core.shell:create_environment_hook('space_controller', 'pythonpath')
[2.507s] INFO:colcon.colcon_core.shell:Creating environment hook '/home/kms301111/Desktop/space/install/space_controller/share/space_controller/hook/pythonpath.ps1'
[2.508s] INFO:colcon.colcon_core.shell:Creating environment descriptor '/home/kms301111/Desktop/space/install/space_controller/share/space_controller/hook/pythonpath.dsv'
[2.508s] INFO:colcon.colcon_core.shell:Creating environment hook '/home/kms301111/Desktop/space/install/space_controller/share/space_controller/hook/pythonpath.sh'
[2.509s] Level 1:colcon.colcon_core.environment:checking '/home/kms301111/Desktop/space/install/space_controller/bin'
[2.509s] Level 1:colcon.colcon_core.environment:create_environment_scripts_only(space_controller)
[2.509s] INFO:colcon.colcon_core.shell:Creating package script '/home/kms301111/Desktop/space/install/space_controller/share/space_controller/package.ps1'
[2.510s] INFO:colcon.colcon_core.shell:Creating package descriptor '/home/kms301111/Desktop/space/install/space_controller/share/space_controller/package.dsv'
[2.511s] INFO:colcon.colcon_core.shell:Creating package script '/home/kms301111/Desktop/space/install/space_controller/share/space_controller/package.sh'
[2.511s] INFO:colcon.colcon_core.shell:Creating package script '/home/kms301111/Desktop/space/install/space_controller/share/space_controller/package.bash'
[2.511s] INFO:colcon.colcon_core.shell:Creating package script '/home/kms301111/Desktop/space/install/space_controller/share/space_controller/package.zsh'
[2.512s] Level 1:colcon.colcon_core.environment:create_file_with_runtime_dependencies(/home/kms301111/Desktop/space/install/space_controller/share/colcon-core/packages/space_controller)
[2.663s] DEBUG:colcon.colcon_core.event_handler.log_command:Invoked command in '/home/kms301111/Desktop/space/build/space_gazebo' returned '0': AMENT_PREFIX_PATH=/home/kms301111/Desktop/space/install/space_description:${AMENT_PREFIX_PATH} CMAKE_PREFIX_PATH=/home/kms301111/Desktop/space/install/space_description:/opt/ros/jazzy/opt/gz_sim_vendor:/opt/ros/jazzy/opt/gz_sensors_vendor:/opt/ros/jazzy/opt/gz_physics_vendor:/opt/ros/jazzy/opt/sdformat_vendor:/opt/ros/jazzy/opt/gz_gui_vendor:/opt/ros/jazzy/opt/gz_transport_vendor:/opt/ros/jazzy/opt/gz_rendering_vendor:/opt/ros/jazzy/opt/gz_plugin_vendor:/opt/ros/jazzy/opt/gz_fuel_tools_vendor:/opt/ros/jazzy/opt/gz_msgs_vendor:/opt/ros/jazzy/opt/gz_common_vendor:/opt/ros/jazzy/opt/gz_math_vendor:/opt/ros/jazzy/opt/gz_utils_vendor:/opt/ros/jazzy/opt/gz_tools_vendor:/opt/ros/jazzy/opt/gz_ogre_next_vendor:/opt/ros/jazzy/opt/gz_dartsim_vendor:/opt/ros/jazzy/opt/gz_cmake_vendor:/opt/ros/jazzy DEBUGINFOD_URLS=https://debuginfod.ubuntu.com /usr/bin/cmake /home/kms301111/Desktop/space/ros2_ws/src/space_gazebo -DAMENT_CMAKE_SYMLINK_INSTALL=1 -DCMAKE_INSTALL_PREFIX=/home/kms301111/Desktop/space/install/space_gazebo
[2.664s] DEBUG:colcon.colcon_core.event_handler.log_command:Invoking command in '/home/kms301111/Desktop/space/build/space_gazebo': AMENT_PREFIX_PATH=/home/kms301111/Desktop/space/install/space_description:${AMENT_PREFIX_PATH} CMAKE_PREFIX_PATH=/home/kms301111/Desktop/space/install/space_description:/opt/ros/jazzy/opt/gz_sim_vendor:/opt/ros/jazzy/opt/gz_sensors_vendor:/opt/ros/jazzy/opt/gz_physics_vendor:/opt/ros/jazzy/opt/sdformat_vendor:/opt/ros/jazzy/opt/gz_gui_vendor:/opt/ros/jazzy/opt/gz_transport_vendor:/opt/ros/jazzy/opt/gz_rendering_vendor:/opt/ros/jazzy/opt/gz_plugin_vendor:/opt/ros/jazzy/opt/gz_fuel_tools_vendor:/opt/ros/jazzy/opt/gz_msgs_vendor:/opt/ros/jazzy/opt/gz_common_vendor:/opt/ros/jazzy/opt/gz_math_vendor:/opt/ros/jazzy/opt/gz_utils_vendor:/opt/ros/jazzy/opt/gz_tools_vendor:/opt/ros/jazzy/opt/gz_ogre_next_vendor:/opt/ros/jazzy/opt/gz_dartsim_vendor:/opt/ros/jazzy/opt/gz_cmake_vendor:/opt/ros/jazzy DEBUGINFOD_URLS=https://debuginfod.ubuntu.com /usr/bin/cmake --build /home/kms301111/Desktop/space/build/space_gazebo -- -j12 -l12
[2.712s] DEBUG:colcon.colcon_core.event_handler.log_command:Invoked command in '/home/kms301111/Desktop/space/build/space_gazebo' returned '0': AMENT_PREFIX_PATH=/home/kms301111/Desktop/space/install/space_description:${AMENT_PREFIX_PATH} CMAKE_PREFIX_PATH=/home/kms301111/Desktop/space/install/space_description:/opt/ros/jazzy/opt/gz_sim_vendor:/opt/ros/jazzy/opt/gz_sensors_vendor:/opt/ros/jazzy/opt/gz_physics_vendor:/opt/ros/jazzy/opt/sdformat_vendor:/opt/ros/jazzy/opt/gz_gui_vendor:/opt/ros/jazzy/opt/gz_transport_vendor:/opt/ros/jazzy/opt/gz_rendering_vendor:/opt/ros/jazzy/opt/gz_plugin_vendor:/opt/ros/jazzy/opt/gz_fuel_tools_vendor:/opt/ros/jazzy/opt/gz_msgs_vendor:/opt/ros/jazzy/opt/gz_common_vendor:/opt/ros/jazzy/opt/gz_math_vendor:/opt/ros/jazzy/opt/gz_utils_vendor:/opt/ros/jazzy/opt/gz_tools_vendor:/opt/ros/jazzy/opt/gz_ogre_next_vendor:/opt/ros/jazzy/opt/gz_dartsim_vendor:/opt/ros/jazzy/opt/gz_cmake_vendor:/opt/ros/jazzy DEBUGINFOD_URLS=https://debuginfod.ubuntu.com /usr/bin/cmake --build /home/kms301111/Desktop/space/build/space_gazebo -- -j12 -l12
[2.714s] DEBUG:colcon.colcon_core.event_handler.log_command:Invoking command in '/home/kms301111/Desktop/space/build/space_gazebo': AMENT_PREFIX_PATH=/home/kms301111/Desktop/space/install/space_description:${AMENT_PREFIX_PATH} CMAKE_PREFIX_PATH=/home/kms301111/Desktop/space/install/space_description:/opt/ros/jazzy/opt/gz_sim_vendor:/opt/ros/jazzy/opt/gz_sensors_vendor:/opt/ros/jazzy/opt/gz_physics_vendor:/opt/ros/jazzy/opt/sdformat_vendor:/opt/ros/jazzy/opt/gz_gui_vendor:/opt/ros/jazzy/opt/gz_transport_vendor:/opt/ros/jazzy/opt/gz_rendering_vendor:/opt/ros/jazzy/opt/gz_plugin_vendor:/opt/ros/jazzy/opt/gz_fuel_tools_vendor:/opt/ros/jazzy/opt/gz_msgs_vendor:/opt/ros/jazzy/opt/gz_common_vendor:/opt/ros/jazzy/opt/gz_math_vendor:/opt/ros/jazzy/opt/gz_utils_vendor:/opt/ros/jazzy/opt/gz_tools_vendor:/opt/ros/jazzy/opt/gz_ogre_next_vendor:/opt/ros/jazzy/opt/gz_dartsim_vendor:/opt/ros/jazzy/opt/gz_cmake_vendor:/opt/ros/jazzy DEBUGINFOD_URLS=https://debuginfod.ubuntu.com /usr/bin/cmake --install /home/kms301111/Desktop/space/build/space_gazebo
[3.101s] Level 1:colcon.colcon_core.environment:create_environment_scripts_only(space_gazebo)
[3.101s] Level 1:colcon.colcon_core.environment:checking '/home/kms301111/Desktop/space/install/space_gazebo' for CMake module files
[3.102s] DEBUG:colcon.colcon_core.event_handler.log_command:Invoked command in '/home/kms301111/Desktop/space/build/space_gazebo' returned '0': AMENT_PREFIX_PATH=/home/kms301111/Desktop/space/install/space_description:${AMENT_PREFIX_PATH} CMAKE_PREFIX_PATH=/home/kms301111/Desktop/space/install/space_description:/opt/ros/jazzy/opt/gz_sim_vendor:/opt/ros/jazzy/opt/gz_sensors_vendor:/opt/ros/jazzy/opt/gz_physics_vendor:/opt/ros/jazzy/opt/sdformat_vendor:/opt/ros/jazzy/opt/gz_gui_vendor:/opt/ros/jazzy/opt/gz_transport_vendor:/opt/ros/jazzy/opt/gz_rendering_vendor:/opt/ros/jazzy/opt/gz_plugin_vendor:/opt/ros/jazzy/opt/gz_fuel_tools_vendor:/opt/ros/jazzy/opt/gz_msgs_vendor:/opt/ros/jazzy/opt/gz_common_vendor:/opt/ros/jazzy/opt/gz_math_vendor:/opt/ros/jazzy/opt/gz_utils_vendor:/opt/ros/jazzy/opt/gz_tools_vendor:/opt/ros/jazzy/opt/gz_ogre_next_vendor:/opt/ros/jazzy/opt/gz_dartsim_vendor:/opt/ros/jazzy/opt/gz_cmake_vendor:/opt/ros/jazzy DEBUGINFOD_URLS=https://debuginfod.ubuntu.com /usr/bin/cmake --install /home/kms301111/Desktop/space/build/space_gazebo
[3.102s] Level 1:colcon.colcon_core.environment:checking '/home/kms301111/Desktop/space/install/space_gazebo' for CMake config files
[3.103s] Level 1:colcon.colcon_core.shell:create_environment_hook('space_gazebo', 'cmake_prefix_path')
[3.103s] INFO:colcon.colcon_core.shell:Creating environment hook '/home/kms301111/Desktop/space/install/space_gazebo/share/space_gazebo/hook/cmake_prefix_path.ps1'
[3.104s] INFO:colcon.colcon_core.shell:Creating environment descriptor '/home/kms301111/Desktop/space/install/space_gazebo/share/space_gazebo/hook/cmake_prefix_path.dsv'
[3.104s] INFO:colcon.colcon_core.shell:Creating environment hook '/home/kms301111/Desktop/space/install/space_gazebo/share/space_gazebo/hook/cmake_prefix_path.sh'
[3.105s] Level 1:colcon.colcon_core.environment:checking '/home/kms301111/Desktop/space/install/space_gazebo/lib'
[3.105s] Level 1:colcon.colcon_core.environment:checking '/home/kms301111/Desktop/space/install/space_gazebo/bin'
[3.105s] Level 1:colcon.colcon_core.environment:checking '/home/kms301111/Desktop/space/install/space_gazebo/lib/pkgconfig/space_gazebo.pc'
[3.105s] Level 1:colcon.colcon_core.environment:checking '/home/kms301111/Desktop/space/install/space_gazebo/lib/python3.12/site-packages'
[3.106s] Level 1:colcon.colcon_core.environment:checking '/home/kms301111/Desktop/space/install/space_gazebo/bin'
[3.106s] INFO:colcon.colcon_core.shell:Creating package script '/home/kms301111/Desktop/space/install/space_gazebo/share/space_gazebo/package.ps1'
[3.107s] INFO:colcon.colcon_core.shell:Creating package descriptor '/home/kms301111/Desktop/space/install/space_gazebo/share/space_gazebo/package.dsv'
[3.107s] INFO:colcon.colcon_core.shell:Creating package script '/home/kms301111/Desktop/space/install/space_gazebo/share/space_gazebo/package.sh'
[3.108s] INFO:colcon.colcon_core.shell:Creating package script '/home/kms301111/Desktop/space/install/space_gazebo/share/space_gazebo/package.bash'
[3.108s] INFO:colcon.colcon_core.shell:Creating package script '/home/kms301111/Desktop/space/install/space_gazebo/share/space_gazebo/package.zsh'
[3.108s] Level 1:colcon.colcon_core.environment:create_file_with_runtime_dependencies(/home/kms301111/Desktop/space/install/space_gazebo/share/colcon-core/packages/space_gazebo)
[3.109s] Level 1:colcon.colcon_core.environment:create_environment_scripts_only(space_gazebo)
[3.109s] Level 1:colcon.colcon_core.environment:checking '/home/kms301111/Desktop/space/install/space_gazebo' for CMake module files
[3.110s] Level 1:colcon.colcon_core.environment:checking '/home/kms301111/Desktop/space/install/space_gazebo' for CMake config files
[3.110s] Level 1:colcon.colcon_core.shell:create_environment_hook('space_gazebo', 'cmake_prefix_path')
[3.111s] INFO:colcon.colcon_core.shell:Creating environment hook '/home/kms301111/Desktop/space/install/space_gazebo/share/space_gazebo/hook/cmake_prefix_path.ps1'
[3.111s] INFO:colcon.colcon_core.shell:Creating environment descriptor '/home/kms301111/Desktop/space/install/space_gazebo/share/space_gazebo/hook/cmake_prefix_path.dsv'
[3.112s] INFO:colcon.colcon_core.shell:Creating environment hook '/home/kms301111/Desktop/space/install/space_gazebo/share/space_gazebo/hook/cmake_prefix_path.sh'
[3.112s] Level 1:colcon.colcon_core.environment:checking '/home/kms301111/Desktop/space/install/space_gazebo/lib'
[3.112s] Level 1:colcon.colcon_core.environment:checking '/home/kms301111/Desktop/space/install/space_gazebo/bin'
[3.112s] Level 1:colcon.colcon_core.environment:checking '/home/kms301111/Desktop/space/install/space_gazebo/lib/pkgconfig/space_gazebo.pc'
[3.113s] Level 1:colcon.colcon_core.environment:checking '/home/kms301111/Desktop/space/install/space_gazebo/lib/python3.12/site-packages'
[3.113s] Level 1:colcon.colcon_core.environment:checking '/home/kms301111/Desktop/space/install/space_gazebo/bin'
[3.113s] INFO:colcon.colcon_core.shell:Creating package script '/home/kms301111/Desktop/space/install/space_gazebo/share/space_gazebo/package.ps1'
[3.114s] INFO:colcon.colcon_core.shell:Creating package descriptor '/home/kms301111/Desktop/space/install/space_gazebo/share/space_gazebo/package.dsv'
[3.115s] INFO:colcon.colcon_core.shell:Creating package script '/home/kms301111/Desktop/space/install/space_gazebo/share/space_gazebo/package.sh'
[3.115s] INFO:colcon.colcon_core.shell:Creating package script '/home/kms301111/Desktop/space/install/space_gazebo/share/space_gazebo/package.bash'
[3.116s] INFO:colcon.colcon_core.shell:Creating package script '/home/kms301111/Desktop/space/install/space_gazebo/share/space_gazebo/package.zsh'
[3.116s] Level 1:colcon.colcon_core.environment:create_file_with_runtime_dependencies(/home/kms301111/Desktop/space/install/space_gazebo/share/colcon-core/packages/space_gazebo)
[4.470s] DEBUG:colcon.colcon_core.event_handler.log_command:Invoked command in '/home/kms301111/Desktop/space/build/space_perception' returned '0': CMAKE_PREFIX_PATH=${CMAKE_PREFIX_PATH}:/opt/ros/jazzy DEBUGINFOD_URLS=https://debuginfod.ubuntu.com /usr/bin/cmake /home/kms301111/Desktop/space/ros2_ws/src/space_perception -DAMENT_CMAKE_SYMLINK_INSTALL=1 -DCMAKE_INSTALL_PREFIX=/home/kms301111/Desktop/space/install/space_perception
[4.471s] DEBUG:colcon.colcon_core.event_handler.log_command:Invoking command in '/home/kms301111/Desktop/space/build/space_perception': CMAKE_PREFIX_PATH=${CMAKE_PREFIX_PATH}:/opt/ros/jazzy DEBUGINFOD_URLS=https://debuginfod.ubuntu.com /usr/bin/cmake --build /home/kms301111/Desktop/space/build/space_perception -- -j12 -l12
[12.902s] DEBUG:colcon.colcon_core.event_handler.log_command:Invoked command in '/home/kms301111/Desktop/space/build/space_perception' returned '0': CMAKE_PREFIX_PATH=${CMAKE_PREFIX_PATH}:/opt/ros/jazzy DEBUGINFOD_URLS=https://debuginfod.ubuntu.com /usr/bin/cmake --build /home/kms301111/Desktop/space/build/space_perception -- -j12 -l12
[12.904s] DEBUG:colcon.colcon_core.event_handler.log_command:Invoking command in '/home/kms301111/Desktop/space/build/space_perception': CMAKE_PREFIX_PATH=${CMAKE_PREFIX_PATH}:/opt/ros/jazzy DEBUGINFOD_URLS=https://debuginfod.ubuntu.com /usr/bin/cmake --install /home/kms301111/Desktop/space/build/space_perception
[13.618s] Level 1:colcon.colcon_core.environment:create_environment_scripts_only(space_perception)
[13.618s] Level 1:colcon.colcon_core.environment:checking '/home/kms301111/Desktop/space/install/space_perception' for CMake module files
[13.618s] DEBUG:colcon.colcon_core.event_handler.log_command:Invoked command in '/home/kms301111/Desktop/space/build/space_perception' returned '0': CMAKE_PREFIX_PATH=${CMAKE_PREFIX_PATH}:/opt/ros/jazzy DEBUGINFOD_URLS=https://debuginfod.ubuntu.com /usr/bin/cmake --install /home/kms301111/Desktop/space/build/space_perception
[13.619s] Level 1:colcon.colcon_core.environment:checking '/home/kms301111/Desktop/space/install/space_perception' for CMake config files
[13.619s] Level 1:colcon.colcon_core.shell:create_environment_hook('space_perception', 'cmake_prefix_path')
[13.619s] INFO:colcon.colcon_core.shell:Creating environment hook '/home/kms301111/Desktop/space/install/space_perception/share/space_perception/hook/cmake_prefix_path.ps1'
[13.619s] INFO:colcon.colcon_core.shell:Creating environment descriptor '/home/kms301111/Desktop/space/install/space_perception/share/space_perception/hook/cmake_prefix_path.dsv'
[13.620s] INFO:colcon.colcon_core.shell:Creating environment hook '/home/kms301111/Desktop/space/install/space_perception/share/space_perception/hook/cmake_prefix_path.sh'
[13.620s] Level 1:colcon.colcon_core.environment:checking '/home/kms301111/Desktop/space/install/space_perception/lib'
[13.620s] Level 1:colcon.colcon_core.shell:create_environment_hook('space_perception', 'ld_library_path_lib')
[13.620s] INFO:colcon.colcon_core.shell:Creating environment hook '/home/kms301111/Desktop/space/install/space_perception/share/space_perception/hook/ld_library_path_lib.ps1'
[13.620s] INFO:colcon.colcon_core.shell:Creating environment descriptor '/home/kms301111/Desktop/space/install/space_perception/share/space_perception/hook/ld_library_path_lib.dsv'
[13.620s] INFO:colcon.colcon_core.shell:Creating environment hook '/home/kms301111/Desktop/space/install/space_perception/share/space_perception/hook/ld_library_path_lib.sh'
[13.621s] Level 1:colcon.colcon_core.environment:checking '/home/kms301111/Desktop/space/install/space_perception/bin'
[13.621s] Level 1:colcon.colcon_core.environment:checking '/home/kms301111/Desktop/space/install/space_perception/lib/pkgconfig/space_perception.pc'
[13.621s] Level 1:colcon.colcon_core.environment:checking '/home/kms301111/Desktop/space/install/space_perception/lib/python3.12/site-packages'
[13.621s] Level 1:colcon.colcon_core.shell:create_environment_hook('space_perception', 'pythonpath')
[13.621s] INFO:colcon.colcon_core.shell:Creating environment hook '/home/kms301111/Desktop/space/install/space_perception/share/space_perception/hook/pythonpath.ps1'
[13.621s] INFO:colcon.colcon_core.shell:Creating environment descriptor '/home/kms301111/Desktop/space/install/space_perception/share/space_perception/hook/pythonpath.dsv'
[13.621s] INFO:colcon.colcon_core.shell:Creating environment hook '/home/kms301111/Desktop/space/install/space_perception/share/space_perception/hook/pythonpath.sh'
[13.622s] Level 1:colcon.colcon_core.environment:checking '/home/kms301111/Desktop/space/install/space_perception/bin'
[13.622s] INFO:colcon.colcon_core.shell:Creating package script '/home/kms301111/Desktop/space/install/space_perception/share/space_perception/package.ps1'
[13.622s] INFO:colcon.colcon_core.shell:Creating package descriptor '/home/kms301111/Desktop/space/install/space_perception/share/space_perception/package.dsv'
[13.623s] INFO:colcon.colcon_core.shell:Creating package script '/home/kms301111/Desktop/space/install/space_perception/share/space_perception/package.sh'
[13.623s] INFO:colcon.colcon_core.shell:Creating package script '/home/kms301111/Desktop/space/install/space_perception/share/space_perception/package.bash'
[13.623s] INFO:colcon.colcon_core.shell:Creating package script '/home/kms301111/Desktop/space/install/space_perception/share/space_perception/package.zsh'
[13.623s] Level 1:colcon.colcon_core.environment:create_file_with_runtime_dependencies(/home/kms301111/Desktop/space/install/space_perception/share/colcon-core/packages/space_perception)
[13.623s] Level 1:colcon.colcon_core.environment:create_environment_scripts_only(space_perception)
[13.623s] Level 1:colcon.colcon_core.environment:checking '/home/kms301111/Desktop/space/install/space_perception' for CMake module files
[13.624s] Level 1:colcon.colcon_core.environment:checking '/home/kms301111/Desktop/space/install/space_perception' for CMake config files
[13.624s] Level 1:colcon.colcon_core.shell:create_environment_hook('space_perception', 'cmake_prefix_path')
[13.624s] INFO:colcon.colcon_core.shell:Creating environment hook '/home/kms301111/Desktop/space/install/space_perception/share/space_perception/hook/cmake_prefix_path.ps1'
[13.624s] INFO:colcon.colcon_core.shell:Creating environment descriptor '/home/kms301111/Desktop/space/install/space_perception/share/space_perception/hook/cmake_prefix_path.dsv'
[13.624s] INFO:colcon.colcon_core.shell:Creating environment hook '/home/kms301111/Desktop/space/install/space_perception/share/space_perception/hook/cmake_prefix_path.sh'
[13.625s] Level 1:colcon.colcon_core.environment:checking '/home/kms301111/Desktop/space/install/space_perception/lib'
[13.625s] Level 1:colcon.colcon_core.shell:create_environment_hook('space_perception', 'ld_library_path_lib')
[13.625s] INFO:colcon.colcon_core.shell:Creating environment hook '/home/kms301111/Desktop/space/install/space_perception/share/space_perception/hook/ld_library_path_lib.ps1'
[13.625s] INFO:colcon.colcon_core.shell:Creating environment descriptor '/home/kms301111/Desktop/space/install/space_perception/share/space_perception/hook/ld_library_path_lib.dsv'
[13.625s] INFO:colcon.colcon_core.shell:Creating environment hook '/home/kms301111/Desktop/space/install/space_perception/share/space_perception/hook/ld_library_path_lib.sh'
[13.625s] Level 1:colcon.colcon_core.environment:checking '/home/kms301111/Desktop/space/install/space_perception/bin'
[13.626s] Level 1:colcon.colcon_core.environment:checking '/home/kms301111/Desktop/space/install/space_perception/lib/pkgconfig/space_perception.pc'
[13.626s] Level 1:colcon.colcon_core.environment:checking '/home/kms301111/Desktop/space/install/space_perception/lib/python3.12/site-packages'
[13.626s] Level 1:colcon.colcon_core.shell:create_environment_hook('space_perception', 'pythonpath')
[13.626s] INFO:colcon.colcon_core.shell:Creating environment hook '/home/kms301111/Desktop/space/install/space_perception/share/space_perception/hook/pythonpath.ps1'
[13.626s] INFO:colcon.colcon_core.shell:Creating environment descriptor '/home/kms301111/Desktop/space/install/space_perception/share/space_perception/hook/pythonpath.dsv'
[13.626s] INFO:colcon.colcon_core.shell:Creating environment hook '/home/kms301111/Desktop/space/install/space_perception/share/space_perception/hook/pythonpath.sh'
[13.627s] Level 1:colcon.colcon_core.environment:checking '/home/kms301111/Desktop/space/install/space_perception/bin'
[13.627s] INFO:colcon.colcon_core.shell:Creating package script '/home/kms301111/Desktop/space/install/space_perception/share/space_perception/package.ps1'
[13.627s] INFO:colcon.colcon_core.shell:Creating package descriptor '/home/kms301111/Desktop/space/install/space_perception/share/space_perception/package.dsv'
[13.627s] INFO:colcon.colcon_core.shell:Creating package script '/home/kms301111/Desktop/space/install/space_perception/share/space_perception/package.sh'
[13.628s] INFO:colcon.colcon_core.shell:Creating package script '/home/kms301111/Desktop/space/install/space_perception/share/space_perception/package.bash'
[13.628s] INFO:colcon.colcon_core.shell:Creating package script '/home/kms301111/Desktop/space/install/space_perception/share/space_perception/package.zsh'
[13.628s] Level 1:colcon.colcon_core.environment:create_file_with_runtime_dependencies(/home/kms301111/Desktop/space/install/space_perception/share/colcon-core/packages/space_perception)
[13.628s] INFO:colcon.colcon_ros.task.ament_python.build:Building ROS package in '/home/kms301111/Desktop/space/ros2_ws/src/space_bringup' with build type 'ament_python'
[13.628s] Level 1:colcon.colcon_core.shell:create_environment_hook('space_bringup', 'ament_prefix_path')
[13.628s] INFO:colcon.colcon_core.shell:Creating environment hook '/home/kms301111/Desktop/space/install/space_bringup/share/space_bringup/hook/ament_prefix_path.ps1'
[13.629s] INFO:colcon.colcon_core.shell:Creating environment descriptor '/home/kms301111/Desktop/space/install/space_bringup/share/space_bringup/hook/ament_prefix_path.dsv'
[13.629s] INFO:colcon.colcon_core.shell:Creating environment hook '/home/kms301111/Desktop/space/install/space_bringup/share/space_bringup/hook/ament_prefix_path.sh'
[13.629s] INFO:colcon.colcon_core.shell:Skip shell extension 'powershell' for command environment: Not usable outside of PowerShell
[13.629s] DEBUG:colcon.colcon_core.shell:Skip shell extension 'dsv' for command environment
[13.798s] INFO:colcon.colcon_core.task.python.build:Building Python package in '/home/kms301111/Desktop/space/ros2_ws/src/space_bringup'
[13.798s] INFO:colcon.colcon_core.shell:Skip shell extension 'powershell' for command environment: Not usable outside of PowerShell
[13.798s] DEBUG:colcon.colcon_core.shell:Skip shell extension 'dsv' for command environment
[14.225s] DEBUG:colcon.colcon_core.event_handler.log_command:Invoking command in '/home/kms301111/Desktop/space/build/space_bringup': AMENT_PREFIX_PATH=/home/kms301111/Desktop/space/install/space_gazebo:/home/kms301111/Desktop/space/install/space_perception:/home/kms301111/Desktop/space/install/space_description:/home/kms301111/Desktop/space/install/space_controller:${AMENT_PREFIX_PATH} CMAKE_PREFIX_PATH=/home/kms301111/Desktop/space/install/space_gazebo:/home/kms301111/Desktop/space/install/space_perception:/home/kms301111/Desktop/space/install/space_description:${CMAKE_PREFIX_PATH} DEBUGINFOD_URLS=https://debuginfod.ubuntu.com LD_LIBRARY_PATH=/home/kms301111/Desktop/space/install/space_perception/lib:${LD_LIBRARY_PATH} PYTHONPATH=/home/kms301111/Desktop/space/build/space_bringup/prefix_override:/usr/lib/python3/dist-packages/colcon_core/task/python/colcon_distutils_commands:/home/kms301111/Desktop/space/install/space_bringup/lib/python3.12/site-packages:/home/kms301111/Desktop/space/install/space_perception/lib/python3.12/site-packages:/home/kms301111/Desktop/space/build/space_controller:/home/kms301111/Desktop/space/install/space_controller/lib/python3.12/site-packages:${PYTHONPATH} /usr/bin/python3 -W ignore:setup.py install is deprecated -W ignore:easy_install command is deprecated setup.py develop --editable --build-directory /home/kms301111/Desktop/space/build/space_bringup/build --no-deps symlink_data
[14.690s] Level 1:colcon.colcon_core.shell:create_environment_hook('space_bringup', 'pythonpath_develop')
[14.691s] DEBUG:colcon.colcon_core.event_handler.log_command:Invoked command in '/home/kms301111/Desktop/space/build/space_bringup' returned '0': AMENT_PREFIX_PATH=/home/kms301111/Desktop/space/install/space_gazebo:/home/kms301111/Desktop/space/install/space_perception:/home/kms301111/Desktop/space/install/space_description:/home/kms301111/Desktop/space/install/space_controller:${AMENT_PREFIX_PATH} CMAKE_PREFIX_PATH=/home/kms301111/Desktop/space/install/space_gazebo:/home/kms301111/Desktop/space/install/space_perception:/home/kms301111/Desktop/space/install/space_description:${CMAKE_PREFIX_PATH} DEBUGINFOD_URLS=https://debuginfod.ubuntu.com LD_LIBRARY_PATH=/home/kms301111/Desktop/space/install/space_perception/lib:${LD_LIBRARY_PATH} PYTHONPATH=/home/kms301111/Desktop/space/build/space_bringup/prefix_override:/usr/lib/python3/dist-packages/colcon_core/task/python/colcon_distutils_commands:/home/kms301111/Desktop/space/install/space_bringup/lib/python3.12/site-packages:/home/kms301111/Desktop/space/install/space_perception/lib/python3.12/site-packages:/home/kms301111/Desktop/space/build/space_controller:/home/kms301111/Desktop/space/install/space_controller/lib/python3.12/site-packages:${PYTHONPATH} /usr/bin/python3 -W ignore:setup.py install is deprecated -W ignore:easy_install command is deprecated setup.py develop --editable --build-directory /home/kms301111/Desktop/space/build/space_bringup/build --no-deps symlink_data
[14.691s] INFO:colcon.colcon_core.shell:Creating environment hook '/home/kms301111/Desktop/space/build/space_bringup/share/space_bringup/hook/pythonpath_develop.ps1'
[14.692s] INFO:colcon.colcon_core.shell:Creating environment descriptor '/home/kms301111/Desktop/space/build/space_bringup/share/space_bringup/hook/pythonpath_develop.dsv'
[14.693s] INFO:colcon.colcon_core.shell:Creating environment hook '/home/kms301111/Desktop/space/build/space_bringup/share/space_bringup/hook/pythonpath_develop.sh'
[14.693s] Level 1:colcon.colcon_core.environment:checking '/home/kms301111/Desktop/space/install/space_bringup' for CMake module files
[14.694s] Level 1:colcon.colcon_core.environment:checking '/home/kms301111/Desktop/space/install/space_bringup' for CMake config files
[14.695s] Level 1:colcon.colcon_core.environment:checking '/home/kms301111/Desktop/space/install/space_bringup/lib'
[14.695s] Level 1:colcon.colcon_core.environment:checking '/home/kms301111/Desktop/space/install/space_bringup/bin'
[14.695s] Level 1:colcon.colcon_core.environment:checking '/home/kms301111/Desktop/space/install/space_bringup/lib/pkgconfig/space_bringup.pc'
[14.695s] Level 1:colcon.colcon_core.environment:checking '/home/kms301111/Desktop/space/install/space_bringup/lib/python3.12/site-packages'
[14.695s] Level 1:colcon.colcon_core.shell:create_environment_hook('space_bringup', 'pythonpath')
[14.695s] INFO:colcon.colcon_core.shell:Creating environment hook '/home/kms301111/Desktop/space/install/space_bringup/share/space_bringup/hook/pythonpath.ps1'
[14.696s] INFO:colcon.colcon_core.shell:Creating environment descriptor '/home/kms301111/Desktop/space/install/space_bringup/share/space_bringup/hook/pythonpath.dsv'
[14.696s] INFO:colcon.colcon_core.shell:Creating environment hook '/home/kms301111/Desktop/space/install/space_bringup/share/space_bringup/hook/pythonpath.sh'
[14.697s] Level 1:colcon.colcon_core.environment:checking '/home/kms301111/Desktop/space/install/space_bringup/bin'
[14.697s] Level 1:colcon.colcon_core.environment:create_environment_scripts_only(space_bringup)
[14.698s] INFO:colcon.colcon_core.shell:Creating package script '/home/kms301111/Desktop/space/install/space_bringup/share/space_bringup/package.ps1'
[14.698s] INFO:colcon.colcon_core.shell:Creating package descriptor '/home/kms301111/Desktop/space/install/space_bringup/share/space_bringup/package.dsv'
[14.699s] INFO:colcon.colcon_core.shell:Creating package script '/home/kms301111/Desktop/space/install/space_bringup/share/space_bringup/package.sh'
[14.699s] INFO:colcon.colcon_core.shell:Creating package script '/home/kms301111/Desktop/space/install/space_bringup/share/space_bringup/package.bash'
[14.700s] INFO:colcon.colcon_core.shell:Creating package script '/home/kms301111/Desktop/space/install/space_bringup/share/space_bringup/package.zsh'
[14.700s] Level 1:colcon.colcon_core.environment:create_file_with_runtime_dependencies(/home/kms301111/Desktop/space/install/space_bringup/share/colcon-core/packages/space_bringup)
[14.700s] DEBUG:colcon.colcon_parallel_executor.executor.parallel:closing loop
[14.701s] DEBUG:colcon.colcon_parallel_executor.executor.parallel:loop closed
[14.701s] DEBUG:colcon.colcon_parallel_executor.executor.parallel:run_until_complete finished with '0'
[14.701s] DEBUG:colcon.colcon_core.event_reactor:joining thread
[14.711s] INFO:colcon.colcon_core.plugin_system:Skipping extension 'colcon_notification.desktop_notification.terminal_notifier': Not used on non-Darwin systems
[14.711s] INFO:colcon.colcon_core.plugin_system:Skipping extension 'colcon_notification.desktop_notification.win32': Not used on non-Windows systems
[14.711s] INFO:colcon.colcon_notification.desktop_notification:Sending desktop notification using 'notify2'
[14.733s] DEBUG:colcon.colcon_core.event_reactor:joined thread
[14.733s] INFO:colcon.colcon_core.shell:Creating prefix script '/home/kms301111/Desktop/space/install/local_setup.ps1'
[14.735s] INFO:colcon.colcon_core.shell:Creating prefix util module '/home/kms301111/Desktop/space/install/_local_setup_util_ps1.py'
[14.736s] INFO:colcon.colcon_core.shell:Creating prefix chain script '/home/kms301111/Desktop/space/install/setup.ps1'
[14.737s] INFO:colcon.colcon_core.shell:Creating prefix script '/home/kms301111/Desktop/space/install/local_setup.sh'
[14.738s] INFO:colcon.colcon_core.shell:Creating prefix util module '/home/kms301111/Desktop/space/install/_local_setup_util_sh.py'
[14.739s] INFO:colcon.colcon_core.shell:Creating prefix chain script '/home/kms301111/Desktop/space/install/setup.sh'
[14.739s] INFO:colcon.colcon_core.shell:Creating prefix script '/home/kms301111/Desktop/space/install/local_setup.bash'
[14.740s] INFO:colcon.colcon_core.shell:Creating prefix chain script '/home/kms301111/Desktop/space/install/setup.bash'
[14.741s] INFO:colcon.colcon_core.shell:Creating prefix script '/home/kms301111/Desktop/space/install/local_setup.zsh'
[14.742s] INFO:colcon.colcon_core.shell:Creating prefix chain script '/home/kms301111/Desktop/space/install/setup.zsh'
