[0.760s] Invoking command in '/home/kms301111/Desktop/space/build/space_mission': DEBUGINFOD_URLS=https://debuginfod.ubuntu.com PYTHONPATH=/home/kms301111/Desktop/space/build/space_mission/prefix_override:/usr/lib/python3/dist-packages/colcon_core/task/python/colcon_distutils_commands:/home/kms301111/Desktop/space/install/space_mission/lib/python3.12/site-packages:${PYTHONPATH} /usr/bin/python3 -W ignore:setup.py install is deprecated -W ignore:easy_install command is deprecated setup.py develop --editable --build-directory /home/kms301111/Desktop/space/build/space_mission/build --no-deps symlink_data
[0.984s] running develop
[1.122s] running egg_info
[1.122s] creating space_mission.egg-info
[1.135s] writing space_mission.egg-info/PKG-INFO
[1.135s] writing dependency_links to space_mission.egg-info/dependency_links.txt
[1.136s] writing entry points to space_mission.egg-info/entry_points.txt
[1.136s] writing requirements to space_mission.egg-info/requires.txt
[1.136s] writing top-level names to space_mission.egg-info/top_level.txt
[1.136s] writing manifest file 'space_mission.egg-info/SOURCES.txt'
[1.163s] reading manifest file 'space_mission.egg-info/SOURCES.txt'
[1.163s] writing manifest file 'space_mission.egg-info/SOURCES.txt'
[1.178s] running build_ext
[1.178s] Creating /home/kms301111/Desktop/space/install/space_mission/lib/python3.12/site-packages/space-mission.egg-link (link to .)
[1.179s] Installing traversability_fusion_node script to /home/kms301111/Desktop/space/install/space_mission/lib/space_mission
[1.179s] 
[1.179s] Installed /home/kms301111/Desktop/space/build/space_mission
[1.179s] running symlink_data
[1.179s] creating /home/kms301111/Desktop/space/install/space_mission/share/ament_index
[1.179s] creating /home/kms301111/Desktop/space/install/space_mission/share/ament_index/resource_index
[1.179s] creating /home/kms301111/Desktop/space/install/space_mission/share/ament_index/resource_index/packages
[1.180s] symbolically linking /home/kms301111/Desktop/space/build/space_mission/resource/space_mission -> /home/kms301111/Desktop/space/install/space_mission/share/ament_index/resource_index/packages
[1.180s] symbolically linking /home/kms301111/Desktop/space/build/space_mission/package.xml -> /home/kms301111/Desktop/space/install/space_mission/share/space_mission
[1.180s] creating /home/kms301111/Desktop/space/install/space_mission/share/space_mission/config
[1.180s] symbolically linking /home/kms301111/Desktop/space/build/space_mission/config/mission.yaml -> /home/kms301111/Desktop/space/install/space_mission/share/space_mission/config
[1.209s] Invoked command in '/home/kms301111/Desktop/space/build/space_mission' returned '0': DEBUGINFOD_URLS=https://debuginfod.ubuntu.com PYTHONPATH=/home/kms301111/Desktop/space/build/space_mission/prefix_override:/usr/lib/python3/dist-packages/colcon_core/task/python/colcon_distutils_commands:/home/kms301111/Desktop/space/install/space_mission/lib/python3.12/site-packages:${PYTHONPATH} /usr/bin/python3 -W ignore:setup.py install is deprecated -W ignore:easy_install command is deprecated setup.py develop --editable --build-directory /home/kms301111/Desktop/space/build/space_mission/build --no-deps symlink_data
