-- Found ament_cmake: 2.5.5 (/opt/ros/jazzy/share/ament_cmake/cmake)
-- Override CMake install command with custom implementation using symlinks instead of copying resources
-- Looking for gz-gui8 -- found version 8.4.0
-- Searching for dependencies of gz-gui8
-- Checking for module 'tinyxml2'
--   Found tinyxml2, version 10.0.0
-- Looking for gz-utils2 -- found version 2.2.1
-- Searching for dependencies of gz-utils2
-- Looking for gz-math7 -- found version 7.5.2
-- Searching for dependencies of gz-math7
-- Looking for gz-utils2 -- found version 2.2.1
-- Looking for gz-common5 -- found version 5.7.1
-- Searching for dependencies of gz-common5
-- Looking for gz-utils2 -- found version 2.2.1
-- Looking for dlfcn.h - found
-- Looking for libdl - found
-- Checking for module 'uuid'
--   Found uuid, version 2.39.3
-- Searching for <gz-common5> component [profiler]
-- Looking for gz-common5-profiler -- found version 5.7.1
-- Searching for dependencies of gz-common5-profiler
-- Looking for gz-plugin2 -- found version 2.0.4
-- Searching for dependencies of gz-plugin2
-- Looking for gz-utils2 -- found version 2.2.1
-- Searching for dependencies of gz-utils2
-- Searching for <gz-utils2> component [cli]
-- Looking for gz-utils2-cli -- found version 2.2.1
-- Searching for dependencies of gz-utils2-cli
-- Searching for <gz-plugin2> component [loader]
-- Looking for gz-plugin2-loader -- found version 2.0.4
-- Searching for dependencies of gz-plugin2-loader
-- Searching for <gz-plugin2> component [register]
-- Looking for gz-plugin2-register -- found version 2.0.4
-- Searching for dependencies of gz-plugin2-register
-- Looking for gz-transport13 -- found version 13.5.0
-- Searching for dependencies of gz-transport13
-- Config-file not installed for ZeroMQ -- checking for pkg-config
-- Checking for module 'libzmq >= 4'
--   Found libzmq, version 4.3.5
-- Looking for gz-utils2 -- found version 2.2.1
-- Looking for gz-msgs10 -- found version 10.3.2
-- Searching for dependencies of gz-msgs10
-- Looking for gz-utils2 -- found version 2.2.1
-- Looking for gz-math7 -- found version 7.5.2
-- Looking for gz-rendering8 -- found version 8.2.3
-- Searching for dependencies of gz-rendering8
-- Looking for gz-math7 -- found version 7.5.2
-- Searching for dependencies of gz-math7
-- Looking for gz-utils2 -- found version 2.2.1
-- Searching for <gz-math7> component [eigen3]
-- Looking for gz-math7-eigen3 -- found version 7.5.2
-- Searching for dependencies of gz-math7-eigen3
-- Looking for gz-common5 -- found version 5.7.1
-- Searching for dependencies of gz-common5
-- Looking for gz-utils2 -- found version 2.2.1
-- Looking for dlfcn.h - found
-- Looking for libdl - found
-- Searching for <gz-common5> component [graphics]
-- Looking for gz-common5-graphics -- found version 5.7.1
-- Searching for dependencies of gz-common5-graphics
-- Looking for gz-math7 -- found version 7.5.2
-- Searching for <gz-common5> component [events]
-- Looking for gz-common5-events -- found version 5.7.1
-- Searching for dependencies of gz-common5-events
-- Looking for gz-math7 -- found version 7.5.2
-- Searching for <gz-common5> component [geospatial]
-- Looking for gz-common5-geospatial -- found version 5.7.1
-- Searching for dependencies of gz-common5-geospatial
-- Looking for gz-math7 -- found version 7.5.2
-- Looking for gz-common5 -- found version 5.7.1
-- Looking for gz-plugin2 -- found version 2.0.4
-- Searching for dependencies of gz-plugin2
-- Looking for gz-utils2 -- found version 2.2.1
-- Searching for <gz-plugin2> component [all]
-- Looking for all libraries of gz-plugin2 -- found version 2.0.4
-- Looking for gz-plugin2 -- found version 2.0.4
-- Looking for gz-utils2 -- found version 2.2.1
-- Looking for gz-msgs10 -- found version 10.3.2
-- Looking for gz-msgs10 -- found version 10.3.2
-- Looking for gz-transport13 -- found version 13.5.0
-- Found ament_lint_auto: 0.17.4 (/opt/ros/jazzy/share/ament_lint_auto/cmake)
-- Added test 'cppcheck' to perform static code analysis on C / C++ code
-- Configured cppcheck include dirs: /home/kms301111/Desktop/space/ros2_ws/src/space_gazebo/include
-- Configured cppcheck exclude dirs and/or files: 
-- Added test 'cpplint' to check C / C++ code against the Google style
-- Configured cpplint exclude dirs and/or files: 
-- Added test 'flake8' to check Python code syntax and style conventions
-- Configured 'flake8' exclude dirs and/or files: 
-- Added test 'lint_cmake' to check CMake code style
-- Added test 'pep257' to check Python code against some of the docstring style conventions in PEP 257
-- Added test 'uncrustify' to check C / C++ code style
-- Configured uncrustify additional arguments: 
-- Added test 'xmllint' to check XML markup files
-- Configuring done (1.5s)
-- Generating done (0.0s)
-- Build files have been written to: /home/kms301111/Desktop/space/build/space_gazebo
[  0%] Built target RoverKeyTeleop_autogen_timestamp_deps
[ 14%] Automatic MOC for target RoverKeyTeleop
[ 14%] Built target RoverKeyTeleop_autogen
[ 28%] Building CXX object CMakeFiles/RoverKeyTeleop.dir/RoverKeyTeleop_autogen/mocs_compilation.cpp.o
[ 42%] Linking CXX shared library libRoverKeyTeleop.so
[100%] Built target RoverKeyTeleop
-- Install configuration: ""
-- Execute custom install script
-- Up-to-date symlink: /home/kms301111/Desktop/space/install/space_gazebo/share/space_gazebo/assets/source_cad/arena_test_slope_v04.stp
-- Up-to-date symlink: /home/kms301111/Desktop/space/install/space_gazebo/share/space_gazebo/config/arena_test_slope_v04.yaml
-- Up-to-date symlink: /home/kms301111/Desktop/space/install/space_gazebo/share/space_gazebo/config/ros_gz_bridge.yaml
-- Up-to-date symlink: /home/kms301111/Desktop/space/install/space_gazebo/share/space_gazebo/config/rover_gui.config
-- Up-to-date symlink: /home/kms301111/Desktop/space/install/space_gazebo/share/space_gazebo/launch/__pycache__/gazebo.launch.cpython-312.pyc
-- Up-to-date symlink: /home/kms301111/Desktop/space/install/space_gazebo/share/space_gazebo/launch/gazebo.launch.py
-- Up-to-date symlink: /home/kms301111/Desktop/space/install/space_gazebo/share/space_gazebo/models/arena_flat/meshes/arena_visual.stl
-- Up-to-date symlink: /home/kms301111/Desktop/space/install/space_gazebo/share/space_gazebo/models/arena_terrain_v04/meshes/arena_collision.stl
-- Up-to-date symlink: /home/kms301111/Desktop/space/install/space_gazebo/share/space_gazebo/models/arena_terrain_v04/meshes/arena_visual.stl
-- Up-to-date symlink: /home/kms301111/Desktop/space/install/space_gazebo/share/space_gazebo/models/arena_terrain_v04/model.config
-- Up-to-date symlink: /home/kms301111/Desktop/space/install/space_gazebo/share/space_gazebo/models/arena_terrain_v04/model.sdf
-- Up-to-date symlink: /home/kms301111/Desktop/space/install/space_gazebo/share/space_gazebo/models/arena_test_slope_v04/meshes/arena_collision.stl
-- Up-to-date symlink: /home/kms301111/Desktop/space/install/space_gazebo/share/space_gazebo/models/arena_test_slope_v04/meshes/arena_visual.stl
-- Up-to-date symlink: /home/kms301111/Desktop/space/install/space_gazebo/share/space_gazebo/models/arena_test_slope_v04/model.config
-- Up-to-date symlink: /home/kms301111/Desktop/space/install/space_gazebo/share/space_gazebo/models/arena_test_slope_v04/model.sdf
-- Up-to-date symlink: /home/kms301111/Desktop/space/install/space_gazebo/share/space_gazebo/urdf/gazebo_extensions.xacro
-- Up-to-date symlink: /home/kms301111/Desktop/space/install/space_gazebo/share/space_gazebo/urdf/space_rover.gazebo.urdf.xacro
-- Up-to-date symlink: /home/kms301111/Desktop/space/install/space_gazebo/share/space_gazebo/worlds/arena_flat.sdf
-- Up-to-date symlink: /home/kms301111/Desktop/space/install/space_gazebo/share/space_gazebo/worlds/arena_terrain_v04.sdf
-- Up-to-date symlink: /home/kms301111/Desktop/space/install/space_gazebo/share/space_gazebo/worlds/arena_test_slope_v04.sdf
-- Up-to-date symlink: /home/kms301111/Desktop/space/install/space_gazebo/share/space_gazebo/worlds/space_challenge_empty.sdf
-- Up-to-date symlink: /home/kms301111/Desktop/space/install/space_gazebo/lib/libRoverKeyTeleop.so
-- Up-to-date symlink: /home/kms301111/Desktop/space/install/space_gazebo/share/space_gazebo/tools/convert_arena_step.py
-- Up-to-date symlink: /home/kms301111/Desktop/space/install/space_gazebo/share/ament_index/resource_index/package_run_dependencies/space_gazebo
-- Up-to-date symlink: /home/kms301111/Desktop/space/install/space_gazebo/share/ament_index/resource_index/parent_prefix_path/space_gazebo
-- Up-to-date symlink: /home/kms301111/Desktop/space/install/space_gazebo/share/space_gazebo/environment/ament_prefix_path.sh
-- Up-to-date symlink: /home/kms301111/Desktop/space/install/space_gazebo/share/space_gazebo/environment/ament_prefix_path.dsv
-- Up-to-date symlink: /home/kms301111/Desktop/space/install/space_gazebo/share/space_gazebo/environment/path.sh
-- Up-to-date symlink: /home/kms301111/Desktop/space/install/space_gazebo/share/space_gazebo/environment/path.dsv
-- Up-to-date symlink: /home/kms301111/Desktop/space/install/space_gazebo/share/space_gazebo/local_setup.bash
-- Up-to-date symlink: /home/kms301111/Desktop/space/install/space_gazebo/share/space_gazebo/local_setup.sh
-- Up-to-date symlink: /home/kms301111/Desktop/space/install/space_gazebo/share/space_gazebo/local_setup.zsh
-- Up-to-date symlink: /home/kms301111/Desktop/space/install/space_gazebo/share/space_gazebo/local_setup.dsv
-- Symlinking: /home/kms301111/Desktop/space/install/space_gazebo/share/space_gazebo/package.dsv
-- Up-to-date symlink: /home/kms301111/Desktop/space/install/space_gazebo/share/ament_index/resource_index/packages/space_gazebo
-- Up-to-date symlink: /home/kms301111/Desktop/space/install/space_gazebo/share/space_gazebo/cmake/space_gazeboConfig.cmake
-- Up-to-date symlink: /home/kms301111/Desktop/space/install/space_gazebo/share/space_gazebo/cmake/space_gazeboConfig-version.cmake
-- Up-to-date symlink: /home/kms301111/Desktop/space/install/space_gazebo/share/space_gazebo/package.xml
-- Up-to-date: /home/kms301111/Desktop/space/install/space_gazebo/lib/space_gazebo/arena_marker_publisher
