[0.024s] Invoking command in '/home/kms301111/Desktop/space/build/space_gazebo': AMENT_PREFIX_PATH=/home/kms301111/Desktop/space/install/space_description:${AMENT_PREFIX_PATH} CMAKE_PREFIX_PATH=/home/kms301111/Desktop/space/install/space_description:/opt/ros/jazzy/opt/gz_sim_vendor:/opt/ros/jazzy/opt/gz_sensors_vendor:/opt/ros/jazzy/opt/gz_physics_vendor:/opt/ros/jazzy/opt/sdformat_vendor:/opt/ros/jazzy/opt/gz_gui_vendor:/opt/ros/jazzy/opt/gz_transport_vendor:/opt/ros/jazzy/opt/gz_rendering_vendor:/opt/ros/jazzy/opt/gz_plugin_vendor:/opt/ros/jazzy/opt/gz_fuel_tools_vendor:/opt/ros/jazzy/opt/gz_msgs_vendor:/opt/ros/jazzy/opt/gz_common_vendor:/opt/ros/jazzy/opt/gz_math_vendor:/opt/ros/jazzy/opt/gz_utils_vendor:/opt/ros/jazzy/opt/gz_tools_vendor:/opt/ros/jazzy/opt/gz_ogre_next_vendor:/opt/ros/jazzy/opt/gz_dartsim_vendor:/opt/ros/jazzy/opt/gz_cmake_vendor:/opt/ros/jazzy DEBUGINFOD_URLS=https://debuginfod.ubuntu.com /usr/bin/cmake --build /home/kms301111/Desktop/space/build/space_gazebo -- -j12 -l12
[0.078s] -- Found ament_cmake: 2.5.5 (/opt/ros/jazzy/share/ament_cmake/cmake)
[0.577s] -- Override CMake install command with custom implementation using symlinks instead of copying resources
[0.593s] -- Looking for gz-gui8 -- found version 8.4.0
[0.613s] -- Searching for dependencies of gz-gui8
[0.688s] -- Checking for module 'tinyxml2'
[0.731s] --   Found tinyxml2, version 10.0.0
[0.824s] -- Looking for gz-utils2 -- found version 2.2.1
[0.824s] -- Searching for dependencies of gz-utils2
[0.827s] -- Looking for gz-math7 -- found version 7.5.2
[0.827s] -- Searching for dependencies of gz-math7
[0.828s] -- Looking for gz-utils2 -- found version 2.2.1
[0.832s] -- Looking for gz-common5 -- found version 5.7.1
[0.833s] -- Searching for dependencies of gz-common5
[0.833s] -- Looking for gz-utils2 -- found version 2.2.1
[0.834s] -- Looking for dlfcn.h - found
[0.835s] -- Looking for libdl - found
[0.853s] -- Checking for module 'uuid'
[0.886s] --   Found uuid, version 2.39.3
[0.971s] -- Searching for <gz-common5> component [profiler]
[0.971s] -- Looking for gz-common5-profiler -- found version 5.7.1
[0.972s] -- Searching for dependencies of gz-common5-profiler
[0.974s] -- Looking for gz-plugin2 -- found version 2.0.4
[0.975s] -- Searching for dependencies of gz-plugin2
[0.975s] -- Looking for gz-utils2 -- found version 2.2.1
[0.975s] -- Searching for dependencies of gz-utils2
[0.976s] -- Searching for <gz-utils2> component [cli]
[0.976s] -- Looking for gz-utils2-cli -- found version 2.2.1
[0.976s] -- Searching for dependencies of gz-utils2-cli
[0.978s] -- Searching for <gz-plugin2> component [loader]
[0.979s] -- Looking for gz-plugin2-loader -- found version 2.0.4
[0.980s] -- Searching for dependencies of gz-plugin2-loader
[0.981s] -- Searching for <gz-plugin2> component [register]
[0.983s] -- Looking for gz-plugin2-register -- found version 2.0.4
[0.983s] -- Searching for dependencies of gz-plugin2-register
[0.985s] -- Looking for gz-transport13 -- found version 13.5.0
[0.986s] -- Searching for dependencies of gz-transport13
[1.074s] -- Config-file not installed for ZeroMQ -- checking for pkg-config
[1.087s] -- Checking for module 'libzmq >= 4'
[1.126s] --   Found libzmq, version 4.3.5
[1.251s] -- Looking for gz-utils2 -- found version 2.2.1
[1.252s] -- Looking for gz-msgs10 -- found version 10.3.2
[1.253s] -- Searching for dependencies of gz-msgs10
[1.295s] -- Looking for gz-utils2 -- found version 2.2.1
[1.296s] -- Looking for gz-math7 -- found version 7.5.2
[1.309s] -- Looking for gz-rendering8 -- found version 8.2.3
[1.310s] -- Searching for dependencies of gz-rendering8
[1.311s] -- Looking for gz-math7 -- found version 7.5.2
[1.311s] -- Searching for dependencies of gz-math7
[1.311s] -- Looking for gz-utils2 -- found version 2.2.1
[1.313s] -- Searching for <gz-math7> component [eigen3]
[1.313s] -- Looking for gz-math7-eigen3 -- found version 7.5.2
[1.313s] -- Searching for dependencies of gz-math7-eigen3
[1.319s] -- Looking for gz-common5 -- found version 5.7.1
[1.319s] -- Searching for dependencies of gz-common5
[1.320s] -- Looking for gz-utils2 -- found version 2.2.1
[1.320s] -- Looking for dlfcn.h - found
[1.321s] -- Looking for libdl - found
[1.342s] -- Searching for <gz-common5> component [graphics]
[1.342s] -- Looking for gz-common5-graphics -- found version 5.7.1
[1.343s] -- Searching for dependencies of gz-common5-graphics
[1.345s] -- Looking for gz-math7 -- found version 7.5.2
[1.352s] -- Searching for <gz-common5> component [events]
[1.353s] -- Looking for gz-common5-events -- found version 5.7.1
[1.354s] -- Searching for dependencies of gz-common5-events
[1.355s] -- Looking for gz-math7 -- found version 7.5.2
[1.356s] -- Searching for <gz-common5> component [geospatial]
[1.358s] -- Looking for gz-common5-geospatial -- found version 5.7.1
[1.358s] -- Searching for dependencies of gz-common5-geospatial
[1.359s] -- Looking for gz-math7 -- found version 7.5.2
[1.360s] -- Looking for gz-common5 -- found version 5.7.1
[1.366s] -- Looking for gz-plugin2 -- found version 2.0.4
[1.366s] -- Searching for dependencies of gz-plugin2
[1.367s] -- Looking for gz-utils2 -- found version 2.2.1
[1.367s] -- Searching for <gz-plugin2> component [all]
[1.368s] -- Looking for all libraries of gz-plugin2 -- found version 2.0.4
[1.369s] -- Looking for gz-plugin2 -- found version 2.0.4
[1.373s] -- Looking for gz-utils2 -- found version 2.2.1
[1.384s] -- Looking for gz-msgs10 -- found version 10.3.2
[1.428s] -- Looking for gz-msgs10 -- found version 10.3.2
[1.429s] -- Looking for gz-transport13 -- found version 13.5.0
[1.432s] -- Found ament_lint_auto: 0.17.4 (/opt/ros/jazzy/share/ament_lint_auto/cmake)
[1.569s] -- Added test 'cppcheck' to perform static code analysis on C / C++ code
[1.570s] -- Configured cppcheck include dirs: /home/kms301111/Desktop/space/ros2_ws/src/space_gazebo/include
[1.570s] -- Configured cppcheck exclude dirs and/or files: 
[1.572s] -- Added test 'cpplint' to check C / C++ code against the Google style
[1.573s] -- Configured cpplint exclude dirs and/or files: 
[1.573s] -- Added test 'flake8' to check Python code syntax and style conventions
[1.574s] -- Configured 'flake8' exclude dirs and/or files: 
[1.574s] -- Added test 'lint_cmake' to check CMake code style
[1.576s] -- Added test 'pep257' to check Python code against some of the docstring style conventions in PEP 257
[1.580s] -- Added test 'uncrustify' to check C / C++ code style
[1.580s] -- Configured uncrustify additional arguments: 
[1.581s] -- Added test 'xmllint' to check XML markup files
[1.583s] -- Configuring done (1.5s)
[1.609s] -- Generating done (0.0s)
[1.615s] -- Build files have been written to: /home/kms301111/Desktop/space/build/space_gazebo
[1.701s] [  0%] Built target RoverKeyTeleop_autogen_timestamp_deps
[1.755s] [ 14%] Automatic MOC for target RoverKeyTeleop
[2.314s] [ 14%] Built target RoverKeyTeleop_autogen
[2.384s] [ 28%] Building CXX object CMakeFiles/RoverKeyTeleop.dir/RoverKeyTeleop_autogen/mocs_compilation.cpp.o
[5.833s] [ 42%] Linking CXX shared library libRoverKeyTeleop.so
[6.178s] [100%] Built target RoverKeyTeleop
[6.203s] Invoked command in '/home/kms301111/Desktop/space/build/space_gazebo' returned '0': AMENT_PREFIX_PATH=/home/kms301111/Desktop/space/install/space_description:${AMENT_PREFIX_PATH} CMAKE_PREFIX_PATH=/home/kms301111/Desktop/space/install/space_description:/opt/ros/jazzy/opt/gz_sim_vendor:/opt/ros/jazzy/opt/gz_sensors_vendor:/opt/ros/jazzy/opt/gz_physics_vendor:/opt/ros/jazzy/opt/sdformat_vendor:/opt/ros/jazzy/opt/gz_gui_vendor:/opt/ros/jazzy/opt/gz_transport_vendor:/opt/ros/jazzy/opt/gz_rendering_vendor:/opt/ros/jazzy/opt/gz_plugin_vendor:/opt/ros/jazzy/opt/gz_fuel_tools_vendor:/opt/ros/jazzy/opt/gz_msgs_vendor:/opt/ros/jazzy/opt/gz_common_vendor:/opt/ros/jazzy/opt/gz_math_vendor:/opt/ros/jazzy/opt/gz_utils_vendor:/opt/ros/jazzy/opt/gz_tools_vendor:/opt/ros/jazzy/opt/gz_ogre_next_vendor:/opt/ros/jazzy/opt/gz_dartsim_vendor:/opt/ros/jazzy/opt/gz_cmake_vendor:/opt/ros/jazzy DEBUGINFOD_URLS=https://debuginfod.ubuntu.com /usr/bin/cmake --build /home/kms301111/Desktop/space/build/space_gazebo -- -j12 -l12
[6.229s] Invoking command in '/home/kms301111/Desktop/space/build/space_gazebo': AMENT_PREFIX_PATH=/home/kms301111/Desktop/space/install/space_description:${AMENT_PREFIX_PATH} CMAKE_PREFIX_PATH=/home/kms301111/Desktop/space/install/space_description:/opt/ros/jazzy/opt/gz_sim_vendor:/opt/ros/jazzy/opt/gz_sensors_vendor:/opt/ros/jazzy/opt/gz_physics_vendor:/opt/ros/jazzy/opt/sdformat_vendor:/opt/ros/jazzy/opt/gz_gui_vendor:/opt/ros/jazzy/opt/gz_transport_vendor:/opt/ros/jazzy/opt/gz_rendering_vendor:/opt/ros/jazzy/opt/gz_plugin_vendor:/opt/ros/jazzy/opt/gz_fuel_tools_vendor:/opt/ros/jazzy/opt/gz_msgs_vendor:/opt/ros/jazzy/opt/gz_common_vendor:/opt/ros/jazzy/opt/gz_math_vendor:/opt/ros/jazzy/opt/gz_utils_vendor:/opt/ros/jazzy/opt/gz_tools_vendor:/opt/ros/jazzy/opt/gz_ogre_next_vendor:/opt/ros/jazzy/opt/gz_dartsim_vendor:/opt/ros/jazzy/opt/gz_cmake_vendor:/opt/ros/jazzy DEBUGINFOD_URLS=https://debuginfod.ubuntu.com /usr/bin/cmake --install /home/kms301111/Desktop/space/build/space_gazebo
[6.246s] -- Install configuration: ""
[6.247s] -- Execute custom install script
[6.249s] -- Up-to-date symlink: /home/kms301111/Desktop/space/install/space_gazebo/share/space_gazebo/assets/source_cad/arena_test_slope_v04.stp
[6.249s] -- Up-to-date symlink: /home/kms301111/Desktop/space/install/space_gazebo/share/space_gazebo/config/arena_test_slope_v04.yaml
[6.250s] -- Up-to-date symlink: /home/kms301111/Desktop/space/install/space_gazebo/share/space_gazebo/config/ros_gz_bridge.yaml
[6.250s] -- Up-to-date symlink: /home/kms301111/Desktop/space/install/space_gazebo/share/space_gazebo/config/rover_gui.config
[6.251s] -- Up-to-date symlink: /home/kms301111/Desktop/space/install/space_gazebo/share/space_gazebo/launch/__pycache__/gazebo.launch.cpython-312.pyc
[6.251s] -- Up-to-date symlink: /home/kms301111/Desktop/space/install/space_gazebo/share/space_gazebo/launch/gazebo.launch.py
[6.253s] -- Up-to-date symlink: /home/kms301111/Desktop/space/install/space_gazebo/share/space_gazebo/models/arena_flat/meshes/arena_visual.stl
[6.253s] -- Up-to-date symlink: /home/kms301111/Desktop/space/install/space_gazebo/share/space_gazebo/models/arena_terrain_v04/meshes/arena_collision.stl
[6.254s] -- Up-to-date symlink: /home/kms301111/Desktop/space/install/space_gazebo/share/space_gazebo/models/arena_terrain_v04/meshes/arena_visual.stl
[6.254s] -- Up-to-date symlink: /home/kms301111/Desktop/space/install/space_gazebo/share/space_gazebo/models/arena_terrain_v04/model.config
[6.254s] -- Up-to-date symlink: /home/kms301111/Desktop/space/install/space_gazebo/share/space_gazebo/models/arena_terrain_v04/model.sdf
[6.254s] -- Up-to-date symlink: /home/kms301111/Desktop/space/install/space_gazebo/share/space_gazebo/models/arena_test_slope_v04/meshes/arena_collision.stl
[6.255s] -- Up-to-date symlink: /home/kms301111/Desktop/space/install/space_gazebo/share/space_gazebo/models/arena_test_slope_v04/meshes/arena_visual.stl
[6.255s] -- Up-to-date symlink: /home/kms301111/Desktop/space/install/space_gazebo/share/space_gazebo/models/arena_test_slope_v04/model.config
[6.256s] -- Up-to-date symlink: /home/kms301111/Desktop/space/install/space_gazebo/share/space_gazebo/models/arena_test_slope_v04/model.sdf
[6.258s] -- Up-to-date symlink: /home/kms301111/Desktop/space/install/space_gazebo/share/space_gazebo/urdf/gazebo_extensions.xacro
[6.259s] -- Up-to-date symlink: /home/kms301111/Desktop/space/install/space_gazebo/share/space_gazebo/urdf/space_rover.gazebo.urdf.xacro
[6.259s] -- Up-to-date symlink: /home/kms301111/Desktop/space/install/space_gazebo/share/space_gazebo/worlds/arena_flat.sdf
[6.259s] -- Up-to-date symlink: /home/kms301111/Desktop/space/install/space_gazebo/share/space_gazebo/worlds/arena_terrain_v04.sdf
[6.259s] -- Up-to-date symlink: /home/kms301111/Desktop/space/install/space_gazebo/share/space_gazebo/worlds/arena_test_slope_v04.sdf
[6.260s] -- Up-to-date symlink: /home/kms301111/Desktop/space/install/space_gazebo/share/space_gazebo/worlds/space_challenge_empty.sdf
[6.260s] -- Up-to-date symlink: /home/kms301111/Desktop/space/install/space_gazebo/lib/libRoverKeyTeleop.so
[6.261s] -- Up-to-date symlink: /home/kms301111/Desktop/space/install/space_gazebo/share/space_gazebo/tools/convert_arena_step.py
[6.261s] -- Up-to-date symlink: /home/kms301111/Desktop/space/install/space_gazebo/share/ament_index/resource_index/package_run_dependencies/space_gazebo
[6.262s] -- Up-to-date symlink: /home/kms301111/Desktop/space/install/space_gazebo/share/ament_index/resource_index/parent_prefix_path/space_gazebo
[6.262s] -- Up-to-date symlink: /home/kms301111/Desktop/space/install/space_gazebo/share/space_gazebo/environment/ament_prefix_path.sh
[6.263s] -- Up-to-date symlink: /home/kms301111/Desktop/space/install/space_gazebo/share/space_gazebo/environment/ament_prefix_path.dsv
[6.264s] -- Up-to-date symlink: /home/kms301111/Desktop/space/install/space_gazebo/share/space_gazebo/environment/path.sh
[6.264s] -- Up-to-date symlink: /home/kms301111/Desktop/space/install/space_gazebo/share/space_gazebo/environment/path.dsv
[6.264s] -- Up-to-date symlink: /home/kms301111/Desktop/space/install/space_gazebo/share/space_gazebo/local_setup.bash
[6.264s] -- Up-to-date symlink: /home/kms301111/Desktop/space/install/space_gazebo/share/space_gazebo/local_setup.sh
[6.265s] -- Up-to-date symlink: /home/kms301111/Desktop/space/install/space_gazebo/share/space_gazebo/local_setup.zsh
[6.265s] -- Up-to-date symlink: /home/kms301111/Desktop/space/install/space_gazebo/share/space_gazebo/local_setup.dsv
[6.265s] -- Symlinking: /home/kms301111/Desktop/space/install/space_gazebo/share/space_gazebo/package.dsv
[6.290s] -- Up-to-date symlink: /home/kms301111/Desktop/space/install/space_gazebo/share/ament_index/resource_index/packages/space_gazebo
[6.291s] -- Up-to-date symlink: /home/kms301111/Desktop/space/install/space_gazebo/share/space_gazebo/cmake/space_gazeboConfig.cmake
[6.291s] -- Up-to-date symlink: /home/kms301111/Desktop/space/install/space_gazebo/share/space_gazebo/cmake/space_gazeboConfig-version.cmake
[6.292s] -- Up-to-date symlink: /home/kms301111/Desktop/space/install/space_gazebo/share/space_gazebo/package.xml
[6.292s] -- Up-to-date: /home/kms301111/Desktop/space/install/space_gazebo/lib/space_gazebo/arena_marker_publisher
[6.297s] Invoked command in '/home/kms301111/Desktop/space/build/space_gazebo' returned '0': AMENT_PREFIX_PATH=/home/kms301111/Desktop/space/install/space_description:${AMENT_PREFIX_PATH} CMAKE_PREFIX_PATH=/home/kms301111/Desktop/space/install/space_description:/opt/ros/jazzy/opt/gz_sim_vendor:/opt/ros/jazzy/opt/gz_sensors_vendor:/opt/ros/jazzy/opt/gz_physics_vendor:/opt/ros/jazzy/opt/sdformat_vendor:/opt/ros/jazzy/opt/gz_gui_vendor:/opt/ros/jazzy/opt/gz_transport_vendor:/opt/ros/jazzy/opt/gz_rendering_vendor:/opt/ros/jazzy/opt/gz_plugin_vendor:/opt/ros/jazzy/opt/gz_fuel_tools_vendor:/opt/ros/jazzy/opt/gz_msgs_vendor:/opt/ros/jazzy/opt/gz_common_vendor:/opt/ros/jazzy/opt/gz_math_vendor:/opt/ros/jazzy/opt/gz_utils_vendor:/opt/ros/jazzy/opt/gz_tools_vendor:/opt/ros/jazzy/opt/gz_ogre_next_vendor:/opt/ros/jazzy/opt/gz_dartsim_vendor:/opt/ros/jazzy/opt/gz_cmake_vendor:/opt/ros/jazzy DEBUGINFOD_URLS=https://debuginfod.ubuntu.com /usr/bin/cmake --install /home/kms301111/Desktop/space/build/space_gazebo
