[0.006s] Invoking command in '/home/kj/Desktop/space/ros2_ws/src/build/space_perception': AMENT_PREFIX_PATH=/home/kj/Desktop/space/ros2_ws/src/install/space_description:${AMENT_PREFIX_PATH} CMAKE_PREFIX_PATH=/home/kj/Desktop/space/ros2_ws/src/install/space_description:/opt/ros/jazzy/opt/gz_sim_vendor:/opt/ros/jazzy/opt/gz_sensors_vendor:/opt/ros/jazzy/opt/gz_physics_vendor:/opt/ros/jazzy/opt/sdformat_vendor:/opt/ros/jazzy/opt/gz_gui_vendor:/opt/ros/jazzy/opt/gz_transport_vendor:/opt/ros/jazzy/opt/gz_rendering_vendor:/opt/ros/jazzy/opt/gz_plugin_vendor:/opt/ros/jazzy/opt/gz_fuel_tools_vendor:/opt/ros/jazzy/opt/gz_msgs_vendor:/opt/ros/jazzy/opt/gz_common_vendor:/opt/ros/jazzy/opt/gz_math_vendor:/opt/ros/jazzy/opt/gz_utils_vendor:/opt/ros/jazzy/opt/gz_tools_vendor:/opt/ros/jazzy/opt/gz_ogre_next_vendor:/opt/ros/jazzy/opt/gz_dartsim_vendor:/opt/ros/jazzy/opt/gz_cmake_vendor:/opt/ros/jazzy DEBUGINFOD_URLS=https://debuginfod.ubuntu.com PYTHONPATH=/home/kj/Desktop/space/ros2_ws/src/install/space_description/lib/python3.12/site-packages:${PYTHONPATH} /usr/bin/cmake /home/kj/Desktop/space/ros2_ws/src/space_perception -DAMENT_CMAKE_SYMLINK_INSTALL=1 -DCMAKE_INSTALL_PREFIX=/home/kj/Desktop/space/ros2_ws/src/install/space_perception
[0.049s] -- The C compiler identification is GNU 13.3.0
[0.090s] -- The CXX compiler identification is GNU 13.3.0
[0.103s] -- Detecting C compiler ABI info
[0.176s] -- Detecting C compiler ABI info - done
[0.184s] -- Check for working C compiler: /usr/bin/cc - skipped
[0.184s] -- Detecting C compile features
[0.184s] -- Detecting C compile features - done
[0.191s] -- Detecting CXX compiler ABI info
[0.281s] -- Detecting CXX compiler ABI info - done
[0.288s] -- Check for working CXX compiler: /usr/bin/c++ - skipped
[0.288s] -- Detecting CXX compile features
[0.289s] -- Detecting CXX compile features - done
[0.292s] -- Found ament_cmake: 2.5.6 (/opt/ros/jazzy/share/ament_cmake/cmake)
[0.418s] -- Found Python3: /usr/bin/python3 (found version "3.12.3") found components: Interpreter 
[0.476s] -- Override CMake install command with custom implementation using symlinks instead of copying resources
[0.522s] -- Found diagnostic_msgs: 5.3.7 (/opt/ros/jazzy/share/diagnostic_msgs/cmake)
[0.572s] -- Found rosidl_generator_c: 4.6.7 (/opt/ros/jazzy/share/rosidl_generator_c/cmake)
[0.586s] -- Found rosidl_generator_cpp: 4.6.7 (/opt/ros/jazzy/share/rosidl_generator_cpp/cmake)
[0.603s] -- Using all available rosidl_typesupport_c: rosidl_typesupport_fastrtps_c;rosidl_typesupport_introspection_c
[0.621s] -- Using all available rosidl_typesupport_cpp: rosidl_typesupport_fastrtps_cpp;rosidl_typesupport_introspection_cpp
[0.677s] -- Found geometry_msgs: 5.3.7 (/opt/ros/jazzy/share/geometry_msgs/cmake)
[0.689s] -- Found nav2_costmap_2d: 1.3.11 (/opt/ros/jazzy/share/nav2_costmap_2d/cmake)
[0.845s] -- Found rmw_implementation_cmake: 7.3.3 (/opt/ros/jazzy/share/rmw_implementation_cmake/cmake)
[0.848s] -- Found rmw_fastrtps_cpp: 8.4.3 (/opt/ros/jazzy/share/rmw_fastrtps_cpp/cmake)
[0.946s] -- Found OpenSSL: /usr/lib/x86_64-linux-gnu/libcrypto.so (found version "3.0.13")  
[0.969s] -- Found FastRTPS: /opt/ros/jazzy/include (Required is at least version "2.13") 
[0.998s] -- Using RMW implementation 'rmw_fastrtps_cpp' as default
[1.270s] -- Found eigen3_cmake_module: 0.3.0 (/opt/ros/jazzy/share/eigen3_cmake_module/cmake)
[1.271s] -- Found Eigen3: TRUE (found version "3.4.0") 
[1.271s] -- Ensuring Eigen3 include directory is part of orocos-kdl CMake target
[1.534s] -- Found ament_cmake_gtest: 2.5.6 (/opt/ros/jazzy/share/ament_cmake_gtest/cmake)
[1.538s] -- Found ament_cmake_pytest: 2.5.6 (/opt/ros/jazzy/share/ament_cmake_pytest/cmake)
[1.541s] -- Found ament_cmake_flake8: 0.17.5 (/opt/ros/jazzy/share/ament_cmake_flake8/cmake)
[1.544s] -- Found ament_cmake_pep257: 0.17.5 (/opt/ros/jazzy/share/ament_cmake_pep257/cmake)
[1.548s] -- Found gtest sources under '/opt/ros/jazzy/src/gtest_vendor': C++ tests using 'Google Test' will be built
[1.551s] -- Performing Test CMAKE_HAVE_LIBC_PTHREAD
[1.630s] -- Performing Test CMAKE_HAVE_LIBC_PTHREAD - Success
[1.632s] -- Found Threads: TRUE  
[3.058s] -- Configuring done (3.0s)
[3.107s] -- Generating done (0.0s)
[3.119s] -- Build files have been written to: /home/kj/Desktop/space/ros2_ws/src/build/space_perception
[3.161s] Invoked command in '/home/kj/Desktop/space/ros2_ws/src/build/space_perception' returned '0': AMENT_PREFIX_PATH=/home/kj/Desktop/space/ros2_ws/src/install/space_description:${AMENT_PREFIX_PATH} CMAKE_PREFIX_PATH=/home/kj/Desktop/space/ros2_ws/src/install/space_description:/opt/ros/jazzy/opt/gz_sim_vendor:/opt/ros/jazzy/opt/gz_sensors_vendor:/opt/ros/jazzy/opt/gz_physics_vendor:/opt/ros/jazzy/opt/sdformat_vendor:/opt/ros/jazzy/opt/gz_gui_vendor:/opt/ros/jazzy/opt/gz_transport_vendor:/opt/ros/jazzy/opt/gz_rendering_vendor:/opt/ros/jazzy/opt/gz_plugin_vendor:/opt/ros/jazzy/opt/gz_fuel_tools_vendor:/opt/ros/jazzy/opt/gz_msgs_vendor:/opt/ros/jazzy/opt/gz_common_vendor:/opt/ros/jazzy/opt/gz_math_vendor:/opt/ros/jazzy/opt/gz_utils_vendor:/opt/ros/jazzy/opt/gz_tools_vendor:/opt/ros/jazzy/opt/gz_ogre_next_vendor:/opt/ros/jazzy/opt/gz_dartsim_vendor:/opt/ros/jazzy/opt/gz_cmake_vendor:/opt/ros/jazzy DEBUGINFOD_URLS=https://debuginfod.ubuntu.com PYTHONPATH=/home/kj/Desktop/space/ros2_ws/src/install/space_description/lib/python3.12/site-packages:${PYTHONPATH} /usr/bin/cmake /home/kj/Desktop/space/ros2_ws/src/space_perception -DAMENT_CMAKE_SYMLINK_INSTALL=1 -DCMAKE_INSTALL_PREFIX=/home/kj/Desktop/space/ros2_ws/src/install/space_perception
[3.161s] Invoking command in '/home/kj/Desktop/space/ros2_ws/src/build/space_perception': AMENT_PREFIX_PATH=/home/kj/Desktop/space/ros2_ws/src/install/space_description:${AMENT_PREFIX_PATH} CMAKE_PREFIX_PATH=/home/kj/Desktop/space/ros2_ws/src/install/space_description:/opt/ros/jazzy/opt/gz_sim_vendor:/opt/ros/jazzy/opt/gz_sensors_vendor:/opt/ros/jazzy/opt/gz_physics_vendor:/opt/ros/jazzy/opt/sdformat_vendor:/opt/ros/jazzy/opt/gz_gui_vendor:/opt/ros/jazzy/opt/gz_transport_vendor:/opt/ros/jazzy/opt/gz_rendering_vendor:/opt/ros/jazzy/opt/gz_plugin_vendor:/opt/ros/jazzy/opt/gz_fuel_tools_vendor:/opt/ros/jazzy/opt/gz_msgs_vendor:/opt/ros/jazzy/opt/gz_common_vendor:/opt/ros/jazzy/opt/gz_math_vendor:/opt/ros/jazzy/opt/gz_utils_vendor:/opt/ros/jazzy/opt/gz_tools_vendor:/opt/ros/jazzy/opt/gz_ogre_next_vendor:/opt/ros/jazzy/opt/gz_dartsim_vendor:/opt/ros/jazzy/opt/gz_cmake_vendor:/opt/ros/jazzy DEBUGINFOD_URLS=https://debuginfod.ubuntu.com PYTHONPATH=/home/kj/Desktop/space/ros2_ws/src/install/space_description/lib/python3.12/site-packages:${PYTHONPATH} /usr/bin/cmake --build /home/kj/Desktop/space/ros2_ws/src/build/space_perception -- -j16 -l16
[3.258s] [  8%] Building CXX object CMakeFiles/traversability_layer.dir/src/traversability_cost.cpp.o
[3.260s] [ 16%] Building CXX object CMakeFiles/traversability_layer.dir/src/traversability_layer.cpp.o
[3.277s] [ 25%] Building CXX object gtest/CMakeFiles/gtest.dir/src/gtest-all.cc.o
[3.278s] [ 33%] Building CXX object gtest/CMakeFiles/gtest_main.dir/src/gtest_main.cc.o
[3.298s] [ 33%] Built target ament_cmake_python_symlink_space_perception_setup
[3.298s] [ 33%] Built target ament_cmake_python_symlink_space_perception
[3.589s] running egg_info
[3.590s] creating space_perception.egg-info
[3.611s] writing space_perception.egg-info/PKG-INFO
[3.611s] writing dependency_links to space_perception.egg-info/dependency_links.txt
[3.611s] writing top-level names to space_perception.egg-info/top_level.txt
[3.611s] writing manifest file 'space_perception.egg-info/SOURCES.txt'
[3.695s] reading manifest file 'space_perception.egg-info/SOURCES.txt'
[3.695s] writing manifest file 'space_perception.egg-info/SOURCES.txt'
[3.751s] [ 33%] Built target ament_cmake_python_build_space_perception_egg
[4.239s] [ 41%] Linking CXX static library libgtest_main.a
[4.304s] [ 41%] Built target gtest_main
[6.466s] [ 50%] Linking CXX static library libgtest.a
[6.543s] [ 50%] Built target gtest
[6.560s] [ 66%] Building CXX object CMakeFiles/test_traversability_cost.dir/test/test_traversability_cost.cpp.o
[6.560s] [ 66%] Building CXX object CMakeFiles/test_traversability_plugin.dir/test/test_traversability_plugin.cpp.o
[6.560s] [ 75%] Building CXX object CMakeFiles/test_traversability_cost.dir/src/traversability_cost.cpp.o
[7.503s] [ 83%] Linking CXX executable test_traversability_cost
[8.095s] [ 83%] Built target test_traversability_cost
[11.099s] [ 91%] Linking CXX shared library libtraversability_layer.so
[11.218s] [100%] Linking CXX executable test_traversability_plugin
[11.438s] [100%] Built target test_traversability_plugin
[11.458s] [100%] Built target traversability_layer
[11.470s] Invoked command in '/home/kj/Desktop/space/ros2_ws/src/build/space_perception' returned '0': AMENT_PREFIX_PATH=/home/kj/Desktop/space/ros2_ws/src/install/space_description:${AMENT_PREFIX_PATH} CMAKE_PREFIX_PATH=/home/kj/Desktop/space/ros2_ws/src/install/space_description:/opt/ros/jazzy/opt/gz_sim_vendor:/opt/ros/jazzy/opt/gz_sensors_vendor:/opt/ros/jazzy/opt/gz_physics_vendor:/opt/ros/jazzy/opt/sdformat_vendor:/opt/ros/jazzy/opt/gz_gui_vendor:/opt/ros/jazzy/opt/gz_transport_vendor:/opt/ros/jazzy/opt/gz_rendering_vendor:/opt/ros/jazzy/opt/gz_plugin_vendor:/opt/ros/jazzy/opt/gz_fuel_tools_vendor:/opt/ros/jazzy/opt/gz_msgs_vendor:/opt/ros/jazzy/opt/gz_common_vendor:/opt/ros/jazzy/opt/gz_math_vendor:/opt/ros/jazzy/opt/gz_utils_vendor:/opt/ros/jazzy/opt/gz_tools_vendor:/opt/ros/jazzy/opt/gz_ogre_next_vendor:/opt/ros/jazzy/opt/gz_dartsim_vendor:/opt/ros/jazzy/opt/gz_cmake_vendor:/opt/ros/jazzy DEBUGINFOD_URLS=https://debuginfod.ubuntu.com PYTHONPATH=/home/kj/Desktop/space/ros2_ws/src/install/space_description/lib/python3.12/site-packages:${PYTHONPATH} /usr/bin/cmake --build /home/kj/Desktop/space/ros2_ws/src/build/space_perception -- -j16 -l16
[11.470s] Invoking command in '/home/kj/Desktop/space/ros2_ws/src/build/space_perception': AMENT_PREFIX_PATH=/home/kj/Desktop/space/ros2_ws/src/install/space_description:${AMENT_PREFIX_PATH} CMAKE_PREFIX_PATH=/home/kj/Desktop/space/ros2_ws/src/install/space_description:/opt/ros/jazzy/opt/gz_sim_vendor:/opt/ros/jazzy/opt/gz_sensors_vendor:/opt/ros/jazzy/opt/gz_physics_vendor:/opt/ros/jazzy/opt/sdformat_vendor:/opt/ros/jazzy/opt/gz_gui_vendor:/opt/ros/jazzy/opt/gz_transport_vendor:/opt/ros/jazzy/opt/gz_rendering_vendor:/opt/ros/jazzy/opt/gz_plugin_vendor:/opt/ros/jazzy/opt/gz_fuel_tools_vendor:/opt/ros/jazzy/opt/gz_msgs_vendor:/opt/ros/jazzy/opt/gz_common_vendor:/opt/ros/jazzy/opt/gz_math_vendor:/opt/ros/jazzy/opt/gz_utils_vendor:/opt/ros/jazzy/opt/gz_tools_vendor:/opt/ros/jazzy/opt/gz_ogre_next_vendor:/opt/ros/jazzy/opt/gz_dartsim_vendor:/opt/ros/jazzy/opt/gz_cmake_vendor:/opt/ros/jazzy DEBUGINFOD_URLS=https://debuginfod.ubuntu.com PYTHONPATH=/home/kj/Desktop/space/ros2_ws/src/install/space_description/lib/python3.12/site-packages:${PYTHONPATH} /usr/bin/cmake --install /home/kj/Desktop/space/ros2_ws/src/build/space_perception
[11.479s] -- Install configuration: ""
[11.479s] -- Execute custom install script
[11.479s] -- Symlinking: /home/kj/Desktop/space/ros2_ws/src/install/space_perception/share/space_perception//traversability_layer.xml
[11.489s] -- Symlinking: /home/kj/Desktop/space/ros2_ws/src/install/space_perception/share/space_perception/environment/pythonpath.sh
[11.497s] -- Symlinking: /home/kj/Desktop/space/ros2_ws/src/install/space_perception/share/space_perception/environment/pythonpath.dsv
[11.505s] -- Symlinking: /home/kj/Desktop/space/ros2_ws/src/install/space_perception/lib/python3.12/site-packages/space_perception-0.1.0-py3.12.egg-info/PKG-INFO
[11.512s] -- Symlinking: /home/kj/Desktop/space/ros2_ws/src/install/space_perception/lib/python3.12/site-packages/space_perception-0.1.0-py3.12.egg-info/SOURCES.txt
[11.520s] -- Symlinking: /home/kj/Desktop/space/ros2_ws/src/install/space_perception/lib/python3.12/site-packages/space_perception-0.1.0-py3.12.egg-info/dependency_links.txt
[11.528s] -- Symlinking: /home/kj/Desktop/space/ros2_ws/src/install/space_perception/lib/python3.12/site-packages/space_perception-0.1.0-py3.12.egg-info/top_level.txt
[11.540s] -- Symlinking: /home/kj/Desktop/space/ros2_ws/src/install/space_perception/lib/python3.12/site-packages/space_perception/__init__.py
[11.548s] -- Symlinking: /home/kj/Desktop/space/ros2_ws/src/install/space_perception/lib/python3.12/site-packages/space_perception/depth_overlay_node.py
[11.557s] -- Symlinking: /home/kj/Desktop/space/ros2_ws/src/install/space_perception/lib/python3.12/site-packages/space_perception/latest_data.py
[11.565s] -- Symlinking: /home/kj/Desktop/space/ros2_ws/src/install/space_perception/lib/python3.12/site-packages/space_perception/local_elevation_map_node.py
[11.572s] -- Symlinking: /home/kj/Desktop/space/ros2_ws/src/install/space_perception/lib/python3.12/site-packages/space_perception/pointcloud_utils.py
[11.579s] -- Symlinking: /home/kj/Desktop/space/ros2_ws/src/install/space_perception/lib/python3.12/site-packages/space_perception/terrain_feature_node.py
[11.586s] -- Symlinking: /home/kj/Desktop/space/ros2_ws/src/install/space_perception/lib/python3.12/site-packages/space_perception/terrain_features.py
[11.594s] -- Symlinking: /home/kj/Desktop/space/ros2_ws/src/install/space_perception/lib/python3.12/site-packages/space_perception/terrain_pointcloud_filter_node.py
[11.604s] -- Symlinking: /home/kj/Desktop/space/ros2_ws/src/install/space_perception/lib/python3.12/site-packages/space_perception/terrain_processing.py
[11.612s] -- Symlinking: /home/kj/Desktop/space/ros2_ws/src/install/space_perception/lib/python3.12/site-packages/space_perception/terrain_traversability_node.py
[11.620s] -- Symlinking: /home/kj/Desktop/space/ros2_ws/src/install/space_perception/lib/python3.12/site-packages/space_perception/traversability.py
[11.627s] -- Symlinking: /home/kj/Desktop/space/ros2_ws/src/install/space_perception/lib/python3.12/site-packages/space_perception/traversability_calibration.py
[11.634s] -- Symlinking: /home/kj/Desktop/space/ros2_ws/src/install/space_perception/lib/space_perception/depth_overlay_node
[11.642s] -- Symlinking: /home/kj/Desktop/space/ros2_ws/src/install/space_perception/lib/space_perception/local_elevation_map_node
[11.649s] -- Symlinking: /home/kj/Desktop/space/ros2_ws/src/install/space_perception/lib/space_perception/terrain_feature_node
[11.658s] -- Symlinking: /home/kj/Desktop/space/ros2_ws/src/install/space_perception/lib/space_perception/terrain_pointcloud_filter_node
[11.666s] -- Symlinking: /home/kj/Desktop/space/ros2_ws/src/install/space_perception/lib/space_perception/terrain_traversability_node
[11.675s] -- Symlinking: /home/kj/Desktop/space/ros2_ws/src/install/space_perception/lib/space_perception/traversability_calibration
[11.683s] -- Symlinking: /home/kj/Desktop/space/ros2_ws/src/install/space_perception/lib/libtraversability_layer.so
[11.692s] -- Symlinking: /home/kj/Desktop/space/ros2_ws/src/install/space_perception/include/space_perception/traversability_cost.hpp
[11.699s] -- Symlinking: /home/kj/Desktop/space/ros2_ws/src/install/space_perception/include/space_perception/traversability_layer.hpp
[11.706s] -- Up-to-date symlink: /home/kj/Desktop/space/ros2_ws/src/install/space_perception/share/space_perception/traversability_layer.xml
[11.706s] -- Symlinking: /home/kj/Desktop/space/ros2_ws/src/install/space_perception/share/space_perception/config/terrain_perception.yaml
[11.714s] -- Symlinking: /home/kj/Desktop/space/ros2_ws/src/install/space_perception/share/space_perception/launch/terrain_perception.launch.py
[11.721s] -- Symlinking: /home/kj/Desktop/space/ros2_ws/src/install/space_perception/share/space_perception/environment/library_path.sh
[11.729s] -- Symlinking: /home/kj/Desktop/space/ros2_ws/src/install/space_perception/share/space_perception/environment/library_path.dsv
[11.739s] -- Symlinking: /home/kj/Desktop/space/ros2_ws/src/install/space_perception/share/ament_index/resource_index/package_run_dependencies/space_perception
[11.746s] -- Symlinking: /home/kj/Desktop/space/ros2_ws/src/install/space_perception/share/ament_index/resource_index/parent_prefix_path/space_perception
[11.755s] -- Symlinking: /home/kj/Desktop/space/ros2_ws/src/install/space_perception/share/space_perception/environment/ament_prefix_path.sh
[11.762s] -- Symlinking: /home/kj/Desktop/space/ros2_ws/src/install/space_perception/share/space_perception/environment/ament_prefix_path.dsv
[11.769s] -- Symlinking: /home/kj/Desktop/space/ros2_ws/src/install/space_perception/share/space_perception/environment/path.sh
[11.777s] -- Symlinking: /home/kj/Desktop/space/ros2_ws/src/install/space_perception/share/space_perception/environment/path.dsv
[11.785s] -- Symlinking: /home/kj/Desktop/space/ros2_ws/src/install/space_perception/share/space_perception/local_setup.bash
[11.794s] -- Symlinking: /home/kj/Desktop/space/ros2_ws/src/install/space_perception/share/space_perception/local_setup.sh
[11.803s] -- Symlinking: /home/kj/Desktop/space/ros2_ws/src/install/space_perception/share/space_perception/local_setup.zsh
[11.811s] -- Symlinking: /home/kj/Desktop/space/ros2_ws/src/install/space_perception/share/space_perception/local_setup.dsv
[11.819s] -- Symlinking: /home/kj/Desktop/space/ros2_ws/src/install/space_perception/share/space_perception/package.dsv
[11.826s] -- Symlinking: /home/kj/Desktop/space/ros2_ws/src/install/space_perception/share/ament_index/resource_index/packages/space_perception
[11.834s] -- Symlinking: /home/kj/Desktop/space/ros2_ws/src/install/space_perception/share/ament_index/resource_index/nav2_costmap_2d__pluginlib__plugin/space_perception
[11.842s] -- Symlinking: /home/kj/Desktop/space/ros2_ws/src/install/space_perception/share/space_perception/cmake/ament_cmake_export_include_directories-extras.cmake
[11.849s] -- Symlinking: /home/kj/Desktop/space/ros2_ws/src/install/space_perception/share/space_perception/cmake/ament_cmake_export_libraries-extras.cmake
[11.857s] -- Symlinking: /home/kj/Desktop/space/ros2_ws/src/install/space_perception/share/space_perception/cmake/ament_cmake_export_dependencies-extras.cmake
[11.865s] -- Symlinking: /home/kj/Desktop/space/ros2_ws/src/install/space_perception/share/space_perception/cmake/space_perceptionConfig.cmake
[11.874s] -- Symlinking: /home/kj/Desktop/space/ros2_ws/src/install/space_perception/share/space_perception/cmake/space_perceptionConfig-version.cmake
[11.884s] -- Symlinking: /home/kj/Desktop/space/ros2_ws/src/install/space_perception/share/space_perception/package.xml
[11.925s] Listing '/home/kj/Desktop/space/ros2_ws/src/install/space_perception/lib/python3.12/site-packages/space_perception'...
[11.926s] Compiling '/home/kj/Desktop/space/ros2_ws/src/install/space_perception/lib/python3.12/site-packages/space_perception/__init__.py'...
[11.926s] Compiling '/home/kj/Desktop/space/ros2_ws/src/install/space_perception/lib/python3.12/site-packages/space_perception/depth_overlay_node.py'...
[11.926s] Compiling '/home/kj/Desktop/space/ros2_ws/src/install/space_perception/lib/python3.12/site-packages/space_perception/latest_data.py'...
[11.926s] Compiling '/home/kj/Desktop/space/ros2_ws/src/install/space_perception/lib/python3.12/site-packages/space_perception/local_elevation_map_node.py'...
[11.926s] Compiling '/home/kj/Desktop/space/ros2_ws/src/install/space_perception/lib/python3.12/site-packages/space_perception/pointcloud_utils.py'...
[11.926s] Compiling '/home/kj/Desktop/space/ros2_ws/src/install/space_perception/lib/python3.12/site-packages/space_perception/terrain_feature_node.py'...
[11.926s] Compiling '/home/kj/Desktop/space/ros2_ws/src/install/space_perception/lib/python3.12/site-packages/space_perception/terrain_features.py'...
[11.926s] Compiling '/home/kj/Desktop/space/ros2_ws/src/install/space_perception/lib/python3.12/site-packages/space_perception/terrain_pointcloud_filter_node.py'...
[11.926s] Compiling '/home/kj/Desktop/space/ros2_ws/src/install/space_perception/lib/python3.12/site-packages/space_perception/terrain_processing.py'...
[11.926s] Compiling '/home/kj/Desktop/space/ros2_ws/src/install/space_perception/lib/python3.12/site-packages/space_perception/terrain_traversability_node.py'...
[11.926s] Compiling '/home/kj/Desktop/space/ros2_ws/src/install/space_perception/lib/python3.12/site-packages/space_perception/traversability.py'...
[11.926s] Compiling '/home/kj/Desktop/space/ros2_ws/src/install/space_perception/lib/python3.12/site-packages/space_perception/traversability_calibration.py'...
[11.932s] Invoked command in '/home/kj/Desktop/space/ros2_ws/src/build/space_perception' returned '0': AMENT_PREFIX_PATH=/home/kj/Desktop/space/ros2_ws/src/install/space_description:${AMENT_PREFIX_PATH} CMAKE_PREFIX_PATH=/home/kj/Desktop/space/ros2_ws/src/install/space_description:/opt/ros/jazzy/opt/gz_sim_vendor:/opt/ros/jazzy/opt/gz_sensors_vendor:/opt/ros/jazzy/opt/gz_physics_vendor:/opt/ros/jazzy/opt/sdformat_vendor:/opt/ros/jazzy/opt/gz_gui_vendor:/opt/ros/jazzy/opt/gz_transport_vendor:/opt/ros/jazzy/opt/gz_rendering_vendor:/opt/ros/jazzy/opt/gz_plugin_vendor:/opt/ros/jazzy/opt/gz_fuel_tools_vendor:/opt/ros/jazzy/opt/gz_msgs_vendor:/opt/ros/jazzy/opt/gz_common_vendor:/opt/ros/jazzy/opt/gz_math_vendor:/opt/ros/jazzy/opt/gz_utils_vendor:/opt/ros/jazzy/opt/gz_tools_vendor:/opt/ros/jazzy/opt/gz_ogre_next_vendor:/opt/ros/jazzy/opt/gz_dartsim_vendor:/opt/ros/jazzy/opt/gz_cmake_vendor:/opt/ros/jazzy DEBUGINFOD_URLS=https://debuginfod.ubuntu.com PYTHONPATH=/home/kj/Desktop/space/ros2_ws/src/install/space_description/lib/python3.12/site-packages:${PYTHONPATH} /usr/bin/cmake --install /home/kj/Desktop/space/ros2_ws/src/build/space_perception
