[0.567s] Invoking command in '/home/kj/Desktop/space/ros2_ws/src/build/space_bringup': AMENT_PREFIX_PATH=/home/kj/Desktop/space/ros2_ws/src/install/space_perception:/home/kj/Desktop/space/ros2_ws/src/install/space_mission:/home/kj/Desktop/space/ros2_ws/src/install/space_gazebo:/home/kj/Desktop/space/ros2_ws/src/install/space_navigation:/home/kj/Desktop/space/ros2_ws/src/install/space_msgs:/home/kj/Desktop/space/ros2_ws/src/install/space_description:/home/kj/Desktop/space/ros2_ws/src/install/space_controller:${AMENT_PREFIX_PATH} CMAKE_PREFIX_PATH=/home/kj/Desktop/space/ros2_ws/src/install/space_perception:/home/kj/Desktop/space/ros2_ws/src/install/space_gazebo:/home/kj/Desktop/space/ros2_ws/src/install/space_msgs:/home/kj/Desktop/space/ros2_ws/src/install/space_description:${CMAKE_PREFIX_PATH} DEBUGINFOD_URLS=https://debuginfod.ubuntu.com LD_LIBRARY_PATH=/home/kj/Desktop/space/ros2_ws/src/install/space_perception/lib:/home/kj/Desktop/space/ros2_ws/src/install/space_gazebo/lib:/home/kj/Desktop/space/ros2_ws/src/install/space_msgs/lib:${LD_LIBRARY_PATH} PYTHONPATH=/home/kj/Desktop/space/ros2_ws/src/build/space_bringup/prefix_override:/usr/lib/python3/dist-packages/colcon_core/task/python/colcon_distutils_commands:/home/kj/Desktop/space/ros2_ws/src/install/space_bringup/lib/python3.12/site-packages:/home/kj/Desktop/space/ros2_ws/src/install/space_perception/lib/python3.12/site-packages:/home/kj/Desktop/space/ros2_ws/src/build/space_mission:/home/kj/Desktop/space/ros2_ws/src/install/space_mission/lib/python3.12/site-packages:/home/kj/Desktop/space/ros2_ws/src/build/space_navigation:/home/kj/Desktop/space/ros2_ws/src/install/space_navigation/lib/python3.12/site-packages:/home/kj/Desktop/space/ros2_ws/src/install/space_msgs/lib/python3.12/site-packages:/home/kj/Desktop/space/ros2_ws/src/install/space_description/lib/python3.12/site-packages:/home/kj/Desktop/space/ros2_ws/src/build/space_controller:/home/kj/Desktop/space/ros2_ws/src/install/space_controller/lib/python3.12/site-packages:${PYTHONPATH} /usr/bin/python3 -W ignore:setup.py install is deprecated -W ignore:easy_install command is deprecated setup.py develop --editable --build-directory /home/kj/Desktop/space/ros2_ws/src/build/space_bringup/build --no-deps symlink_data
[0.787s] running develop
[0.924s] running egg_info
[0.925s] creating space_bringup.egg-info
[0.938s] writing space_bringup.egg-info/PKG-INFO
[0.939s] writing dependency_links to space_bringup.egg-info/dependency_links.txt
[0.939s] writing requirements to space_bringup.egg-info/requires.txt
[0.939s] writing top-level names to space_bringup.egg-info/top_level.txt
[0.939s] writing manifest file 'space_bringup.egg-info/SOURCES.txt'
[0.965s] reading manifest file 'space_bringup.egg-info/SOURCES.txt'
[0.966s] writing manifest file 'space_bringup.egg-info/SOURCES.txt'
[0.980s] running build_ext
[0.980s] Creating /home/kj/Desktop/space/ros2_ws/src/install/space_bringup/lib/python3.12/site-packages/space-bringup.egg-link (link to .)
[0.980s] 
[0.980s] Installed /home/kj/Desktop/space/ros2_ws/src/build/space_bringup
[0.980s] running symlink_data
[0.980s] creating /home/kj/Desktop/space/ros2_ws/src/install/space_bringup/share/ament_index
[0.980s] creating /home/kj/Desktop/space/ros2_ws/src/install/space_bringup/share/ament_index/resource_index
[0.980s] creating /home/kj/Desktop/space/ros2_ws/src/install/space_bringup/share/ament_index/resource_index/packages
[0.981s] symbolically linking /home/kj/Desktop/space/ros2_ws/src/build/space_bringup/resource/space_bringup -> /home/kj/Desktop/space/ros2_ws/src/install/space_bringup/share/ament_index/resource_index/packages
[0.981s] symbolically linking /home/kj/Desktop/space/ros2_ws/src/build/space_bringup/package.xml -> /home/kj/Desktop/space/ros2_ws/src/install/space_bringup/share/space_bringup
[0.981s] creating /home/kj/Desktop/space/ros2_ws/src/install/space_bringup/share/space_bringup/launch
[0.981s] symbolically linking /home/kj/Desktop/space/ros2_ws/src/build/space_bringup/launch/hardware.launch.py -> /home/kj/Desktop/space/ros2_ws/src/install/space_bringup/share/space_bringup/launch
[0.981s] symbolically linking /home/kj/Desktop/space/ros2_ws/src/build/space_bringup/launch/perception.launch.py -> /home/kj/Desktop/space/ros2_ws/src/install/space_bringup/share/space_bringup/launch
[0.981s] symbolically linking /home/kj/Desktop/space/ros2_ws/src/build/space_bringup/launch/simulation.launch.py -> /home/kj/Desktop/space/ros2_ws/src/install/space_bringup/share/space_bringup/launch
[0.981s] creating /home/kj/Desktop/space/ros2_ws/src/install/space_bringup/share/space_bringup/config
[0.981s] creating /home/kj/Desktop/space/ros2_ws/src/install/space_bringup/share/space_bringup/config/common
[0.981s] symbolically linking /home/kj/Desktop/space/ros2_ws/src/build/space_bringup/config/common/ekf.yaml -> /home/kj/Desktop/space/ros2_ws/src/install/space_bringup/share/space_bringup/config/common
[0.981s] symbolically linking /home/kj/Desktop/space/ros2_ws/src/build/space_bringup/config/common/slam_params.yaml -> /home/kj/Desktop/space/ros2_ws/src/install/space_bringup/share/space_bringup/config/common
[0.981s] creating /home/kj/Desktop/space/ros2_ws/src/install/space_bringup/share/space_bringup/config/navigation
[0.981s] symbolically linking /home/kj/Desktop/space/ros2_ws/src/build/space_bringup/config/navigation/nav2_params.yaml -> /home/kj/Desktop/space/ros2_ws/src/install/space_bringup/share/space_bringup/config/navigation
[0.981s] creating /home/kj/Desktop/space/ros2_ws/src/install/space_bringup/share/space_bringup/rviz
[0.982s] symbolically linking /home/kj/Desktop/space/ros2_ws/src/build/space_bringup/rviz/navigation.rviz -> /home/kj/Desktop/space/ros2_ws/src/install/space_bringup/share/space_bringup/rviz
[0.982s] symbolically linking /home/kj/Desktop/space/ros2_ws/src/build/space_bringup/rviz/rover_simulation.rviz -> /home/kj/Desktop/space/ros2_ws/src/install/space_bringup/share/space_bringup/rviz
[1.010s] Invoked command in '/home/kj/Desktop/space/ros2_ws/src/build/space_bringup' returned '0': AMENT_PREFIX_PATH=/home/kj/Desktop/space/ros2_ws/src/install/space_perception:/home/kj/Desktop/space/ros2_ws/src/install/space_mission:/home/kj/Desktop/space/ros2_ws/src/install/space_gazebo:/home/kj/Desktop/space/ros2_ws/src/install/space_navigation:/home/kj/Desktop/space/ros2_ws/src/install/space_msgs:/home/kj/Desktop/space/ros2_ws/src/install/space_description:/home/kj/Desktop/space/ros2_ws/src/install/space_controller:${AMENT_PREFIX_PATH} CMAKE_PREFIX_PATH=/home/kj/Desktop/space/ros2_ws/src/install/space_perception:/home/kj/Desktop/space/ros2_ws/src/install/space_gazebo:/home/kj/Desktop/space/ros2_ws/src/install/space_msgs:/home/kj/Desktop/space/ros2_ws/src/install/space_description:${CMAKE_PREFIX_PATH} DEBUGINFOD_URLS=https://debuginfod.ubuntu.com LD_LIBRARY_PATH=/home/kj/Desktop/space/ros2_ws/src/install/space_perception/lib:/home/kj/Desktop/space/ros2_ws/src/install/space_gazebo/lib:/home/kj/Desktop/space/ros2_ws/src/install/space_msgs/lib:${LD_LIBRARY_PATH} PYTHONPATH=/home/kj/Desktop/space/ros2_ws/src/build/space_bringup/prefix_override:/usr/lib/python3/dist-packages/colcon_core/task/python/colcon_distutils_commands:/home/kj/Desktop/space/ros2_ws/src/install/space_bringup/lib/python3.12/site-packages:/home/kj/Desktop/space/ros2_ws/src/install/space_perception/lib/python3.12/site-packages:/home/kj/Desktop/space/ros2_ws/src/build/space_mission:/home/kj/Desktop/space/ros2_ws/src/install/space_mission/lib/python3.12/site-packages:/home/kj/Desktop/space/ros2_ws/src/build/space_navigation:/home/kj/Desktop/space/ros2_ws/src/install/space_navigation/lib/python3.12/site-packages:/home/kj/Desktop/space/ros2_ws/src/install/space_msgs/lib/python3.12/site-packages:/home/kj/Desktop/space/ros2_ws/src/install/space_description/lib/python3.12/site-packages:/home/kj/Desktop/space/ros2_ws/src/build/space_controller:/home/kj/Desktop/space/ros2_ws/src/install/space_controller/lib/python3.12/site-packages:${PYTHONPATH} /usr/bin/python3 -W ignore:setup.py install is deprecated -W ignore:easy_install command is deprecated setup.py develop --editable --build-directory /home/kj/Desktop/space/ros2_ws/src/build/space_bringup/build --no-deps symlink_data
