[0.069s] DEBUG:colcon:Command line arguments: ['/usr/bin/colcon', 'build', '--symlink-install', '--packages-select', 'space_mission']
[0.069s] DEBUG:colcon:Parsed command line arguments: Namespace(log_base=None, log_level=None, verb_name='build', build_base='build', install_base='install', merge_install=False, symlink_install=True, test_result_base=None, continue_on_error=False, executor='parallel', parallel_workers=16, event_handlers=None, ignore_user_meta=False, metas=['./colcon.meta'], base_paths=['.'], packages_ignore=None, packages_ignore_regex=None, paths=None, packages_up_to=None, packages_up_to_regex=None, packages_above=None, packages_above_and_dependencies=None, packages_above_depth=None, packages_select_by_dep=None, packages_skip_by_dep=None, packages_skip_up_to=None, packages_select_build_failed=False, packages_skip_build_finished=False, packages_select_test_failures=False, packages_skip_test_passed=False, packages_select=['space_mission'], packages_skip=None, packages_select_regex=None, packages_skip_regex=None, packages_start=None, packages_end=None, allow_overriding=[], cmake_args=None, cmake_target=None, cmake_target_skip_unavailable=False, cmake_clean_cache=False, cmake_clean_first=False, cmake_force_configure=False, ament_cmake_args=None, catkin_cmake_args=None, catkin_skip_building_tests=False, mixin_files=None, mixin=None, verb_parser=<colcon_mixin.mixin.mixin_argument.MixinArgumentDecorator object at 0x767481060aa0>, verb_extension=<colcon_core.verb.build.BuildVerb object at 0x7674810607a0>, main=<bound method BuildVerb.main of <colcon_core.verb.build.BuildVerb object at 0x7674810607a0>>, mixin_verb=('build',))
[0.097s] Level 1:colcon.colcon_core.package_discovery:discover_packages(colcon_meta) check parameters
[0.097s] Level 1:colcon.colcon_core.package_discovery:discover_packages(recursive) check parameters
[0.097s] Level 1:colcon.colcon_core.package_discovery:discover_packages(ignore) check parameters
[0.097s] Level 1:colcon.colcon_core.package_discovery:discover_packages(path) check parameters
[0.097s] Level 1:colcon.colcon_core.package_discovery:discover_packages(colcon_meta) discover
[0.097s] Level 1:colcon.colcon_core.package_discovery:discover_packages(recursive) discover
[0.097s] INFO:colcon.colcon_core.package_discovery:Crawling recursively for packages in '/home/kj/Desktop/space/ros2_ws/src/space_mission'
[0.097s] Level 1:colcon.colcon_core.package_identification:_identify(.) by extensions ['ignore', 'ignore_ament_install']
[0.097s] Level 1:colcon.colcon_core.package_identification:_identify(.) by extension 'ignore'
[0.097s] Level 1:colcon.colcon_core.package_identification:_identify(.) by extension 'ignore_ament_install'
[0.098s] Level 1:colcon.colcon_core.package_identification:_identify(.) by extensions ['colcon_pkg']
[0.098s] Level 1:colcon.colcon_core.package_identification:_identify(.) by extension 'colcon_pkg'
[0.098s] Level 1:colcon.colcon_core.package_identification:_identify(.) by extensions ['colcon_meta']
[0.098s] Level 1:colcon.colcon_core.package_identification:_identify(.) by extension 'colcon_meta'
[0.098s] Level 1:colcon.colcon_core.package_identification:_identify(.) by extensions ['ros']
[0.098s] Level 1:colcon.colcon_core.package_identification:_identify(.) by extension 'ros'
[0.115s] DEBUG:colcon.colcon_core.package_identification:Package '.' with type 'ros.ament_python' and name 'space_mission'
[0.115s] Level 1:colcon.colcon_core.package_discovery:discover_packages(recursive) using defaults
[0.115s] Level 1:colcon.colcon_core.package_discovery:discover_packages(ignore) discover
[0.115s] Level 1:colcon.colcon_core.package_discovery:discover_packages(ignore) using defaults
[0.115s] Level 1:colcon.colcon_core.package_discovery:discover_packages(path) discover
[0.115s] Level 1:colcon.colcon_core.package_discovery:discover_packages(path) using defaults
[0.126s] Level 1:colcon.colcon_core.package_discovery:discover_packages(prefix_path) check parameters
[0.126s] Level 1:colcon.colcon_core.package_discovery:discover_packages(prefix_path) discover
[0.128s] DEBUG:colcon.colcon_installed_package_information.package_discovery:Found 425 installed packages in /opt/ros/jazzy
[0.130s] Level 1:colcon.colcon_core.package_discovery:discover_packages(prefix_path) using defaults
[0.164s] Level 5:colcon.colcon_core.verb:set package 'space_mission' build argument 'cmake_args' from command line to 'None'
[0.164s] Level 5:colcon.colcon_core.verb:set package 'space_mission' build argument 'cmake_target' from command line to 'None'
[0.164s] Level 5:colcon.colcon_core.verb:set package 'space_mission' build argument 'cmake_target_skip_unavailable' from command line to 'False'
[0.164s] Level 5:colcon.colcon_core.verb:set package 'space_mission' build argument 'cmake_clean_cache' from command line to 'False'
[0.164s] Level 5:colcon.colcon_core.verb:set package 'space_mission' build argument 'cmake_clean_first' from command line to 'False'
[0.164s] Level 5:colcon.colcon_core.verb:set package 'space_mission' build argument 'cmake_force_configure' from command line to 'False'
[0.164s] Level 5:colcon.colcon_core.verb:set package 'space_mission' build argument 'ament_cmake_args' from command line to 'None'
[0.164s] Level 5:colcon.colcon_core.verb:set package 'space_mission' build argument 'catkin_cmake_args' from command line to 'None'
[0.164s] Level 5:colcon.colcon_core.verb:set package 'space_mission' build argument 'catkin_skip_building_tests' from command line to 'False'
[0.164s] DEBUG:colcon.colcon_core.verb:Building package 'space_mission' with the following arguments: {'ament_cmake_args': None, 'build_base': '/home/kj/Desktop/space/ros2_ws/src/space_mission/build/space_mission', 'catkin_cmake_args': None, 'catkin_skip_building_tests': False, 'cmake_args': None, 'cmake_clean_cache': False, 'cmake_clean_first': False, 'cmake_force_configure': False, 'cmake_target': None, 'cmake_target_skip_unavailable': False, 'install_base': '/home/kj/Desktop/space/ros2_ws/src/space_mission/install/space_mission', 'merge_install': False, 'path': '/home/kj/Desktop/space/ros2_ws/src/space_mission', 'symlink_install': True, 'test_result_base': None}
[0.164s] INFO:colcon.colcon_core.executor:Executing jobs using 'parallel' executor
[0.164s] DEBUG:colcon.colcon_parallel_executor.executor.parallel:run_until_complete
[0.165s] INFO:colcon.colcon_ros.task.ament_python.build:Building ROS package in '/home/kj/Desktop/space/ros2_ws/src/space_mission' with build type 'ament_python'
[0.165s] Level 1:colcon.colcon_core.shell:create_environment_hook('space_mission', 'ament_prefix_path')
[0.166s] INFO:colcon.colcon_core.plugin_system:Skipping extension 'colcon_core.shell.bat': Not used on non-Windows systems
[0.166s] INFO:colcon.colcon_core.shell:Creating environment hook '/home/kj/Desktop/space/ros2_ws/src/space_mission/install/space_mission/share/space_mission/hook/ament_prefix_path.ps1'
[0.166s] INFO:colcon.colcon_core.shell:Creating environment descriptor '/home/kj/Desktop/space/ros2_ws/src/space_mission/install/space_mission/share/space_mission/hook/ament_prefix_path.dsv'
[0.166s] INFO:colcon.colcon_core.shell:Creating environment hook '/home/kj/Desktop/space/ros2_ws/src/space_mission/install/space_mission/share/space_mission/hook/ament_prefix_path.sh'
[0.167s] INFO:colcon.colcon_core.shell:Skip shell extension 'powershell' for command environment: Not usable outside of PowerShell
[0.167s] DEBUG:colcon.colcon_core.shell:Skip shell extension 'dsv' for command environment
[0.306s] INFO:colcon.colcon_core.task.python.build:Building Python package in '/home/kj/Desktop/space/ros2_ws/src/space_mission'
[0.306s] INFO:colcon.colcon_core.shell:Skip shell extension 'powershell' for command environment: Not usable outside of PowerShell
[0.306s] DEBUG:colcon.colcon_core.shell:Skip shell extension 'dsv' for command environment
[0.704s] DEBUG:colcon.colcon_core.event_handler.log_command:Invoking command in '/home/kj/Desktop/space/ros2_ws/src/space_mission/build/space_mission': DEBUGINFOD_URLS=https://debuginfod.ubuntu.com PYTHONPATH=/home/kj/Desktop/space/ros2_ws/src/space_mission/build/space_mission/prefix_override:/usr/lib/python3/dist-packages/colcon_core/task/python/colcon_distutils_commands:/home/kj/Desktop/space/ros2_ws/src/space_mission/install/space_mission/lib/python3.12/site-packages:${PYTHONPATH} /usr/bin/python3 -W ignore:setup.py install is deprecated -W ignore:easy_install command is deprecated setup.py develop --editable --build-directory /home/kj/Desktop/space/ros2_ws/src/space_mission/build/space_mission/build --no-deps symlink_data
[1.162s] Level 1:colcon.colcon_core.shell:create_environment_hook('space_mission', 'pythonpath_develop')
[1.162s] INFO:colcon.colcon_core.shell:Creating environment hook '/home/kj/Desktop/space/ros2_ws/src/space_mission/build/space_mission/share/space_mission/hook/pythonpath_develop.ps1'
[1.163s] DEBUG:colcon.colcon_core.event_handler.log_command:Invoked command in '/home/kj/Desktop/space/ros2_ws/src/space_mission/build/space_mission' returned '0': DEBUGINFOD_URLS=https://debuginfod.ubuntu.com PYTHONPATH=/home/kj/Desktop/space/ros2_ws/src/space_mission/build/space_mission/prefix_override:/usr/lib/python3/dist-packages/colcon_core/task/python/colcon_distutils_commands:/home/kj/Desktop/space/ros2_ws/src/space_mission/install/space_mission/lib/python3.12/site-packages:${PYTHONPATH} /usr/bin/python3 -W ignore:setup.py install is deprecated -W ignore:easy_install command is deprecated setup.py develop --editable --build-directory /home/kj/Desktop/space/ros2_ws/src/space_mission/build/space_mission/build --no-deps symlink_data
[1.163s] INFO:colcon.colcon_core.shell:Creating environment descriptor '/home/kj/Desktop/space/ros2_ws/src/space_mission/build/space_mission/share/space_mission/hook/pythonpath_develop.dsv'
[1.163s] INFO:colcon.colcon_core.shell:Creating environment hook '/home/kj/Desktop/space/ros2_ws/src/space_mission/build/space_mission/share/space_mission/hook/pythonpath_develop.sh'
[1.165s] Level 1:colcon.colcon_core.environment:checking '/home/kj/Desktop/space/ros2_ws/src/space_mission/install/space_mission' for CMake module files
[1.165s] Level 1:colcon.colcon_core.environment:checking '/home/kj/Desktop/space/ros2_ws/src/space_mission/install/space_mission' for CMake config files
[1.166s] Level 1:colcon.colcon_core.environment:checking '/home/kj/Desktop/space/ros2_ws/src/space_mission/install/space_mission/lib'
[1.166s] Level 1:colcon.colcon_core.environment:checking '/home/kj/Desktop/space/ros2_ws/src/space_mission/install/space_mission/bin'
[1.166s] Level 1:colcon.colcon_core.environment:checking '/home/kj/Desktop/space/ros2_ws/src/space_mission/install/space_mission/lib/pkgconfig/space_mission.pc'
[1.166s] Level 1:colcon.colcon_core.environment:checking '/home/kj/Desktop/space/ros2_ws/src/space_mission/install/space_mission/lib/python3.12/site-packages'
[1.166s] Level 1:colcon.colcon_core.shell:create_environment_hook('space_mission', 'pythonpath')
[1.167s] INFO:colcon.colcon_core.shell:Creating environment hook '/home/kj/Desktop/space/ros2_ws/src/space_mission/install/space_mission/share/space_mission/hook/pythonpath.ps1'
[1.167s] INFO:colcon.colcon_core.shell:Creating environment descriptor '/home/kj/Desktop/space/ros2_ws/src/space_mission/install/space_mission/share/space_mission/hook/pythonpath.dsv'
[1.167s] INFO:colcon.colcon_core.shell:Creating environment hook '/home/kj/Desktop/space/ros2_ws/src/space_mission/install/space_mission/share/space_mission/hook/pythonpath.sh'
[1.168s] Level 1:colcon.colcon_core.environment:checking '/home/kj/Desktop/space/ros2_ws/src/space_mission/install/space_mission/bin'
[1.168s] Level 1:colcon.colcon_core.environment:create_environment_scripts_only(space_mission)
[1.168s] INFO:colcon.colcon_core.shell:Creating package script '/home/kj/Desktop/space/ros2_ws/src/space_mission/install/space_mission/share/space_mission/package.ps1'
[1.169s] INFO:colcon.colcon_core.shell:Creating package descriptor '/home/kj/Desktop/space/ros2_ws/src/space_mission/install/space_mission/share/space_mission/package.dsv'
[1.169s] INFO:colcon.colcon_core.shell:Creating package script '/home/kj/Desktop/space/ros2_ws/src/space_mission/install/space_mission/share/space_mission/package.sh'
[1.169s] INFO:colcon.colcon_core.shell:Creating package script '/home/kj/Desktop/space/ros2_ws/src/space_mission/install/space_mission/share/space_mission/package.bash'
[1.170s] INFO:colcon.colcon_core.shell:Creating package script '/home/kj/Desktop/space/ros2_ws/src/space_mission/install/space_mission/share/space_mission/package.zsh'
[1.170s] Level 1:colcon.colcon_core.environment:create_file_with_runtime_dependencies(/home/kj/Desktop/space/ros2_ws/src/space_mission/install/space_mission/share/colcon-core/packages/space_mission)
[1.170s] DEBUG:colcon.colcon_parallel_executor.executor.parallel:closing loop
[1.170s] DEBUG:colcon.colcon_parallel_executor.executor.parallel:loop closed
[1.170s] DEBUG:colcon.colcon_parallel_executor.executor.parallel:run_until_complete finished with '0'
[1.171s] DEBUG:colcon.colcon_core.event_reactor:joining thread
[1.175s] INFO:colcon.colcon_core.plugin_system:Skipping extension 'colcon_notification.desktop_notification.terminal_notifier': Not used on non-Darwin systems
[1.175s] INFO:colcon.colcon_core.plugin_system:Skipping extension 'colcon_notification.desktop_notification.win32': Not used on non-Windows systems
[1.175s] INFO:colcon.colcon_notification.desktop_notification:Sending desktop notification using 'notify2'
[1.187s] DEBUG:colcon.colcon_core.event_reactor:joined thread
[1.187s] INFO:colcon.colcon_core.shell:Creating prefix script '/home/kj/Desktop/space/ros2_ws/src/space_mission/install/local_setup.ps1'
[1.188s] INFO:colcon.colcon_core.shell:Creating prefix util module '/home/kj/Desktop/space/ros2_ws/src/space_mission/install/_local_setup_util_ps1.py'
[1.189s] INFO:colcon.colcon_core.shell:Creating prefix chain script '/home/kj/Desktop/space/ros2_ws/src/space_mission/install/setup.ps1'
[1.190s] INFO:colcon.colcon_core.shell:Creating prefix script '/home/kj/Desktop/space/ros2_ws/src/space_mission/install/local_setup.sh'
[1.190s] INFO:colcon.colcon_core.shell:Creating prefix util module '/home/kj/Desktop/space/ros2_ws/src/space_mission/install/_local_setup_util_sh.py'
[1.191s] INFO:colcon.colcon_core.shell:Creating prefix chain script '/home/kj/Desktop/space/ros2_ws/src/space_mission/install/setup.sh'
[1.191s] INFO:colcon.colcon_core.shell:Creating prefix script '/home/kj/Desktop/space/ros2_ws/src/space_mission/install/local_setup.bash'
[1.192s] INFO:colcon.colcon_core.shell:Creating prefix chain script '/home/kj/Desktop/space/ros2_ws/src/space_mission/install/setup.bash'
[1.192s] INFO:colcon.colcon_core.shell:Creating prefix script '/home/kj/Desktop/space/ros2_ws/src/space_mission/install/local_setup.zsh'
[1.192s] INFO:colcon.colcon_core.shell:Creating prefix chain script '/home/kj/Desktop/space/ros2_ws/src/space_mission/install/setup.zsh'
