[0.033s] Invoking command in '/home/kms301111/Desktop/space/build/space_gazebo': AMENT_PREFIX_PATH=/home/kms301111/Desktop/space/install/space_description:${AMENT_PREFIX_PATH} CMAKE_PREFIX_PATH=/home/kms301111/Desktop/space/install/space_description:/opt/ros/jazzy/opt/gz_sim_vendor:/opt/ros/jazzy/opt/gz_sensors_vendor:/opt/ros/jazzy/opt/gz_physics_vendor:/opt/ros/jazzy/opt/sdformat_vendor:/opt/ros/jazzy/opt/gz_gui_vendor:/opt/ros/jazzy/opt/gz_transport_vendor:/opt/ros/jazzy/opt/gz_rendering_vendor:/opt/ros/jazzy/opt/gz_plugin_vendor:/opt/ros/jazzy/opt/gz_fuel_tools_vendor:/opt/ros/jazzy/opt/gz_msgs_vendor:/opt/ros/jazzy/opt/gz_common_vendor:/opt/ros/jazzy/opt/gz_math_vendor:/opt/ros/jazzy/opt/gz_utils_vendor:/opt/ros/jazzy/opt/gz_tools_vendor:/opt/ros/jazzy/opt/gz_ogre_next_vendor:/opt/ros/jazzy/opt/gz_dartsim_vendor:/opt/ros/jazzy/opt/gz_cmake_vendor:/opt/ros/jazzy DEBUGINFOD_URLS=https://debuginfod.ubuntu.com /usr/bin/cmake --build /home/kms301111/Desktop/space/build/space_gazebo -- -j12 -l12
[0.102s] -- Found ament_cmake: 2.5.5 (/opt/ros/jazzy/share/ament_cmake/cmake)
[0.594s] -- Override CMake install command with custom implementation using symlinks instead of copying resources
[0.621s] -- Looking for gz-gui8 -- found version 8.4.0
[0.653s] -- Searching for dependencies of gz-gui8
[1.072s] -- Found Protobuf: /usr/lib/x86_64-linux-gnu/libprotobuf.so (found version "3.21.12") 
[1.086s] -- Checking for module 'tinyxml2'
[1.115s] --   Found tinyxml2, version 10.0.0
[1.194s] -- Looking for gz-utils2 -- found version 2.2.1
[1.195s] -- Searching for dependencies of gz-utils2
[1.199s] -- Looking for gz-math7 -- found version 7.5.2
[1.200s] -- Searching for dependencies of gz-math7
[1.200s] -- Looking for gz-utils2 -- found version 2.2.1
[1.205s] -- Looking for gz-common5 -- found version 5.7.1
[1.206s] -- Searching for dependencies of gz-common5
[1.206s] -- Looking for gz-utils2 -- found version 2.2.1
[1.207s] -- Looking for dlfcn.h - found
[1.211s] -- Looking for libdl - found
[1.214s] -- Found DL: TRUE  
[1.226s] -- Checking for module 'uuid'
[1.258s] --   Found uuid, version 2.39.3
[1.338s] -- Found UUID: TRUE  
[1.339s] -- Searching for <gz-common5> component [profiler]
[1.343s] -- Looking for gz-common5-profiler -- found version 5.7.1
[1.343s] -- Searching for dependencies of gz-common5-profiler
[1.347s] -- Looking for gz-plugin2 -- found version 2.0.4
[1.347s] -- Searching for dependencies of gz-plugin2
[1.348s] -- Looking for gz-utils2 -- found version 2.2.1
[1.348s] -- Searching for dependencies of gz-utils2
[1.349s] -- Searching for <gz-utils2> component [cli]
[1.353s] -- Looking for gz-utils2-cli -- found version 2.2.1
[1.353s] -- Searching for dependencies of gz-utils2-cli
[1.355s] -- Searching for <gz-plugin2> component [loader]
[1.358s] -- Looking for gz-plugin2-loader -- found version 2.0.4
[1.359s] -- Searching for dependencies of gz-plugin2-loader
[1.360s] -- Searching for <gz-plugin2> component [register]
[1.363s] -- Looking for gz-plugin2-register -- found version 2.0.4
[1.363s] -- Searching for dependencies of gz-plugin2-register
[1.367s] -- Looking for gz-transport13 -- found version 13.5.0
[1.368s] -- Searching for dependencies of gz-transport13
[1.430s] -- Config-file not installed for ZeroMQ -- checking for pkg-config
[1.440s] -- Checking for module 'libzmq >= 4'
[1.468s] --   Found libzmq, version 4.3.5
[1.557s] -- Found ZeroMQ: TRUE (Required is at least version "4") 
[1.572s] -- Looking for gz-utils2 -- found version 2.2.1
[1.575s] -- Looking for gz-msgs10 -- found version 10.3.2
[1.575s] -- Searching for dependencies of gz-msgs10
[1.615s] -- Looking for gz-utils2 -- found version 2.2.1
[1.616s] -- Looking for gz-math7 -- found version 7.5.2
[1.639s] -- Looking for gz-rendering8 -- found version 8.2.3
[1.639s] -- Searching for dependencies of gz-rendering8
[1.640s] -- Looking for gz-math7 -- found version 7.5.2
[1.641s] -- Searching for dependencies of gz-math7
[1.641s] -- Looking for gz-utils2 -- found version 2.2.1
[1.641s] -- Searching for <gz-math7> component [eigen3]
[1.645s] -- Looking for gz-math7-eigen3 -- found version 7.5.2
[1.645s] -- Searching for dependencies of gz-math7-eigen3
[1.668s] -- Looking for gz-common5 -- found version 5.7.1
[1.668s] -- Searching for dependencies of gz-common5
[1.669s] -- Looking for gz-utils2 -- found version 2.2.1
[1.669s] -- Looking for dlfcn.h - found
[1.669s] -- Looking for libdl - found
[1.688s] -- Searching for <gz-common5> component [graphics]
[1.693s] -- Looking for gz-common5-graphics -- found version 5.7.1
[1.693s] -- Searching for dependencies of gz-common5-graphics
[1.694s] -- Looking for gz-math7 -- found version 7.5.2
[1.712s] -- Found GzAssimp: TRUE (found version "5.3.0") 
[1.713s] -- Searching for <gz-common5> component [events]
[1.719s] -- Looking for gz-common5-events -- found version 5.7.1
[1.719s] -- Searching for dependencies of gz-common5-events
[1.720s] -- Looking for gz-math7 -- found version 7.5.2
[1.722s] -- Searching for <gz-common5> component [geospatial]
[1.727s] -- Looking for gz-common5-geospatial -- found version 5.7.1
[1.727s] -- Searching for dependencies of gz-common5-geospatial
[1.728s] -- Looking for gz-math7 -- found version 7.5.2
[1.729s] -- Looking for gz-common5 -- found version 5.7.1
[1.733s] -- Looking for gz-plugin2 -- found version 2.0.4
[1.733s] -- Searching for dependencies of gz-plugin2
[1.734s] -- Looking for gz-utils2 -- found version 2.2.1
[1.735s] -- Searching for <gz-plugin2> component [all]
[1.740s] -- Looking for all libraries of gz-plugin2 -- found version 2.0.4
[1.741s] -- Looking for gz-plugin2 -- found version 2.0.4
[1.744s] -- Looking for gz-utils2 -- found version 2.2.1
[1.784s] -- Found OpenGL: /usr/lib/x86_64-linux-gnu/libOpenGL.so  found components: OpenGL 
[1.786s] -- Looking for gz-msgs10 -- found version 10.3.2
[1.854s] -- Looking for gz-msgs10 -- found version 10.3.2
[1.855s] -- Looking for gz-transport13 -- found version 13.5.0
[1.863s] -- Found ament_lint_auto: 0.17.4 (/opt/ros/jazzy/share/ament_lint_auto/cmake)
[2.009s] -- Added test 'cppcheck' to perform static code analysis on C / C++ code
[2.009s] -- Configured cppcheck include dirs: /home/kms301111/Desktop/space/ros2_ws/src/space_gazebo/include
[2.009s] -- Configured cppcheck exclude dirs and/or files: 
[2.012s] -- Added test 'cpplint' to check C / C++ code against the Google style
[2.013s] -- Configured cpplint exclude dirs and/or files: 
[2.015s] -- Added test 'flake8' to check Python code syntax and style conventions
[2.015s] -- Configured 'flake8' exclude dirs and/or files: 
[2.016s] -- Added test 'lint_cmake' to check CMake code style
[2.018s] -- Added test 'pep257' to check Python code against some of the docstring style conventions in PEP 257
[2.024s] -- Added test 'uncrustify' to check C / C++ code style
[2.024s] -- Configured uncrustify additional arguments: 
[2.027s] -- Added test 'xmllint' to check XML markup files
[2.033s] -- Configuring done (2.0s)
[2.074s] -- Generating done (0.0s)
[2.085s] -- Build files have been written to: /home/kms301111/Desktop/space/build/space_gazebo
[2.172s] [  0%] Built target RoverKeyTeleop_autogen_timestamp_deps
[2.228s] [ 14%] Automatic MOC for target RoverKeyTeleop
[2.386s] [ 14%] Built target RoverKeyTeleop_autogen
[2.411s] [ 28%] Generating qrc_RoverKeyTeleop.cpp
[2.475s] [ 71%] Building CXX object CMakeFiles/RoverKeyTeleop.dir/src/rover_key_teleop.cpp.o
[2.475s] [ 71%] Building CXX object CMakeFiles/RoverKeyTeleop.dir/RoverKeyTeleop_autogen/mocs_compilation.cpp.o
[2.475s] [ 71%] Building CXX object CMakeFiles/RoverKeyTeleop.dir/qrc_RoverKeyTeleop.cpp.o
[7.291s] [ 85%] Linking CXX shared library libRoverKeyTeleop.so
[7.766s] [100%] Built target RoverKeyTeleop
[7.791s] Invoked command in '/home/kms301111/Desktop/space/build/space_gazebo' returned '0': AMENT_PREFIX_PATH=/home/kms301111/Desktop/space/install/space_description:${AMENT_PREFIX_PATH} CMAKE_PREFIX_PATH=/home/kms301111/Desktop/space/install/space_description:/opt/ros/jazzy/opt/gz_sim_vendor:/opt/ros/jazzy/opt/gz_sensors_vendor:/opt/ros/jazzy/opt/gz_physics_vendor:/opt/ros/jazzy/opt/sdformat_vendor:/opt/ros/jazzy/opt/gz_gui_vendor:/opt/ros/jazzy/opt/gz_transport_vendor:/opt/ros/jazzy/opt/gz_rendering_vendor:/opt/ros/jazzy/opt/gz_plugin_vendor:/opt/ros/jazzy/opt/gz_fuel_tools_vendor:/opt/ros/jazzy/opt/gz_msgs_vendor:/opt/ros/jazzy/opt/gz_common_vendor:/opt/ros/jazzy/opt/gz_math_vendor:/opt/ros/jazzy/opt/gz_utils_vendor:/opt/ros/jazzy/opt/gz_tools_vendor:/opt/ros/jazzy/opt/gz_ogre_next_vendor:/opt/ros/jazzy/opt/gz_dartsim_vendor:/opt/ros/jazzy/opt/gz_cmake_vendor:/opt/ros/jazzy DEBUGINFOD_URLS=https://debuginfod.ubuntu.com /usr/bin/cmake --build /home/kms301111/Desktop/space/build/space_gazebo -- -j12 -l12
[7.812s] Invoking command in '/home/kms301111/Desktop/space/build/space_gazebo': AMENT_PREFIX_PATH=/home/kms301111/Desktop/space/install/space_description:${AMENT_PREFIX_PATH} CMAKE_PREFIX_PATH=/home/kms301111/Desktop/space/install/space_description:/opt/ros/jazzy/opt/gz_sim_vendor:/opt/ros/jazzy/opt/gz_sensors_vendor:/opt/ros/jazzy/opt/gz_physics_vendor:/opt/ros/jazzy/opt/sdformat_vendor:/opt/ros/jazzy/opt/gz_gui_vendor:/opt/ros/jazzy/opt/gz_transport_vendor:/opt/ros/jazzy/opt/gz_rendering_vendor:/opt/ros/jazzy/opt/gz_plugin_vendor:/opt/ros/jazzy/opt/gz_fuel_tools_vendor:/opt/ros/jazzy/opt/gz_msgs_vendor:/opt/ros/jazzy/opt/gz_common_vendor:/opt/ros/jazzy/opt/gz_math_vendor:/opt/ros/jazzy/opt/gz_utils_vendor:/opt/ros/jazzy/opt/gz_tools_vendor:/opt/ros/jazzy/opt/gz_ogre_next_vendor:/opt/ros/jazzy/opt/gz_dartsim_vendor:/opt/ros/jazzy/opt/gz_cmake_vendor:/opt/ros/jazzy DEBUGINFOD_URLS=https://debuginfod.ubuntu.com /usr/bin/cmake --install /home/kms301111/Desktop/space/build/space_gazebo
[7.831s] -- Install configuration: ""
[7.832s] -- Execute custom install script
[7.833s] -- Up-to-date symlink: /home/kms301111/Desktop/space/install/space_gazebo/share/space_gazebo/assets/source_cad/arena_test_slope_v04.stp
[7.834s] -- Up-to-date symlink: /home/kms301111/Desktop/space/install/space_gazebo/share/space_gazebo/config/arena_test_slope_v04.yaml
[7.834s] -- Up-to-date symlink: /home/kms301111/Desktop/space/install/space_gazebo/share/space_gazebo/config/ros_gz_bridge.yaml
[7.835s] -- Up-to-date symlink: /home/kms301111/Desktop/space/install/space_gazebo/share/space_gazebo/config/rover_gui.config
[7.836s] -- Symlinking: /home/kms301111/Desktop/space/install/space_gazebo/share/space_gazebo/launch/__pycache__/gazebo.launch.cpython-312.pyc
[7.861s] -- Up-to-date symlink: /home/kms301111/Desktop/space/install/space_gazebo/share/space_gazebo/launch/gazebo.launch.py
[7.862s] -- Up-to-date symlink: /home/kms301111/Desktop/space/install/space_gazebo/share/space_gazebo/models/arena_flat/meshes/arena_visual.stl
[7.863s] -- Up-to-date symlink: /home/kms301111/Desktop/space/install/space_gazebo/share/space_gazebo/models/arena_terrain_v04/meshes/arena_collision.stl
[7.863s] -- Up-to-date symlink: /home/kms301111/Desktop/space/install/space_gazebo/share/space_gazebo/models/arena_terrain_v04/meshes/arena_visual.stl
[7.864s] -- Up-to-date symlink: /home/kms301111/Desktop/space/install/space_gazebo/share/space_gazebo/models/arena_terrain_v04/model.config
[7.865s] -- Up-to-date symlink: /home/kms301111/Desktop/space/install/space_gazebo/share/space_gazebo/models/arena_terrain_v04/model.sdf
[7.866s] -- Up-to-date symlink: /home/kms301111/Desktop/space/install/space_gazebo/share/space_gazebo/models/arena_test_slope_v04/meshes/arena_collision.stl
[7.867s] -- Up-to-date symlink: /home/kms301111/Desktop/space/install/space_gazebo/share/space_gazebo/models/arena_test_slope_v04/meshes/arena_visual.stl
[7.868s] -- Up-to-date symlink: /home/kms301111/Desktop/space/install/space_gazebo/share/space_gazebo/models/arena_test_slope_v04/model.config
[7.868s] -- Up-to-date symlink: /home/kms301111/Desktop/space/install/space_gazebo/share/space_gazebo/models/arena_test_slope_v04/model.sdf
[7.869s] -- Up-to-date symlink: /home/kms301111/Desktop/space/install/space_gazebo/share/space_gazebo/urdf/gazebo_extensions.xacro
[7.870s] -- Up-to-date symlink: /home/kms301111/Desktop/space/install/space_gazebo/share/space_gazebo/urdf/space_rover.gazebo.urdf.xacro
[7.870s] -- Up-to-date symlink: /home/kms301111/Desktop/space/install/space_gazebo/share/space_gazebo/worlds/arena_flat.sdf
[7.871s] -- Up-to-date symlink: /home/kms301111/Desktop/space/install/space_gazebo/share/space_gazebo/worlds/arena_terrain_v04.sdf
[7.871s] -- Up-to-date symlink: /home/kms301111/Desktop/space/install/space_gazebo/share/space_gazebo/worlds/arena_test_slope_v04.sdf
[7.871s] -- Up-to-date symlink: /home/kms301111/Desktop/space/install/space_gazebo/share/space_gazebo/worlds/space_challenge_empty.sdf
[7.872s] -- Symlinking: /home/kms301111/Desktop/space/install/space_gazebo/lib/libRoverKeyTeleop.so
[7.897s] -- Up-to-date symlink: /home/kms301111/Desktop/space/install/space_gazebo/share/space_gazebo/tools/convert_arena_step.py
[7.897s] -- Up-to-date symlink: /home/kms301111/Desktop/space/install/space_gazebo/share/ament_index/resource_index/package_run_dependencies/space_gazebo
[7.898s] -- Up-to-date symlink: /home/kms301111/Desktop/space/install/space_gazebo/share/ament_index/resource_index/parent_prefix_path/space_gazebo
[7.899s] -- Up-to-date symlink: /home/kms301111/Desktop/space/install/space_gazebo/share/space_gazebo/environment/ament_prefix_path.sh
[7.900s] -- Up-to-date symlink: /home/kms301111/Desktop/space/install/space_gazebo/share/space_gazebo/environment/ament_prefix_path.dsv
[7.900s] -- Up-to-date symlink: /home/kms301111/Desktop/space/install/space_gazebo/share/space_gazebo/environment/path.sh
[7.900s] -- Up-to-date symlink: /home/kms301111/Desktop/space/install/space_gazebo/share/space_gazebo/environment/path.dsv
[7.901s] -- Up-to-date symlink: /home/kms301111/Desktop/space/install/space_gazebo/share/space_gazebo/local_setup.bash
[7.901s] -- Up-to-date symlink: /home/kms301111/Desktop/space/install/space_gazebo/share/space_gazebo/local_setup.sh
[7.901s] -- Up-to-date symlink: /home/kms301111/Desktop/space/install/space_gazebo/share/space_gazebo/local_setup.zsh
[7.902s] -- Up-to-date symlink: /home/kms301111/Desktop/space/install/space_gazebo/share/space_gazebo/local_setup.dsv
[7.902s] -- Symlinking: /home/kms301111/Desktop/space/install/space_gazebo/share/space_gazebo/package.dsv
[7.932s] -- Up-to-date symlink: /home/kms301111/Desktop/space/install/space_gazebo/share/ament_index/resource_index/packages/space_gazebo
[7.932s] -- Up-to-date symlink: /home/kms301111/Desktop/space/install/space_gazebo/share/space_gazebo/cmake/space_gazeboConfig.cmake
[7.932s] -- Up-to-date symlink: /home/kms301111/Desktop/space/install/space_gazebo/share/space_gazebo/cmake/space_gazeboConfig-version.cmake
[7.933s] -- Up-to-date symlink: /home/kms301111/Desktop/space/install/space_gazebo/share/space_gazebo/package.xml
[7.933s] -- Up-to-date: /home/kms301111/Desktop/space/install/space_gazebo/lib/space_gazebo/arena_marker_publisher
[7.937s] Invoked command in '/home/kms301111/Desktop/space/build/space_gazebo' returned '0': AMENT_PREFIX_PATH=/home/kms301111/Desktop/space/install/space_description:${AMENT_PREFIX_PATH} CMAKE_PREFIX_PATH=/home/kms301111/Desktop/space/install/space_description:/opt/ros/jazzy/opt/gz_sim_vendor:/opt/ros/jazzy/opt/gz_sensors_vendor:/opt/ros/jazzy/opt/gz_physics_vendor:/opt/ros/jazzy/opt/sdformat_vendor:/opt/ros/jazzy/opt/gz_gui_vendor:/opt/ros/jazzy/opt/gz_transport_vendor:/opt/ros/jazzy/opt/gz_rendering_vendor:/opt/ros/jazzy/opt/gz_plugin_vendor:/opt/ros/jazzy/opt/gz_fuel_tools_vendor:/opt/ros/jazzy/opt/gz_msgs_vendor:/opt/ros/jazzy/opt/gz_common_vendor:/opt/ros/jazzy/opt/gz_math_vendor:/opt/ros/jazzy/opt/gz_utils_vendor:/opt/ros/jazzy/opt/gz_tools_vendor:/opt/ros/jazzy/opt/gz_ogre_next_vendor:/opt/ros/jazzy/opt/gz_dartsim_vendor:/opt/ros/jazzy/opt/gz_cmake_vendor:/opt/ros/jazzy DEBUGINFOD_URLS=https://debuginfod.ubuntu.com /usr/bin/cmake --install /home/kms301111/Desktop/space/build/space_gazebo
