[0.410s] Invoking command in '/home/kj/Desktop/space/ros2_ws/src/space_bringup/build/space_bringup': DEBUGINFOD_URLS=https://debuginfod.ubuntu.com PYTHONPATH=/home/kj/Desktop/space/ros2_ws/src/space_bringup/build/space_bringup/prefix_override:/usr/lib/python3/dist-packages/colcon_core/task/python/colcon_distutils_commands:/home/kj/Desktop/space/ros2_ws/src/space_bringup/install/space_bringup/lib/python3.12/site-packages:${PYTHONPATH} /usr/bin/python3 -W ignore:setup.py install is deprecated -W ignore:easy_install command is deprecated setup.py develop --editable --build-directory /home/kj/Desktop/space/ros2_ws/src/space_bringup/build/space_bringup/build --no-deps symlink_data
[0.578s] running develop
[0.683s] running egg_info
[0.683s] creating space_bringup.egg-info
[0.692s] writing space_bringup.egg-info/PKG-INFO
[0.693s] writing dependency_links to space_bringup.egg-info/dependency_links.txt
[0.693s] writing requirements to space_bringup.egg-info/requires.txt
[0.693s] writing top-level names to space_bringup.egg-info/top_level.txt
[0.693s] writing manifest file 'space_bringup.egg-info/SOURCES.txt'
[0.712s] reading manifest file 'space_bringup.egg-info/SOURCES.txt'
[0.713s] writing manifest file 'space_bringup.egg-info/SOURCES.txt'
[0.723s] running build_ext
[0.723s] Creating /home/kj/Desktop/space/ros2_ws/src/space_bringup/install/space_bringup/lib/python3.12/site-packages/space-bringup.egg-link (link to .)
[0.723s] 
[0.723s] Installed /home/kj/Desktop/space/ros2_ws/src/space_bringup/build/space_bringup
[0.723s] running symlink_data
[0.724s] creating /home/kj/Desktop/space/ros2_ws/src/space_bringup/install/space_bringup/share/ament_index
[0.724s] creating /home/kj/Desktop/space/ros2_ws/src/space_bringup/install/space_bringup/share/ament_index/resource_index
[0.724s] creating /home/kj/Desktop/space/ros2_ws/src/space_bringup/install/space_bringup/share/ament_index/resource_index/packages
[0.724s] symbolically linking /home/kj/Desktop/space/ros2_ws/src/space_bringup/build/space_bringup/resource/space_bringup -> /home/kj/Desktop/space/ros2_ws/src/space_bringup/install/space_bringup/share/ament_index/resource_index/packages
[0.724s] symbolically linking /home/kj/Desktop/space/ros2_ws/src/space_bringup/build/space_bringup/package.xml -> /home/kj/Desktop/space/ros2_ws/src/space_bringup/install/space_bringup/share/space_bringup
[0.724s] creating /home/kj/Desktop/space/ros2_ws/src/space_bringup/install/space_bringup/share/space_bringup/launch
[0.724s] symbolically linking /home/kj/Desktop/space/ros2_ws/src/space_bringup/build/space_bringup/launch/hardware.launch.py -> /home/kj/Desktop/space/ros2_ws/src/space_bringup/install/space_bringup/share/space_bringup/launch
[0.724s] symbolically linking /home/kj/Desktop/space/ros2_ws/src/space_bringup/build/space_bringup/launch/perception.launch.py -> /home/kj/Desktop/space/ros2_ws/src/space_bringup/install/space_bringup/share/space_bringup/launch
[0.724s] symbolically linking /home/kj/Desktop/space/ros2_ws/src/space_bringup/build/space_bringup/launch/simulation.launch.py -> /home/kj/Desktop/space/ros2_ws/src/space_bringup/install/space_bringup/share/space_bringup/launch
[0.724s] creating /home/kj/Desktop/space/ros2_ws/src/space_bringup/install/space_bringup/share/space_bringup/config
[0.724s] creating /home/kj/Desktop/space/ros2_ws/src/space_bringup/install/space_bringup/share/space_bringup/config/common
[0.724s] symbolically linking /home/kj/Desktop/space/ros2_ws/src/space_bringup/build/space_bringup/config/common/ekf.yaml -> /home/kj/Desktop/space/ros2_ws/src/space_bringup/install/space_bringup/share/space_bringup/config/common
[0.724s] symbolically linking /home/kj/Desktop/space/ros2_ws/src/space_bringup/build/space_bringup/config/common/slam_params.yaml -> /home/kj/Desktop/space/ros2_ws/src/space_bringup/install/space_bringup/share/space_bringup/config/common
[0.724s] creating /home/kj/Desktop/space/ros2_ws/src/space_bringup/install/space_bringup/share/space_bringup/config/navigation
[0.724s] symbolically linking /home/kj/Desktop/space/ros2_ws/src/space_bringup/build/space_bringup/config/navigation/nav2_params.yaml -> /home/kj/Desktop/space/ros2_ws/src/space_bringup/install/space_bringup/share/space_bringup/config/navigation
[0.724s] creating /home/kj/Desktop/space/ros2_ws/src/space_bringup/install/space_bringup/share/space_bringup/rviz
[0.724s] symbolically linking /home/kj/Desktop/space/ros2_ws/src/space_bringup/build/space_bringup/rviz/navigation.rviz -> /home/kj/Desktop/space/ros2_ws/src/space_bringup/install/space_bringup/share/space_bringup/rviz
[0.724s] symbolically linking /home/kj/Desktop/space/ros2_ws/src/space_bringup/build/space_bringup/rviz/rover_simulation.rviz -> /home/kj/Desktop/space/ros2_ws/src/space_bringup/install/space_bringup/share/space_bringup/rviz
[0.741s] Invoked command in '/home/kj/Desktop/space/ros2_ws/src/space_bringup/build/space_bringup' returned '0': DEBUGINFOD_URLS=https://debuginfod.ubuntu.com PYTHONPATH=/home/kj/Desktop/space/ros2_ws/src/space_bringup/build/space_bringup/prefix_override:/usr/lib/python3/dist-packages/colcon_core/task/python/colcon_distutils_commands:/home/kj/Desktop/space/ros2_ws/src/space_bringup/install/space_bringup/lib/python3.12/site-packages:${PYTHONPATH} /usr/bin/python3 -W ignore:setup.py install is deprecated -W ignore:easy_install command is deprecated setup.py develop --editable --build-directory /home/kj/Desktop/space/ros2_ws/src/space_bringup/build/space_bringup/build --no-deps symlink_data
