[0.597s] Invoking command in '/home/kms301111/Desktop/space/build/space_bringup': AMENT_PREFIX_PATH=/home/kms301111/Desktop/space/install/space_gazebo:/home/kms301111/Desktop/space/install/space_perception:/home/kms301111/Desktop/space/install/space_description:/home/kms301111/Desktop/space/install/space_controller:${AMENT_PREFIX_PATH} CMAKE_PREFIX_PATH=/home/kms301111/Desktop/space/install/space_gazebo:/home/kms301111/Desktop/space/install/space_perception:/home/kms301111/Desktop/space/install/space_description:${CMAKE_PREFIX_PATH} DEBUGINFOD_URLS=https://debuginfod.ubuntu.com LD_LIBRARY_PATH=/home/kms301111/Desktop/space/install/space_perception/lib:${LD_LIBRARY_PATH} PYTHONPATH=/home/kms301111/Desktop/space/build/space_bringup/prefix_override:/usr/lib/python3/dist-packages/colcon_core/task/python/colcon_distutils_commands:/home/kms301111/Desktop/space/install/space_bringup/lib/python3.12/site-packages:/home/kms301111/Desktop/space/install/space_perception/lib/python3.12/site-packages:/home/kms301111/Desktop/space/build/space_controller:/home/kms301111/Desktop/space/install/space_controller/lib/python3.12/site-packages:${PYTHONPATH} /usr/bin/python3 -W ignore:setup.py install is deprecated -W ignore:easy_install command is deprecated setup.py develop --editable --build-directory /home/kms301111/Desktop/space/build/space_bringup/build --no-deps symlink_data
[0.830s] running develop
[0.971s] running egg_info
[0.971s] creating space_bringup.egg-info
[0.984s] writing space_bringup.egg-info/PKG-INFO
[0.985s] writing dependency_links to space_bringup.egg-info/dependency_links.txt
[0.985s] writing requirements to space_bringup.egg-info/requires.txt
[0.985s] writing top-level names to space_bringup.egg-info/top_level.txt
[0.985s] writing manifest file 'space_bringup.egg-info/SOURCES.txt'
[1.014s] reading manifest file 'space_bringup.egg-info/SOURCES.txt'
[1.014s] writing manifest file 'space_bringup.egg-info/SOURCES.txt'
[1.030s] running build_ext
[1.030s] Creating /home/kms301111/Desktop/space/install/space_bringup/lib/python3.12/site-packages/space-bringup.egg-link (link to .)
[1.030s] 
[1.030s] Installed /home/kms301111/Desktop/space/build/space_bringup
[1.030s] running symlink_data
[1.030s] creating /home/kms301111/Desktop/space/install/space_bringup/share/ament_index
[1.030s] creating /home/kms301111/Desktop/space/install/space_bringup/share/ament_index/resource_index
[1.031s] creating /home/kms301111/Desktop/space/install/space_bringup/share/ament_index/resource_index/packages
[1.031s] symbolically linking /home/kms301111/Desktop/space/build/space_bringup/resource/space_bringup -> /home/kms301111/Desktop/space/install/space_bringup/share/ament_index/resource_index/packages
[1.031s] symbolically linking /home/kms301111/Desktop/space/build/space_bringup/package.xml -> /home/kms301111/Desktop/space/install/space_bringup/share/space_bringup
[1.031s] creating /home/kms301111/Desktop/space/install/space_bringup/share/space_bringup/launch
[1.031s] symbolically linking /home/kms301111/Desktop/space/build/space_bringup/launch/simulation.launch.py -> /home/kms301111/Desktop/space/install/space_bringup/share/space_bringup/launch
[1.031s] symbolically linking /home/kms301111/Desktop/space/build/space_bringup/launch/perception.launch.py -> /home/kms301111/Desktop/space/install/space_bringup/share/space_bringup/launch
[1.031s] symbolically linking /home/kms301111/Desktop/space/build/space_bringup/launch/hardware.launch.py -> /home/kms301111/Desktop/space/install/space_bringup/share/space_bringup/launch
[1.031s] creating /home/kms301111/Desktop/space/install/space_bringup/share/space_bringup/config
[1.031s] creating /home/kms301111/Desktop/space/install/space_bringup/share/space_bringup/config/common
[1.031s] symbolically linking /home/kms301111/Desktop/space/build/space_bringup/config/common/ekf.yaml -> /home/kms301111/Desktop/space/install/space_bringup/share/space_bringup/config/common
[1.031s] symbolically linking /home/kms301111/Desktop/space/build/space_bringup/config/common/slam_params.yaml -> /home/kms301111/Desktop/space/install/space_bringup/share/space_bringup/config/common
[1.031s] creating /home/kms301111/Desktop/space/install/space_bringup/share/space_bringup/config/navigation
[1.031s] symbolically linking /home/kms301111/Desktop/space/build/space_bringup/config/navigation/nav2_params.yaml -> /home/kms301111/Desktop/space/install/space_bringup/share/space_bringup/config/navigation
[1.031s] creating /home/kms301111/Desktop/space/install/space_bringup/share/space_bringup/rviz
[1.032s] symbolically linking /home/kms301111/Desktop/space/build/space_bringup/rviz/rover_simulation.rviz -> /home/kms301111/Desktop/space/install/space_bringup/share/space_bringup/rviz
[1.062s] Invoked command in '/home/kms301111/Desktop/space/build/space_bringup' returned '0': AMENT_PREFIX_PATH=/home/kms301111/Desktop/space/install/space_gazebo:/home/kms301111/Desktop/space/install/space_perception:/home/kms301111/Desktop/space/install/space_description:/home/kms301111/Desktop/space/install/space_controller:${AMENT_PREFIX_PATH} CMAKE_PREFIX_PATH=/home/kms301111/Desktop/space/install/space_gazebo:/home/kms301111/Desktop/space/install/space_perception:/home/kms301111/Desktop/space/install/space_description:${CMAKE_PREFIX_PATH} DEBUGINFOD_URLS=https://debuginfod.ubuntu.com LD_LIBRARY_PATH=/home/kms301111/Desktop/space/install/space_perception/lib:${LD_LIBRARY_PATH} PYTHONPATH=/home/kms301111/Desktop/space/build/space_bringup/prefix_override:/usr/lib/python3/dist-packages/colcon_core/task/python/colcon_distutils_commands:/home/kms301111/Desktop/space/install/space_bringup/lib/python3.12/site-packages:/home/kms301111/Desktop/space/install/space_perception/lib/python3.12/site-packages:/home/kms301111/Desktop/space/build/space_controller:/home/kms301111/Desktop/space/install/space_controller/lib/python3.12/site-packages:${PYTHONPATH} /usr/bin/python3 -W ignore:setup.py install is deprecated -W ignore:easy_install command is deprecated setup.py develop --editable --build-directory /home/kms301111/Desktop/space/build/space_bringup/build --no-deps symlink_data
