-- The C compiler identification is GNU 13.3.0
-- The CXX compiler identification is GNU 13.3.0
-- Detecting C compiler ABI info
-- Detecting C compiler ABI info - done
-- Check for working C compiler: /usr/bin/cc - skipped
-- Detecting C compile features
-- Detecting C compile features - done
-- Detecting CXX compiler ABI info
-- Detecting CXX compiler ABI info - done
-- Check for working CXX compiler: /usr/bin/c++ - skipped
-- Detecting CXX compile features
-- Detecting CXX compile features - done
-- Found ament_cmake: 2.5.6 (/opt/ros/jazzy/share/ament_cmake/cmake)
-- Found Python3: /usr/bin/python3 (found version "3.12.3") found components: Interpreter 
-- Override CMake install command with custom implementation using symlinks instead of copying resources
-- Found rosidl_default_generators: 1.6.0 (/opt/ros/jazzy/share/rosidl_default_generators/cmake)
-- Using all available rosidl_typesupport_c: rosidl_typesupport_fastrtps_c;rosidl_typesupport_introspection_c
-- Using all available rosidl_typesupport_cpp: rosidl_typesupport_fastrtps_cpp;rosidl_typesupport_introspection_cpp
-- Found rosidl_adapter: 4.6.7 (/opt/ros/jazzy/share/rosidl_adapter/cmake)
-- Found builtin_interfaces: 2.0.3 (/opt/ros/jazzy/share/builtin_interfaces/cmake)
-- Found grid_map_msgs: 2.2.2 (/opt/ros/jazzy/share/grid_map_msgs/cmake)
-- Found ament_cmake_ros: 0.12.0 (/opt/ros/jazzy/share/ament_cmake_ros/cmake)
-- Using all available rosidl_typesupport_c: rosidl_typesupport_fastrtps_c;rosidl_typesupport_introspection_c
-- Using all available rosidl_typesupport_cpp: rosidl_typesupport_fastrtps_cpp;rosidl_typesupport_introspection_cpp
-- Found python_cmake_module: 0.11.1 (/opt/ros/jazzy/share/python_cmake_module/cmake)
-- Found PythonExtra: /usr/bin/python3  
-- Found Python3: /usr/bin/python3 (found version "3.12.3") found components: Interpreter Development NumPy Development.Module Development.Embed 
-- Found Python3: /usr/bin/python3 (found version "3.12.3") found components: Interpreter 
-- Found ament_lint_auto: 0.17.5 (/opt/ros/jazzy/share/ament_lint_auto/cmake)
-- Added test 'copyright' to check source files copyright and LICENSE
-- Added test 'lint_cmake' to check CMake code style
-- Added test 'xmllint' to check XML markup files
-- Configuring done (2.8s)
-- Generating done (0.0s)
-- Build files have been written to: /home/kj/Desktop/space/ros2_ws/src/build/space_msgs
[  3%] Generating Rust code for ROS interfaces
[  3%] Generating type hashes for ROS interfaces
[  3%] Built target ament_cmake_python_symlink_space_msgs
running egg_info
creating space_msgs.egg-info
writing space_msgs.egg-info/PKG-INFO
writing dependency_links to space_msgs.egg-info/dependency_links.txt
writing top-level names to space_msgs.egg-info/top_level.txt
writing manifest file 'space_msgs.egg-info/SOURCES.txt'
reading manifest file 'space_msgs.egg-info/SOURCES.txt'
writing manifest file 'space_msgs.egg-info/SOURCES.txt'
[  3%] Built target ament_cmake_python_build_space_msgs_egg
[  3%] Built target space_msgs__rosidl_generator_type_description
[  4%] Generating C code for ROS interfaces
[  6%] Generating C++ code for ROS interfaces
[  6%] Built target space_msgs__rs
[  6%] Built target space_msgs__cpp
[  9%] Building C object CMakeFiles/space_msgs__rosidl_generator_c.dir/rosidl_generator_c/space_msgs/msg/detail/rover_spec__type_support.c.o
[  9%] Building C object CMakeFiles/space_msgs__rosidl_generator_c.dir/rosidl_generator_c/space_msgs/msg/detail/rover_spec__functions.c.o
[ 12%] Building C object CMakeFiles/space_msgs__rosidl_generator_c.dir/rosidl_generator_c/space_msgs/msg/detail/terrain_estimate__functions.c.o
[ 12%] Building C object CMakeFiles/space_msgs__rosidl_generator_c.dir/rosidl_generator_c/space_msgs/msg/detail/rover_spec__description.c.o
[ 13%] Building C object CMakeFiles/space_msgs__rosidl_generator_c.dir/rosidl_generator_c/space_msgs/msg/detail/terrain_estimate__description.c.o
[ 15%] Building C object CMakeFiles/space_msgs__rosidl_generator_c.dir/rosidl_generator_c/space_msgs/msg/detail/traversability_score__type_support.c.o
[ 16%] Building C object CMakeFiles/space_msgs__rosidl_generator_c.dir/rosidl_generator_c/space_msgs/msg/detail/slip_estimate__type_support.c.o
[ 18%] Building C object CMakeFiles/space_msgs__rosidl_generator_c.dir/rosidl_generator_c/space_msgs/msg/detail/terrain_estimate__type_support.c.o
[ 20%] Building C object CMakeFiles/space_msgs__rosidl_generator_c.dir/rosidl_generator_c/space_msgs/msg/detail/slip_estimate__description.c.o
[ 21%] Building C object CMakeFiles/space_msgs__rosidl_generator_c.dir/rosidl_generator_c/space_msgs/msg/detail/slip_estimate__functions.c.o
[ 23%] Building C object CMakeFiles/space_msgs__rosidl_generator_c.dir/rosidl_generator_c/space_msgs/msg/detail/traversability_score__functions.c.o
[ 24%] Building C object CMakeFiles/space_msgs__rosidl_generator_c.dir/rosidl_generator_c/space_msgs/msg/detail/traversability_score__description.c.o
[ 26%] Linking C shared library libspace_msgs__rosidl_generator_c.so
[ 26%] Built target space_msgs__rosidl_generator_c
[ 29%] Generating C++ type support for eProsima Fast-RTPS
[ 29%] Generating C type support dispatch for ROS interfaces
[ 32%] Generating C type support for eProsima Fast-RTPS
[ 32%] Generating C introspection for ROS interfaces
[ 33%] Generating C++ introspection for ROS interfaces
[ 35%] Generating C++ type support dispatch for ROS interfaces
[ 38%] Building CXX object CMakeFiles/space_msgs__rosidl_typesupport_c.dir/rosidl_typesupport_c/space_msgs/msg/slip_estimate__type_support.cpp.o
[ 38%] Building CXX object CMakeFiles/space_msgs__rosidl_typesupport_c.dir/rosidl_typesupport_c/space_msgs/msg/rover_spec__type_support.cpp.o
[ 40%] Building CXX object CMakeFiles/space_msgs__rosidl_typesupport_c.dir/rosidl_typesupport_c/space_msgs/msg/terrain_estimate__type_support.cpp.o
[ 41%] Building CXX object CMakeFiles/space_msgs__rosidl_typesupport_c.dir/rosidl_typesupport_c/space_msgs/msg/traversability_score__type_support.cpp.o
[ 43%] Building C object CMakeFiles/space_msgs__rosidl_typesupport_introspection_c.dir/rosidl_typesupport_introspection_c/space_msgs/msg/detail/slip_estimate__type_support.c.o
[ 44%] Building C object CMakeFiles/space_msgs__rosidl_typesupport_introspection_c.dir/rosidl_typesupport_introspection_c/space_msgs/msg/detail/rover_spec__type_support.c.o
[ 46%] Building C object CMakeFiles/space_msgs__rosidl_typesupport_introspection_c.dir/rosidl_typesupport_introspection_c/space_msgs/msg/detail/terrain_estimate__type_support.c.o
[ 47%] Building CXX object CMakeFiles/space_msgs__rosidl_typesupport_cpp.dir/rosidl_typesupport_cpp/space_msgs/msg/rover_spec__type_support.cpp.o
[ 49%] Building C object CMakeFiles/space_msgs__rosidl_typesupport_introspection_c.dir/rosidl_typesupport_introspection_c/space_msgs/msg/detail/traversability_score__type_support.c.o
[ 50%] Building CXX object CMakeFiles/space_msgs__rosidl_typesupport_cpp.dir/rosidl_typesupport_cpp/space_msgs/msg/slip_estimate__type_support.cpp.o
[ 52%] Building CXX object CMakeFiles/space_msgs__rosidl_typesupport_cpp.dir/rosidl_typesupport_cpp/space_msgs/msg/terrain_estimate__type_support.cpp.o
[ 53%] Building CXX object CMakeFiles/space_msgs__rosidl_typesupport_cpp.dir/rosidl_typesupport_cpp/space_msgs/msg/traversability_score__type_support.cpp.o
[ 55%] Linking CXX shared library libspace_msgs__rosidl_typesupport_c.so
[ 56%] Building CXX object CMakeFiles/space_msgs__rosidl_typesupport_fastrtps_c.dir/rosidl_typesupport_fastrtps_c/space_msgs/msg/detail/rover_spec__type_support_c.cpp.o
[ 58%] Building CXX object CMakeFiles/space_msgs__rosidl_typesupport_fastrtps_cpp.dir/rosidl_typesupport_fastrtps_cpp/space_msgs/msg/detail/dds_fastrtps/rover_spec__type_support.cpp.o
[ 60%] Building CXX object CMakeFiles/space_msgs__rosidl_typesupport_fastrtps_cpp.dir/rosidl_typesupport_fastrtps_cpp/space_msgs/msg/detail/dds_fastrtps/traversability_score__type_support.cpp.o
[ 61%] Building CXX object CMakeFiles/space_msgs__rosidl_typesupport_fastrtps_cpp.dir/rosidl_typesupport_fastrtps_cpp/space_msgs/msg/detail/dds_fastrtps/terrain_estimate__type_support.cpp.o
[ 63%] Building CXX object CMakeFiles/space_msgs__rosidl_typesupport_fastrtps_cpp.dir/rosidl_typesupport_fastrtps_cpp/space_msgs/msg/detail/dds_fastrtps/slip_estimate__type_support.cpp.o
[ 64%] Building CXX object CMakeFiles/space_msgs__rosidl_typesupport_fastrtps_c.dir/rosidl_typesupport_fastrtps_c/space_msgs/msg/detail/terrain_estimate__type_support_c.cpp.o
[ 66%] Building CXX object CMakeFiles/space_msgs__rosidl_typesupport_fastrtps_c.dir/rosidl_typesupport_fastrtps_c/space_msgs/msg/detail/slip_estimate__type_support_c.cpp.o
[ 67%] Building CXX object CMakeFiles/space_msgs__rosidl_typesupport_fastrtps_c.dir/rosidl_typesupport_fastrtps_c/space_msgs/msg/detail/traversability_score__type_support_c.cpp.o
[ 69%] Building CXX object CMakeFiles/space_msgs__rosidl_typesupport_introspection_cpp.dir/rosidl_typesupport_introspection_cpp/space_msgs/msg/detail/rover_spec__type_support.cpp.o
[ 70%] Building CXX object CMakeFiles/space_msgs__rosidl_typesupport_introspection_cpp.dir/rosidl_typesupport_introspection_cpp/space_msgs/msg/detail/slip_estimate__type_support.cpp.o
[ 72%] Linking C shared library libspace_msgs__rosidl_typesupport_introspection_c.so
[ 72%] Built target space_msgs__rosidl_typesupport_c
[ 73%] Building CXX object CMakeFiles/space_msgs__rosidl_typesupport_introspection_cpp.dir/rosidl_typesupport_introspection_cpp/space_msgs/msg/detail/terrain_estimate__type_support.cpp.o
[ 73%] Built target space_msgs__rosidl_typesupport_introspection_c
[ 75%] Building CXX object CMakeFiles/space_msgs__rosidl_typesupport_introspection_cpp.dir/rosidl_typesupport_introspection_cpp/space_msgs/msg/detail/traversability_score__type_support.cpp.o
[ 76%] Linking CXX shared library libspace_msgs__rosidl_typesupport_cpp.so
[ 76%] Built target space_msgs__rosidl_typesupport_cpp
[ 78%] Linking CXX shared library libspace_msgs__rosidl_typesupport_introspection_cpp.so
[ 80%] Linking CXX shared library libspace_msgs__rosidl_typesupport_fastrtps_cpp.so
[ 80%] Built target space_msgs__rosidl_typesupport_introspection_cpp
[ 81%] Linking CXX shared library libspace_msgs__rosidl_typesupport_fastrtps_c.so
[ 81%] Built target space_msgs__rosidl_typesupport_fastrtps_cpp
[ 81%] Built target space_msgs__rosidl_typesupport_fastrtps_c
[ 81%] Built target space_msgs
[ 83%] Generating Python code for ROS interfaces
[ 83%] Built target space_msgs__py
[ 89%] Building C object CMakeFiles/space_msgs__rosidl_generator_py.dir/rosidl_generator_py/space_msgs/msg/_traversability_score_s.c.o
[ 89%] Building C object CMakeFiles/space_msgs__rosidl_generator_py.dir/rosidl_generator_py/space_msgs/msg/_slip_estimate_s.c.o
[ 89%] Building C object CMakeFiles/space_msgs__rosidl_generator_py.dir/rosidl_generator_py/space_msgs/msg/_rover_spec_s.c.o
[ 89%] Building C object CMakeFiles/space_msgs__rosidl_generator_py.dir/rosidl_generator_py/space_msgs/msg/_terrain_estimate_s.c.o
[ 90%] Linking C shared library libspace_msgs__rosidl_generator_py.so
[ 90%] Built target space_msgs__rosidl_generator_py
[ 95%] Building C object CMakeFiles/space_msgs_s__rosidl_typesupport_introspection_c.dir/rosidl_generator_py/space_msgs/_space_msgs_s.ep.rosidl_typesupport_introspection_c.c.o
[ 95%] Building C object CMakeFiles/space_msgs_s__rosidl_typesupport_c.dir/rosidl_generator_py/space_msgs/_space_msgs_s.ep.rosidl_typesupport_c.c.o
[ 95%] Building C object CMakeFiles/space_msgs_s__rosidl_typesupport_fastrtps_c.dir/rosidl_generator_py/space_msgs/_space_msgs_s.ep.rosidl_typesupport_fastrtps_c.c.o
[ 96%] Linking C shared module rosidl_generator_py/space_msgs/space_msgs_s__rosidl_typesupport_c.so
[ 98%] Linking C shared module rosidl_generator_py/space_msgs/space_msgs_s__rosidl_typesupport_introspection_c.so
[100%] Linking C shared module rosidl_generator_py/space_msgs/space_msgs_s__rosidl_typesupport_fastrtps_c.so
[100%] Built target space_msgs_s__rosidl_typesupport_c
[100%] Built target space_msgs_s__rosidl_typesupport_introspection_c
[100%] Built target space_msgs_s__rosidl_typesupport_fastrtps_c
-- Install configuration: ""
-- Execute custom install script
-- Symlinking: /home/kj/Desktop/space/ros2_ws/src/install/space_msgs/share/ament_index/resource_index/rosidl_interfaces/space_msgs
-- Symlinking: /home/kj/Desktop/space/ros2_ws/src/install/space_msgs/share/space_msgs/msg/RoverSpec.json
-- Symlinking: /home/kj/Desktop/space/ros2_ws/src/install/space_msgs/share/space_msgs/msg/SlipEstimate.json
-- Symlinking: /home/kj/Desktop/space/ros2_ws/src/install/space_msgs/share/space_msgs/msg/TerrainEstimate.json
-- Symlinking: /home/kj/Desktop/space/ros2_ws/src/install/space_msgs/share/space_msgs/msg/TraversabilityScore.json
-- Symlinking: /home/kj/Desktop/space/ros2_ws/src/install/space_msgs/include/space_msgs/space_msgs/msg/detail/rover_spec__functions.h
-- Symlinking: /home/kj/Desktop/space/ros2_ws/src/install/space_msgs/include/space_msgs/space_msgs/msg/detail/rover_spec__struct.h
-- Symlinking: /home/kj/Desktop/space/ros2_ws/src/install/space_msgs/include/space_msgs/space_msgs/msg/detail/rover_spec__type_support.h
-- Symlinking: /home/kj/Desktop/space/ros2_ws/src/install/space_msgs/include/space_msgs/space_msgs/msg/detail/slip_estimate__functions.h
-- Symlinking: /home/kj/Desktop/space/ros2_ws/src/install/space_msgs/include/space_msgs/space_msgs/msg/detail/slip_estimate__struct.h
-- Symlinking: /home/kj/Desktop/space/ros2_ws/src/install/space_msgs/include/space_msgs/space_msgs/msg/detail/slip_estimate__type_support.h
-- Symlinking: /home/kj/Desktop/space/ros2_ws/src/install/space_msgs/include/space_msgs/space_msgs/msg/detail/terrain_estimate__functions.h
-- Symlinking: /home/kj/Desktop/space/ros2_ws/src/install/space_msgs/include/space_msgs/space_msgs/msg/detail/terrain_estimate__struct.h
-- Symlinking: /home/kj/Desktop/space/ros2_ws/src/install/space_msgs/include/space_msgs/space_msgs/msg/detail/terrain_estimate__type_support.h
-- Symlinking: /home/kj/Desktop/space/ros2_ws/src/install/space_msgs/include/space_msgs/space_msgs/msg/detail/traversability_score__functions.h
-- Symlinking: /home/kj/Desktop/space/ros2_ws/src/install/space_msgs/include/space_msgs/space_msgs/msg/detail/traversability_score__struct.h
-- Symlinking: /home/kj/Desktop/space/ros2_ws/src/install/space_msgs/include/space_msgs/space_msgs/msg/detail/traversability_score__type_support.h
-- Symlinking: /home/kj/Desktop/space/ros2_ws/src/install/space_msgs/include/space_msgs/space_msgs/msg/rosidl_generator_c__visibility_control.h
-- Symlinking: /home/kj/Desktop/space/ros2_ws/src/install/space_msgs/include/space_msgs/space_msgs/msg/rover_spec.h
-- Symlinking: /home/kj/Desktop/space/ros2_ws/src/install/space_msgs/include/space_msgs/space_msgs/msg/slip_estimate.h
-- Symlinking: /home/kj/Desktop/space/ros2_ws/src/install/space_msgs/include/space_msgs/space_msgs/msg/terrain_estimate.h
-- Symlinking: /home/kj/Desktop/space/ros2_ws/src/install/space_msgs/include/space_msgs/space_msgs/msg/traversability_score.h
-- Symlinking: /home/kj/Desktop/space/ros2_ws/src/install/space_msgs/share/space_msgs/environment/library_path.sh
-- Symlinking: /home/kj/Desktop/space/ros2_ws/src/install/space_msgs/share/space_msgs/environment/library_path.dsv
-- Symlinking: /home/kj/Desktop/space/ros2_ws/src/install/space_msgs/include/space_msgs/space_msgs/msg/detail/rover_spec__rosidl_typesupport_fastrtps_c.h
-- Symlinking: /home/kj/Desktop/space/ros2_ws/src/install/space_msgs/include/space_msgs/space_msgs/msg/detail/slip_estimate__rosidl_typesupport_fastrtps_c.h
-- Symlinking: /home/kj/Desktop/space/ros2_ws/src/install/space_msgs/include/space_msgs/space_msgs/msg/detail/terrain_estimate__rosidl_typesupport_fastrtps_c.h
-- Symlinking: /home/kj/Desktop/space/ros2_ws/src/install/space_msgs/include/space_msgs/space_msgs/msg/detail/traversability_score__rosidl_typesupport_fastrtps_c.h
-- Symlinking: /home/kj/Desktop/space/ros2_ws/src/install/space_msgs/include/space_msgs/space_msgs/msg/rosidl_typesupport_fastrtps_c__visibility_control.h
-- Symlinking: /home/kj/Desktop/space/ros2_ws/src/install/space_msgs/include/space_msgs/space_msgs/msg/detail/rover_spec__rosidl_typesupport_introspection_c.h
-- Symlinking: /home/kj/Desktop/space/ros2_ws/src/install/space_msgs/include/space_msgs/space_msgs/msg/detail/slip_estimate__rosidl_typesupport_introspection_c.h
-- Symlinking: /home/kj/Desktop/space/ros2_ws/src/install/space_msgs/include/space_msgs/space_msgs/msg/detail/terrain_estimate__rosidl_typesupport_introspection_c.h
-- Symlinking: /home/kj/Desktop/space/ros2_ws/src/install/space_msgs/include/space_msgs/space_msgs/msg/detail/traversability_score__rosidl_typesupport_introspection_c.h
-- Symlinking: /home/kj/Desktop/space/ros2_ws/src/install/space_msgs/include/space_msgs/space_msgs/msg/rosidl_typesupport_introspection_c__visibility_control.h
-- Symlinking: /home/kj/Desktop/space/ros2_ws/src/install/space_msgs/include/space_msgs/space_msgs/msg/detail/rover_spec__builder.hpp
-- Symlinking: /home/kj/Desktop/space/ros2_ws/src/install/space_msgs/include/space_msgs/space_msgs/msg/detail/rover_spec__struct.hpp
-- Symlinking: /home/kj/Desktop/space/ros2_ws/src/install/space_msgs/include/space_msgs/space_msgs/msg/detail/rover_spec__traits.hpp
-- Symlinking: /home/kj/Desktop/space/ros2_ws/src/install/space_msgs/include/space_msgs/space_msgs/msg/detail/rover_spec__type_support.hpp
-- Symlinking: /home/kj/Desktop/space/ros2_ws/src/install/space_msgs/include/space_msgs/space_msgs/msg/detail/slip_estimate__builder.hpp
-- Symlinking: /home/kj/Desktop/space/ros2_ws/src/install/space_msgs/include/space_msgs/space_msgs/msg/detail/slip_estimate__struct.hpp
-- Symlinking: /home/kj/Desktop/space/ros2_ws/src/install/space_msgs/include/space_msgs/space_msgs/msg/detail/slip_estimate__traits.hpp
-- Symlinking: /home/kj/Desktop/space/ros2_ws/src/install/space_msgs/include/space_msgs/space_msgs/msg/detail/slip_estimate__type_support.hpp
-- Symlinking: /home/kj/Desktop/space/ros2_ws/src/install/space_msgs/include/space_msgs/space_msgs/msg/detail/terrain_estimate__builder.hpp
-- Symlinking: /home/kj/Desktop/space/ros2_ws/src/install/space_msgs/include/space_msgs/space_msgs/msg/detail/terrain_estimate__struct.hpp
-- Symlinking: /home/kj/Desktop/space/ros2_ws/src/install/space_msgs/include/space_msgs/space_msgs/msg/detail/terrain_estimate__traits.hpp
-- Symlinking: /home/kj/Desktop/space/ros2_ws/src/install/space_msgs/include/space_msgs/space_msgs/msg/detail/terrain_estimate__type_support.hpp
-- Symlinking: /home/kj/Desktop/space/ros2_ws/src/install/space_msgs/include/space_msgs/space_msgs/msg/detail/traversability_score__builder.hpp
-- Symlinking: /home/kj/Desktop/space/ros2_ws/src/install/space_msgs/include/space_msgs/space_msgs/msg/detail/traversability_score__struct.hpp
-- Symlinking: /home/kj/Desktop/space/ros2_ws/src/install/space_msgs/include/space_msgs/space_msgs/msg/detail/traversability_score__traits.hpp
-- Symlinking: /home/kj/Desktop/space/ros2_ws/src/install/space_msgs/include/space_msgs/space_msgs/msg/detail/traversability_score__type_support.hpp
-- Symlinking: /home/kj/Desktop/space/ros2_ws/src/install/space_msgs/include/space_msgs/space_msgs/msg/rosidl_generator_cpp__visibility_control.hpp
-- Symlinking: /home/kj/Desktop/space/ros2_ws/src/install/space_msgs/include/space_msgs/space_msgs/msg/rover_spec.hpp
-- Symlinking: /home/kj/Desktop/space/ros2_ws/src/install/space_msgs/include/space_msgs/space_msgs/msg/slip_estimate.hpp
-- Symlinking: /home/kj/Desktop/space/ros2_ws/src/install/space_msgs/include/space_msgs/space_msgs/msg/terrain_estimate.hpp
-- Symlinking: /home/kj/Desktop/space/ros2_ws/src/install/space_msgs/include/space_msgs/space_msgs/msg/traversability_score.hpp
-- Symlinking: /home/kj/Desktop/space/ros2_ws/src/install/space_msgs/include/space_msgs/space_msgs/msg/detail/rover_spec__rosidl_typesupport_fastrtps_cpp.hpp
-- Symlinking: /home/kj/Desktop/space/ros2_ws/src/install/space_msgs/include/space_msgs/space_msgs/msg/detail/slip_estimate__rosidl_typesupport_fastrtps_cpp.hpp
-- Symlinking: /home/kj/Desktop/space/ros2_ws/src/install/space_msgs/include/space_msgs/space_msgs/msg/detail/terrain_estimate__rosidl_typesupport_fastrtps_cpp.hpp
-- Symlinking: /home/kj/Desktop/space/ros2_ws/src/install/space_msgs/include/space_msgs/space_msgs/msg/detail/traversability_score__rosidl_typesupport_fastrtps_cpp.hpp
-- Symlinking: /home/kj/Desktop/space/ros2_ws/src/install/space_msgs/include/space_msgs/space_msgs/msg/rosidl_typesupport_fastrtps_cpp__visibility_control.h
-- Symlinking: /home/kj/Desktop/space/ros2_ws/src/install/space_msgs/include/space_msgs/space_msgs/msg/detail/rover_spec__rosidl_typesupport_introspection_cpp.hpp
-- Symlinking: /home/kj/Desktop/space/ros2_ws/src/install/space_msgs/include/space_msgs/space_msgs/msg/detail/slip_estimate__rosidl_typesupport_introspection_cpp.hpp
-- Symlinking: /home/kj/Desktop/space/ros2_ws/src/install/space_msgs/include/space_msgs/space_msgs/msg/detail/terrain_estimate__rosidl_typesupport_introspection_cpp.hpp
-- Symlinking: /home/kj/Desktop/space/ros2_ws/src/install/space_msgs/include/space_msgs/space_msgs/msg/detail/traversability_score__rosidl_typesupport_introspection_cpp.hpp
-- Symlinking: /home/kj/Desktop/space/ros2_ws/src/install/space_msgs/share/space_msgs/environment/pythonpath.sh
-- Symlinking: /home/kj/Desktop/space/ros2_ws/src/install/space_msgs/share/space_msgs/environment/pythonpath.dsv
-- Symlinking: /home/kj/Desktop/space/ros2_ws/src/install/space_msgs/lib/python3.12/site-packages/space_msgs-0.1.0-py3.12.egg-info/PKG-INFO
-- Symlinking: /home/kj/Desktop/space/ros2_ws/src/install/space_msgs/lib/python3.12/site-packages/space_msgs-0.1.0-py3.12.egg-info/SOURCES.txt
-- Symlinking: /home/kj/Desktop/space/ros2_ws/src/install/space_msgs/lib/python3.12/site-packages/space_msgs-0.1.0-py3.12.egg-info/dependency_links.txt
-- Symlinking: /home/kj/Desktop/space/ros2_ws/src/install/space_msgs/lib/python3.12/site-packages/space_msgs-0.1.0-py3.12.egg-info/top_level.txt
-- Symlinking: /home/kj/Desktop/space/ros2_ws/src/install/space_msgs/lib/python3.12/site-packages/space_msgs/__init__.py
-- Symlinking: /home/kj/Desktop/space/ros2_ws/src/install/space_msgs/lib/python3.12/site-packages/space_msgs/_space_msgs_s.ep.rosidl_typesupport_c.c
-- Symlinking: /home/kj/Desktop/space/ros2_ws/src/install/space_msgs/lib/python3.12/site-packages/space_msgs/_space_msgs_s.ep.rosidl_typesupport_fastrtps_c.c
-- Symlinking: /home/kj/Desktop/space/ros2_ws/src/install/space_msgs/lib/python3.12/site-packages/space_msgs/_space_msgs_s.ep.rosidl_typesupport_introspection_c.c
-- Symlinking: /home/kj/Desktop/space/ros2_ws/src/install/space_msgs/lib/python3.12/site-packages/space_msgs/msg/__init__.py
-- Symlinking: /home/kj/Desktop/space/ros2_ws/src/install/space_msgs/lib/python3.12/site-packages/space_msgs/msg/_rover_spec.py
-- Symlinking: /home/kj/Desktop/space/ros2_ws/src/install/space_msgs/lib/python3.12/site-packages/space_msgs/msg/_rover_spec_s.c
-- Symlinking: /home/kj/Desktop/space/ros2_ws/src/install/space_msgs/lib/python3.12/site-packages/space_msgs/msg/_slip_estimate.py
-- Symlinking: /home/kj/Desktop/space/ros2_ws/src/install/space_msgs/lib/python3.12/site-packages/space_msgs/msg/_slip_estimate_s.c
-- Symlinking: /home/kj/Desktop/space/ros2_ws/src/install/space_msgs/lib/python3.12/site-packages/space_msgs/msg/_terrain_estimate.py
-- Symlinking: /home/kj/Desktop/space/ros2_ws/src/install/space_msgs/lib/python3.12/site-packages/space_msgs/msg/_terrain_estimate_s.c
-- Symlinking: /home/kj/Desktop/space/ros2_ws/src/install/space_msgs/lib/python3.12/site-packages/space_msgs/msg/_traversability_score.py
-- Symlinking: /home/kj/Desktop/space/ros2_ws/src/install/space_msgs/lib/python3.12/site-packages/space_msgs/msg/_traversability_score_s.c
-- Symlinking: /home/kj/Desktop/space/ros2_ws/src/install/space_msgs/lib/python3.12/site-packages/space_msgs/space_msgs_s__rosidl_typesupport_c.so
-- Symlinking: /home/kj/Desktop/space/ros2_ws/src/install/space_msgs/lib/python3.12/site-packages/space_msgs/space_msgs_s__rosidl_typesupport_fastrtps_c.so
-- Symlinking: /home/kj/Desktop/space/ros2_ws/src/install/space_msgs/lib/python3.12/site-packages/space_msgs/space_msgs_s__rosidl_typesupport_introspection_c.so
-- Up-to-date symlink: /home/kj/Desktop/space/ros2_ws/src/install/space_msgs/lib/python3.12/site-packages/space_msgs/space_msgs_s__rosidl_typesupport_fastrtps_c.so
-- Up-to-date symlink: /home/kj/Desktop/space/ros2_ws/src/install/space_msgs/lib/python3.12/site-packages/space_msgs/space_msgs_s__rosidl_typesupport_introspection_c.so
-- Up-to-date symlink: /home/kj/Desktop/space/ros2_ws/src/install/space_msgs/lib/python3.12/site-packages/space_msgs/space_msgs_s__rosidl_typesupport_c.so
-- Symlinking: /home/kj/Desktop/space/ros2_ws/src/install/space_msgs/share/ament_index/resource_index/rust_packages/space_msgs
-- Symlinking: /home/kj/Desktop/space/ros2_ws/src/install/space_msgs/share/space_msgs/rust/Cargo.toml
-- Symlinking: /home/kj/Desktop/space/ros2_ws/src/install/space_msgs/share/space_msgs/rust/build.rs
-- Symlinking: /home/kj/Desktop/space/ros2_ws/src/install/space_msgs/share/space_msgs/rust/src/lib.rs
-- Symlinking: /home/kj/Desktop/space/ros2_ws/src/install/space_msgs/share/space_msgs/rust/src/msg.rs
-- Symlinking: /home/kj/Desktop/space/ros2_ws/src/install/space_msgs/share/space_msgs/rust/src/msg/rmw.rs
-- Symlinking: /home/kj/Desktop/space/ros2_ws/src/install/space_msgs/share/space_msgs/msg/RoverSpec.idl
-- Symlinking: /home/kj/Desktop/space/ros2_ws/src/install/space_msgs/share/space_msgs/msg/SlipEstimate.idl
-- Symlinking: /home/kj/Desktop/space/ros2_ws/src/install/space_msgs/share/space_msgs/msg/TerrainEstimate.idl
-- Symlinking: /home/kj/Desktop/space/ros2_ws/src/install/space_msgs/share/space_msgs/msg/TraversabilityScore.idl
-- Symlinking: /home/kj/Desktop/space/ros2_ws/src/install/space_msgs/share/space_msgs/msg/RoverSpec.msg
-- Symlinking: /home/kj/Desktop/space/ros2_ws/src/install/space_msgs/share/space_msgs/msg/SlipEstimate.msg
-- Symlinking: /home/kj/Desktop/space/ros2_ws/src/install/space_msgs/share/space_msgs/msg/TerrainEstimate.msg
-- Symlinking: /home/kj/Desktop/space/ros2_ws/src/install/space_msgs/share/space_msgs/msg/TraversabilityScore.msg
-- Symlinking: /home/kj/Desktop/space/ros2_ws/src/install/space_msgs/share/ament_index/resource_index/package_run_dependencies/space_msgs
-- Symlinking: /home/kj/Desktop/space/ros2_ws/src/install/space_msgs/share/ament_index/resource_index/parent_prefix_path/space_msgs
-- Symlinking: /home/kj/Desktop/space/ros2_ws/src/install/space_msgs/share/space_msgs/environment/ament_prefix_path.sh
-- Symlinking: /home/kj/Desktop/space/ros2_ws/src/install/space_msgs/share/space_msgs/environment/ament_prefix_path.dsv
-- Symlinking: /home/kj/Desktop/space/ros2_ws/src/install/space_msgs/share/space_msgs/environment/path.sh
-- Symlinking: /home/kj/Desktop/space/ros2_ws/src/install/space_msgs/share/space_msgs/environment/path.dsv
-- Symlinking: /home/kj/Desktop/space/ros2_ws/src/install/space_msgs/share/space_msgs/local_setup.bash
-- Symlinking: /home/kj/Desktop/space/ros2_ws/src/install/space_msgs/share/space_msgs/local_setup.sh
-- Symlinking: /home/kj/Desktop/space/ros2_ws/src/install/space_msgs/share/space_msgs/local_setup.zsh
-- Symlinking: /home/kj/Desktop/space/ros2_ws/src/install/space_msgs/share/space_msgs/local_setup.dsv
-- Symlinking: /home/kj/Desktop/space/ros2_ws/src/install/space_msgs/share/space_msgs/package.dsv
-- Symlinking: /home/kj/Desktop/space/ros2_ws/src/install/space_msgs/share/ament_index/resource_index/packages/space_msgs
-- Symlinking: /home/kj/Desktop/space/ros2_ws/src/install/space_msgs/share/space_msgs/cmake/rosidl_cmake-extras.cmake
-- Symlinking: /home/kj/Desktop/space/ros2_ws/src/install/space_msgs/share/space_msgs/cmake/ament_cmake_export_dependencies-extras.cmake
-- Symlinking: /home/kj/Desktop/space/ros2_ws/src/install/space_msgs/share/space_msgs/cmake/ament_cmake_export_include_directories-extras.cmake
-- Symlinking: /home/kj/Desktop/space/ros2_ws/src/install/space_msgs/share/space_msgs/cmake/ament_cmake_export_libraries-extras.cmake
-- Symlinking: /home/kj/Desktop/space/ros2_ws/src/install/space_msgs/share/space_msgs/cmake/ament_cmake_export_targets-extras.cmake
-- Symlinking: /home/kj/Desktop/space/ros2_ws/src/install/space_msgs/share/space_msgs/cmake/rosidl_cmake_export_typesupport_targets-extras.cmake
-- Symlinking: /home/kj/Desktop/space/ros2_ws/src/install/space_msgs/share/space_msgs/cmake/rosidl_cmake_export_typesupport_libraries-extras.cmake
-- Symlinking: /home/kj/Desktop/space/ros2_ws/src/install/space_msgs/share/space_msgs/cmake/space_msgsConfig.cmake
-- Symlinking: /home/kj/Desktop/space/ros2_ws/src/install/space_msgs/share/space_msgs/cmake/space_msgsConfig-version.cmake
-- Symlinking: /home/kj/Desktop/space/ros2_ws/src/install/space_msgs/share/space_msgs/package.xml
-- Installing: /home/kj/Desktop/space/ros2_ws/src/install/space_msgs/lib/libspace_msgs__rosidl_generator_c.so
-- Set non-toolchain portion of runtime path of "/home/kj/Desktop/space/ros2_ws/src/install/space_msgs/lib/libspace_msgs__rosidl_generator_c.so" to ""
-- Installing: /home/kj/Desktop/space/ros2_ws/src/install/space_msgs/lib/libspace_msgs__rosidl_typesupport_fastrtps_c.so
-- Set non-toolchain portion of runtime path of "/home/kj/Desktop/space/ros2_ws/src/install/space_msgs/lib/libspace_msgs__rosidl_typesupport_fastrtps_c.so" to ""
-- Installing: /home/kj/Desktop/space/ros2_ws/src/install/space_msgs/lib/libspace_msgs__rosidl_typesupport_introspection_c.so
-- Set non-toolchain portion of runtime path of "/home/kj/Desktop/space/ros2_ws/src/install/space_msgs/lib/libspace_msgs__rosidl_typesupport_introspection_c.so" to ""
-- Installing: /home/kj/Desktop/space/ros2_ws/src/install/space_msgs/lib/libspace_msgs__rosidl_typesupport_c.so
-- Set non-toolchain portion of runtime path of "/home/kj/Desktop/space/ros2_ws/src/install/space_msgs/lib/libspace_msgs__rosidl_typesupport_c.so" to ""
-- Installing: /home/kj/Desktop/space/ros2_ws/src/install/space_msgs/lib/libspace_msgs__rosidl_typesupport_fastrtps_cpp.so
-- Set non-toolchain portion of runtime path of "/home/kj/Desktop/space/ros2_ws/src/install/space_msgs/lib/libspace_msgs__rosidl_typesupport_fastrtps_cpp.so" to ""
-- Installing: /home/kj/Desktop/space/ros2_ws/src/install/space_msgs/lib/libspace_msgs__rosidl_typesupport_introspection_cpp.so
-- Set non-toolchain portion of runtime path of "/home/kj/Desktop/space/ros2_ws/src/install/space_msgs/lib/libspace_msgs__rosidl_typesupport_introspection_cpp.so" to ""
-- Installing: /home/kj/Desktop/space/ros2_ws/src/install/space_msgs/lib/libspace_msgs__rosidl_typesupport_cpp.so
-- Set non-toolchain portion of runtime path of "/home/kj/Desktop/space/ros2_ws/src/install/space_msgs/lib/libspace_msgs__rosidl_typesupport_cpp.so" to ""
Listing '/home/kj/Desktop/space/ros2_ws/src/install/space_msgs/lib/python3.12/site-packages/space_msgs'...
Compiling '/home/kj/Desktop/space/ros2_ws/src/install/space_msgs/lib/python3.12/site-packages/space_msgs/__init__.py'...
Listing '/home/kj/Desktop/space/ros2_ws/src/install/space_msgs/lib/python3.12/site-packages/space_msgs/msg'...
Compiling '/home/kj/Desktop/space/ros2_ws/src/install/space_msgs/lib/python3.12/site-packages/space_msgs/msg/__init__.py'...
Compiling '/home/kj/Desktop/space/ros2_ws/src/install/space_msgs/lib/python3.12/site-packages/space_msgs/msg/_rover_spec.py'...
Compiling '/home/kj/Desktop/space/ros2_ws/src/install/space_msgs/lib/python3.12/site-packages/space_msgs/msg/_slip_estimate.py'...
Compiling '/home/kj/Desktop/space/ros2_ws/src/install/space_msgs/lib/python3.12/site-packages/space_msgs/msg/_terrain_estimate.py'...
Compiling '/home/kj/Desktop/space/ros2_ws/src/install/space_msgs/lib/python3.12/site-packages/space_msgs/msg/_traversability_score.py'...
-- Installing: /home/kj/Desktop/space/ros2_ws/src/install/space_msgs/lib/libspace_msgs__rosidl_generator_py.so
-- Set non-toolchain portion of runtime path of "/home/kj/Desktop/space/ros2_ws/src/install/space_msgs/lib/libspace_msgs__rosidl_generator_py.so" to ""
-- Installing: /home/kj/Desktop/space/ros2_ws/src/install/space_msgs/share/space_msgs/cmake/export_space_msgs__rosidl_generator_cExport.cmake
-- Installing: /home/kj/Desktop/space/ros2_ws/src/install/space_msgs/share/space_msgs/cmake/export_space_msgs__rosidl_generator_cExport-noconfig.cmake
-- Installing: /home/kj/Desktop/space/ros2_ws/src/install/space_msgs/share/space_msgs/cmake/export_space_msgs__rosidl_typesupport_fastrtps_cExport.cmake
-- Installing: /home/kj/Desktop/space/ros2_ws/src/install/space_msgs/share/space_msgs/cmake/export_space_msgs__rosidl_typesupport_fastrtps_cExport-noconfig.cmake
-- Installing: /home/kj/Desktop/space/ros2_ws/src/install/space_msgs/share/space_msgs/cmake/space_msgs__rosidl_typesupport_introspection_cExport.cmake
-- Installing: /home/kj/Desktop/space/ros2_ws/src/install/space_msgs/share/space_msgs/cmake/space_msgs__rosidl_typesupport_introspection_cExport-noconfig.cmake
-- Installing: /home/kj/Desktop/space/ros2_ws/src/install/space_msgs/share/space_msgs/cmake/space_msgs__rosidl_typesupport_cExport.cmake
-- Installing: /home/kj/Desktop/space/ros2_ws/src/install/space_msgs/share/space_msgs/cmake/space_msgs__rosidl_typesupport_cExport-noconfig.cmake
-- Installing: /home/kj/Desktop/space/ros2_ws/src/install/space_msgs/share/space_msgs/cmake/export_space_msgs__rosidl_generator_cppExport.cmake
-- Installing: /home/kj/Desktop/space/ros2_ws/src/install/space_msgs/share/space_msgs/cmake/export_space_msgs__rosidl_typesupport_fastrtps_cppExport.cmake
-- Installing: /home/kj/Desktop/space/ros2_ws/src/install/space_msgs/share/space_msgs/cmake/export_space_msgs__rosidl_typesupport_fastrtps_cppExport-noconfig.cmake
-- Installing: /home/kj/Desktop/space/ros2_ws/src/install/space_msgs/share/space_msgs/cmake/space_msgs__rosidl_typesupport_introspection_cppExport.cmake
-- Installing: /home/kj/Desktop/space/ros2_ws/src/install/space_msgs/share/space_msgs/cmake/space_msgs__rosidl_typesupport_introspection_cppExport-noconfig.cmake
-- Installing: /home/kj/Desktop/space/ros2_ws/src/install/space_msgs/share/space_msgs/cmake/space_msgs__rosidl_typesupport_cppExport.cmake
-- Installing: /home/kj/Desktop/space/ros2_ws/src/install/space_msgs/share/space_msgs/cmake/space_msgs__rosidl_typesupport_cppExport-noconfig.cmake
-- Installing: /home/kj/Desktop/space/ros2_ws/src/install/space_msgs/share/space_msgs/cmake/export_space_msgs__rosidl_generator_pyExport.cmake
-- Installing: /home/kj/Desktop/space/ros2_ws/src/install/space_msgs/share/space_msgs/cmake/export_space_msgs__rosidl_generator_pyExport-noconfig.cmake
