[0.016s] Invoking command in '/home/kj/Desktop/space/ros2_ws/src/build/space_msgs': CMAKE_PREFIX_PATH=${CMAKE_PREFIX_PATH}:/opt/ros/jazzy DEBUGINFOD_URLS=https://debuginfod.ubuntu.com /usr/bin/cmake /home/kj/Desktop/space/ros2_ws/src/space_msgs -DAMENT_CMAKE_SYMLINK_INSTALL=1 -DCMAKE_INSTALL_PREFIX=/home/kj/Desktop/space/ros2_ws/src/install/space_msgs
[0.337s] -- The C compiler identification is GNU 13.3.0
[0.337s] -- The CXX compiler identification is GNU 13.3.0
[0.337s] -- Detecting C compiler ABI info
[0.337s] -- Detecting C compiler ABI info - done
[0.337s] -- Check for working C compiler: /usr/bin/cc - skipped
[0.337s] -- Detecting C compile features
[0.337s] -- Detecting C compile features - done
[0.337s] -- Detecting CXX compiler ABI info
[0.337s] -- Detecting CXX compiler ABI info - done
[0.337s] -- Check for working CXX compiler: /usr/bin/c++ - skipped
[0.337s] -- Detecting CXX compile features
[0.337s] -- Detecting CXX compile features - done
[0.337s] -- Found ament_cmake: 2.5.6 (/opt/ros/jazzy/share/ament_cmake/cmake)
[0.487s] -- Found Python3: /usr/bin/python3 (found version "3.12.3") found components: Interpreter 
[0.487s] -- Override CMake install command with custom implementation using symlinks instead of copying resources
[0.521s] -- Found rosidl_default_generators: 1.6.0 (/opt/ros/jazzy/share/rosidl_default_generators/cmake)
[0.529s] -- Using all available rosidl_typesupport_c: rosidl_typesupport_fastrtps_c;rosidl_typesupport_introspection_c
[0.586s] -- Using all available rosidl_typesupport_cpp: rosidl_typesupport_fastrtps_cpp;rosidl_typesupport_introspection_cpp
[0.638s] -- Found rosidl_adapter: 4.6.7 (/opt/ros/jazzy/share/rosidl_adapter/cmake)
[0.643s] -- Found builtin_interfaces: 2.0.3 (/opt/ros/jazzy/share/builtin_interfaces/cmake)
[0.664s] -- Found grid_map_msgs: 2.2.2 (/opt/ros/jazzy/share/grid_map_msgs/cmake)
[1.237s] -- Found ament_cmake_ros: 0.12.0 (/opt/ros/jazzy/share/ament_cmake_ros/cmake)
[1.643s] -- Using all available rosidl_typesupport_c: rosidl_typesupport_fastrtps_c;rosidl_typesupport_introspection_c
[2.176s] -- Using all available rosidl_typesupport_cpp: rosidl_typesupport_fastrtps_cpp;rosidl_typesupport_introspection_cpp
[2.179s] -- Found python_cmake_module: 0.11.1 (/opt/ros/jazzy/share/python_cmake_module/cmake)
[2.289s] -- Found PythonExtra: /usr/bin/python3  
[2.645s] -- Found Python3: /usr/bin/python3 (found version "3.12.3") found components: Interpreter Development NumPy Development.Module Development.Embed 
[2.734s] -- Found Python3: /usr/bin/python3 (found version "3.12.3") found components: Interpreter 
[2.739s] -- Found ament_lint_auto: 0.17.5 (/opt/ros/jazzy/share/ament_lint_auto/cmake)
[2.772s] -- Added test 'copyright' to check source files copyright and LICENSE
[2.774s] -- Added test 'lint_cmake' to check CMake code style
[2.775s] -- Added test 'xmllint' to check XML markup files
[2.778s] -- Configuring done (2.8s)
[2.812s] -- Generating done (0.0s)
[2.821s] -- Build files have been written to: /home/kj/Desktop/space/ros2_ws/src/build/space_msgs
[2.831s] Invoked command in '/home/kj/Desktop/space/ros2_ws/src/build/space_msgs' returned '0': CMAKE_PREFIX_PATH=${CMAKE_PREFIX_PATH}:/opt/ros/jazzy DEBUGINFOD_URLS=https://debuginfod.ubuntu.com /usr/bin/cmake /home/kj/Desktop/space/ros2_ws/src/space_msgs -DAMENT_CMAKE_SYMLINK_INSTALL=1 -DCMAKE_INSTALL_PREFIX=/home/kj/Desktop/space/ros2_ws/src/install/space_msgs
[2.832s] Invoking command in '/home/kj/Desktop/space/ros2_ws/src/build/space_msgs': CMAKE_PREFIX_PATH=${CMAKE_PREFIX_PATH}:/opt/ros/jazzy DEBUGINFOD_URLS=https://debuginfod.ubuntu.com /usr/bin/cmake --build /home/kj/Desktop/space/ros2_ws/src/build/space_msgs -- -j16 -l16
[2.883s] [  3%] Generating Rust code for ROS interfaces
[2.883s] [  3%] Generating type hashes for ROS interfaces
[2.891s] [  3%] Built target ament_cmake_python_symlink_space_msgs
[3.047s] running egg_info
[3.047s] creating space_msgs.egg-info
[3.063s] writing space_msgs.egg-info/PKG-INFO
[3.063s] writing dependency_links to space_msgs.egg-info/dependency_links.txt
[3.063s] writing top-level names to space_msgs.egg-info/top_level.txt
[3.064s] writing manifest file 'space_msgs.egg-info/SOURCES.txt'
[3.110s] reading manifest file 'space_msgs.egg-info/SOURCES.txt'
[3.110s] writing manifest file 'space_msgs.egg-info/SOURCES.txt'
[3.142s] [  3%] Built target ament_cmake_python_build_space_msgs_egg
[3.342s] [  3%] Built target space_msgs__rosidl_generator_type_description
[3.353s] [  4%] Generating C code for ROS interfaces
[3.364s] [  6%] Generating C++ code for ROS interfaces
[3.365s] [  6%] Built target space_msgs__rs
[3.934s] [  6%] Built target space_msgs__cpp
[3.987s] [  9%] Building C object CMakeFiles/space_msgs__rosidl_generator_c.dir/rosidl_generator_c/space_msgs/msg/detail/rover_spec__type_support.c.o
[3.987s] [  9%] Building C object CMakeFiles/space_msgs__rosidl_generator_c.dir/rosidl_generator_c/space_msgs/msg/detail/rover_spec__functions.c.o
[3.988s] [ 12%] Building C object CMakeFiles/space_msgs__rosidl_generator_c.dir/rosidl_generator_c/space_msgs/msg/detail/terrain_estimate__functions.c.o
[3.988s] [ 12%] Building C object CMakeFiles/space_msgs__rosidl_generator_c.dir/rosidl_generator_c/space_msgs/msg/detail/rover_spec__description.c.o
[3.989s] [ 13%] Building C object CMakeFiles/space_msgs__rosidl_generator_c.dir/rosidl_generator_c/space_msgs/msg/detail/terrain_estimate__description.c.o
[3.989s] [ 15%] Building C object CMakeFiles/space_msgs__rosidl_generator_c.dir/rosidl_generator_c/space_msgs/msg/detail/traversability_score__type_support.c.o
[3.990s] [ 16%] Building C object CMakeFiles/space_msgs__rosidl_generator_c.dir/rosidl_generator_c/space_msgs/msg/detail/slip_estimate__type_support.c.o
[3.990s] [ 18%] Building C object CMakeFiles/space_msgs__rosidl_generator_c.dir/rosidl_generator_c/space_msgs/msg/detail/terrain_estimate__type_support.c.o
[3.991s] [ 20%] Building C object CMakeFiles/space_msgs__rosidl_generator_c.dir/rosidl_generator_c/space_msgs/msg/detail/slip_estimate__description.c.o
[3.993s] [ 21%] Building C object CMakeFiles/space_msgs__rosidl_generator_c.dir/rosidl_generator_c/space_msgs/msg/detail/slip_estimate__functions.c.o
[3.993s] [ 23%] Building C object CMakeFiles/space_msgs__rosidl_generator_c.dir/rosidl_generator_c/space_msgs/msg/detail/traversability_score__functions.c.o
[3.997s] [ 24%] Building C object CMakeFiles/space_msgs__rosidl_generator_c.dir/rosidl_generator_c/space_msgs/msg/detail/traversability_score__description.c.o
[4.055s] [ 26%] Linking C shared library libspace_msgs__rosidl_generator_c.so
[4.094s] [ 26%] Built target space_msgs__rosidl_generator_c
[4.105s] [ 29%] Generating C++ type support for eProsima Fast-RTPS
[4.105s] [ 29%] Generating C type support dispatch for ROS interfaces
[4.106s] [ 32%] Generating C type support for eProsima Fast-RTPS
[4.106s] [ 32%] Generating C introspection for ROS interfaces
[4.106s] [ 33%] Generating C++ introspection for ROS interfaces
[4.107s] [ 35%] Generating C++ type support dispatch for ROS interfaces
[4.715s] [ 38%] Building CXX object CMakeFiles/space_msgs__rosidl_typesupport_c.dir/rosidl_typesupport_c/space_msgs/msg/slip_estimate__type_support.cpp.o
[4.715s] [ 38%] Building CXX object CMakeFiles/space_msgs__rosidl_typesupport_c.dir/rosidl_typesupport_c/space_msgs/msg/rover_spec__type_support.cpp.o
[4.715s] [ 40%] Building CXX object CMakeFiles/space_msgs__rosidl_typesupport_c.dir/rosidl_typesupport_c/space_msgs/msg/terrain_estimate__type_support.cpp.o
[4.719s] [ 41%] Building CXX object CMakeFiles/space_msgs__rosidl_typesupport_c.dir/rosidl_typesupport_c/space_msgs/msg/traversability_score__type_support.cpp.o
[4.750s] [ 43%] Building C object CMakeFiles/space_msgs__rosidl_typesupport_introspection_c.dir/rosidl_typesupport_introspection_c/space_msgs/msg/detail/slip_estimate__type_support.c.o
[4.758s] [ 44%] Building C object CMakeFiles/space_msgs__rosidl_typesupport_introspection_c.dir/rosidl_typesupport_introspection_c/space_msgs/msg/detail/rover_spec__type_support.c.o
[4.763s] [ 46%] Building C object CMakeFiles/space_msgs__rosidl_typesupport_introspection_c.dir/rosidl_typesupport_introspection_c/space_msgs/msg/detail/terrain_estimate__type_support.c.o
[4.783s] [ 47%] Building CXX object CMakeFiles/space_msgs__rosidl_typesupport_cpp.dir/rosidl_typesupport_cpp/space_msgs/msg/rover_spec__type_support.cpp.o
[4.783s] [ 49%] Building C object CMakeFiles/space_msgs__rosidl_typesupport_introspection_c.dir/rosidl_typesupport_introspection_c/space_msgs/msg/detail/traversability_score__type_support.c.o
[4.790s] [ 50%] Building CXX object CMakeFiles/space_msgs__rosidl_typesupport_cpp.dir/rosidl_typesupport_cpp/space_msgs/msg/slip_estimate__type_support.cpp.o
[4.794s] [ 52%] Building CXX object CMakeFiles/space_msgs__rosidl_typesupport_cpp.dir/rosidl_typesupport_cpp/space_msgs/msg/terrain_estimate__type_support.cpp.o
[4.794s] [ 53%] Building CXX object CMakeFiles/space_msgs__rosidl_typesupport_cpp.dir/rosidl_typesupport_cpp/space_msgs/msg/traversability_score__type_support.cpp.o
[4.805s] [ 55%] Linking CXX shared library libspace_msgs__rosidl_typesupport_c.so
[4.818s] [ 56%] Building CXX object CMakeFiles/space_msgs__rosidl_typesupport_fastrtps_c.dir/rosidl_typesupport_fastrtps_c/space_msgs/msg/detail/rover_spec__type_support_c.cpp.o
[4.818s] [ 58%] Building CXX object CMakeFiles/space_msgs__rosidl_typesupport_fastrtps_cpp.dir/rosidl_typesupport_fastrtps_cpp/space_msgs/msg/detail/dds_fastrtps/rover_spec__type_support.cpp.o
[4.818s] [ 60%] Building CXX object CMakeFiles/space_msgs__rosidl_typesupport_fastrtps_cpp.dir/rosidl_typesupport_fastrtps_cpp/space_msgs/msg/detail/dds_fastrtps/traversability_score__type_support.cpp.o
[4.820s] [ 61%] Building CXX object CMakeFiles/space_msgs__rosidl_typesupport_fastrtps_cpp.dir/rosidl_typesupport_fastrtps_cpp/space_msgs/msg/detail/dds_fastrtps/terrain_estimate__type_support.cpp.o
[4.821s] [ 63%] Building CXX object CMakeFiles/space_msgs__rosidl_typesupport_fastrtps_cpp.dir/rosidl_typesupport_fastrtps_cpp/space_msgs/msg/detail/dds_fastrtps/slip_estimate__type_support.cpp.o
[4.824s] [ 64%] Building CXX object CMakeFiles/space_msgs__rosidl_typesupport_fastrtps_c.dir/rosidl_typesupport_fastrtps_c/space_msgs/msg/detail/terrain_estimate__type_support_c.cpp.o
[4.824s] [ 66%] Building CXX object CMakeFiles/space_msgs__rosidl_typesupport_fastrtps_c.dir/rosidl_typesupport_fastrtps_c/space_msgs/msg/detail/slip_estimate__type_support_c.cpp.o
[4.825s] [ 67%] Building CXX object CMakeFiles/space_msgs__rosidl_typesupport_fastrtps_c.dir/rosidl_typesupport_fastrtps_c/space_msgs/msg/detail/traversability_score__type_support_c.cpp.o
[4.835s] [ 69%] Building CXX object CMakeFiles/space_msgs__rosidl_typesupport_introspection_cpp.dir/rosidl_typesupport_introspection_cpp/space_msgs/msg/detail/rover_spec__type_support.cpp.o
[4.853s] [ 70%] Building CXX object CMakeFiles/space_msgs__rosidl_typesupport_introspection_cpp.dir/rosidl_typesupport_introspection_cpp/space_msgs/msg/detail/slip_estimate__type_support.cpp.o
[4.859s] [ 72%] Linking C shared library libspace_msgs__rosidl_typesupport_introspection_c.so
[4.868s] [ 72%] Built target space_msgs__rosidl_typesupport_c
[4.901s] [ 73%] Building CXX object CMakeFiles/space_msgs__rosidl_typesupport_introspection_cpp.dir/rosidl_typesupport_introspection_cpp/space_msgs/msg/detail/terrain_estimate__type_support.cpp.o
[4.957s] [ 73%] Built target space_msgs__rosidl_typesupport_introspection_c
[4.991s] [ 75%] Building CXX object CMakeFiles/space_msgs__rosidl_typesupport_introspection_cpp.dir/rosidl_typesupport_introspection_cpp/space_msgs/msg/detail/traversability_score__type_support.cpp.o
[5.432s] [ 76%] Linking CXX shared library libspace_msgs__rosidl_typesupport_cpp.so
[5.510s] [ 76%] Built target space_msgs__rosidl_typesupport_cpp
[5.568s] [ 78%] Linking CXX shared library libspace_msgs__rosidl_typesupport_introspection_cpp.so
[5.659s] [ 80%] Linking CXX shared library libspace_msgs__rosidl_typesupport_fastrtps_cpp.so
[5.666s] [ 80%] Built target space_msgs__rosidl_typesupport_introspection_cpp
[5.712s] [ 81%] Linking CXX shared library libspace_msgs__rosidl_typesupport_fastrtps_c.so
[5.760s] [ 81%] Built target space_msgs__rosidl_typesupport_fastrtps_cpp
[5.800s] [ 81%] Built target space_msgs__rosidl_typesupport_fastrtps_c
[5.824s] [ 81%] Built target space_msgs
[5.853s] [ 83%] Generating Python code for ROS interfaces
[6.808s] [ 83%] Built target space_msgs__py
[6.829s] [ 89%] Building C object CMakeFiles/space_msgs__rosidl_generator_py.dir/rosidl_generator_py/space_msgs/msg/_traversability_score_s.c.o
[6.829s] [ 89%] Building C object CMakeFiles/space_msgs__rosidl_generator_py.dir/rosidl_generator_py/space_msgs/msg/_slip_estimate_s.c.o
[6.829s] [ 89%] Building C object CMakeFiles/space_msgs__rosidl_generator_py.dir/rosidl_generator_py/space_msgs/msg/_rover_spec_s.c.o
[6.829s] [ 89%] Building C object CMakeFiles/space_msgs__rosidl_generator_py.dir/rosidl_generator_py/space_msgs/msg/_terrain_estimate_s.c.o
[6.932s] [ 90%] Linking C shared library libspace_msgs__rosidl_generator_py.so
[6.977s] [ 90%] Built target space_msgs__rosidl_generator_py
[6.995s] [ 95%] Building C object CMakeFiles/space_msgs_s__rosidl_typesupport_introspection_c.dir/rosidl_generator_py/space_msgs/_space_msgs_s.ep.rosidl_typesupport_introspection_c.c.o
[6.995s] [ 95%] Building C object CMakeFiles/space_msgs_s__rosidl_typesupport_c.dir/rosidl_generator_py/space_msgs/_space_msgs_s.ep.rosidl_typesupport_c.c.o
[6.995s] [ 95%] Building C object CMakeFiles/space_msgs_s__rosidl_typesupport_fastrtps_c.dir/rosidl_generator_py/space_msgs/_space_msgs_s.ep.rosidl_typesupport_fastrtps_c.c.o
[7.078s] [ 96%] Linking C shared module rosidl_generator_py/space_msgs/space_msgs_s__rosidl_typesupport_c.so
[7.078s] [ 98%] Linking C shared module rosidl_generator_py/space_msgs/space_msgs_s__rosidl_typesupport_introspection_c.so
[7.079s] [100%] Linking C shared module rosidl_generator_py/space_msgs/space_msgs_s__rosidl_typesupport_fastrtps_c.so
[7.109s] [100%] Built target space_msgs_s__rosidl_typesupport_c
[7.109s] [100%] Built target space_msgs_s__rosidl_typesupport_introspection_c
[7.109s] [100%] Built target space_msgs_s__rosidl_typesupport_fastrtps_c
[7.121s] Invoked command in '/home/kj/Desktop/space/ros2_ws/src/build/space_msgs' returned '0': CMAKE_PREFIX_PATH=${CMAKE_PREFIX_PATH}:/opt/ros/jazzy DEBUGINFOD_URLS=https://debuginfod.ubuntu.com /usr/bin/cmake --build /home/kj/Desktop/space/ros2_ws/src/build/space_msgs -- -j16 -l16
[7.121s] Invoking command in '/home/kj/Desktop/space/ros2_ws/src/build/space_msgs': CMAKE_PREFIX_PATH=${CMAKE_PREFIX_PATH}:/opt/ros/jazzy DEBUGINFOD_URLS=https://debuginfod.ubuntu.com /usr/bin/cmake --install /home/kj/Desktop/space/ros2_ws/src/build/space_msgs
[7.128s] -- Install configuration: ""
[7.129s] -- Execute custom install script
[7.129s] -- Symlinking: /home/kj/Desktop/space/ros2_ws/src/install/space_msgs/share/ament_index/resource_index/rosidl_interfaces/space_msgs
[7.138s] -- Symlinking: /home/kj/Desktop/space/ros2_ws/src/install/space_msgs/share/space_msgs/msg/RoverSpec.json
[7.147s] -- Symlinking: /home/kj/Desktop/space/ros2_ws/src/install/space_msgs/share/space_msgs/msg/SlipEstimate.json
[7.158s] -- Symlinking: /home/kj/Desktop/space/ros2_ws/src/install/space_msgs/share/space_msgs/msg/TerrainEstimate.json
[7.167s] -- Symlinking: /home/kj/Desktop/space/ros2_ws/src/install/space_msgs/share/space_msgs/msg/TraversabilityScore.json
[7.176s] -- Symlinking: /home/kj/Desktop/space/ros2_ws/src/install/space_msgs/include/space_msgs/space_msgs/msg/detail/rover_spec__functions.h
[7.183s] -- Symlinking: /home/kj/Desktop/space/ros2_ws/src/install/space_msgs/include/space_msgs/space_msgs/msg/detail/rover_spec__struct.h
[7.191s] -- Symlinking: /home/kj/Desktop/space/ros2_ws/src/install/space_msgs/include/space_msgs/space_msgs/msg/detail/rover_spec__type_support.h
[7.199s] -- Symlinking: /home/kj/Desktop/space/ros2_ws/src/install/space_msgs/include/space_msgs/space_msgs/msg/detail/slip_estimate__functions.h
[7.207s] -- Symlinking: /home/kj/Desktop/space/ros2_ws/src/install/space_msgs/include/space_msgs/space_msgs/msg/detail/slip_estimate__struct.h
[7.218s] -- Symlinking: /home/kj/Desktop/space/ros2_ws/src/install/space_msgs/include/space_msgs/space_msgs/msg/detail/slip_estimate__type_support.h
[7.226s] -- Symlinking: /home/kj/Desktop/space/ros2_ws/src/install/space_msgs/include/space_msgs/space_msgs/msg/detail/terrain_estimate__functions.h
[7.235s] -- Symlinking: /home/kj/Desktop/space/ros2_ws/src/install/space_msgs/include/space_msgs/space_msgs/msg/detail/terrain_estimate__struct.h
[7.244s] -- Symlinking: /home/kj/Desktop/space/ros2_ws/src/install/space_msgs/include/space_msgs/space_msgs/msg/detail/terrain_estimate__type_support.h
[7.253s] -- Symlinking: /home/kj/Desktop/space/ros2_ws/src/install/space_msgs/include/space_msgs/space_msgs/msg/detail/traversability_score__functions.h
[7.260s] -- Symlinking: /home/kj/Desktop/space/ros2_ws/src/install/space_msgs/include/space_msgs/space_msgs/msg/detail/traversability_score__struct.h
[7.269s] -- Symlinking: /home/kj/Desktop/space/ros2_ws/src/install/space_msgs/include/space_msgs/space_msgs/msg/detail/traversability_score__type_support.h
[7.279s] -- Symlinking: /home/kj/Desktop/space/ros2_ws/src/install/space_msgs/include/space_msgs/space_msgs/msg/rosidl_generator_c__visibility_control.h
[7.289s] -- Symlinking: /home/kj/Desktop/space/ros2_ws/src/install/space_msgs/include/space_msgs/space_msgs/msg/rover_spec.h
[7.298s] -- Symlinking: /home/kj/Desktop/space/ros2_ws/src/install/space_msgs/include/space_msgs/space_msgs/msg/slip_estimate.h
[7.307s] -- Symlinking: /home/kj/Desktop/space/ros2_ws/src/install/space_msgs/include/space_msgs/space_msgs/msg/terrain_estimate.h
[7.315s] -- Symlinking: /home/kj/Desktop/space/ros2_ws/src/install/space_msgs/include/space_msgs/space_msgs/msg/traversability_score.h
[7.324s] -- Symlinking: /home/kj/Desktop/space/ros2_ws/src/install/space_msgs/share/space_msgs/environment/library_path.sh
[7.333s] -- Symlinking: /home/kj/Desktop/space/ros2_ws/src/install/space_msgs/share/space_msgs/environment/library_path.dsv
[7.343s] -- Symlinking: /home/kj/Desktop/space/ros2_ws/src/install/space_msgs/include/space_msgs/space_msgs/msg/detail/rover_spec__rosidl_typesupport_fastrtps_c.h
[7.361s] -- Symlinking: /home/kj/Desktop/space/ros2_ws/src/install/space_msgs/include/space_msgs/space_msgs/msg/detail/slip_estimate__rosidl_typesupport_fastrtps_c.h
[7.369s] -- Symlinking: /home/kj/Desktop/space/ros2_ws/src/install/space_msgs/include/space_msgs/space_msgs/msg/detail/terrain_estimate__rosidl_typesupport_fastrtps_c.h
[7.381s] -- Symlinking: /home/kj/Desktop/space/ros2_ws/src/install/space_msgs/include/space_msgs/space_msgs/msg/detail/traversability_score__rosidl_typesupport_fastrtps_c.h
[7.391s] -- Symlinking: /home/kj/Desktop/space/ros2_ws/src/install/space_msgs/include/space_msgs/space_msgs/msg/rosidl_typesupport_fastrtps_c__visibility_control.h
[7.402s] -- Symlinking: /home/kj/Desktop/space/ros2_ws/src/install/space_msgs/include/space_msgs/space_msgs/msg/detail/rover_spec__rosidl_typesupport_introspection_c.h
[7.411s] -- Symlinking: /home/kj/Desktop/space/ros2_ws/src/install/space_msgs/include/space_msgs/space_msgs/msg/detail/slip_estimate__rosidl_typesupport_introspection_c.h
[7.420s] -- Symlinking: /home/kj/Desktop/space/ros2_ws/src/install/space_msgs/include/space_msgs/space_msgs/msg/detail/terrain_estimate__rosidl_typesupport_introspection_c.h
[7.430s] -- Symlinking: /home/kj/Desktop/space/ros2_ws/src/install/space_msgs/include/space_msgs/space_msgs/msg/detail/traversability_score__rosidl_typesupport_introspection_c.h
[7.439s] -- Symlinking: /home/kj/Desktop/space/ros2_ws/src/install/space_msgs/include/space_msgs/space_msgs/msg/rosidl_typesupport_introspection_c__visibility_control.h
[7.447s] -- Symlinking: /home/kj/Desktop/space/ros2_ws/src/install/space_msgs/include/space_msgs/space_msgs/msg/detail/rover_spec__builder.hpp
[7.455s] -- Symlinking: /home/kj/Desktop/space/ros2_ws/src/install/space_msgs/include/space_msgs/space_msgs/msg/detail/rover_spec__struct.hpp
[7.464s] -- Symlinking: /home/kj/Desktop/space/ros2_ws/src/install/space_msgs/include/space_msgs/space_msgs/msg/detail/rover_spec__traits.hpp
[7.473s] -- Symlinking: /home/kj/Desktop/space/ros2_ws/src/install/space_msgs/include/space_msgs/space_msgs/msg/detail/rover_spec__type_support.hpp
[7.483s] -- Symlinking: /home/kj/Desktop/space/ros2_ws/src/install/space_msgs/include/space_msgs/space_msgs/msg/detail/slip_estimate__builder.hpp
[7.491s] -- Symlinking: /home/kj/Desktop/space/ros2_ws/src/install/space_msgs/include/space_msgs/space_msgs/msg/detail/slip_estimate__struct.hpp
[7.500s] -- Symlinking: /home/kj/Desktop/space/ros2_ws/src/install/space_msgs/include/space_msgs/space_msgs/msg/detail/slip_estimate__traits.hpp
[7.508s] -- Symlinking: /home/kj/Desktop/space/ros2_ws/src/install/space_msgs/include/space_msgs/space_msgs/msg/detail/slip_estimate__type_support.hpp
[7.516s] -- Symlinking: /home/kj/Desktop/space/ros2_ws/src/install/space_msgs/include/space_msgs/space_msgs/msg/detail/terrain_estimate__builder.hpp
[7.524s] -- Symlinking: /home/kj/Desktop/space/ros2_ws/src/install/space_msgs/include/space_msgs/space_msgs/msg/detail/terrain_estimate__struct.hpp
[7.533s] -- Symlinking: /home/kj/Desktop/space/ros2_ws/src/install/space_msgs/include/space_msgs/space_msgs/msg/detail/terrain_estimate__traits.hpp
[7.542s] -- Symlinking: /home/kj/Desktop/space/ros2_ws/src/install/space_msgs/include/space_msgs/space_msgs/msg/detail/terrain_estimate__type_support.hpp
[7.553s] -- Symlinking: /home/kj/Desktop/space/ros2_ws/src/install/space_msgs/include/space_msgs/space_msgs/msg/detail/traversability_score__builder.hpp
[7.562s] -- Symlinking: /home/kj/Desktop/space/ros2_ws/src/install/space_msgs/include/space_msgs/space_msgs/msg/detail/traversability_score__struct.hpp
[7.571s] -- Symlinking: /home/kj/Desktop/space/ros2_ws/src/install/space_msgs/include/space_msgs/space_msgs/msg/detail/traversability_score__traits.hpp
[7.579s] -- Symlinking: /home/kj/Desktop/space/ros2_ws/src/install/space_msgs/include/space_msgs/space_msgs/msg/detail/traversability_score__type_support.hpp
[7.587s] -- Symlinking: /home/kj/Desktop/space/ros2_ws/src/install/space_msgs/include/space_msgs/space_msgs/msg/rosidl_generator_cpp__visibility_control.hpp
[7.595s] -- Symlinking: /home/kj/Desktop/space/ros2_ws/src/install/space_msgs/include/space_msgs/space_msgs/msg/rover_spec.hpp
[7.604s] -- Symlinking: /home/kj/Desktop/space/ros2_ws/src/install/space_msgs/include/space_msgs/space_msgs/msg/slip_estimate.hpp
[7.614s] -- Symlinking: /home/kj/Desktop/space/ros2_ws/src/install/space_msgs/include/space_msgs/space_msgs/msg/terrain_estimate.hpp
[7.622s] -- Symlinking: /home/kj/Desktop/space/ros2_ws/src/install/space_msgs/include/space_msgs/space_msgs/msg/traversability_score.hpp
[7.632s] -- Symlinking: /home/kj/Desktop/space/ros2_ws/src/install/space_msgs/include/space_msgs/space_msgs/msg/detail/rover_spec__rosidl_typesupport_fastrtps_cpp.hpp
[7.641s] -- Symlinking: /home/kj/Desktop/space/ros2_ws/src/install/space_msgs/include/space_msgs/space_msgs/msg/detail/slip_estimate__rosidl_typesupport_fastrtps_cpp.hpp
[7.651s] -- Symlinking: /home/kj/Desktop/space/ros2_ws/src/install/space_msgs/include/space_msgs/space_msgs/msg/detail/terrain_estimate__rosidl_typesupport_fastrtps_cpp.hpp
[7.658s] -- Symlinking: /home/kj/Desktop/space/ros2_ws/src/install/space_msgs/include/space_msgs/space_msgs/msg/detail/traversability_score__rosidl_typesupport_fastrtps_cpp.hpp
[7.667s] -- Symlinking: /home/kj/Desktop/space/ros2_ws/src/install/space_msgs/include/space_msgs/space_msgs/msg/rosidl_typesupport_fastrtps_cpp__visibility_control.h
[7.677s] -- Symlinking: /home/kj/Desktop/space/ros2_ws/src/install/space_msgs/include/space_msgs/space_msgs/msg/detail/rover_spec__rosidl_typesupport_introspection_cpp.hpp
[7.686s] -- Symlinking: /home/kj/Desktop/space/ros2_ws/src/install/space_msgs/include/space_msgs/space_msgs/msg/detail/slip_estimate__rosidl_typesupport_introspection_cpp.hpp
[7.697s] -- Symlinking: /home/kj/Desktop/space/ros2_ws/src/install/space_msgs/include/space_msgs/space_msgs/msg/detail/terrain_estimate__rosidl_typesupport_introspection_cpp.hpp
[7.705s] -- Symlinking: /home/kj/Desktop/space/ros2_ws/src/install/space_msgs/include/space_msgs/space_msgs/msg/detail/traversability_score__rosidl_typesupport_introspection_cpp.hpp
[7.713s] -- Symlinking: /home/kj/Desktop/space/ros2_ws/src/install/space_msgs/share/space_msgs/environment/pythonpath.sh
[7.721s] -- Symlinking: /home/kj/Desktop/space/ros2_ws/src/install/space_msgs/share/space_msgs/environment/pythonpath.dsv
[7.729s] -- Symlinking: /home/kj/Desktop/space/ros2_ws/src/install/space_msgs/lib/python3.12/site-packages/space_msgs-0.1.0-py3.12.egg-info/PKG-INFO
[7.738s] -- Symlinking: /home/kj/Desktop/space/ros2_ws/src/install/space_msgs/lib/python3.12/site-packages/space_msgs-0.1.0-py3.12.egg-info/SOURCES.txt
[7.749s] -- Symlinking: /home/kj/Desktop/space/ros2_ws/src/install/space_msgs/lib/python3.12/site-packages/space_msgs-0.1.0-py3.12.egg-info/dependency_links.txt
[7.758s] -- Symlinking: /home/kj/Desktop/space/ros2_ws/src/install/space_msgs/lib/python3.12/site-packages/space_msgs-0.1.0-py3.12.egg-info/top_level.txt
[7.767s] -- Symlinking: /home/kj/Desktop/space/ros2_ws/src/install/space_msgs/lib/python3.12/site-packages/space_msgs/__init__.py
[7.775s] -- Symlinking: /home/kj/Desktop/space/ros2_ws/src/install/space_msgs/lib/python3.12/site-packages/space_msgs/_space_msgs_s.ep.rosidl_typesupport_c.c
[7.783s] -- Symlinking: /home/kj/Desktop/space/ros2_ws/src/install/space_msgs/lib/python3.12/site-packages/space_msgs/_space_msgs_s.ep.rosidl_typesupport_fastrtps_c.c
[7.792s] -- Symlinking: /home/kj/Desktop/space/ros2_ws/src/install/space_msgs/lib/python3.12/site-packages/space_msgs/_space_msgs_s.ep.rosidl_typesupport_introspection_c.c
[7.801s] -- Symlinking: /home/kj/Desktop/space/ros2_ws/src/install/space_msgs/lib/python3.12/site-packages/space_msgs/msg/__init__.py
[7.811s] -- Symlinking: /home/kj/Desktop/space/ros2_ws/src/install/space_msgs/lib/python3.12/site-packages/space_msgs/msg/_rover_spec.py
[7.821s] -- Symlinking: /home/kj/Desktop/space/ros2_ws/src/install/space_msgs/lib/python3.12/site-packages/space_msgs/msg/_rover_spec_s.c
[7.830s] -- Symlinking: /home/kj/Desktop/space/ros2_ws/src/install/space_msgs/lib/python3.12/site-packages/space_msgs/msg/_slip_estimate.py
[7.839s] -- Symlinking: /home/kj/Desktop/space/ros2_ws/src/install/space_msgs/lib/python3.12/site-packages/space_msgs/msg/_slip_estimate_s.c
[7.846s] -- Symlinking: /home/kj/Desktop/space/ros2_ws/src/install/space_msgs/lib/python3.12/site-packages/space_msgs/msg/_terrain_estimate.py
[7.854s] -- Symlinking: /home/kj/Desktop/space/ros2_ws/src/install/space_msgs/lib/python3.12/site-packages/space_msgs/msg/_terrain_estimate_s.c
[7.863s] -- Symlinking: /home/kj/Desktop/space/ros2_ws/src/install/space_msgs/lib/python3.12/site-packages/space_msgs/msg/_traversability_score.py
[7.871s] -- Symlinking: /home/kj/Desktop/space/ros2_ws/src/install/space_msgs/lib/python3.12/site-packages/space_msgs/msg/_traversability_score_s.c
[7.881s] -- Symlinking: /home/kj/Desktop/space/ros2_ws/src/install/space_msgs/lib/python3.12/site-packages/space_msgs/space_msgs_s__rosidl_typesupport_c.so
[7.889s] -- Symlinking: /home/kj/Desktop/space/ros2_ws/src/install/space_msgs/lib/python3.12/site-packages/space_msgs/space_msgs_s__rosidl_typesupport_fastrtps_c.so
[7.899s] -- Symlinking: /home/kj/Desktop/space/ros2_ws/src/install/space_msgs/lib/python3.12/site-packages/space_msgs/space_msgs_s__rosidl_typesupport_introspection_c.so
[7.907s] -- Up-to-date symlink: /home/kj/Desktop/space/ros2_ws/src/install/space_msgs/lib/python3.12/site-packages/space_msgs/space_msgs_s__rosidl_typesupport_fastrtps_c.so
[7.907s] -- Up-to-date symlink: /home/kj/Desktop/space/ros2_ws/src/install/space_msgs/lib/python3.12/site-packages/space_msgs/space_msgs_s__rosidl_typesupport_introspection_c.so
[7.907s] -- Up-to-date symlink: /home/kj/Desktop/space/ros2_ws/src/install/space_msgs/lib/python3.12/site-packages/space_msgs/space_msgs_s__rosidl_typesupport_c.so
[7.907s] -- Symlinking: /home/kj/Desktop/space/ros2_ws/src/install/space_msgs/share/ament_index/resource_index/rust_packages/space_msgs
[7.916s] -- Symlinking: /home/kj/Desktop/space/ros2_ws/src/install/space_msgs/share/space_msgs/rust/Cargo.toml
[7.925s] -- Symlinking: /home/kj/Desktop/space/ros2_ws/src/install/space_msgs/share/space_msgs/rust/build.rs
[7.933s] -- Symlinking: /home/kj/Desktop/space/ros2_ws/src/install/space_msgs/share/space_msgs/rust/src/lib.rs
[7.944s] -- Symlinking: /home/kj/Desktop/space/ros2_ws/src/install/space_msgs/share/space_msgs/rust/src/msg.rs
[7.952s] -- Symlinking: /home/kj/Desktop/space/ros2_ws/src/install/space_msgs/share/space_msgs/rust/src/msg/rmw.rs
[7.962s] -- Symlinking: /home/kj/Desktop/space/ros2_ws/src/install/space_msgs/share/space_msgs/msg/RoverSpec.idl
[7.971s] -- Symlinking: /home/kj/Desktop/space/ros2_ws/src/install/space_msgs/share/space_msgs/msg/SlipEstimate.idl
[7.979s] -- Symlinking: /home/kj/Desktop/space/ros2_ws/src/install/space_msgs/share/space_msgs/msg/TerrainEstimate.idl
[7.987s] -- Symlinking: /home/kj/Desktop/space/ros2_ws/src/install/space_msgs/share/space_msgs/msg/TraversabilityScore.idl
[7.996s] -- Symlinking: /home/kj/Desktop/space/ros2_ws/src/install/space_msgs/share/space_msgs/msg/RoverSpec.msg
[8.005s] -- Symlinking: /home/kj/Desktop/space/ros2_ws/src/install/space_msgs/share/space_msgs/msg/SlipEstimate.msg
[8.015s] -- Symlinking: /home/kj/Desktop/space/ros2_ws/src/install/space_msgs/share/space_msgs/msg/TerrainEstimate.msg
[8.024s] -- Symlinking: /home/kj/Desktop/space/ros2_ws/src/install/space_msgs/share/space_msgs/msg/TraversabilityScore.msg
[8.034s] -- Symlinking: /home/kj/Desktop/space/ros2_ws/src/install/space_msgs/share/ament_index/resource_index/package_run_dependencies/space_msgs
[8.042s] -- Symlinking: /home/kj/Desktop/space/ros2_ws/src/install/space_msgs/share/ament_index/resource_index/parent_prefix_path/space_msgs
[8.051s] -- Symlinking: /home/kj/Desktop/space/ros2_ws/src/install/space_msgs/share/space_msgs/environment/ament_prefix_path.sh
[8.060s] -- Symlinking: /home/kj/Desktop/space/ros2_ws/src/install/space_msgs/share/space_msgs/environment/ament_prefix_path.dsv
[8.069s] -- Symlinking: /home/kj/Desktop/space/ros2_ws/src/install/space_msgs/share/space_msgs/environment/path.sh
[8.080s] -- Symlinking: /home/kj/Desktop/space/ros2_ws/src/install/space_msgs/share/space_msgs/environment/path.dsv
[8.088s] -- Symlinking: /home/kj/Desktop/space/ros2_ws/src/install/space_msgs/share/space_msgs/local_setup.bash
[8.097s] -- Symlinking: /home/kj/Desktop/space/ros2_ws/src/install/space_msgs/share/space_msgs/local_setup.sh
[8.104s] -- Symlinking: /home/kj/Desktop/space/ros2_ws/src/install/space_msgs/share/space_msgs/local_setup.zsh
[8.112s] -- Symlinking: /home/kj/Desktop/space/ros2_ws/src/install/space_msgs/share/space_msgs/local_setup.dsv
[8.121s] -- Symlinking: /home/kj/Desktop/space/ros2_ws/src/install/space_msgs/share/space_msgs/package.dsv
[8.130s] -- Symlinking: /home/kj/Desktop/space/ros2_ws/src/install/space_msgs/share/ament_index/resource_index/packages/space_msgs
[8.138s] -- Symlinking: /home/kj/Desktop/space/ros2_ws/src/install/space_msgs/share/space_msgs/cmake/rosidl_cmake-extras.cmake
[8.148s] -- Symlinking: /home/kj/Desktop/space/ros2_ws/src/install/space_msgs/share/space_msgs/cmake/ament_cmake_export_dependencies-extras.cmake
[8.157s] -- Symlinking: /home/kj/Desktop/space/ros2_ws/src/install/space_msgs/share/space_msgs/cmake/ament_cmake_export_include_directories-extras.cmake
[8.165s] -- Symlinking: /home/kj/Desktop/space/ros2_ws/src/install/space_msgs/share/space_msgs/cmake/ament_cmake_export_libraries-extras.cmake
[8.173s] -- Symlinking: /home/kj/Desktop/space/ros2_ws/src/install/space_msgs/share/space_msgs/cmake/ament_cmake_export_targets-extras.cmake
[8.181s] -- Symlinking: /home/kj/Desktop/space/ros2_ws/src/install/space_msgs/share/space_msgs/cmake/rosidl_cmake_export_typesupport_targets-extras.cmake
[8.190s] -- Symlinking: /home/kj/Desktop/space/ros2_ws/src/install/space_msgs/share/space_msgs/cmake/rosidl_cmake_export_typesupport_libraries-extras.cmake
[8.199s] -- Symlinking: /home/kj/Desktop/space/ros2_ws/src/install/space_msgs/share/space_msgs/cmake/space_msgsConfig.cmake
[8.211s] -- Symlinking: /home/kj/Desktop/space/ros2_ws/src/install/space_msgs/share/space_msgs/cmake/space_msgsConfig-version.cmake
[8.219s] -- Symlinking: /home/kj/Desktop/space/ros2_ws/src/install/space_msgs/share/space_msgs/package.xml
[8.229s] -- Installing: /home/kj/Desktop/space/ros2_ws/src/install/space_msgs/lib/libspace_msgs__rosidl_generator_c.so
[8.229s] -- Set non-toolchain portion of runtime path of "/home/kj/Desktop/space/ros2_ws/src/install/space_msgs/lib/libspace_msgs__rosidl_generator_c.so" to ""
[8.230s] -- Installing: /home/kj/Desktop/space/ros2_ws/src/install/space_msgs/lib/libspace_msgs__rosidl_typesupport_fastrtps_c.so
[8.230s] -- Set non-toolchain portion of runtime path of "/home/kj/Desktop/space/ros2_ws/src/install/space_msgs/lib/libspace_msgs__rosidl_typesupport_fastrtps_c.so" to ""
[8.230s] -- Installing: /home/kj/Desktop/space/ros2_ws/src/install/space_msgs/lib/libspace_msgs__rosidl_typesupport_introspection_c.so
[8.230s] -- Set non-toolchain portion of runtime path of "/home/kj/Desktop/space/ros2_ws/src/install/space_msgs/lib/libspace_msgs__rosidl_typesupport_introspection_c.so" to ""
[8.230s] -- Installing: /home/kj/Desktop/space/ros2_ws/src/install/space_msgs/lib/libspace_msgs__rosidl_typesupport_c.so
[8.230s] -- Set non-toolchain portion of runtime path of "/home/kj/Desktop/space/ros2_ws/src/install/space_msgs/lib/libspace_msgs__rosidl_typesupport_c.so" to ""
[8.230s] -- Installing: /home/kj/Desktop/space/ros2_ws/src/install/space_msgs/lib/libspace_msgs__rosidl_typesupport_fastrtps_cpp.so
[8.230s] -- Set non-toolchain portion of runtime path of "/home/kj/Desktop/space/ros2_ws/src/install/space_msgs/lib/libspace_msgs__rosidl_typesupport_fastrtps_cpp.so" to ""
[8.230s] -- Installing: /home/kj/Desktop/space/ros2_ws/src/install/space_msgs/lib/libspace_msgs__rosidl_typesupport_introspection_cpp.so
[8.230s] -- Set non-toolchain portion of runtime path of "/home/kj/Desktop/space/ros2_ws/src/install/space_msgs/lib/libspace_msgs__rosidl_typesupport_introspection_cpp.so" to ""
[8.230s] -- Installing: /home/kj/Desktop/space/ros2_ws/src/install/space_msgs/lib/libspace_msgs__rosidl_typesupport_cpp.so
[8.231s] -- Set non-toolchain portion of runtime path of "/home/kj/Desktop/space/ros2_ws/src/install/space_msgs/lib/libspace_msgs__rosidl_typesupport_cpp.so" to ""
[8.261s] Listing '/home/kj/Desktop/space/ros2_ws/src/install/space_msgs/lib/python3.12/site-packages/space_msgs'...
[8.261s] Compiling '/home/kj/Desktop/space/ros2_ws/src/install/space_msgs/lib/python3.12/site-packages/space_msgs/__init__.py'...
[8.261s] Listing '/home/kj/Desktop/space/ros2_ws/src/install/space_msgs/lib/python3.12/site-packages/space_msgs/msg'...
[8.261s] Compiling '/home/kj/Desktop/space/ros2_ws/src/install/space_msgs/lib/python3.12/site-packages/space_msgs/msg/__init__.py'...
[8.261s] Compiling '/home/kj/Desktop/space/ros2_ws/src/install/space_msgs/lib/python3.12/site-packages/space_msgs/msg/_rover_spec.py'...
[8.261s] Compiling '/home/kj/Desktop/space/ros2_ws/src/install/space_msgs/lib/python3.12/site-packages/space_msgs/msg/_slip_estimate.py'...
[8.261s] Compiling '/home/kj/Desktop/space/ros2_ws/src/install/space_msgs/lib/python3.12/site-packages/space_msgs/msg/_terrain_estimate.py'...
[8.261s] Compiling '/home/kj/Desktop/space/ros2_ws/src/install/space_msgs/lib/python3.12/site-packages/space_msgs/msg/_traversability_score.py'...
[8.266s] -- Installing: /home/kj/Desktop/space/ros2_ws/src/install/space_msgs/lib/libspace_msgs__rosidl_generator_py.so
[8.267s] -- Set non-toolchain portion of runtime path of "/home/kj/Desktop/space/ros2_ws/src/install/space_msgs/lib/libspace_msgs__rosidl_generator_py.so" to ""
[8.267s] -- Installing: /home/kj/Desktop/space/ros2_ws/src/install/space_msgs/share/space_msgs/cmake/export_space_msgs__rosidl_generator_cExport.cmake
[8.267s] -- Installing: /home/kj/Desktop/space/ros2_ws/src/install/space_msgs/share/space_msgs/cmake/export_space_msgs__rosidl_generator_cExport-noconfig.cmake
[8.267s] -- Installing: /home/kj/Desktop/space/ros2_ws/src/install/space_msgs/share/space_msgs/cmake/export_space_msgs__rosidl_typesupport_fastrtps_cExport.cmake
[8.267s] -- Installing: /home/kj/Desktop/space/ros2_ws/src/install/space_msgs/share/space_msgs/cmake/export_space_msgs__rosidl_typesupport_fastrtps_cExport-noconfig.cmake
[8.267s] -- Installing: /home/kj/Desktop/space/ros2_ws/src/install/space_msgs/share/space_msgs/cmake/space_msgs__rosidl_typesupport_introspection_cExport.cmake
[8.267s] -- Installing: /home/kj/Desktop/space/ros2_ws/src/install/space_msgs/share/space_msgs/cmake/space_msgs__rosidl_typesupport_introspection_cExport-noconfig.cmake
[8.267s] -- Installing: /home/kj/Desktop/space/ros2_ws/src/install/space_msgs/share/space_msgs/cmake/space_msgs__rosidl_typesupport_cExport.cmake
[8.267s] -- Installing: /home/kj/Desktop/space/ros2_ws/src/install/space_msgs/share/space_msgs/cmake/space_msgs__rosidl_typesupport_cExport-noconfig.cmake
[8.267s] -- Installing: /home/kj/Desktop/space/ros2_ws/src/install/space_msgs/share/space_msgs/cmake/export_space_msgs__rosidl_generator_cppExport.cmake
[8.267s] -- Installing: /home/kj/Desktop/space/ros2_ws/src/install/space_msgs/share/space_msgs/cmake/export_space_msgs__rosidl_typesupport_fastrtps_cppExport.cmake
[8.268s] -- Installing: /home/kj/Desktop/space/ros2_ws/src/install/space_msgs/share/space_msgs/cmake/export_space_msgs__rosidl_typesupport_fastrtps_cppExport-noconfig.cmake
[8.268s] -- Installing: /home/kj/Desktop/space/ros2_ws/src/install/space_msgs/share/space_msgs/cmake/space_msgs__rosidl_typesupport_introspection_cppExport.cmake
[8.268s] -- Installing: /home/kj/Desktop/space/ros2_ws/src/install/space_msgs/share/space_msgs/cmake/space_msgs__rosidl_typesupport_introspection_cppExport-noconfig.cmake
[8.268s] -- Installing: /home/kj/Desktop/space/ros2_ws/src/install/space_msgs/share/space_msgs/cmake/space_msgs__rosidl_typesupport_cppExport.cmake
[8.268s] -- Installing: /home/kj/Desktop/space/ros2_ws/src/install/space_msgs/share/space_msgs/cmake/space_msgs__rosidl_typesupport_cppExport-noconfig.cmake
[8.269s] -- Installing: /home/kj/Desktop/space/ros2_ws/src/install/space_msgs/share/space_msgs/cmake/export_space_msgs__rosidl_generator_pyExport.cmake
[8.269s] -- Installing: /home/kj/Desktop/space/ros2_ws/src/install/space_msgs/share/space_msgs/cmake/export_space_msgs__rosidl_generator_pyExport-noconfig.cmake
[8.271s] Invoked command in '/home/kj/Desktop/space/ros2_ws/src/build/space_msgs' returned '0': CMAKE_PREFIX_PATH=${CMAKE_PREFIX_PATH}:/opt/ros/jazzy DEBUGINFOD_URLS=https://debuginfod.ubuntu.com /usr/bin/cmake --install /home/kj/Desktop/space/ros2_ws/src/build/space_msgs
