[1.531s] Invoking command in '/home/kms301111/Desktop/space/build/space_navigation': AMENT_PREFIX_PATH=/home/kms301111/Desktop/space/install/space_bringup:/home/kms301111/Desktop/space/install/space_gazebo:/home/kms301111/Desktop/space/install/space_perception:/home/kms301111/Desktop/space/install/space_description:/home/kms301111/Desktop/space/install/space_controller:${AMENT_PREFIX_PATH} CMAKE_PREFIX_PATH=/home/kms301111/Desktop/space/install/space_gazebo:/home/kms301111/Desktop/space/install/space_perception:/home/kms301111/Desktop/space/install/space_description:${CMAKE_PREFIX_PATH} DEBUGINFOD_URLS=https://debuginfod.ubuntu.com LD_LIBRARY_PATH=/home/kms301111/Desktop/space/install/space_gazebo/lib:/home/kms301111/Desktop/space/install/space_perception/lib:${LD_LIBRARY_PATH} PYTHONPATH=/home/kms301111/Desktop/space/build/space_navigation/prefix_override:/usr/lib/python3/dist-packages/colcon_core/task/python/colcon_distutils_commands:/home/kms301111/Desktop/space/install/space_navigation/lib/python3.12/site-packages:/home/kms301111/Desktop/space/build/space_bringup:/home/kms301111/Desktop/space/install/space_bringup/lib/python3.12/site-packages:/home/kms301111/Desktop/space/install/space_perception/lib/python3.12/site-packages:/home/kms301111/Desktop/space/build/space_controller:/home/kms301111/Desktop/space/install/space_controller/lib/python3.12/site-packages:${PYTHONPATH} /usr/bin/python3 -W ignore:setup.py install is deprecated -W ignore:easy_install command is deprecated setup.py develop --editable --build-directory /home/kms301111/Desktop/space/build/space_navigation/build --no-deps symlink_data
[1.989s] running develop
[2.278s] running egg_info
[2.278s] creating space_navigation.egg-info
[2.302s] writing space_navigation.egg-info/PKG-INFO
[2.302s] writing dependency_links to space_navigation.egg-info/dependency_links.txt
[2.303s] writing entry points to space_navigation.egg-info/entry_points.txt
[2.303s] writing requirements to space_navigation.egg-info/requires.txt
[2.303s] writing top-level names to space_navigation.egg-info/top_level.txt
[2.303s] writing manifest file 'space_navigation.egg-info/SOURCES.txt'
[2.353s] reading manifest file 'space_navigation.egg-info/SOURCES.txt'
[2.354s] writing manifest file 'space_navigation.egg-info/SOURCES.txt'
[2.381s] running build_ext
[2.381s] Creating /home/kms301111/Desktop/space/install/space_navigation/lib/python3.12/site-packages/space-navigation.egg-link (link to .)
[2.382s] Installing goal_navigator script to /home/kms301111/Desktop/space/install/space_navigation/lib/space_navigation
[2.382s] Installing send_goal script to /home/kms301111/Desktop/space/install/space_navigation/lib/space_navigation
[2.383s] 
[2.383s] Installed /home/kms301111/Desktop/space/build/space_navigation
[2.383s] running symlink_data
[2.383s] creating /home/kms301111/Desktop/space/install/space_navigation/share/ament_index
[2.384s] creating /home/kms301111/Desktop/space/install/space_navigation/share/ament_index/resource_index
[2.384s] creating /home/kms301111/Desktop/space/install/space_navigation/share/ament_index/resource_index/packages
[2.384s] symbolically linking /home/kms301111/Desktop/space/build/space_navigation/resource/space_navigation -> /home/kms301111/Desktop/space/install/space_navigation/share/ament_index/resource_index/packages
[2.384s] symbolically linking /home/kms301111/Desktop/space/build/space_navigation/package.xml -> /home/kms301111/Desktop/space/install/space_navigation/share/space_navigation
[2.385s] creating /home/kms301111/Desktop/space/install/space_navigation/share/space_navigation/launch
[2.385s] symbolically linking /home/kms301111/Desktop/space/build/space_navigation/launch/navigation.launch.py -> /home/kms301111/Desktop/space/install/space_navigation/share/space_navigation/launch
[2.385s] creating /home/kms301111/Desktop/space/install/space_navigation/share/space_navigation/config
[2.385s] symbolically linking /home/kms301111/Desktop/space/build/space_navigation/config/goal_navigator.yaml -> /home/kms301111/Desktop/space/install/space_navigation/share/space_navigation/config
[2.386s] creating /home/kms301111/Desktop/space/install/space_navigation/share/space_navigation/rviz
[2.386s] symbolically linking /home/kms301111/Desktop/space/build/space_navigation/rviz/navigation.rviz -> /home/kms301111/Desktop/space/install/space_navigation/share/space_navigation/rviz
[2.435s] Invoked command in '/home/kms301111/Desktop/space/build/space_navigation' returned '0': AMENT_PREFIX_PATH=/home/kms301111/Desktop/space/install/space_bringup:/home/kms301111/Desktop/space/install/space_gazebo:/home/kms301111/Desktop/space/install/space_perception:/home/kms301111/Desktop/space/install/space_description:/home/kms301111/Desktop/space/install/space_controller:${AMENT_PREFIX_PATH} CMAKE_PREFIX_PATH=/home/kms301111/Desktop/space/install/space_gazebo:/home/kms301111/Desktop/space/install/space_perception:/home/kms301111/Desktop/space/install/space_description:${CMAKE_PREFIX_PATH} DEBUGINFOD_URLS=https://debuginfod.ubuntu.com LD_LIBRARY_PATH=/home/kms301111/Desktop/space/install/space_gazebo/lib:/home/kms301111/Desktop/space/install/space_perception/lib:${LD_LIBRARY_PATH} PYTHONPATH=/home/kms301111/Desktop/space/build/space_navigation/prefix_override:/usr/lib/python3/dist-packages/colcon_core/task/python/colcon_distutils_commands:/home/kms301111/Desktop/space/install/space_navigation/lib/python3.12/site-packages:/home/kms301111/Desktop/space/build/space_bringup:/home/kms301111/Desktop/space/install/space_bringup/lib/python3.12/site-packages:/home/kms301111/Desktop/space/install/space_perception/lib/python3.12/site-packages:/home/kms301111/Desktop/space/build/space_controller:/home/kms301111/Desktop/space/install/space_controller/lib/python3.12/site-packages:${PYTHONPATH} /usr/bin/python3 -W ignore:setup.py install is deprecated -W ignore:easy_install command is deprecated setup.py develop --editable --build-directory /home/kms301111/Desktop/space/build/space_navigation/build --no-deps symlink_data
