-- The C compiler identification is GNU 13.3.0
-- The CXX compiler identification is GNU 13.3.0
-- Detecting C compiler ABI info
-- Detecting C compiler ABI info - done
-- Check for working C compiler: /usr/bin/cc - skipped
-- Detecting C compile features
-- Detecting C compile features - done
-- Detecting CXX compiler ABI info
-- Detecting CXX compiler ABI info - done
-- Check for working CXX compiler: /usr/bin/c++ - skipped
-- Detecting CXX compile features
-- Detecting CXX compile features - done
-- Found ament_cmake: 2.5.5 (/opt/ros/jazzy/share/ament_cmake/cmake)
-- Found Python3: /usr/bin/python3 (found version "3.12.3") found components: Interpreter 
-- Override CMake install command with custom implementation using symlinks instead of copying resources
-- Found diagnostic_msgs: 5.3.6 (/opt/ros/jazzy/share/diagnostic_msgs/cmake)
-- Found rosidl_generator_c: 4.6.7 (/opt/ros/jazzy/share/rosidl_generator_c/cmake)
-- Found rosidl_generator_cpp: 4.6.7 (/opt/ros/jazzy/share/rosidl_generator_cpp/cmake)
-- Using all available rosidl_typesupport_c: rosidl_typesupport_fastrtps_c;rosidl_typesupport_introspection_c
-- Using all available rosidl_typesupport_cpp: rosidl_typesupport_fastrtps_cpp;rosidl_typesupport_introspection_cpp
-- Found geometry_msgs: 5.3.6 (/opt/ros/jazzy/share/geometry_msgs/cmake)
-- Found nav2_costmap_2d: 1.3.10 (/opt/ros/jazzy/share/nav2_costmap_2d/cmake)
-- Found rmw_implementation_cmake: 7.3.3 (/opt/ros/jazzy/share/rmw_implementation_cmake/cmake)
-- Found rmw_fastrtps_cpp: 8.4.3 (/opt/ros/jazzy/share/rmw_fastrtps_cpp/cmake)
-- Found OpenSSL: /usr/lib/x86_64-linux-gnu/libcrypto.so (found version "3.0.13")  
-- Found FastRTPS: /opt/ros/jazzy/include (Required is at least version "2.13") 
-- Using RMW implementation 'rmw_fastrtps_cpp' as default
-- Found eigen3_cmake_module: 0.3.0 (/opt/ros/jazzy/share/eigen3_cmake_module/cmake)
-- Found Eigen3: TRUE (found version "3.4.0") 
-- Ensuring Eigen3 include directory is part of orocos-kdl CMake target
-- Found ament_cmake_gtest: 2.5.5 (/opt/ros/jazzy/share/ament_cmake_gtest/cmake)
-- Found ament_cmake_pytest: 2.5.5 (/opt/ros/jazzy/share/ament_cmake_pytest/cmake)
-- Found ament_cmake_flake8: 0.17.4 (/opt/ros/jazzy/share/ament_cmake_flake8/cmake)
-- Found ament_cmake_pep257: 0.17.4 (/opt/ros/jazzy/share/ament_cmake_pep257/cmake)
-- Found gtest sources under '/opt/ros/jazzy/src/gtest_vendor': C++ tests using 'Google Test' will be built
-- Performing Test CMAKE_HAVE_LIBC_PTHREAD
-- Performing Test CMAKE_HAVE_LIBC_PTHREAD - Success
-- Found Threads: TRUE  
-- Configuring done (3.8s)
-- Generating done (0.0s)
-- Build files have been written to: /home/kms301111/Desktop/space/build/space_perception
[  8%] [32mBuilding CXX object CMakeFiles/traversability_layer.dir/src/traversability_cost.cpp.o[0m
[ 16%] [32mBuilding CXX object gtest/CMakeFiles/gtest_main.dir/src/gtest_main.cc.o[0m
[ 25%] [32mBuilding CXX object gtest/CMakeFiles/gtest.dir/src/gtest-all.cc.o[0m
[ 33%] [32mBuilding CXX object CMakeFiles/traversability_layer.dir/src/traversability_layer.cpp.o[0m
[ 33%] Built target ament_cmake_python_symlink_space_perception_setup
[ 33%] Built target ament_cmake_python_symlink_space_perception
running egg_info
creating space_perception.egg-info
writing space_perception.egg-info/PKG-INFO
writing dependency_links to space_perception.egg-info/dependency_links.txt
writing top-level names to space_perception.egg-info/top_level.txt
writing manifest file 'space_perception.egg-info/SOURCES.txt'
reading manifest file 'space_perception.egg-info/SOURCES.txt'
writing manifest file 'space_perception.egg-info/SOURCES.txt'
[ 33%] Built target ament_cmake_python_build_space_perception_egg
[ 41%] [32m[1mLinking CXX static library libgtest_main.a[0m
[ 41%] Built target gtest_main
[ 50%] [32m[1mLinking CXX static library libgtest.a[0m
[ 50%] Built target gtest
[ 58%] [32mBuilding CXX object CMakeFiles/test_traversability_cost.dir/src/traversability_cost.cpp.o[0m
[ 75%] [32mBuilding CXX object CMakeFiles/test_traversability_cost.dir/test/test_traversability_cost.cpp.o[0m
[ 75%] [32mBuilding CXX object CMakeFiles/test_traversability_plugin.dir/test/test_traversability_plugin.cpp.o[0m
[ 83%] [32m[1mLinking CXX executable test_traversability_cost[0m
[ 83%] Built target test_traversability_cost
[ 91%] [32m[1mLinking CXX executable test_traversability_plugin[0m
[ 91%] Built target test_traversability_plugin
[100%] [32m[1mLinking CXX shared library libtraversability_layer.so[0m
[100%] Built target traversability_layer
-- Install configuration: ""
-- Execute custom install script
-- Symlinking: /home/kms301111/Desktop/space/install/space_perception/share/space_perception//traversability_layer.xml
-- Symlinking: /home/kms301111/Desktop/space/install/space_perception/share/space_perception/environment/pythonpath.sh
-- Symlinking: /home/kms301111/Desktop/space/install/space_perception/share/space_perception/environment/pythonpath.dsv
-- Symlinking: /home/kms301111/Desktop/space/install/space_perception/lib/python3.12/site-packages/space_perception-0.1.0-py3.12.egg-info/PKG-INFO
-- Symlinking: /home/kms301111/Desktop/space/install/space_perception/lib/python3.12/site-packages/space_perception-0.1.0-py3.12.egg-info/SOURCES.txt
-- Symlinking: /home/kms301111/Desktop/space/install/space_perception/lib/python3.12/site-packages/space_perception-0.1.0-py3.12.egg-info/dependency_links.txt
-- Symlinking: /home/kms301111/Desktop/space/install/space_perception/lib/python3.12/site-packages/space_perception-0.1.0-py3.12.egg-info/top_level.txt
-- Symlinking: /home/kms301111/Desktop/space/install/space_perception/lib/python3.12/site-packages/space_perception/__init__.py
-- Symlinking: /home/kms301111/Desktop/space/install/space_perception/lib/python3.12/site-packages/space_perception/depth_overlay_node.py
-- Symlinking: /home/kms301111/Desktop/space/install/space_perception/lib/python3.12/site-packages/space_perception/latest_data.py
-- Symlinking: /home/kms301111/Desktop/space/install/space_perception/lib/python3.12/site-packages/space_perception/local_elevation_map_node.py
-- Symlinking: /home/kms301111/Desktop/space/install/space_perception/lib/python3.12/site-packages/space_perception/pointcloud_utils.py
-- Symlinking: /home/kms301111/Desktop/space/install/space_perception/lib/python3.12/site-packages/space_perception/terrain_feature_node.py
-- Symlinking: /home/kms301111/Desktop/space/install/space_perception/lib/python3.12/site-packages/space_perception/terrain_features.py
-- Symlinking: /home/kms301111/Desktop/space/install/space_perception/lib/python3.12/site-packages/space_perception/terrain_pointcloud_filter_node.py
-- Symlinking: /home/kms301111/Desktop/space/install/space_perception/lib/python3.12/site-packages/space_perception/terrain_processing.py
-- Symlinking: /home/kms301111/Desktop/space/install/space_perception/lib/python3.12/site-packages/space_perception/terrain_traversability_node.py
-- Symlinking: /home/kms301111/Desktop/space/install/space_perception/lib/python3.12/site-packages/space_perception/traversability.py
-- Symlinking: /home/kms301111/Desktop/space/install/space_perception/lib/python3.12/site-packages/space_perception/traversability_calibration.py
-- Symlinking: /home/kms301111/Desktop/space/install/space_perception/lib/space_perception/depth_overlay_node
-- Symlinking: /home/kms301111/Desktop/space/install/space_perception/lib/space_perception/local_elevation_map_node
-- Symlinking: /home/kms301111/Desktop/space/install/space_perception/lib/space_perception/terrain_feature_node
-- Symlinking: /home/kms301111/Desktop/space/install/space_perception/lib/space_perception/terrain_pointcloud_filter_node
-- Symlinking: /home/kms301111/Desktop/space/install/space_perception/lib/space_perception/terrain_traversability_node
-- Symlinking: /home/kms301111/Desktop/space/install/space_perception/lib/space_perception/traversability_calibration
-- Symlinking: /home/kms301111/Desktop/space/install/space_perception/lib/libtraversability_layer.so
-- Symlinking: /home/kms301111/Desktop/space/install/space_perception/include/space_perception/traversability_cost.hpp
-- Symlinking: /home/kms301111/Desktop/space/install/space_perception/include/space_perception/traversability_layer.hpp
-- Up-to-date symlink: /home/kms301111/Desktop/space/install/space_perception/share/space_perception/traversability_layer.xml
-- Symlinking: /home/kms301111/Desktop/space/install/space_perception/share/space_perception/config/terrain_perception.yaml
-- Symlinking: /home/kms301111/Desktop/space/install/space_perception/share/space_perception/launch/terrain_perception.launch.py
-- Symlinking: /home/kms301111/Desktop/space/install/space_perception/share/space_perception/environment/library_path.sh
-- Symlinking: /home/kms301111/Desktop/space/install/space_perception/share/space_perception/environment/library_path.dsv
-- Symlinking: /home/kms301111/Desktop/space/install/space_perception/share/ament_index/resource_index/package_run_dependencies/space_perception
-- Symlinking: /home/kms301111/Desktop/space/install/space_perception/share/ament_index/resource_index/parent_prefix_path/space_perception
-- Symlinking: /home/kms301111/Desktop/space/install/space_perception/share/space_perception/environment/ament_prefix_path.sh
-- Symlinking: /home/kms301111/Desktop/space/install/space_perception/share/space_perception/environment/ament_prefix_path.dsv
-- Symlinking: /home/kms301111/Desktop/space/install/space_perception/share/space_perception/environment/path.sh
-- Symlinking: /home/kms301111/Desktop/space/install/space_perception/share/space_perception/environment/path.dsv
-- Symlinking: /home/kms301111/Desktop/space/install/space_perception/share/space_perception/local_setup.bash
-- Symlinking: /home/kms301111/Desktop/space/install/space_perception/share/space_perception/local_setup.sh
-- Symlinking: /home/kms301111/Desktop/space/install/space_perception/share/space_perception/local_setup.zsh
-- Symlinking: /home/kms301111/Desktop/space/install/space_perception/share/space_perception/local_setup.dsv
-- Symlinking: /home/kms301111/Desktop/space/install/space_perception/share/space_perception/package.dsv
-- Symlinking: /home/kms301111/Desktop/space/install/space_perception/share/ament_index/resource_index/packages/space_perception
-- Symlinking: /home/kms301111/Desktop/space/install/space_perception/share/ament_index/resource_index/nav2_costmap_2d__pluginlib__plugin/space_perception
-- Symlinking: /home/kms301111/Desktop/space/install/space_perception/share/space_perception/cmake/ament_cmake_export_include_directories-extras.cmake
-- Symlinking: /home/kms301111/Desktop/space/install/space_perception/share/space_perception/cmake/ament_cmake_export_libraries-extras.cmake
-- Symlinking: /home/kms301111/Desktop/space/install/space_perception/share/space_perception/cmake/ament_cmake_export_dependencies-extras.cmake
-- Symlinking: /home/kms301111/Desktop/space/install/space_perception/share/space_perception/cmake/space_perceptionConfig.cmake
-- Symlinking: /home/kms301111/Desktop/space/install/space_perception/share/space_perception/cmake/space_perceptionConfig-version.cmake
-- Symlinking: /home/kms301111/Desktop/space/install/space_perception/share/space_perception/package.xml
Listing '/home/kms301111/Desktop/space/install/space_perception/lib/python3.12/site-packages/space_perception'...
Compiling '/home/kms301111/Desktop/space/install/space_perception/lib/python3.12/site-packages/space_perception/__init__.py'...
Compiling '/home/kms301111/Desktop/space/install/space_perception/lib/python3.12/site-packages/space_perception/depth_overlay_node.py'...
Compiling '/home/kms301111/Desktop/space/install/space_perception/lib/python3.12/site-packages/space_perception/latest_data.py'...
Compiling '/home/kms301111/Desktop/space/install/space_perception/lib/python3.12/site-packages/space_perception/local_elevation_map_node.py'...
Compiling '/home/kms301111/Desktop/space/install/space_perception/lib/python3.12/site-packages/space_perception/pointcloud_utils.py'...
Compiling '/home/kms301111/Desktop/space/install/space_perception/lib/python3.12/site-packages/space_perception/terrain_feature_node.py'...
Compiling '/home/kms301111/Desktop/space/install/space_perception/lib/python3.12/site-packages/space_perception/terrain_features.py'...
Compiling '/home/kms301111/Desktop/space/install/space_perception/lib/python3.12/site-packages/space_perception/terrain_pointcloud_filter_node.py'...
Compiling '/home/kms301111/Desktop/space/install/space_perception/lib/python3.12/site-packages/space_perception/terrain_processing.py'...
Compiling '/home/kms301111/Desktop/space/install/space_perception/lib/python3.12/site-packages/space_perception/terrain_traversability_node.py'...
Compiling '/home/kms301111/Desktop/space/install/space_perception/lib/python3.12/site-packages/space_perception/traversability.py'...
Compiling '/home/kms301111/Desktop/space/install/space_perception/lib/python3.12/site-packages/space_perception/traversability_calibration.py'...
