[0.185s] Invoking command in '/home/kms301111/Desktop/space/build/space_perception': CMAKE_PREFIX_PATH=${CMAKE_PREFIX_PATH}:/opt/ros/jazzy DEBUGINFOD_URLS=https://debuginfod.ubuntu.com /usr/bin/cmake /home/kms301111/Desktop/space/ros2_ws/src/space_perception -DAMENT_CMAKE_SYMLINK_INSTALL=1 -DCMAKE_INSTALL_PREFIX=/home/kms301111/Desktop/space/install/space_perception
[0.250s] -- The C compiler identification is GNU 13.3.0
[0.310s] -- The CXX compiler identification is GNU 13.3.0
[0.329s] -- Detecting C compiler ABI info
[0.448s] -- Detecting C compiler ABI info - done
[0.463s] -- Check for working C compiler: /usr/bin/cc - skipped
[0.463s] -- Detecting C compile features
[0.464s] -- Detecting C compile features - done
[0.475s] -- Detecting CXX compiler ABI info
[0.603s] -- Detecting CXX compiler ABI info - done
[0.618s] -- Check for working CXX compiler: /usr/bin/c++ - skipped
[0.618s] -- Detecting CXX compile features
[0.619s] -- Detecting CXX compile features - done
[0.625s] -- Found ament_cmake: 2.5.5 (/opt/ros/jazzy/share/ament_cmake/cmake)
[0.820s] -- Found Python3: /usr/bin/python3 (found version "3.12.3") found components: Interpreter 
[0.907s] -- Override CMake install command with custom implementation using symlinks instead of copying resources
[0.980s] -- Found diagnostic_msgs: 5.3.6 (/opt/ros/jazzy/share/diagnostic_msgs/cmake)
[1.072s] -- Found rosidl_generator_c: 4.6.7 (/opt/ros/jazzy/share/rosidl_generator_c/cmake)
[1.092s] -- Found rosidl_generator_cpp: 4.6.7 (/opt/ros/jazzy/share/rosidl_generator_cpp/cmake)
[1.125s] -- Using all available rosidl_typesupport_c: rosidl_typesupport_fastrtps_c;rosidl_typesupport_introspection_c
[1.155s] -- Using all available rosidl_typesupport_cpp: rosidl_typesupport_fastrtps_cpp;rosidl_typesupport_introspection_cpp
[1.227s] -- Found geometry_msgs: 5.3.6 (/opt/ros/jazzy/share/geometry_msgs/cmake)
[1.244s] -- Found nav2_costmap_2d: 1.3.10 (/opt/ros/jazzy/share/nav2_costmap_2d/cmake)
[1.409s] -- Found rmw_implementation_cmake: 7.3.3 (/opt/ros/jazzy/share/rmw_implementation_cmake/cmake)
[1.412s] -- Found rmw_fastrtps_cpp: 8.4.3 (/opt/ros/jazzy/share/rmw_fastrtps_cpp/cmake)
[1.519s] -- Found OpenSSL: /usr/lib/x86_64-linux-gnu/libcrypto.so (found version "3.0.13")  
[1.539s] -- Found FastRTPS: /opt/ros/jazzy/include (Required is at least version "2.13") 
[1.569s] -- Using RMW implementation 'rmw_fastrtps_cpp' as default
[1.982s] -- Found eigen3_cmake_module: 0.3.0 (/opt/ros/jazzy/share/eigen3_cmake_module/cmake)
[1.985s] -- Found Eigen3: TRUE (found version "3.4.0") 
[1.985s] -- Ensuring Eigen3 include directory is part of orocos-kdl CMake target
[2.501s] -- Found ament_cmake_gtest: 2.5.5 (/opt/ros/jazzy/share/ament_cmake_gtest/cmake)
[2.508s] -- Found ament_cmake_pytest: 2.5.5 (/opt/ros/jazzy/share/ament_cmake_pytest/cmake)
[2.511s] -- Found ament_cmake_flake8: 0.17.4 (/opt/ros/jazzy/share/ament_cmake_flake8/cmake)
[2.514s] -- Found ament_cmake_pep257: 0.17.4 (/opt/ros/jazzy/share/ament_cmake_pep257/cmake)
[2.518s] -- Found gtest sources under '/opt/ros/jazzy/src/gtest_vendor': C++ tests using 'Google Test' will be built
[2.522s] -- Performing Test CMAKE_HAVE_LIBC_PTHREAD
[2.641s] -- Performing Test CMAKE_HAVE_LIBC_PTHREAD - Success
[2.642s] -- Found Threads: TRUE  
[3.999s] -- Configuring done (3.8s)
[4.034s] -- Generating done (0.0s)
[4.047s] -- Build files have been written to: /home/kms301111/Desktop/space/build/space_perception
[4.059s] Invoked command in '/home/kms301111/Desktop/space/build/space_perception' returned '0': CMAKE_PREFIX_PATH=${CMAKE_PREFIX_PATH}:/opt/ros/jazzy DEBUGINFOD_URLS=https://debuginfod.ubuntu.com /usr/bin/cmake /home/kms301111/Desktop/space/ros2_ws/src/space_perception -DAMENT_CMAKE_SYMLINK_INSTALL=1 -DCMAKE_INSTALL_PREFIX=/home/kms301111/Desktop/space/install/space_perception
[4.061s] Invoking command in '/home/kms301111/Desktop/space/build/space_perception': CMAKE_PREFIX_PATH=${CMAKE_PREFIX_PATH}:/opt/ros/jazzy DEBUGINFOD_URLS=https://debuginfod.ubuntu.com /usr/bin/cmake --build /home/kms301111/Desktop/space/build/space_perception -- -j12 -l12
[4.116s] [  8%] [32mBuilding CXX object CMakeFiles/traversability_layer.dir/src/traversability_cost.cpp.o[0m
[4.119s] [ 16%] [32mBuilding CXX object gtest/CMakeFiles/gtest_main.dir/src/gtest_main.cc.o[0m
[4.120s] [ 25%] [32mBuilding CXX object gtest/CMakeFiles/gtest.dir/src/gtest-all.cc.o[0m
[4.120s] [ 33%] [32mBuilding CXX object CMakeFiles/traversability_layer.dir/src/traversability_layer.cpp.o[0m
[4.130s] [ 33%] Built target ament_cmake_python_symlink_space_perception_setup
[4.133s] [ 33%] Built target ament_cmake_python_symlink_space_perception
[4.466s] running egg_info
[4.467s] creating space_perception.egg-info
[4.500s] writing space_perception.egg-info/PKG-INFO
[4.500s] writing dependency_links to space_perception.egg-info/dependency_links.txt
[4.500s] writing top-level names to space_perception.egg-info/top_level.txt
[4.500s] writing manifest file 'space_perception.egg-info/SOURCES.txt'
[4.596s] reading manifest file 'space_perception.egg-info/SOURCES.txt'
[4.597s] writing manifest file 'space_perception.egg-info/SOURCES.txt'
[4.638s] [ 33%] Built target ament_cmake_python_build_space_perception_egg
[4.871s] [ 41%] [32m[1mLinking CXX static library libgtest_main.a[0m
[5.050s] [ 41%] Built target gtest_main
[6.914s] [ 50%] [32m[1mLinking CXX static library libgtest.a[0m
[6.993s] [ 50%] Built target gtest
[7.019s] [ 58%] [32mBuilding CXX object CMakeFiles/test_traversability_cost.dir/src/traversability_cost.cpp.o[0m
[7.020s] [ 75%] [32mBuilding CXX object CMakeFiles/test_traversability_cost.dir/test/test_traversability_cost.cpp.o[0m
[7.020s] [ 75%] [32mBuilding CXX object CMakeFiles/test_traversability_plugin.dir/test/test_traversability_plugin.cpp.o[0m
[8.003s] [ 83%] [32m[1mLinking CXX executable test_traversability_cost[0m
[9.081s] [ 83%] Built target test_traversability_cost
[11.776s] [ 91%] [32m[1mLinking CXX executable test_traversability_plugin[0m
[12.002s] [ 91%] Built target test_traversability_plugin
[12.092s] [100%] [32m[1mLinking CXX shared library libtraversability_layer.so[0m
[12.477s] [100%] Built target traversability_layer
[12.492s] Invoked command in '/home/kms301111/Desktop/space/build/space_perception' returned '0': CMAKE_PREFIX_PATH=${CMAKE_PREFIX_PATH}:/opt/ros/jazzy DEBUGINFOD_URLS=https://debuginfod.ubuntu.com /usr/bin/cmake --build /home/kms301111/Desktop/space/build/space_perception -- -j12 -l12
[12.494s] Invoking command in '/home/kms301111/Desktop/space/build/space_perception': CMAKE_PREFIX_PATH=${CMAKE_PREFIX_PATH}:/opt/ros/jazzy DEBUGINFOD_URLS=https://debuginfod.ubuntu.com /usr/bin/cmake --install /home/kms301111/Desktop/space/build/space_perception
[12.505s] -- Install configuration: ""
[12.505s] -- Execute custom install script
[12.506s] -- Symlinking: /home/kms301111/Desktop/space/install/space_perception/share/space_perception//traversability_layer.xml
[12.514s] -- Symlinking: /home/kms301111/Desktop/space/install/space_perception/share/space_perception/environment/pythonpath.sh
[12.521s] -- Symlinking: /home/kms301111/Desktop/space/install/space_perception/share/space_perception/environment/pythonpath.dsv
[12.531s] -- Symlinking: /home/kms301111/Desktop/space/install/space_perception/lib/python3.12/site-packages/space_perception-0.1.0-py3.12.egg-info/PKG-INFO
[12.544s] -- Symlinking: /home/kms301111/Desktop/space/install/space_perception/lib/python3.12/site-packages/space_perception-0.1.0-py3.12.egg-info/SOURCES.txt
[12.558s] -- Symlinking: /home/kms301111/Desktop/space/install/space_perception/lib/python3.12/site-packages/space_perception-0.1.0-py3.12.egg-info/dependency_links.txt
[12.571s] -- Symlinking: /home/kms301111/Desktop/space/install/space_perception/lib/python3.12/site-packages/space_perception-0.1.0-py3.12.egg-info/top_level.txt
[12.582s] -- Symlinking: /home/kms301111/Desktop/space/install/space_perception/lib/python3.12/site-packages/space_perception/__init__.py
[12.594s] -- Symlinking: /home/kms301111/Desktop/space/install/space_perception/lib/python3.12/site-packages/space_perception/depth_overlay_node.py
[12.607s] -- Symlinking: /home/kms301111/Desktop/space/install/space_perception/lib/python3.12/site-packages/space_perception/latest_data.py
[12.619s] -- Symlinking: /home/kms301111/Desktop/space/install/space_perception/lib/python3.12/site-packages/space_perception/local_elevation_map_node.py
[12.632s] -- Symlinking: /home/kms301111/Desktop/space/install/space_perception/lib/python3.12/site-packages/space_perception/pointcloud_utils.py
[12.650s] -- Symlinking: /home/kms301111/Desktop/space/install/space_perception/lib/python3.12/site-packages/space_perception/terrain_feature_node.py
[12.664s] -- Symlinking: /home/kms301111/Desktop/space/install/space_perception/lib/python3.12/site-packages/space_perception/terrain_features.py
[12.676s] -- Symlinking: /home/kms301111/Desktop/space/install/space_perception/lib/python3.12/site-packages/space_perception/terrain_pointcloud_filter_node.py
[12.688s] -- Symlinking: /home/kms301111/Desktop/space/install/space_perception/lib/python3.12/site-packages/space_perception/terrain_processing.py
[12.698s] -- Symlinking: /home/kms301111/Desktop/space/install/space_perception/lib/python3.12/site-packages/space_perception/terrain_traversability_node.py
[12.708s] -- Symlinking: /home/kms301111/Desktop/space/install/space_perception/lib/python3.12/site-packages/space_perception/traversability.py
[12.723s] -- Symlinking: /home/kms301111/Desktop/space/install/space_perception/lib/python3.12/site-packages/space_perception/traversability_calibration.py
[12.743s] -- Symlinking: /home/kms301111/Desktop/space/install/space_perception/lib/space_perception/depth_overlay_node
[12.755s] -- Symlinking: /home/kms301111/Desktop/space/install/space_perception/lib/space_perception/local_elevation_map_node
[12.764s] -- Symlinking: /home/kms301111/Desktop/space/install/space_perception/lib/space_perception/terrain_feature_node
[12.771s] -- Symlinking: /home/kms301111/Desktop/space/install/space_perception/lib/space_perception/terrain_pointcloud_filter_node
[12.786s] -- Symlinking: /home/kms301111/Desktop/space/install/space_perception/lib/space_perception/terrain_traversability_node
[12.796s] -- Symlinking: /home/kms301111/Desktop/space/install/space_perception/lib/space_perception/traversability_calibration
[12.807s] -- Symlinking: /home/kms301111/Desktop/space/install/space_perception/lib/libtraversability_layer.so
[12.822s] -- Symlinking: /home/kms301111/Desktop/space/install/space_perception/include/space_perception/traversability_cost.hpp
[12.841s] -- Symlinking: /home/kms301111/Desktop/space/install/space_perception/include/space_perception/traversability_layer.hpp
[12.855s] -- Up-to-date symlink: /home/kms301111/Desktop/space/install/space_perception/share/space_perception/traversability_layer.xml
[12.855s] -- Symlinking: /home/kms301111/Desktop/space/install/space_perception/share/space_perception/config/terrain_perception.yaml
[12.872s] -- Symlinking: /home/kms301111/Desktop/space/install/space_perception/share/space_perception/launch/terrain_perception.launch.py
[12.883s] -- Symlinking: /home/kms301111/Desktop/space/install/space_perception/share/space_perception/environment/library_path.sh
[12.893s] -- Symlinking: /home/kms301111/Desktop/space/install/space_perception/share/space_perception/environment/library_path.dsv
[12.902s] -- Symlinking: /home/kms301111/Desktop/space/install/space_perception/share/ament_index/resource_index/package_run_dependencies/space_perception
[12.913s] -- Symlinking: /home/kms301111/Desktop/space/install/space_perception/share/ament_index/resource_index/parent_prefix_path/space_perception
[12.924s] -- Symlinking: /home/kms301111/Desktop/space/install/space_perception/share/space_perception/environment/ament_prefix_path.sh
[12.937s] -- Symlinking: /home/kms301111/Desktop/space/install/space_perception/share/space_perception/environment/ament_prefix_path.dsv
[12.954s] -- Symlinking: /home/kms301111/Desktop/space/install/space_perception/share/space_perception/environment/path.sh
[12.968s] -- Symlinking: /home/kms301111/Desktop/space/install/space_perception/share/space_perception/environment/path.dsv
[12.980s] -- Symlinking: /home/kms301111/Desktop/space/install/space_perception/share/space_perception/local_setup.bash
[12.994s] -- Symlinking: /home/kms301111/Desktop/space/install/space_perception/share/space_perception/local_setup.sh
[13.005s] -- Symlinking: /home/kms301111/Desktop/space/install/space_perception/share/space_perception/local_setup.zsh
[13.018s] -- Symlinking: /home/kms301111/Desktop/space/install/space_perception/share/space_perception/local_setup.dsv
[13.031s] -- Symlinking: /home/kms301111/Desktop/space/install/space_perception/share/space_perception/package.dsv
[13.050s] -- Symlinking: /home/kms301111/Desktop/space/install/space_perception/share/ament_index/resource_index/packages/space_perception
[13.065s] -- Symlinking: /home/kms301111/Desktop/space/install/space_perception/share/ament_index/resource_index/nav2_costmap_2d__pluginlib__plugin/space_perception
[13.078s] -- Symlinking: /home/kms301111/Desktop/space/install/space_perception/share/space_perception/cmake/ament_cmake_export_include_directories-extras.cmake
[13.090s] -- Symlinking: /home/kms301111/Desktop/space/install/space_perception/share/space_perception/cmake/ament_cmake_export_libraries-extras.cmake
[13.103s] -- Symlinking: /home/kms301111/Desktop/space/install/space_perception/share/space_perception/cmake/ament_cmake_export_dependencies-extras.cmake
[13.115s] -- Symlinking: /home/kms301111/Desktop/space/install/space_perception/share/space_perception/cmake/space_perceptionConfig.cmake
[13.129s] -- Symlinking: /home/kms301111/Desktop/space/install/space_perception/share/space_perception/cmake/space_perceptionConfig-version.cmake
[13.142s] -- Symlinking: /home/kms301111/Desktop/space/install/space_perception/share/space_perception/package.xml
[13.202s] Listing '/home/kms301111/Desktop/space/install/space_perception/lib/python3.12/site-packages/space_perception'...
[13.202s] Compiling '/home/kms301111/Desktop/space/install/space_perception/lib/python3.12/site-packages/space_perception/__init__.py'...
[13.202s] Compiling '/home/kms301111/Desktop/space/install/space_perception/lib/python3.12/site-packages/space_perception/depth_overlay_node.py'...
[13.202s] Compiling '/home/kms301111/Desktop/space/install/space_perception/lib/python3.12/site-packages/space_perception/latest_data.py'...
[13.202s] Compiling '/home/kms301111/Desktop/space/install/space_perception/lib/python3.12/site-packages/space_perception/local_elevation_map_node.py'...
[13.202s] Compiling '/home/kms301111/Desktop/space/install/space_perception/lib/python3.12/site-packages/space_perception/pointcloud_utils.py'...
[13.202s] Compiling '/home/kms301111/Desktop/space/install/space_perception/lib/python3.12/site-packages/space_perception/terrain_feature_node.py'...
[13.202s] Compiling '/home/kms301111/Desktop/space/install/space_perception/lib/python3.12/site-packages/space_perception/terrain_features.py'...
[13.202s] Compiling '/home/kms301111/Desktop/space/install/space_perception/lib/python3.12/site-packages/space_perception/terrain_pointcloud_filter_node.py'...
[13.202s] Compiling '/home/kms301111/Desktop/space/install/space_perception/lib/python3.12/site-packages/space_perception/terrain_processing.py'...
[13.202s] Compiling '/home/kms301111/Desktop/space/install/space_perception/lib/python3.12/site-packages/space_perception/terrain_traversability_node.py'...
[13.202s] Compiling '/home/kms301111/Desktop/space/install/space_perception/lib/python3.12/site-packages/space_perception/traversability.py'...
[13.202s] Compiling '/home/kms301111/Desktop/space/install/space_perception/lib/python3.12/site-packages/space_perception/traversability_calibration.py'...
[13.208s] Invoked command in '/home/kms301111/Desktop/space/build/space_perception' returned '0': CMAKE_PREFIX_PATH=${CMAKE_PREFIX_PATH}:/opt/ros/jazzy DEBUGINFOD_URLS=https://debuginfod.ubuntu.com /usr/bin/cmake --install /home/kms301111/Desktop/space/build/space_perception
