[0.177s] DEBUG:colcon:Command line arguments: ['/usr/bin/colcon', 'build', '--symlink-install', '--packages-select', 'space_gazebo', '--event-handlers', 'console_cohesion+']
[0.178s] DEBUG:colcon:Parsed command line arguments: Namespace(log_base=None, log_level=None, verb_name='build', build_base='build', install_base='install', merge_install=False, symlink_install=True, test_result_base=None, continue_on_error=False, executor='parallel', parallel_workers=12, event_handlers=['console_cohesion+'], ignore_user_meta=False, metas=['./colcon.meta'], base_paths=['.'], packages_ignore=None, packages_ignore_regex=None, paths=None, packages_up_to=None, packages_up_to_regex=None, packages_above=None, packages_above_and_dependencies=None, packages_above_depth=None, packages_select_by_dep=None, packages_skip_by_dep=None, packages_skip_up_to=None, packages_select_build_failed=False, packages_skip_build_finished=False, packages_select_test_failures=False, packages_skip_test_passed=False, packages_select=['space_gazebo'], packages_skip=None, packages_select_regex=None, packages_skip_regex=None, packages_start=None, packages_end=None, allow_overriding=[], cmake_args=None, cmake_target=None, cmake_target_skip_unavailable=False, cmake_clean_cache=False, cmake_clean_first=False, cmake_force_configure=False, ament_cmake_args=None, catkin_cmake_args=None, catkin_skip_building_tests=False, mixin_files=None, mixin=None, verb_parser=<colcon_mixin.mixin.mixin_argument.MixinArgumentDecorator object at 0x718ad6a7bad0>, verb_extension=<colcon_core.verb.build.BuildVerb object at 0x718ad6a7b6b0>, main=<bound method BuildVerb.main of <colcon_core.verb.build.BuildVerb object at 0x718ad6a7b6b0>>, mixin_verb=('build',))
[0.235s] Level 1:colcon.colcon_core.package_discovery:discover_packages(colcon_meta) check parameters
[0.235s] Level 1:colcon.colcon_core.package_discovery:discover_packages(recursive) check parameters
[0.235s] Level 1:colcon.colcon_core.package_discovery:discover_packages(ignore) check parameters
[0.235s] Level 1:colcon.colcon_core.package_discovery:discover_packages(path) check parameters
[0.235s] Level 1:colcon.colcon_core.package_discovery:discover_packages(colcon_meta) discover
[0.235s] Level 1:colcon.colcon_core.package_discovery:discover_packages(recursive) discover
[0.235s] INFO:colcon.colcon_core.package_discovery:Crawling recursively for packages in '/home/kms301111/Desktop/space'
[0.236s] Level 1:colcon.colcon_core.package_identification:_identify(.) by extensions ['ignore', 'ignore_ament_install']
[0.236s] Level 1:colcon.colcon_core.package_identification:_identify(.) by extension 'ignore'
[0.236s] Level 1:colcon.colcon_core.package_identification:_identify(.) by extension 'ignore_ament_install'
[0.236s] Level 1:colcon.colcon_core.package_identification:_identify(.) by extensions ['colcon_pkg']
[0.236s] Level 1:colcon.colcon_core.package_identification:_identify(.) by extension 'colcon_pkg'
[0.236s] Level 1:colcon.colcon_core.package_identification:_identify(.) by extensions ['colcon_meta']
[0.236s] Level 1:colcon.colcon_core.package_identification:_identify(.) by extension 'colcon_meta'
[0.236s] Level 1:colcon.colcon_core.package_identification:_identify(.) by extensions ['ros']
[0.236s] Level 1:colcon.colcon_core.package_identification:_identify(.) by extension 'ros'
[0.276s] Level 1:colcon.colcon_core.package_identification:_identify(.) by extensions ['cmake', 'python']
[0.277s] Level 1:colcon.colcon_core.package_identification:_identify(.) by extension 'cmake'
[0.277s] Level 1:colcon.colcon_core.package_identification:_identify(.) by extension 'python'
[0.277s] Level 1:colcon.colcon_core.package_identification:_identify(.) by extensions ['python_setup_py']
[0.277s] Level 1:colcon.colcon_core.package_identification:_identify(.) by extension 'python_setup_py'
[0.277s] Level 1:colcon.colcon_core.package_identification:_identify(build) by extensions ['ignore', 'ignore_ament_install']
[0.277s] Level 1:colcon.colcon_core.package_identification:_identify(build) by extension 'ignore'
[0.277s] Level 1:colcon.colcon_core.package_identification:_identify(build) ignored
[0.277s] Level 1:colcon.colcon_core.package_identification:_identify(docs) by extensions ['ignore', 'ignore_ament_install']
[0.277s] Level 1:colcon.colcon_core.package_identification:_identify(docs) by extension 'ignore'
[0.277s] Level 1:colcon.colcon_core.package_identification:_identify(docs) by extension 'ignore_ament_install'
[0.278s] Level 1:colcon.colcon_core.package_identification:_identify(docs) by extensions ['colcon_pkg']
[0.278s] Level 1:colcon.colcon_core.package_identification:_identify(docs) by extension 'colcon_pkg'
[0.278s] Level 1:colcon.colcon_core.package_identification:_identify(docs) by extensions ['colcon_meta']
[0.278s] Level 1:colcon.colcon_core.package_identification:_identify(docs) by extension 'colcon_meta'
[0.278s] Level 1:colcon.colcon_core.package_identification:_identify(docs) by extensions ['ros']
[0.278s] Level 1:colcon.colcon_core.package_identification:_identify(docs) by extension 'ros'
[0.278s] Level 1:colcon.colcon_core.package_identification:_identify(docs) by extensions ['cmake', 'python']
[0.278s] Level 1:colcon.colcon_core.package_identification:_identify(docs) by extension 'cmake'
[0.278s] Level 1:colcon.colcon_core.package_identification:_identify(docs) by extension 'python'
[0.278s] Level 1:colcon.colcon_core.package_identification:_identify(docs) by extensions ['python_setup_py']
[0.278s] Level 1:colcon.colcon_core.package_identification:_identify(docs) by extension 'python_setup_py'
[0.278s] Level 1:colcon.colcon_core.package_identification:_identify(docs/calibration) by extensions ['ignore', 'ignore_ament_install']
[0.278s] Level 1:colcon.colcon_core.package_identification:_identify(docs/calibration) by extension 'ignore'
[0.278s] Level 1:colcon.colcon_core.package_identification:_identify(docs/calibration) by extension 'ignore_ament_install'
[0.278s] Level 1:colcon.colcon_core.package_identification:_identify(docs/calibration) by extensions ['colcon_pkg']
[0.278s] Level 1:colcon.colcon_core.package_identification:_identify(docs/calibration) by extension 'colcon_pkg'
[0.278s] Level 1:colcon.colcon_core.package_identification:_identify(docs/calibration) by extensions ['colcon_meta']
[0.278s] Level 1:colcon.colcon_core.package_identification:_identify(docs/calibration) by extension 'colcon_meta'
[0.279s] Level 1:colcon.colcon_core.package_identification:_identify(docs/calibration) by extensions ['ros']
[0.279s] Level 1:colcon.colcon_core.package_identification:_identify(docs/calibration) by extension 'ros'
[0.279s] Level 1:colcon.colcon_core.package_identification:_identify(docs/calibration) by extensions ['cmake', 'python']
[0.279s] Level 1:colcon.colcon_core.package_identification:_identify(docs/calibration) by extension 'cmake'
[0.279s] Level 1:colcon.colcon_core.package_identification:_identify(docs/calibration) by extension 'python'
[0.279s] Level 1:colcon.colcon_core.package_identification:_identify(docs/calibration) by extensions ['python_setup_py']
[0.279s] Level 1:colcon.colcon_core.package_identification:_identify(docs/calibration) by extension 'python_setup_py'
[0.279s] Level 1:colcon.colcon_core.package_identification:_identify(firmware) by extensions ['ignore', 'ignore_ament_install']
[0.279s] Level 1:colcon.colcon_core.package_identification:_identify(firmware) by extension 'ignore'
[0.280s] Level 1:colcon.colcon_core.package_identification:_identify(firmware) by extension 'ignore_ament_install'
[0.280s] Level 1:colcon.colcon_core.package_identification:_identify(firmware) by extensions ['colcon_pkg']
[0.280s] Level 1:colcon.colcon_core.package_identification:_identify(firmware) by extension 'colcon_pkg'
[0.280s] Level 1:colcon.colcon_core.package_identification:_identify(firmware) by extensions ['colcon_meta']
[0.280s] Level 1:colcon.colcon_core.package_identification:_identify(firmware) by extension 'colcon_meta'
[0.280s] Level 1:colcon.colcon_core.package_identification:_identify(firmware) by extensions ['ros']
[0.280s] Level 1:colcon.colcon_core.package_identification:_identify(firmware) by extension 'ros'
[0.280s] Level 1:colcon.colcon_core.package_identification:_identify(firmware) by extensions ['cmake', 'python']
[0.280s] Level 1:colcon.colcon_core.package_identification:_identify(firmware) by extension 'cmake'
[0.280s] Level 1:colcon.colcon_core.package_identification:_identify(firmware) by extension 'python'
[0.280s] Level 1:colcon.colcon_core.package_identification:_identify(firmware) by extensions ['python_setup_py']
[0.280s] Level 1:colcon.colcon_core.package_identification:_identify(firmware) by extension 'python_setup_py'
[0.281s] Level 1:colcon.colcon_core.package_identification:_identify(firmware/ardupilot) by extensions ['ignore', 'ignore_ament_install']
[0.281s] Level 1:colcon.colcon_core.package_identification:_identify(firmware/ardupilot) by extension 'ignore'
[0.281s] Level 1:colcon.colcon_core.package_identification:_identify(firmware/ardupilot) by extension 'ignore_ament_install'
[0.281s] Level 1:colcon.colcon_core.package_identification:_identify(firmware/ardupilot) by extensions ['colcon_pkg']
[0.281s] Level 1:colcon.colcon_core.package_identification:_identify(firmware/ardupilot) by extension 'colcon_pkg'
[0.281s] Level 1:colcon.colcon_core.package_identification:_identify(firmware/ardupilot) by extensions ['colcon_meta']
[0.281s] Level 1:colcon.colcon_core.package_identification:_identify(firmware/ardupilot) by extension 'colcon_meta'
[0.281s] Level 1:colcon.colcon_core.package_identification:_identify(firmware/ardupilot) by extensions ['ros']
[0.281s] Level 1:colcon.colcon_core.package_identification:_identify(firmware/ardupilot) by extension 'ros'
[0.281s] Level 1:colcon.colcon_core.package_identification:_identify(firmware/ardupilot) by extensions ['cmake', 'python']
[0.282s] Level 1:colcon.colcon_core.package_identification:_identify(firmware/ardupilot) by extension 'cmake'
[0.282s] Level 1:colcon.colcon_core.package_identification:_identify(firmware/ardupilot) by extension 'python'
[0.282s] Level 1:colcon.colcon_core.package_identification:_identify(firmware/ardupilot) by extensions ['python_setup_py']
[0.282s] Level 1:colcon.colcon_core.package_identification:_identify(firmware/ardupilot) by extension 'python_setup_py'
[0.282s] Level 1:colcon.colcon_core.package_identification:_identify(firmware/ardupilot/params) by extensions ['ignore', 'ignore_ament_install']
[0.282s] Level 1:colcon.colcon_core.package_identification:_identify(firmware/ardupilot/params) by extension 'ignore'
[0.282s] Level 1:colcon.colcon_core.package_identification:_identify(firmware/ardupilot/params) by extension 'ignore_ament_install'
[0.282s] Level 1:colcon.colcon_core.package_identification:_identify(firmware/ardupilot/params) by extensions ['colcon_pkg']
[0.282s] Level 1:colcon.colcon_core.package_identification:_identify(firmware/ardupilot/params) by extension 'colcon_pkg'
[0.283s] Level 1:colcon.colcon_core.package_identification:_identify(firmware/ardupilot/params) by extensions ['colcon_meta']
[0.283s] Level 1:colcon.colcon_core.package_identification:_identify(firmware/ardupilot/params) by extension 'colcon_meta'
[0.283s] Level 1:colcon.colcon_core.package_identification:_identify(firmware/ardupilot/params) by extensions ['ros']
[0.283s] Level 1:colcon.colcon_core.package_identification:_identify(firmware/ardupilot/params) by extension 'ros'
[0.283s] Level 1:colcon.colcon_core.package_identification:_identify(firmware/ardupilot/params) by extensions ['cmake', 'python']
[0.283s] Level 1:colcon.colcon_core.package_identification:_identify(firmware/ardupilot/params) by extension 'cmake'
[0.283s] Level 1:colcon.colcon_core.package_identification:_identify(firmware/ardupilot/params) by extension 'python'
[0.283s] Level 1:colcon.colcon_core.package_identification:_identify(firmware/ardupilot/params) by extensions ['python_setup_py']
[0.283s] Level 1:colcon.colcon_core.package_identification:_identify(firmware/ardupilot/params) by extension 'python_setup_py'
[0.283s] Level 1:colcon.colcon_core.package_identification:_identify(firmware/ardupilot/scripts) by extensions ['ignore', 'ignore_ament_install']
[0.284s] Level 1:colcon.colcon_core.package_identification:_identify(firmware/ardupilot/scripts) by extension 'ignore'
[0.284s] Level 1:colcon.colcon_core.package_identification:_identify(firmware/ardupilot/scripts) by extension 'ignore_ament_install'
[0.284s] Level 1:colcon.colcon_core.package_identification:_identify(firmware/ardupilot/scripts) by extensions ['colcon_pkg']
[0.284s] Level 1:colcon.colcon_core.package_identification:_identify(firmware/ardupilot/scripts) by extension 'colcon_pkg'
[0.284s] Level 1:colcon.colcon_core.package_identification:_identify(firmware/ardupilot/scripts) by extensions ['colcon_meta']
[0.284s] Level 1:colcon.colcon_core.package_identification:_identify(firmware/ardupilot/scripts) by extension 'colcon_meta'
[0.284s] Level 1:colcon.colcon_core.package_identification:_identify(firmware/ardupilot/scripts) by extensions ['ros']
[0.284s] Level 1:colcon.colcon_core.package_identification:_identify(firmware/ardupilot/scripts) by extension 'ros'
[0.284s] Level 1:colcon.colcon_core.package_identification:_identify(firmware/ardupilot/scripts) by extensions ['cmake', 'python']
[0.284s] Level 1:colcon.colcon_core.package_identification:_identify(firmware/ardupilot/scripts) by extension 'cmake'
[0.284s] Level 1:colcon.colcon_core.package_identification:_identify(firmware/ardupilot/scripts) by extension 'python'
[0.285s] Level 1:colcon.colcon_core.package_identification:_identify(firmware/ardupilot/scripts) by extensions ['python_setup_py']
[0.285s] Level 1:colcon.colcon_core.package_identification:_identify(firmware/ardupilot/scripts) by extension 'python_setup_py'
[0.285s] Level 1:colcon.colcon_core.package_identification:_identify(hardware) by extensions ['ignore', 'ignore_ament_install']
[0.285s] Level 1:colcon.colcon_core.package_identification:_identify(hardware) by extension 'ignore'
[0.285s] Level 1:colcon.colcon_core.package_identification:_identify(hardware) by extension 'ignore_ament_install'
[0.285s] Level 1:colcon.colcon_core.package_identification:_identify(hardware) by extensions ['colcon_pkg']
[0.285s] Level 1:colcon.colcon_core.package_identification:_identify(hardware) by extension 'colcon_pkg'
[0.285s] Level 1:colcon.colcon_core.package_identification:_identify(hardware) by extensions ['colcon_meta']
[0.285s] Level 1:colcon.colcon_core.package_identification:_identify(hardware) by extension 'colcon_meta'
[0.285s] Level 1:colcon.colcon_core.package_identification:_identify(hardware) by extensions ['ros']
[0.285s] Level 1:colcon.colcon_core.package_identification:_identify(hardware) by extension 'ros'
[0.286s] Level 1:colcon.colcon_core.package_identification:_identify(hardware) by extensions ['cmake', 'python']
[0.286s] Level 1:colcon.colcon_core.package_identification:_identify(hardware) by extension 'cmake'
[0.286s] Level 1:colcon.colcon_core.package_identification:_identify(hardware) by extension 'python'
[0.286s] Level 1:colcon.colcon_core.package_identification:_identify(hardware) by extensions ['python_setup_py']
[0.286s] Level 1:colcon.colcon_core.package_identification:_identify(hardware) by extension 'python_setup_py'
[0.286s] Level 1:colcon.colcon_core.package_identification:_identify(hardware/drivetrain) by extensions ['ignore', 'ignore_ament_install']
[0.286s] Level 1:colcon.colcon_core.package_identification:_identify(hardware/drivetrain) by extension 'ignore'
[0.286s] Level 1:colcon.colcon_core.package_identification:_identify(hardware/drivetrain) by extension 'ignore_ament_install'
[0.287s] Level 1:colcon.colcon_core.package_identification:_identify(hardware/drivetrain) by extensions ['colcon_pkg']
[0.287s] Level 1:colcon.colcon_core.package_identification:_identify(hardware/drivetrain) by extension 'colcon_pkg'
[0.287s] Level 1:colcon.colcon_core.package_identification:_identify(hardware/drivetrain) by extensions ['colcon_meta']
[0.287s] Level 1:colcon.colcon_core.package_identification:_identify(hardware/drivetrain) by extension 'colcon_meta'
[0.287s] Level 1:colcon.colcon_core.package_identification:_identify(hardware/drivetrain) by extensions ['ros']
[0.287s] Level 1:colcon.colcon_core.package_identification:_identify(hardware/drivetrain) by extension 'ros'
[0.287s] Level 1:colcon.colcon_core.package_identification:_identify(hardware/drivetrain) by extensions ['cmake', 'python']
[0.287s] Level 1:colcon.colcon_core.package_identification:_identify(hardware/drivetrain) by extension 'cmake'
[0.287s] Level 1:colcon.colcon_core.package_identification:_identify(hardware/drivetrain) by extension 'python'
[0.287s] Level 1:colcon.colcon_core.package_identification:_identify(hardware/drivetrain) by extensions ['python_setup_py']
[0.287s] Level 1:colcon.colcon_core.package_identification:_identify(hardware/drivetrain) by extension 'python_setup_py'
[0.288s] Level 1:colcon.colcon_core.package_identification:_identify(hardware/power) by extensions ['ignore', 'ignore_ament_install']
[0.288s] Level 1:colcon.colcon_core.package_identification:_identify(hardware/power) by extension 'ignore'
[0.288s] Level 1:colcon.colcon_core.package_identification:_identify(hardware/power) by extension 'ignore_ament_install'
[0.288s] Level 1:colcon.colcon_core.package_identification:_identify(hardware/power) by extensions ['colcon_pkg']
[0.288s] Level 1:colcon.colcon_core.package_identification:_identify(hardware/power) by extension 'colcon_pkg'
[0.288s] Level 1:colcon.colcon_core.package_identification:_identify(hardware/power) by extensions ['colcon_meta']
[0.288s] Level 1:colcon.colcon_core.package_identification:_identify(hardware/power) by extension 'colcon_meta'
[0.288s] Level 1:colcon.colcon_core.package_identification:_identify(hardware/power) by extensions ['ros']
[0.289s] Level 1:colcon.colcon_core.package_identification:_identify(hardware/power) by extension 'ros'
[0.289s] Level 1:colcon.colcon_core.package_identification:_identify(hardware/power) by extensions ['cmake', 'python']
[0.289s] Level 1:colcon.colcon_core.package_identification:_identify(hardware/power) by extension 'cmake'
[0.289s] Level 1:colcon.colcon_core.package_identification:_identify(hardware/power) by extension 'python'
[0.289s] Level 1:colcon.colcon_core.package_identification:_identify(hardware/power) by extensions ['python_setup_py']
[0.289s] Level 1:colcon.colcon_core.package_identification:_identify(hardware/power) by extension 'python_setup_py'
[0.289s] Level 1:colcon.colcon_core.package_identification:_identify(install) by extensions ['ignore', 'ignore_ament_install']
[0.290s] Level 1:colcon.colcon_core.package_identification:_identify(install) by extension 'ignore'
[0.290s] Level 1:colcon.colcon_core.package_identification:_identify(install) ignored
[0.290s] Level 1:colcon.colcon_core.package_identification:_identify(log) by extensions ['ignore', 'ignore_ament_install']
[0.291s] Level 1:colcon.colcon_core.package_identification:_identify(log) by extension 'ignore'
[0.291s] Level 1:colcon.colcon_core.package_identification:_identify(log) ignored
[0.291s] Level 1:colcon.colcon_core.package_identification:_identify(ros2_ws) by extensions ['ignore', 'ignore_ament_install']
[0.292s] Level 1:colcon.colcon_core.package_identification:_identify(ros2_ws) by extension 'ignore'
[0.292s] Level 1:colcon.colcon_core.package_identification:_identify(ros2_ws) by extension 'ignore_ament_install'
[0.292s] Level 1:colcon.colcon_core.package_identification:_identify(ros2_ws) by extensions ['colcon_pkg']
[0.292s] Level 1:colcon.colcon_core.package_identification:_identify(ros2_ws) by extension 'colcon_pkg'
[0.293s] Level 1:colcon.colcon_core.package_identification:_identify(ros2_ws) by extensions ['colcon_meta']
[0.293s] Level 1:colcon.colcon_core.package_identification:_identify(ros2_ws) by extension 'colcon_meta'
[0.293s] Level 1:colcon.colcon_core.package_identification:_identify(ros2_ws) by extensions ['ros']
[0.293s] Level 1:colcon.colcon_core.package_identification:_identify(ros2_ws) by extension 'ros'
[0.293s] Level 1:colcon.colcon_core.package_identification:_identify(ros2_ws) by extensions ['cmake', 'python']
[0.293s] Level 1:colcon.colcon_core.package_identification:_identify(ros2_ws) by extension 'cmake'
[0.294s] Level 1:colcon.colcon_core.package_identification:_identify(ros2_ws) by extension 'python'
[0.294s] Level 1:colcon.colcon_core.package_identification:_identify(ros2_ws) by extensions ['python_setup_py']
[0.294s] Level 1:colcon.colcon_core.package_identification:_identify(ros2_ws) by extension 'python_setup_py'
[0.294s] Level 1:colcon.colcon_core.package_identification:_identify(ros2_ws/src) by extensions ['ignore', 'ignore_ament_install']
[0.295s] Level 1:colcon.colcon_core.package_identification:_identify(ros2_ws/src) by extension 'ignore'
[0.295s] Level 1:colcon.colcon_core.package_identification:_identify(ros2_ws/src) by extension 'ignore_ament_install'
[0.295s] Level 1:colcon.colcon_core.package_identification:_identify(ros2_ws/src) by extensions ['colcon_pkg']
[0.295s] Level 1:colcon.colcon_core.package_identification:_identify(ros2_ws/src) by extension 'colcon_pkg'
[0.296s] Level 1:colcon.colcon_core.package_identification:_identify(ros2_ws/src) by extensions ['colcon_meta']
[0.296s] Level 1:colcon.colcon_core.package_identification:_identify(ros2_ws/src) by extension 'colcon_meta'
[0.296s] Level 1:colcon.colcon_core.package_identification:_identify(ros2_ws/src) by extensions ['ros']
[0.296s] Level 1:colcon.colcon_core.package_identification:_identify(ros2_ws/src) by extension 'ros'
[0.296s] Level 1:colcon.colcon_core.package_identification:_identify(ros2_ws/src) by extensions ['cmake', 'python']
[0.296s] Level 1:colcon.colcon_core.package_identification:_identify(ros2_ws/src) by extension 'cmake'
[0.297s] Level 1:colcon.colcon_core.package_identification:_identify(ros2_ws/src) by extension 'python'
[0.297s] Level 1:colcon.colcon_core.package_identification:_identify(ros2_ws/src) by extensions ['python_setup_py']
[0.297s] Level 1:colcon.colcon_core.package_identification:_identify(ros2_ws/src) by extension 'python_setup_py'
[0.297s] Level 1:colcon.colcon_core.package_identification:_identify(ros2_ws/src/space_ardupilot_interface) by extensions ['ignore', 'ignore_ament_install']
[0.298s] Level 1:colcon.colcon_core.package_identification:_identify(ros2_ws/src/space_ardupilot_interface) by extension 'ignore'
[0.298s] Level 1:colcon.colcon_core.package_identification:_identify(ros2_ws/src/space_ardupilot_interface) by extension 'ignore_ament_install'
[0.298s] Level 1:colcon.colcon_core.package_identification:_identify(ros2_ws/src/space_ardupilot_interface) by extensions ['colcon_pkg']
[0.298s] Level 1:colcon.colcon_core.package_identification:_identify(ros2_ws/src/space_ardupilot_interface) by extension 'colcon_pkg'
[0.298s] Level 1:colcon.colcon_core.package_identification:_identify(ros2_ws/src/space_ardupilot_interface) by extensions ['colcon_meta']
[0.298s] Level 1:colcon.colcon_core.package_identification:_identify(ros2_ws/src/space_ardupilot_interface) by extension 'colcon_meta'
[0.299s] Level 1:colcon.colcon_core.package_identification:_identify(ros2_ws/src/space_ardupilot_interface) by extensions ['ros']
[0.299s] Level 1:colcon.colcon_core.package_identification:_identify(ros2_ws/src/space_ardupilot_interface) by extension 'ros'
[0.308s] DEBUG:colcon.colcon_core.package_identification:Package 'ros2_ws/src/space_ardupilot_interface' with type 'ros.ament_python' and name 'space_ardupilot_interface'
[0.308s] Level 1:colcon.colcon_core.package_identification:_identify(ros2_ws/src/space_bringup) by extensions ['ignore', 'ignore_ament_install']
[0.309s] Level 1:colcon.colcon_core.package_identification:_identify(ros2_ws/src/space_bringup) by extension 'ignore'
[0.309s] Level 1:colcon.colcon_core.package_identification:_identify(ros2_ws/src/space_bringup) by extension 'ignore_ament_install'
[0.309s] Level 1:colcon.colcon_core.package_identification:_identify(ros2_ws/src/space_bringup) by extensions ['colcon_pkg']
[0.309s] Level 1:colcon.colcon_core.package_identification:_identify(ros2_ws/src/space_bringup) by extension 'colcon_pkg'
[0.310s] Level 1:colcon.colcon_core.package_identification:_identify(ros2_ws/src/space_bringup) by extensions ['colcon_meta']
[0.310s] Level 1:colcon.colcon_core.package_identification:_identify(ros2_ws/src/space_bringup) by extension 'colcon_meta'
[0.310s] Level 1:colcon.colcon_core.package_identification:_identify(ros2_ws/src/space_bringup) by extensions ['ros']
[0.310s] Level 1:colcon.colcon_core.package_identification:_identify(ros2_ws/src/space_bringup) by extension 'ros'
[0.313s] DEBUG:colcon.colcon_core.package_identification:Package 'ros2_ws/src/space_bringup' with type 'ros.ament_python' and name 'space_bringup'
[0.313s] Level 1:colcon.colcon_core.package_identification:_identify(ros2_ws/src/space_controller) by extensions ['ignore', 'ignore_ament_install']
[0.313s] Level 1:colcon.colcon_core.package_identification:_identify(ros2_ws/src/space_controller) by extension 'ignore'
[0.314s] Level 1:colcon.colcon_core.package_identification:_identify(ros2_ws/src/space_controller) by extension 'ignore_ament_install'
[0.314s] Level 1:colcon.colcon_core.package_identification:_identify(ros2_ws/src/space_controller) by extensions ['colcon_pkg']
[0.314s] Level 1:colcon.colcon_core.package_identification:_identify(ros2_ws/src/space_controller) by extension 'colcon_pkg'
[0.314s] Level 1:colcon.colcon_core.package_identification:_identify(ros2_ws/src/space_controller) by extensions ['colcon_meta']
[0.314s] Level 1:colcon.colcon_core.package_identification:_identify(ros2_ws/src/space_controller) by extension 'colcon_meta'
[0.315s] Level 1:colcon.colcon_core.package_identification:_identify(ros2_ws/src/space_controller) by extensions ['ros']
[0.315s] Level 1:colcon.colcon_core.package_identification:_identify(ros2_ws/src/space_controller) by extension 'ros'
[0.317s] DEBUG:colcon.colcon_core.package_identification:Package 'ros2_ws/src/space_controller' with type 'ros.ament_python' and name 'space_controller'
[0.318s] Level 1:colcon.colcon_core.package_identification:_identify(ros2_ws/src/space_description) by extensions ['ignore', 'ignore_ament_install']
[0.318s] Level 1:colcon.colcon_core.package_identification:_identify(ros2_ws/src/space_description) by extension 'ignore'
[0.318s] Level 1:colcon.colcon_core.package_identification:_identify(ros2_ws/src/space_description) by extension 'ignore_ament_install'
[0.319s] Level 1:colcon.colcon_core.package_identification:_identify(ros2_ws/src/space_description) by extensions ['colcon_pkg']
[0.319s] Level 1:colcon.colcon_core.package_identification:_identify(ros2_ws/src/space_description) by extension 'colcon_pkg'
[0.319s] Level 1:colcon.colcon_core.package_identification:_identify(ros2_ws/src/space_description) by extensions ['colcon_meta']
[0.319s] Level 1:colcon.colcon_core.package_identification:_identify(ros2_ws/src/space_description) by extension 'colcon_meta'
[0.319s] Level 1:colcon.colcon_core.package_identification:_identify(ros2_ws/src/space_description) by extensions ['ros']
[0.319s] Level 1:colcon.colcon_core.package_identification:_identify(ros2_ws/src/space_description) by extension 'ros'
[0.322s] DEBUG:colcon.colcon_core.package_identification:Package 'ros2_ws/src/space_description' with type 'ros.ament_cmake' and name 'space_description'
[0.322s] Level 1:colcon.colcon_core.package_identification:_identify(ros2_ws/src/space_gazebo) by extensions ['ignore', 'ignore_ament_install']
[0.323s] Level 1:colcon.colcon_core.package_identification:_identify(ros2_ws/src/space_gazebo) by extension 'ignore'
[0.323s] Level 1:colcon.colcon_core.package_identification:_identify(ros2_ws/src/space_gazebo) by extension 'ignore_ament_install'
[0.323s] Level 1:colcon.colcon_core.package_identification:_identify(ros2_ws/src/space_gazebo) by extensions ['colcon_pkg']
[0.323s] Level 1:colcon.colcon_core.package_identification:_identify(ros2_ws/src/space_gazebo) by extension 'colcon_pkg'
[0.324s] Level 1:colcon.colcon_core.package_identification:_identify(ros2_ws/src/space_gazebo) by extensions ['colcon_meta']
[0.324s] Level 1:colcon.colcon_core.package_identification:_identify(ros2_ws/src/space_gazebo) by extension 'colcon_meta'
[0.324s] Level 1:colcon.colcon_core.package_identification:_identify(ros2_ws/src/space_gazebo) by extensions ['ros']
[0.324s] Level 1:colcon.colcon_core.package_identification:_identify(ros2_ws/src/space_gazebo) by extension 'ros'
[0.327s] DEBUG:colcon.colcon_core.package_identification:Package 'ros2_ws/src/space_gazebo' with type 'ros.ament_cmake' and name 'space_gazebo'
[0.328s] Level 1:colcon.colcon_core.package_identification:_identify(ros2_ws/src/space_perception) by extensions ['ignore', 'ignore_ament_install']
[0.328s] Level 1:colcon.colcon_core.package_identification:_identify(ros2_ws/src/space_perception) by extension 'ignore'
[0.328s] Level 1:colcon.colcon_core.package_identification:_identify(ros2_ws/src/space_perception) by extension 'ignore_ament_install'
[0.329s] Level 1:colcon.colcon_core.package_identification:_identify(ros2_ws/src/space_perception) by extensions ['colcon_pkg']
[0.329s] Level 1:colcon.colcon_core.package_identification:_identify(ros2_ws/src/space_perception) by extension 'colcon_pkg'
[0.329s] Level 1:colcon.colcon_core.package_identification:_identify(ros2_ws/src/space_perception) by extensions ['colcon_meta']
[0.329s] Level 1:colcon.colcon_core.package_identification:_identify(ros2_ws/src/space_perception) by extension 'colcon_meta'
[0.329s] Level 1:colcon.colcon_core.package_identification:_identify(ros2_ws/src/space_perception) by extensions ['ros']
[0.329s] Level 1:colcon.colcon_core.package_identification:_identify(ros2_ws/src/space_perception) by extension 'ros'
[0.335s] DEBUG:colcon.colcon_core.package_identification:Package 'ros2_ws/src/space_perception' with type 'ros.ament_cmake' and name 'space_perception'
[0.335s] Level 1:colcon.colcon_core.package_discovery:discover_packages(recursive) using defaults
[0.335s] Level 1:colcon.colcon_core.package_discovery:discover_packages(ignore) discover
[0.336s] Level 1:colcon.colcon_core.package_discovery:discover_packages(ignore) using defaults
[0.336s] Level 1:colcon.colcon_core.package_discovery:discover_packages(path) discover
[0.336s] Level 1:colcon.colcon_core.package_discovery:discover_packages(path) using defaults
[0.415s] INFO:colcon.colcon_core.package_selection:Skipping not selected package 'space_ardupilot_interface' in 'ros2_ws/src/space_ardupilot_interface'
[0.415s] INFO:colcon.colcon_core.package_selection:Skipping not selected package 'space_controller' in 'ros2_ws/src/space_controller'
[0.416s] INFO:colcon.colcon_core.package_selection:Skipping not selected package 'space_description' in 'ros2_ws/src/space_description'
[0.416s] INFO:colcon.colcon_core.package_selection:Skipping not selected package 'space_perception' in 'ros2_ws/src/space_perception'
[0.416s] INFO:colcon.colcon_core.package_selection:Skipping not selected package 'space_bringup' in 'ros2_ws/src/space_bringup'
[0.417s] Level 1:colcon.colcon_core.package_discovery:discover_packages(prefix_path) check parameters
[0.418s] Level 1:colcon.colcon_core.package_discovery:discover_packages(prefix_path) discover
[0.430s] DEBUG:colcon.colcon_installed_package_information.package_discovery:Found 434 installed packages in /opt/ros/jazzy
[0.434s] Level 1:colcon.colcon_core.package_discovery:discover_packages(prefix_path) using defaults
[0.571s] Level 5:colcon.colcon_core.verb:set package 'space_gazebo' build argument 'cmake_args' from command line to 'None'
[0.571s] Level 5:colcon.colcon_core.verb:set package 'space_gazebo' build argument 'cmake_target' from command line to 'None'
[0.571s] Level 5:colcon.colcon_core.verb:set package 'space_gazebo' build argument 'cmake_target_skip_unavailable' from command line to 'False'
[0.571s] Level 5:colcon.colcon_core.verb:set package 'space_gazebo' build argument 'cmake_clean_cache' from command line to 'False'
[0.571s] Level 5:colcon.colcon_core.verb:set package 'space_gazebo' build argument 'cmake_clean_first' from command line to 'False'
[0.571s] Level 5:colcon.colcon_core.verb:set package 'space_gazebo' build argument 'cmake_force_configure' from command line to 'False'
[0.571s] Level 5:colcon.colcon_core.verb:set package 'space_gazebo' build argument 'ament_cmake_args' from command line to 'None'
[0.571s] Level 5:colcon.colcon_core.verb:set package 'space_gazebo' build argument 'catkin_cmake_args' from command line to 'None'
[0.571s] Level 5:colcon.colcon_core.verb:set package 'space_gazebo' build argument 'catkin_skip_building_tests' from command line to 'False'
[0.571s] DEBUG:colcon.colcon_core.verb:Building package 'space_gazebo' with the following arguments: {'ament_cmake_args': None, 'build_base': '/home/kms301111/Desktop/space/build/space_gazebo', 'catkin_cmake_args': None, 'catkin_skip_building_tests': False, 'cmake_args': None, 'cmake_clean_cache': False, 'cmake_clean_first': False, 'cmake_force_configure': False, 'cmake_target': None, 'cmake_target_skip_unavailable': False, 'install_base': '/home/kms301111/Desktop/space/install/space_gazebo', 'merge_install': False, 'path': '/home/kms301111/Desktop/space/ros2_ws/src/space_gazebo', 'symlink_install': True, 'test_result_base': None}
[0.571s] INFO:colcon.colcon_core.executor:Executing jobs using 'parallel' executor
[0.573s] DEBUG:colcon.colcon_parallel_executor.executor.parallel:run_until_complete
[0.573s] INFO:colcon.colcon_ros.task.ament_cmake.build:Building ROS package in '/home/kms301111/Desktop/space/ros2_ws/src/space_gazebo' with build type 'ament_cmake'
[0.573s] INFO:colcon.colcon_cmake.task.cmake.build:Building CMake package in '/home/kms301111/Desktop/space/ros2_ws/src/space_gazebo'
[0.576s] INFO:colcon.colcon_core.plugin_system:Skipping extension 'colcon_core.shell.bat': Not used on non-Windows systems
[0.576s] INFO:colcon.colcon_core.shell:Skip shell extension 'powershell' for command environment: Not usable outside of PowerShell
[0.576s] DEBUG:colcon.colcon_core.shell:Skip shell extension 'dsv' for command environment
[0.590s] DEBUG:colcon.colcon_core.event_handler.log_command:Invoking command in '/home/kms301111/Desktop/space/build/space_gazebo': AMENT_PREFIX_PATH=/home/kms301111/Desktop/space/install/space_description:${AMENT_PREFIX_PATH} CMAKE_PREFIX_PATH=/home/kms301111/Desktop/space/install/space_description:/opt/ros/jazzy/opt/gz_sim_vendor:/opt/ros/jazzy/opt/gz_sensors_vendor:/opt/ros/jazzy/opt/gz_physics_vendor:/opt/ros/jazzy/opt/sdformat_vendor:/opt/ros/jazzy/opt/gz_gui_vendor:/opt/ros/jazzy/opt/gz_transport_vendor:/opt/ros/jazzy/opt/gz_rendering_vendor:/opt/ros/jazzy/opt/gz_plugin_vendor:/opt/ros/jazzy/opt/gz_fuel_tools_vendor:/opt/ros/jazzy/opt/gz_msgs_vendor:/opt/ros/jazzy/opt/gz_common_vendor:/opt/ros/jazzy/opt/gz_math_vendor:/opt/ros/jazzy/opt/gz_utils_vendor:/opt/ros/jazzy/opt/gz_tools_vendor:/opt/ros/jazzy/opt/gz_ogre_next_vendor:/opt/ros/jazzy/opt/gz_dartsim_vendor:/opt/ros/jazzy/opt/gz_cmake_vendor:/opt/ros/jazzy DEBUGINFOD_URLS=https://debuginfod.ubuntu.com /usr/bin/cmake --build /home/kms301111/Desktop/space/build/space_gazebo -- -j12 -l12
[5.884s] DEBUG:colcon.colcon_core.event_handler.log_command:Invoked command in '/home/kms301111/Desktop/space/build/space_gazebo' returned '0': AMENT_PREFIX_PATH=/home/kms301111/Desktop/space/install/space_description:${AMENT_PREFIX_PATH} CMAKE_PREFIX_PATH=/home/kms301111/Desktop/space/install/space_description:/opt/ros/jazzy/opt/gz_sim_vendor:/opt/ros/jazzy/opt/gz_sensors_vendor:/opt/ros/jazzy/opt/gz_physics_vendor:/opt/ros/jazzy/opt/sdformat_vendor:/opt/ros/jazzy/opt/gz_gui_vendor:/opt/ros/jazzy/opt/gz_transport_vendor:/opt/ros/jazzy/opt/gz_rendering_vendor:/opt/ros/jazzy/opt/gz_plugin_vendor:/opt/ros/jazzy/opt/gz_fuel_tools_vendor:/opt/ros/jazzy/opt/gz_msgs_vendor:/opt/ros/jazzy/opt/gz_common_vendor:/opt/ros/jazzy/opt/gz_math_vendor:/opt/ros/jazzy/opt/gz_utils_vendor:/opt/ros/jazzy/opt/gz_tools_vendor:/opt/ros/jazzy/opt/gz_ogre_next_vendor:/opt/ros/jazzy/opt/gz_dartsim_vendor:/opt/ros/jazzy/opt/gz_cmake_vendor:/opt/ros/jazzy DEBUGINFOD_URLS=https://debuginfod.ubuntu.com /usr/bin/cmake --build /home/kms301111/Desktop/space/build/space_gazebo -- -j12 -l12
[5.905s] DEBUG:colcon.colcon_core.event_handler.log_command:Invoking command in '/home/kms301111/Desktop/space/build/space_gazebo': AMENT_PREFIX_PATH=/home/kms301111/Desktop/space/install/space_description:${AMENT_PREFIX_PATH} CMAKE_PREFIX_PATH=/home/kms301111/Desktop/space/install/space_description:/opt/ros/jazzy/opt/gz_sim_vendor:/opt/ros/jazzy/opt/gz_sensors_vendor:/opt/ros/jazzy/opt/gz_physics_vendor:/opt/ros/jazzy/opt/sdformat_vendor:/opt/ros/jazzy/opt/gz_gui_vendor:/opt/ros/jazzy/opt/gz_transport_vendor:/opt/ros/jazzy/opt/gz_rendering_vendor:/opt/ros/jazzy/opt/gz_plugin_vendor:/opt/ros/jazzy/opt/gz_fuel_tools_vendor:/opt/ros/jazzy/opt/gz_msgs_vendor:/opt/ros/jazzy/opt/gz_common_vendor:/opt/ros/jazzy/opt/gz_math_vendor:/opt/ros/jazzy/opt/gz_utils_vendor:/opt/ros/jazzy/opt/gz_tools_vendor:/opt/ros/jazzy/opt/gz_ogre_next_vendor:/opt/ros/jazzy/opt/gz_dartsim_vendor:/opt/ros/jazzy/opt/gz_cmake_vendor:/opt/ros/jazzy DEBUGINFOD_URLS=https://debuginfod.ubuntu.com /usr/bin/cmake --install /home/kms301111/Desktop/space/build/space_gazebo
[5.950s] Level 1:colcon.colcon_core.environment:create_environment_scripts_only(space_gazebo)
[5.952s] DEBUG:colcon.colcon_core.event_handler.log_command:Invoked command in '/home/kms301111/Desktop/space/build/space_gazebo' returned '0': AMENT_PREFIX_PATH=/home/kms301111/Desktop/space/install/space_description:${AMENT_PREFIX_PATH} CMAKE_PREFIX_PATH=/home/kms301111/Desktop/space/install/space_description:/opt/ros/jazzy/opt/gz_sim_vendor:/opt/ros/jazzy/opt/gz_sensors_vendor:/opt/ros/jazzy/opt/gz_physics_vendor:/opt/ros/jazzy/opt/sdformat_vendor:/opt/ros/jazzy/opt/gz_gui_vendor:/opt/ros/jazzy/opt/gz_transport_vendor:/opt/ros/jazzy/opt/gz_rendering_vendor:/opt/ros/jazzy/opt/gz_plugin_vendor:/opt/ros/jazzy/opt/gz_fuel_tools_vendor:/opt/ros/jazzy/opt/gz_msgs_vendor:/opt/ros/jazzy/opt/gz_common_vendor:/opt/ros/jazzy/opt/gz_math_vendor:/opt/ros/jazzy/opt/gz_utils_vendor:/opt/ros/jazzy/opt/gz_tools_vendor:/opt/ros/jazzy/opt/gz_ogre_next_vendor:/opt/ros/jazzy/opt/gz_dartsim_vendor:/opt/ros/jazzy/opt/gz_cmake_vendor:/opt/ros/jazzy DEBUGINFOD_URLS=https://debuginfod.ubuntu.com /usr/bin/cmake --install /home/kms301111/Desktop/space/build/space_gazebo
[5.957s] Level 1:colcon.colcon_core.environment:checking '/home/kms301111/Desktop/space/install/space_gazebo' for CMake module files
[5.958s] Level 1:colcon.colcon_core.environment:checking '/home/kms301111/Desktop/space/install/space_gazebo' for CMake config files
[5.959s] Level 1:colcon.colcon_core.shell:create_environment_hook('space_gazebo', 'cmake_prefix_path')
[5.960s] INFO:colcon.colcon_core.shell:Creating environment hook '/home/kms301111/Desktop/space/install/space_gazebo/share/space_gazebo/hook/cmake_prefix_path.ps1'
[5.961s] INFO:colcon.colcon_core.shell:Creating environment descriptor '/home/kms301111/Desktop/space/install/space_gazebo/share/space_gazebo/hook/cmake_prefix_path.dsv'
[5.962s] INFO:colcon.colcon_core.shell:Creating environment hook '/home/kms301111/Desktop/space/install/space_gazebo/share/space_gazebo/hook/cmake_prefix_path.sh'
[5.964s] Level 1:colcon.colcon_core.environment:checking '/home/kms301111/Desktop/space/install/space_gazebo/lib'
[5.965s] Level 1:colcon.colcon_core.shell:create_environment_hook('space_gazebo', 'ld_library_path_lib')
[5.965s] INFO:colcon.colcon_core.shell:Creating environment hook '/home/kms301111/Desktop/space/install/space_gazebo/share/space_gazebo/hook/ld_library_path_lib.ps1'
[5.967s] INFO:colcon.colcon_core.shell:Creating environment descriptor '/home/kms301111/Desktop/space/install/space_gazebo/share/space_gazebo/hook/ld_library_path_lib.dsv'
[5.967s] INFO:colcon.colcon_core.shell:Creating environment hook '/home/kms301111/Desktop/space/install/space_gazebo/share/space_gazebo/hook/ld_library_path_lib.sh'
[5.968s] Level 1:colcon.colcon_core.environment:checking '/home/kms301111/Desktop/space/install/space_gazebo/bin'
[5.968s] Level 1:colcon.colcon_core.environment:checking '/home/kms301111/Desktop/space/install/space_gazebo/lib/pkgconfig/space_gazebo.pc'
[5.969s] Level 1:colcon.colcon_core.environment:checking '/home/kms301111/Desktop/space/install/space_gazebo/lib/python3.12/site-packages'
[5.970s] Level 1:colcon.colcon_core.environment:checking '/home/kms301111/Desktop/space/install/space_gazebo/bin'
[5.970s] INFO:colcon.colcon_core.shell:Creating package script '/home/kms301111/Desktop/space/install/space_gazebo/share/space_gazebo/package.ps1'
[5.972s] INFO:colcon.colcon_core.shell:Creating package descriptor '/home/kms301111/Desktop/space/install/space_gazebo/share/space_gazebo/package.dsv'
[5.974s] INFO:colcon.colcon_core.shell:Creating package script '/home/kms301111/Desktop/space/install/space_gazebo/share/space_gazebo/package.sh'
[5.975s] INFO:colcon.colcon_core.shell:Creating package script '/home/kms301111/Desktop/space/install/space_gazebo/share/space_gazebo/package.bash'
[5.976s] INFO:colcon.colcon_core.shell:Creating package script '/home/kms301111/Desktop/space/install/space_gazebo/share/space_gazebo/package.zsh'
[5.977s] Level 1:colcon.colcon_core.environment:create_file_with_runtime_dependencies(/home/kms301111/Desktop/space/install/space_gazebo/share/colcon-core/packages/space_gazebo)
[5.978s] Level 1:colcon.colcon_core.environment:create_environment_scripts_only(space_gazebo)
[5.978s] Level 1:colcon.colcon_core.environment:checking '/home/kms301111/Desktop/space/install/space_gazebo' for CMake module files
[5.979s] Level 1:colcon.colcon_core.environment:checking '/home/kms301111/Desktop/space/install/space_gazebo' for CMake config files
[5.980s] Level 1:colcon.colcon_core.shell:create_environment_hook('space_gazebo', 'cmake_prefix_path')
[5.980s] INFO:colcon.colcon_core.shell:Creating environment hook '/home/kms301111/Desktop/space/install/space_gazebo/share/space_gazebo/hook/cmake_prefix_path.ps1'
[5.981s] INFO:colcon.colcon_core.shell:Creating environment descriptor '/home/kms301111/Desktop/space/install/space_gazebo/share/space_gazebo/hook/cmake_prefix_path.dsv'
[5.981s] INFO:colcon.colcon_core.shell:Creating environment hook '/home/kms301111/Desktop/space/install/space_gazebo/share/space_gazebo/hook/cmake_prefix_path.sh'
[5.982s] Level 1:colcon.colcon_core.environment:checking '/home/kms301111/Desktop/space/install/space_gazebo/lib'
[5.982s] Level 1:colcon.colcon_core.shell:create_environment_hook('space_gazebo', 'ld_library_path_lib')
[5.983s] INFO:colcon.colcon_core.shell:Creating environment hook '/home/kms301111/Desktop/space/install/space_gazebo/share/space_gazebo/hook/ld_library_path_lib.ps1'
[5.983s] INFO:colcon.colcon_core.shell:Creating environment descriptor '/home/kms301111/Desktop/space/install/space_gazebo/share/space_gazebo/hook/ld_library_path_lib.dsv'
[5.984s] INFO:colcon.colcon_core.shell:Creating environment hook '/home/kms301111/Desktop/space/install/space_gazebo/share/space_gazebo/hook/ld_library_path_lib.sh'
[5.984s] Level 1:colcon.colcon_core.environment:checking '/home/kms301111/Desktop/space/install/space_gazebo/bin'
[5.984s] Level 1:colcon.colcon_core.environment:checking '/home/kms301111/Desktop/space/install/space_gazebo/lib/pkgconfig/space_gazebo.pc'
[5.985s] Level 1:colcon.colcon_core.environment:checking '/home/kms301111/Desktop/space/install/space_gazebo/lib/python3.12/site-packages'
[5.985s] Level 1:colcon.colcon_core.environment:checking '/home/kms301111/Desktop/space/install/space_gazebo/bin'
[5.986s] INFO:colcon.colcon_core.shell:Creating package script '/home/kms301111/Desktop/space/install/space_gazebo/share/space_gazebo/package.ps1'
[5.987s] INFO:colcon.colcon_core.shell:Creating package descriptor '/home/kms301111/Desktop/space/install/space_gazebo/share/space_gazebo/package.dsv'
[5.988s] INFO:colcon.colcon_core.shell:Creating package script '/home/kms301111/Desktop/space/install/space_gazebo/share/space_gazebo/package.sh'
[5.989s] INFO:colcon.colcon_core.shell:Creating package script '/home/kms301111/Desktop/space/install/space_gazebo/share/space_gazebo/package.bash'
[5.990s] INFO:colcon.colcon_core.shell:Creating package script '/home/kms301111/Desktop/space/install/space_gazebo/share/space_gazebo/package.zsh'
[5.991s] Level 1:colcon.colcon_core.environment:create_file_with_runtime_dependencies(/home/kms301111/Desktop/space/install/space_gazebo/share/colcon-core/packages/space_gazebo)
[5.992s] DEBUG:colcon.colcon_parallel_executor.executor.parallel:closing loop
[5.993s] DEBUG:colcon.colcon_parallel_executor.executor.parallel:loop closed
[5.993s] DEBUG:colcon.colcon_parallel_executor.executor.parallel:run_until_complete finished with '0'
[5.993s] DEBUG:colcon.colcon_core.event_reactor:joining thread
[6.004s] INFO:colcon.colcon_core.plugin_system:Skipping extension 'colcon_notification.desktop_notification.terminal_notifier': Not used on non-Darwin systems
[6.004s] INFO:colcon.colcon_core.plugin_system:Skipping extension 'colcon_notification.desktop_notification.win32': Not used on non-Windows systems
[6.004s] INFO:colcon.colcon_notification.desktop_notification:Sending desktop notification using 'notify2'
[6.004s] DEBUG:colcon.colcon_notification.desktop_notification.notify2:Failed to initialize notify2: org.freedesktop.DBus.Error.AccessDenied: Failed to connect to socket /run/user/1000/bus: Operation not permitted
[6.005s] DEBUG:colcon.colcon_core.event_reactor:joined thread
[6.005s] INFO:colcon.colcon_core.shell:Creating prefix script '/home/kms301111/Desktop/space/install/local_setup.ps1'
[6.007s] INFO:colcon.colcon_core.shell:Creating prefix util module '/home/kms301111/Desktop/space/install/_local_setup_util_ps1.py'
[6.009s] INFO:colcon.colcon_core.shell:Creating prefix chain script '/home/kms301111/Desktop/space/install/setup.ps1'
[6.010s] INFO:colcon.colcon_core.shell:Creating prefix script '/home/kms301111/Desktop/space/install/local_setup.sh'
[6.011s] INFO:colcon.colcon_core.shell:Creating prefix util module '/home/kms301111/Desktop/space/install/_local_setup_util_sh.py'
[6.011s] INFO:colcon.colcon_core.shell:Creating prefix chain script '/home/kms301111/Desktop/space/install/setup.sh'
[6.032s] INFO:colcon.colcon_core.shell:Creating prefix script '/home/kms301111/Desktop/space/install/local_setup.bash'
[6.032s] INFO:colcon.colcon_core.shell:Creating prefix chain script '/home/kms301111/Desktop/space/install/setup.bash'
[6.034s] INFO:colcon.colcon_core.shell:Creating prefix script '/home/kms301111/Desktop/space/install/local_setup.zsh'
[6.034s] INFO:colcon.colcon_core.shell:Creating prefix chain script '/home/kms301111/Desktop/space/install/setup.zsh'
