[0.018s] Invoking command in '/home/kms301111/Desktop/space/build/space_gazebo': AMENT_PREFIX_PATH=/home/kms301111/Desktop/space/install/space_description:${AMENT_PREFIX_PATH} CMAKE_PREFIX_PATH=/home/kms301111/Desktop/space/install/space_description:/opt/ros/jazzy/opt/gz_sim_vendor:/opt/ros/jazzy/opt/gz_sensors_vendor:/opt/ros/jazzy/opt/gz_physics_vendor:/opt/ros/jazzy/opt/sdformat_vendor:/opt/ros/jazzy/opt/gz_gui_vendor:/opt/ros/jazzy/opt/gz_transport_vendor:/opt/ros/jazzy/opt/gz_rendering_vendor:/opt/ros/jazzy/opt/gz_plugin_vendor:/opt/ros/jazzy/opt/gz_fuel_tools_vendor:/opt/ros/jazzy/opt/gz_msgs_vendor:/opt/ros/jazzy/opt/gz_common_vendor:/opt/ros/jazzy/opt/gz_math_vendor:/opt/ros/jazzy/opt/gz_utils_vendor:/opt/ros/jazzy/opt/gz_tools_vendor:/opt/ros/jazzy/opt/gz_ogre_next_vendor:/opt/ros/jazzy/opt/gz_dartsim_vendor:/opt/ros/jazzy/opt/gz_cmake_vendor:/opt/ros/jazzy DEBUGINFOD_URLS=https://debuginfod.ubuntu.com /usr/bin/cmake --build /home/kms301111/Desktop/space/build/space_gazebo -- -j12 -l12
[0.101s] Invoked command in '/home/kms301111/Desktop/space/build/space_gazebo' returned '0': AMENT_PREFIX_PATH=/home/kms301111/Desktop/space/install/space_description:${AMENT_PREFIX_PATH} CMAKE_PREFIX_PATH=/home/kms301111/Desktop/space/install/space_description:/opt/ros/jazzy/opt/gz_sim_vendor:/opt/ros/jazzy/opt/gz_sensors_vendor:/opt/ros/jazzy/opt/gz_physics_vendor:/opt/ros/jazzy/opt/sdformat_vendor:/opt/ros/jazzy/opt/gz_gui_vendor:/opt/ros/jazzy/opt/gz_transport_vendor:/opt/ros/jazzy/opt/gz_rendering_vendor:/opt/ros/jazzy/opt/gz_plugin_vendor:/opt/ros/jazzy/opt/gz_fuel_tools_vendor:/opt/ros/jazzy/opt/gz_msgs_vendor:/opt/ros/jazzy/opt/gz_common_vendor:/opt/ros/jazzy/opt/gz_math_vendor:/opt/ros/jazzy/opt/gz_utils_vendor:/opt/ros/jazzy/opt/gz_tools_vendor:/opt/ros/jazzy/opt/gz_ogre_next_vendor:/opt/ros/jazzy/opt/gz_dartsim_vendor:/opt/ros/jazzy/opt/gz_cmake_vendor:/opt/ros/jazzy DEBUGINFOD_URLS=https://debuginfod.ubuntu.com /usr/bin/cmake --build /home/kms301111/Desktop/space/build/space_gazebo -- -j12 -l12
[0.103s] Invoking command in '/home/kms301111/Desktop/space/build/space_gazebo': AMENT_PREFIX_PATH=/home/kms301111/Desktop/space/install/space_description:${AMENT_PREFIX_PATH} CMAKE_PREFIX_PATH=/home/kms301111/Desktop/space/install/space_description:/opt/ros/jazzy/opt/gz_sim_vendor:/opt/ros/jazzy/opt/gz_sensors_vendor:/opt/ros/jazzy/opt/gz_physics_vendor:/opt/ros/jazzy/opt/sdformat_vendor:/opt/ros/jazzy/opt/gz_gui_vendor:/opt/ros/jazzy/opt/gz_transport_vendor:/opt/ros/jazzy/opt/gz_rendering_vendor:/opt/ros/jazzy/opt/gz_plugin_vendor:/opt/ros/jazzy/opt/gz_fuel_tools_vendor:/opt/ros/jazzy/opt/gz_msgs_vendor:/opt/ros/jazzy/opt/gz_common_vendor:/opt/ros/jazzy/opt/gz_math_vendor:/opt/ros/jazzy/opt/gz_utils_vendor:/opt/ros/jazzy/opt/gz_tools_vendor:/opt/ros/jazzy/opt/gz_ogre_next_vendor:/opt/ros/jazzy/opt/gz_dartsim_vendor:/opt/ros/jazzy/opt/gz_cmake_vendor:/opt/ros/jazzy DEBUGINFOD_URLS=https://debuginfod.ubuntu.com /usr/bin/cmake --install /home/kms301111/Desktop/space/build/space_gazebo
[0.122s] -- Install configuration: ""
[0.122s] -- Execute custom install script
[0.123s] -- Up-to-date symlink: /home/kms301111/Desktop/space/install/space_gazebo/share/space_gazebo/assets/source_cad/arena_test_slope_v04.stp
[0.124s] -- Up-to-date symlink: /home/kms301111/Desktop/space/install/space_gazebo/share/space_gazebo/config/arena_test_slope_v04.yaml
[0.124s] -- Up-to-date symlink: /home/kms301111/Desktop/space/install/space_gazebo/share/space_gazebo/config/ros_gz_bridge.yaml
[0.124s] -- Symlinking: /home/kms301111/Desktop/space/install/space_gazebo/share/space_gazebo/config/rover_gui.config
[0.143s] -- Symlinking: /home/kms301111/Desktop/space/install/space_gazebo/share/space_gazebo/launch/__pycache__/gazebo.launch.cpython-312.pyc
[0.159s] -- Up-to-date symlink: /home/kms301111/Desktop/space/install/space_gazebo/share/space_gazebo/launch/gazebo.launch.py
[0.160s] -- Up-to-date symlink: /home/kms301111/Desktop/space/install/space_gazebo/share/space_gazebo/models/arena_flat/meshes/arena_visual.stl
[0.160s] -- Up-to-date symlink: /home/kms301111/Desktop/space/install/space_gazebo/share/space_gazebo/models/arena_terrain_v04/meshes/arena_collision.stl
[0.161s] -- Up-to-date symlink: /home/kms301111/Desktop/space/install/space_gazebo/share/space_gazebo/models/arena_terrain_v04/meshes/arena_visual.stl
[0.161s] -- Up-to-date symlink: /home/kms301111/Desktop/space/install/space_gazebo/share/space_gazebo/models/arena_terrain_v04/model.config
[0.161s] -- Up-to-date symlink: /home/kms301111/Desktop/space/install/space_gazebo/share/space_gazebo/models/arena_terrain_v04/model.sdf
[0.162s] -- Up-to-date symlink: /home/kms301111/Desktop/space/install/space_gazebo/share/space_gazebo/models/arena_test_slope_v04/meshes/arena_collision.stl
[0.162s] -- Up-to-date symlink: /home/kms301111/Desktop/space/install/space_gazebo/share/space_gazebo/models/arena_test_slope_v04/meshes/arena_visual.stl
[0.162s] -- Up-to-date symlink: /home/kms301111/Desktop/space/install/space_gazebo/share/space_gazebo/models/arena_test_slope_v04/model.config
[0.162s] -- Up-to-date symlink: /home/kms301111/Desktop/space/install/space_gazebo/share/space_gazebo/models/arena_test_slope_v04/model.sdf
[0.162s] -- Up-to-date symlink: /home/kms301111/Desktop/space/install/space_gazebo/share/space_gazebo/urdf/gazebo_extensions.xacro
[0.163s] -- Up-to-date symlink: /home/kms301111/Desktop/space/install/space_gazebo/share/space_gazebo/urdf/space_rover.gazebo.urdf.xacro
[0.163s] -- Up-to-date symlink: /home/kms301111/Desktop/space/install/space_gazebo/share/space_gazebo/worlds/arena_flat.sdf
[0.163s] -- Up-to-date symlink: /home/kms301111/Desktop/space/install/space_gazebo/share/space_gazebo/worlds/arena_terrain_v04.sdf
[0.163s] -- Up-to-date symlink: /home/kms301111/Desktop/space/install/space_gazebo/share/space_gazebo/worlds/arena_test_slope_v04.sdf
[0.164s] -- Up-to-date symlink: /home/kms301111/Desktop/space/install/space_gazebo/share/space_gazebo/worlds/space_challenge_empty.sdf
[0.164s] -- Up-to-date symlink: /home/kms301111/Desktop/space/install/space_gazebo/share/space_gazebo/tools/convert_arena_step.py
[0.164s] -- Up-to-date symlink: /home/kms301111/Desktop/space/install/space_gazebo/share/ament_index/resource_index/package_run_dependencies/space_gazebo
[0.164s] -- Up-to-date symlink: /home/kms301111/Desktop/space/install/space_gazebo/share/ament_index/resource_index/parent_prefix_path/space_gazebo
[0.165s] -- Up-to-date symlink: /home/kms301111/Desktop/space/install/space_gazebo/share/space_gazebo/environment/ament_prefix_path.sh
[0.165s] -- Up-to-date symlink: /home/kms301111/Desktop/space/install/space_gazebo/share/space_gazebo/environment/ament_prefix_path.dsv
[0.165s] -- Up-to-date symlink: /home/kms301111/Desktop/space/install/space_gazebo/share/space_gazebo/environment/path.sh
[0.166s] -- Up-to-date symlink: /home/kms301111/Desktop/space/install/space_gazebo/share/space_gazebo/environment/path.dsv
[0.166s] -- Up-to-date symlink: /home/kms301111/Desktop/space/install/space_gazebo/share/space_gazebo/local_setup.bash
[0.166s] -- Up-to-date symlink: /home/kms301111/Desktop/space/install/space_gazebo/share/space_gazebo/local_setup.sh
[0.167s] -- Up-to-date symlink: /home/kms301111/Desktop/space/install/space_gazebo/share/space_gazebo/local_setup.zsh
[0.167s] -- Up-to-date symlink: /home/kms301111/Desktop/space/install/space_gazebo/share/space_gazebo/local_setup.dsv
[0.167s] -- Symlinking: /home/kms301111/Desktop/space/install/space_gazebo/share/space_gazebo/package.dsv
[0.188s] -- Up-to-date symlink: /home/kms301111/Desktop/space/install/space_gazebo/share/ament_index/resource_index/packages/space_gazebo
[0.188s] -- Up-to-date symlink: /home/kms301111/Desktop/space/install/space_gazebo/share/space_gazebo/cmake/space_gazeboConfig.cmake
[0.188s] -- Up-to-date symlink: /home/kms301111/Desktop/space/install/space_gazebo/share/space_gazebo/cmake/space_gazeboConfig-version.cmake
[0.188s] -- Up-to-date symlink: /home/kms301111/Desktop/space/install/space_gazebo/share/space_gazebo/package.xml
[0.189s] -- Up-to-date: /home/kms301111/Desktop/space/install/space_gazebo/lib/space_gazebo/arena_marker_publisher
[0.191s] Invoked command in '/home/kms301111/Desktop/space/build/space_gazebo' returned '0': AMENT_PREFIX_PATH=/home/kms301111/Desktop/space/install/space_description:${AMENT_PREFIX_PATH} CMAKE_PREFIX_PATH=/home/kms301111/Desktop/space/install/space_description:/opt/ros/jazzy/opt/gz_sim_vendor:/opt/ros/jazzy/opt/gz_sensors_vendor:/opt/ros/jazzy/opt/gz_physics_vendor:/opt/ros/jazzy/opt/sdformat_vendor:/opt/ros/jazzy/opt/gz_gui_vendor:/opt/ros/jazzy/opt/gz_transport_vendor:/opt/ros/jazzy/opt/gz_rendering_vendor:/opt/ros/jazzy/opt/gz_plugin_vendor:/opt/ros/jazzy/opt/gz_fuel_tools_vendor:/opt/ros/jazzy/opt/gz_msgs_vendor:/opt/ros/jazzy/opt/gz_common_vendor:/opt/ros/jazzy/opt/gz_math_vendor:/opt/ros/jazzy/opt/gz_utils_vendor:/opt/ros/jazzy/opt/gz_tools_vendor:/opt/ros/jazzy/opt/gz_ogre_next_vendor:/opt/ros/jazzy/opt/gz_dartsim_vendor:/opt/ros/jazzy/opt/gz_cmake_vendor:/opt/ros/jazzy DEBUGINFOD_URLS=https://debuginfod.ubuntu.com /usr/bin/cmake --install /home/kms301111/Desktop/space/build/space_gazebo
