[0.009s] Invoking command in '/home/kj/Desktop/space/ros2_ws/src/build/space_gazebo': AMENT_PREFIX_PATH=/home/kj/Desktop/space/ros2_ws/src/install/space_description:${AMENT_PREFIX_PATH} CMAKE_PREFIX_PATH=/home/kj/Desktop/space/ros2_ws/src/install/space_description:/opt/ros/jazzy/opt/gz_sim_vendor:/opt/ros/jazzy/opt/gz_sensors_vendor:/opt/ros/jazzy/opt/gz_physics_vendor:/opt/ros/jazzy/opt/sdformat_vendor:/opt/ros/jazzy/opt/gz_gui_vendor:/opt/ros/jazzy/opt/gz_transport_vendor:/opt/ros/jazzy/opt/gz_rendering_vendor:/opt/ros/jazzy/opt/gz_plugin_vendor:/opt/ros/jazzy/opt/gz_fuel_tools_vendor:/opt/ros/jazzy/opt/gz_msgs_vendor:/opt/ros/jazzy/opt/gz_common_vendor:/opt/ros/jazzy/opt/gz_math_vendor:/opt/ros/jazzy/opt/gz_utils_vendor:/opt/ros/jazzy/opt/gz_tools_vendor:/opt/ros/jazzy/opt/gz_ogre_next_vendor:/opt/ros/jazzy/opt/gz_dartsim_vendor:/opt/ros/jazzy/opt/gz_cmake_vendor:/opt/ros/jazzy DEBUGINFOD_URLS=https://debuginfod.ubuntu.com PYTHONPATH=/home/kj/Desktop/space/ros2_ws/src/install/space_description/lib/python3.12/site-packages:${PYTHONPATH} /usr/bin/cmake /home/kj/Desktop/space/ros2_ws/src/space_gazebo -DAMENT_CMAKE_SYMLINK_INSTALL=1 -DCMAKE_INSTALL_PREFIX=/home/kj/Desktop/space/ros2_ws/src/install/space_gazebo
[0.053s] -- The C compiler identification is GNU 13.3.0
[0.094s] -- The CXX compiler identification is GNU 13.3.0
[0.107s] -- Detecting C compiler ABI info
[0.180s] -- Detecting C compiler ABI info - done
[0.188s] -- Check for working C compiler: /usr/bin/cc - skipped
[0.188s] -- Detecting C compile features
[0.189s] -- Detecting C compile features - done
[0.195s] -- Detecting CXX compiler ABI info
[0.285s] -- Detecting CXX compiler ABI info - done
[0.293s] -- Check for working CXX compiler: /usr/bin/c++ - skipped
[0.293s] -- Detecting CXX compile features
[0.294s] -- Detecting CXX compile features - done
[0.297s] -- Found ament_cmake: 2.5.6 (/opt/ros/jazzy/share/ament_cmake/cmake)
[0.422s] -- Found Python3: /usr/bin/python3 (found version "3.12.3") found components: Interpreter 
[0.476s] -- Override CMake install command with custom implementation using symlinks instead of copying resources
[0.519s] -- Looking for gz-gui8 -- found version 8.4.0
[0.524s] -- Searching for dependencies of gz-gui8
[0.635s] -- Found Protobuf: /usr/lib/x86_64-linux-gnu/libprotobuf.so (found version "3.21.12") 
[0.640s] -- Checking for module 'tinyxml2'
[0.653s] --   Found tinyxml2, version 10.0.0
[0.681s] -- Looking for gz-utils2 -- found version 2.2.1
[0.681s] -- Searching for dependencies of gz-utils2
[0.682s] -- Looking for gz-math7 -- found version 7.5.2
[0.684s] -- Searching for dependencies of gz-math7
[0.684s] -- Looking for gz-utils2 -- found version 2.2.1
[0.685s] -- Looking for gz-common5 -- found version 5.8.0
[0.685s] -- Searching for dependencies of gz-common5
[0.685s] -- Looking for gz-utils2 -- found version 2.2.1
[0.685s] -- Looking for dlfcn.h - found
[0.687s] -- Looking for libdl - found
[0.688s] -- Found DL: TRUE  
[0.691s] -- Checking for module 'uuid'
[0.704s] --   Found uuid, version 2.39.3
[0.732s] -- Found UUID: TRUE  
[0.732s] -- Searching for <gz-common5> component [profiler]
[0.734s] -- Looking for gz-common5-profiler -- found version 5.8.0
[0.734s] -- Searching for dependencies of gz-common5-profiler
[0.735s] -- Looking for gz-plugin2 -- found version 2.0.4
[0.735s] -- Searching for dependencies of gz-plugin2
[0.736s] -- Looking for gz-utils2 -- found version 2.2.1
[0.736s] -- Searching for dependencies of gz-utils2
[0.736s] -- Searching for <gz-utils2> component [cli]
[0.738s] -- Looking for gz-utils2-cli -- found version 2.2.1
[0.738s] -- Searching for dependencies of gz-utils2-cli
[0.738s] -- Searching for <gz-plugin2> component [loader]
[0.739s] -- Looking for gz-plugin2-loader -- found version 2.0.4
[0.740s] -- Searching for dependencies of gz-plugin2-loader
[0.740s] -- Searching for <gz-plugin2> component [register]
[0.741s] -- Looking for gz-plugin2-register -- found version 2.0.4
[0.741s] -- Searching for dependencies of gz-plugin2-register
[0.743s] -- Looking for gz-transport13 -- found version 13.5.0
[0.743s] -- Searching for dependencies of gz-transport13
[0.770s] -- Config-file not installed for ZeroMQ -- checking for pkg-config
[0.775s] -- Checking for module 'libzmq >= 4'
[0.788s] --   Found libzmq, version 4.3.5
[0.822s] -- Found ZeroMQ: TRUE (Required is at least version "4") 
[0.827s] -- Looking for gz-utils2 -- found version 2.2.1
[0.829s] -- Looking for gz-msgs10 -- found version 10.3.2
[0.829s] -- Searching for dependencies of gz-msgs10
[0.846s] -- Looking for gz-utils2 -- found version 2.2.1
[0.847s] -- Looking for gz-math7 -- found version 7.5.2
[0.854s] -- Looking for gz-rendering8 -- found version 8.2.3
[0.855s] -- Searching for dependencies of gz-rendering8
[0.855s] -- Looking for gz-math7 -- found version 7.5.2
[0.855s] -- Searching for dependencies of gz-math7
[0.855s] -- Looking for gz-utils2 -- found version 2.2.1
[0.855s] -- Searching for <gz-math7> component [eigen3]
[0.857s] -- Looking for gz-math7-eigen3 -- found version 7.5.2
[0.857s] -- Searching for dependencies of gz-math7-eigen3
[0.869s] -- Looking for gz-common5 -- found version 5.8.0
[0.869s] -- Searching for dependencies of gz-common5
[0.869s] -- Looking for gz-utils2 -- found version 2.2.1
[0.869s] -- Looking for dlfcn.h - found
[0.869s] -- Looking for libdl - found
[0.877s] -- Searching for <gz-common5> component [graphics]
[0.880s] -- Looking for gz-common5-graphics -- found version 5.8.0
[0.880s] -- Searching for dependencies of gz-common5-graphics
[0.880s] -- Looking for gz-math7 -- found version 7.5.2
[0.894s] -- Found GzAssimp: TRUE (found version "5.3.0") 
[0.895s] -- Searching for <gz-common5> component [events]
[0.897s] -- Looking for gz-common5-events -- found version 5.8.0
[0.897s] -- Searching for dependencies of gz-common5-events
[0.898s] -- Looking for gz-math7 -- found version 7.5.2
[0.899s] -- Searching for <gz-common5> component [geospatial]
[0.901s] -- Looking for gz-common5-geospatial -- found version 5.8.0
[0.901s] -- Searching for dependencies of gz-common5-geospatial
[0.901s] -- Looking for gz-math7 -- found version 7.5.2
[0.906s] -- Looking for gz-common5 -- found version 5.8.0
[0.906s] -- Looking for gz-plugin2 -- found version 2.0.4
[0.906s] -- Searching for dependencies of gz-plugin2
[0.906s] -- Looking for gz-utils2 -- found version 2.2.1
[0.906s] -- Searching for <gz-plugin2> component [all]
[0.909s] -- Looking for all libraries of gz-plugin2 -- found version 2.0.4
[0.909s] -- Looking for gz-plugin2 -- found version 2.0.4
[0.910s] -- Looking for gz-utils2 -- found version 2.2.1
[0.932s] -- Found OpenGL: /usr/lib/x86_64-linux-gnu/libOpenGL.so  found components: OpenGL 
[0.933s] -- Looking for gz-msgs10 -- found version 10.3.2
[0.949s] -- Looking for gz-msgs10 -- found version 10.3.2
[0.950s] -- Looking for gz-transport13 -- found version 13.5.0
[0.955s] -- Found ament_lint_auto: 0.17.5 (/opt/ros/jazzy/share/ament_lint_auto/cmake)
[1.074s] -- Added test 'cppcheck' to perform static code analysis on C / C++ code
[1.074s] -- Configured cppcheck include dirs: /home/kj/Desktop/space/ros2_ws/src/space_gazebo/include
[1.074s] -- Configured cppcheck exclude dirs and/or files: 
[1.077s] -- Added test 'cpplint' to check C / C++ code against the Google style
[1.078s] -- Configured cpplint exclude dirs and/or files: 
[1.078s] -- Added test 'flake8' to check Python code syntax and style conventions
[1.078s] -- Configured 'flake8' exclude dirs and/or files: 
[1.078s] -- Added test 'lint_cmake' to check CMake code style
[1.079s] -- Added test 'pep257' to check Python code against some of the docstring style conventions in PEP 257
[1.081s] -- Added test 'uncrustify' to check C / C++ code style
[1.081s] -- Configured uncrustify additional arguments: 
[1.082s] -- Added test 'xmllint' to check XML markup files
[1.083s] -- Configuring done (1.1s)
[1.097s] -- Generating done (0.0s)
[1.099s] -- Build files have been written to: /home/kj/Desktop/space/ros2_ws/src/build/space_gazebo
[1.111s] Invoked command in '/home/kj/Desktop/space/ros2_ws/src/build/space_gazebo' returned '0': AMENT_PREFIX_PATH=/home/kj/Desktop/space/ros2_ws/src/install/space_description:${AMENT_PREFIX_PATH} CMAKE_PREFIX_PATH=/home/kj/Desktop/space/ros2_ws/src/install/space_description:/opt/ros/jazzy/opt/gz_sim_vendor:/opt/ros/jazzy/opt/gz_sensors_vendor:/opt/ros/jazzy/opt/gz_physics_vendor:/opt/ros/jazzy/opt/sdformat_vendor:/opt/ros/jazzy/opt/gz_gui_vendor:/opt/ros/jazzy/opt/gz_transport_vendor:/opt/ros/jazzy/opt/gz_rendering_vendor:/opt/ros/jazzy/opt/gz_plugin_vendor:/opt/ros/jazzy/opt/gz_fuel_tools_vendor:/opt/ros/jazzy/opt/gz_msgs_vendor:/opt/ros/jazzy/opt/gz_common_vendor:/opt/ros/jazzy/opt/gz_math_vendor:/opt/ros/jazzy/opt/gz_utils_vendor:/opt/ros/jazzy/opt/gz_tools_vendor:/opt/ros/jazzy/opt/gz_ogre_next_vendor:/opt/ros/jazzy/opt/gz_dartsim_vendor:/opt/ros/jazzy/opt/gz_cmake_vendor:/opt/ros/jazzy DEBUGINFOD_URLS=https://debuginfod.ubuntu.com PYTHONPATH=/home/kj/Desktop/space/ros2_ws/src/install/space_description/lib/python3.12/site-packages:${PYTHONPATH} /usr/bin/cmake /home/kj/Desktop/space/ros2_ws/src/space_gazebo -DAMENT_CMAKE_SYMLINK_INSTALL=1 -DCMAKE_INSTALL_PREFIX=/home/kj/Desktop/space/ros2_ws/src/install/space_gazebo
[1.112s] Invoking command in '/home/kj/Desktop/space/ros2_ws/src/build/space_gazebo': AMENT_PREFIX_PATH=/home/kj/Desktop/space/ros2_ws/src/install/space_description:${AMENT_PREFIX_PATH} CMAKE_PREFIX_PATH=/home/kj/Desktop/space/ros2_ws/src/install/space_description:/opt/ros/jazzy/opt/gz_sim_vendor:/opt/ros/jazzy/opt/gz_sensors_vendor:/opt/ros/jazzy/opt/gz_physics_vendor:/opt/ros/jazzy/opt/sdformat_vendor:/opt/ros/jazzy/opt/gz_gui_vendor:/opt/ros/jazzy/opt/gz_transport_vendor:/opt/ros/jazzy/opt/gz_rendering_vendor:/opt/ros/jazzy/opt/gz_plugin_vendor:/opt/ros/jazzy/opt/gz_fuel_tools_vendor:/opt/ros/jazzy/opt/gz_msgs_vendor:/opt/ros/jazzy/opt/gz_common_vendor:/opt/ros/jazzy/opt/gz_math_vendor:/opt/ros/jazzy/opt/gz_utils_vendor:/opt/ros/jazzy/opt/gz_tools_vendor:/opt/ros/jazzy/opt/gz_ogre_next_vendor:/opt/ros/jazzy/opt/gz_dartsim_vendor:/opt/ros/jazzy/opt/gz_cmake_vendor:/opt/ros/jazzy DEBUGINFOD_URLS=https://debuginfod.ubuntu.com PYTHONPATH=/home/kj/Desktop/space/ros2_ws/src/install/space_description/lib/python3.12/site-packages:${PYTHONPATH} /usr/bin/cmake --build /home/kj/Desktop/space/ros2_ws/src/build/space_gazebo -- -j16 -l16
[1.158s] [  0%] Built target RoverKeyTeleop_autogen_timestamp_deps
[1.179s] [ 14%] Automatic MOC for target RoverKeyTeleop
[1.465s] [ 14%] Built target RoverKeyTeleop_autogen
[1.478s] [ 28%] Generating qrc_RoverKeyTeleop.cpp
[1.511s] [ 42%] Building CXX object CMakeFiles/RoverKeyTeleop.dir/qrc_RoverKeyTeleop.cpp.o
[1.511s] [ 71%] Building CXX object CMakeFiles/RoverKeyTeleop.dir/src/rover_key_teleop.cpp.o
[1.511s] [ 71%] Building CXX object CMakeFiles/RoverKeyTeleop.dir/RoverKeyTeleop_autogen/mocs_compilation.cpp.o
[4.439s] [ 85%] Linking CXX shared library libRoverKeyTeleop.so
[4.653s] [100%] Built target RoverKeyTeleop
[4.664s] Invoked command in '/home/kj/Desktop/space/ros2_ws/src/build/space_gazebo' returned '0': AMENT_PREFIX_PATH=/home/kj/Desktop/space/ros2_ws/src/install/space_description:${AMENT_PREFIX_PATH} CMAKE_PREFIX_PATH=/home/kj/Desktop/space/ros2_ws/src/install/space_description:/opt/ros/jazzy/opt/gz_sim_vendor:/opt/ros/jazzy/opt/gz_sensors_vendor:/opt/ros/jazzy/opt/gz_physics_vendor:/opt/ros/jazzy/opt/sdformat_vendor:/opt/ros/jazzy/opt/gz_gui_vendor:/opt/ros/jazzy/opt/gz_transport_vendor:/opt/ros/jazzy/opt/gz_rendering_vendor:/opt/ros/jazzy/opt/gz_plugin_vendor:/opt/ros/jazzy/opt/gz_fuel_tools_vendor:/opt/ros/jazzy/opt/gz_msgs_vendor:/opt/ros/jazzy/opt/gz_common_vendor:/opt/ros/jazzy/opt/gz_math_vendor:/opt/ros/jazzy/opt/gz_utils_vendor:/opt/ros/jazzy/opt/gz_tools_vendor:/opt/ros/jazzy/opt/gz_ogre_next_vendor:/opt/ros/jazzy/opt/gz_dartsim_vendor:/opt/ros/jazzy/opt/gz_cmake_vendor:/opt/ros/jazzy DEBUGINFOD_URLS=https://debuginfod.ubuntu.com PYTHONPATH=/home/kj/Desktop/space/ros2_ws/src/install/space_description/lib/python3.12/site-packages:${PYTHONPATH} /usr/bin/cmake --build /home/kj/Desktop/space/ros2_ws/src/build/space_gazebo -- -j16 -l16
[4.665s] Invoking command in '/home/kj/Desktop/space/ros2_ws/src/build/space_gazebo': AMENT_PREFIX_PATH=/home/kj/Desktop/space/ros2_ws/src/install/space_description:${AMENT_PREFIX_PATH} CMAKE_PREFIX_PATH=/home/kj/Desktop/space/ros2_ws/src/install/space_description:/opt/ros/jazzy/opt/gz_sim_vendor:/opt/ros/jazzy/opt/gz_sensors_vendor:/opt/ros/jazzy/opt/gz_physics_vendor:/opt/ros/jazzy/opt/sdformat_vendor:/opt/ros/jazzy/opt/gz_gui_vendor:/opt/ros/jazzy/opt/gz_transport_vendor:/opt/ros/jazzy/opt/gz_rendering_vendor:/opt/ros/jazzy/opt/gz_plugin_vendor:/opt/ros/jazzy/opt/gz_fuel_tools_vendor:/opt/ros/jazzy/opt/gz_msgs_vendor:/opt/ros/jazzy/opt/gz_common_vendor:/opt/ros/jazzy/opt/gz_math_vendor:/opt/ros/jazzy/opt/gz_utils_vendor:/opt/ros/jazzy/opt/gz_tools_vendor:/opt/ros/jazzy/opt/gz_ogre_next_vendor:/opt/ros/jazzy/opt/gz_dartsim_vendor:/opt/ros/jazzy/opt/gz_cmake_vendor:/opt/ros/jazzy DEBUGINFOD_URLS=https://debuginfod.ubuntu.com PYTHONPATH=/home/kj/Desktop/space/ros2_ws/src/install/space_description/lib/python3.12/site-packages:${PYTHONPATH} /usr/bin/cmake --install /home/kj/Desktop/space/ros2_ws/src/build/space_gazebo
[4.675s] -- Install configuration: ""
[4.675s] -- Execute custom install script
[4.675s] -- Symlinking: /home/kj/Desktop/space/ros2_ws/src/install/space_gazebo/share/space_gazebo/assets/source_cad/arena_test_slope_v04.stp
[4.684s] -- Symlinking: /home/kj/Desktop/space/ros2_ws/src/install/space_gazebo/share/space_gazebo/config/arena_test_slope_v04.yaml
[4.693s] -- Symlinking: /home/kj/Desktop/space/ros2_ws/src/install/space_gazebo/share/space_gazebo/config/ros_gz_bridge.yaml
[4.701s] -- Symlinking: /home/kj/Desktop/space/ros2_ws/src/install/space_gazebo/share/space_gazebo/config/rover_gui.config
[4.710s] -- Symlinking: /home/kj/Desktop/space/ros2_ws/src/install/space_gazebo/share/space_gazebo/launch/gazebo.launch.py
[4.719s] -- Symlinking: /home/kj/Desktop/space/ros2_ws/src/install/space_gazebo/share/space_gazebo/models/arena_flat/meshes/arena_visual.stl
[4.730s] -- Symlinking: /home/kj/Desktop/space/ros2_ws/src/install/space_gazebo/share/space_gazebo/models/arena_terrain_v04/meshes/arena_collision.stl
[4.742s] -- Symlinking: /home/kj/Desktop/space/ros2_ws/src/install/space_gazebo/share/space_gazebo/models/arena_terrain_v04/meshes/arena_visual.stl
[4.751s] -- Symlinking: /home/kj/Desktop/space/ros2_ws/src/install/space_gazebo/share/space_gazebo/models/arena_terrain_v04/model.config
[4.761s] -- Symlinking: /home/kj/Desktop/space/ros2_ws/src/install/space_gazebo/share/space_gazebo/models/arena_terrain_v04/model.sdf
[4.769s] -- Symlinking: /home/kj/Desktop/space/ros2_ws/src/install/space_gazebo/share/space_gazebo/models/arena_test_slope_v04/meshes/arena_collision.stl
[4.777s] -- Symlinking: /home/kj/Desktop/space/ros2_ws/src/install/space_gazebo/share/space_gazebo/models/arena_test_slope_v04/meshes/arena_visual.stl
[4.786s] -- Symlinking: /home/kj/Desktop/space/ros2_ws/src/install/space_gazebo/share/space_gazebo/models/arena_test_slope_v04/model.config
[4.795s] -- Symlinking: /home/kj/Desktop/space/ros2_ws/src/install/space_gazebo/share/space_gazebo/models/arena_test_slope_v04/model.sdf
[4.805s] -- Symlinking: /home/kj/Desktop/space/ros2_ws/src/install/space_gazebo/share/space_gazebo/urdf/gazebo_extensions.xacro
[4.814s] -- Symlinking: /home/kj/Desktop/space/ros2_ws/src/install/space_gazebo/share/space_gazebo/urdf/space_rover.gazebo.urdf.xacro
[4.824s] -- Symlinking: /home/kj/Desktop/space/ros2_ws/src/install/space_gazebo/share/space_gazebo/worlds/arena_flat.sdf
[4.833s] -- Symlinking: /home/kj/Desktop/space/ros2_ws/src/install/space_gazebo/share/space_gazebo/worlds/arena_terrain_v04.sdf
[4.842s] -- Symlinking: /home/kj/Desktop/space/ros2_ws/src/install/space_gazebo/share/space_gazebo/worlds/arena_test_slope_v04.sdf
[4.850s] -- Symlinking: /home/kj/Desktop/space/ros2_ws/src/install/space_gazebo/share/space_gazebo/worlds/space_challenge_empty.sdf
[4.859s] -- Symlinking: /home/kj/Desktop/space/ros2_ws/src/install/space_gazebo/lib/libRoverKeyTeleop.so
[4.870s] -- Symlinking: /home/kj/Desktop/space/ros2_ws/src/install/space_gazebo/share/space_gazebo/tools/convert_arena_step.py
[4.880s] -- Symlinking: /home/kj/Desktop/space/ros2_ws/src/install/space_gazebo/share/ament_index/resource_index/package_run_dependencies/space_gazebo
[4.890s] -- Symlinking: /home/kj/Desktop/space/ros2_ws/src/install/space_gazebo/share/ament_index/resource_index/parent_prefix_path/space_gazebo
[4.899s] -- Symlinking: /home/kj/Desktop/space/ros2_ws/src/install/space_gazebo/share/space_gazebo/environment/ament_prefix_path.sh
[4.909s] -- Symlinking: /home/kj/Desktop/space/ros2_ws/src/install/space_gazebo/share/space_gazebo/environment/ament_prefix_path.dsv
[4.917s] -- Symlinking: /home/kj/Desktop/space/ros2_ws/src/install/space_gazebo/share/space_gazebo/environment/path.sh
[4.926s] -- Symlinking: /home/kj/Desktop/space/ros2_ws/src/install/space_gazebo/share/space_gazebo/environment/path.dsv
[4.937s] -- Symlinking: /home/kj/Desktop/space/ros2_ws/src/install/space_gazebo/share/space_gazebo/local_setup.bash
[4.946s] -- Symlinking: /home/kj/Desktop/space/ros2_ws/src/install/space_gazebo/share/space_gazebo/local_setup.sh
[4.955s] -- Symlinking: /home/kj/Desktop/space/ros2_ws/src/install/space_gazebo/share/space_gazebo/local_setup.zsh
[4.964s] -- Symlinking: /home/kj/Desktop/space/ros2_ws/src/install/space_gazebo/share/space_gazebo/local_setup.dsv
[4.973s] -- Symlinking: /home/kj/Desktop/space/ros2_ws/src/install/space_gazebo/share/space_gazebo/package.dsv
[4.981s] -- Symlinking: /home/kj/Desktop/space/ros2_ws/src/install/space_gazebo/share/ament_index/resource_index/packages/space_gazebo
[4.991s] -- Symlinking: /home/kj/Desktop/space/ros2_ws/src/install/space_gazebo/share/space_gazebo/cmake/space_gazeboConfig.cmake
[5.001s] -- Symlinking: /home/kj/Desktop/space/ros2_ws/src/install/space_gazebo/share/space_gazebo/cmake/space_gazeboConfig-version.cmake
[5.011s] -- Symlinking: /home/kj/Desktop/space/ros2_ws/src/install/space_gazebo/share/space_gazebo/package.xml
[5.022s] -- Installing: /home/kj/Desktop/space/ros2_ws/src/install/space_gazebo/lib/space_gazebo/arena_marker_publisher
[5.024s] Invoked command in '/home/kj/Desktop/space/ros2_ws/src/build/space_gazebo' returned '0': AMENT_PREFIX_PATH=/home/kj/Desktop/space/ros2_ws/src/install/space_description:${AMENT_PREFIX_PATH} CMAKE_PREFIX_PATH=/home/kj/Desktop/space/ros2_ws/src/install/space_description:/opt/ros/jazzy/opt/gz_sim_vendor:/opt/ros/jazzy/opt/gz_sensors_vendor:/opt/ros/jazzy/opt/gz_physics_vendor:/opt/ros/jazzy/opt/sdformat_vendor:/opt/ros/jazzy/opt/gz_gui_vendor:/opt/ros/jazzy/opt/gz_transport_vendor:/opt/ros/jazzy/opt/gz_rendering_vendor:/opt/ros/jazzy/opt/gz_plugin_vendor:/opt/ros/jazzy/opt/gz_fuel_tools_vendor:/opt/ros/jazzy/opt/gz_msgs_vendor:/opt/ros/jazzy/opt/gz_common_vendor:/opt/ros/jazzy/opt/gz_math_vendor:/opt/ros/jazzy/opt/gz_utils_vendor:/opt/ros/jazzy/opt/gz_tools_vendor:/opt/ros/jazzy/opt/gz_ogre_next_vendor:/opt/ros/jazzy/opt/gz_dartsim_vendor:/opt/ros/jazzy/opt/gz_cmake_vendor:/opt/ros/jazzy DEBUGINFOD_URLS=https://debuginfod.ubuntu.com PYTHONPATH=/home/kj/Desktop/space/ros2_ws/src/install/space_description/lib/python3.12/site-packages:${PYTHONPATH} /usr/bin/cmake --install /home/kj/Desktop/space/ros2_ws/src/build/space_gazebo
