running develop
running egg_info
creating space_controller.egg-info
writing space_controller.egg-info/PKG-INFO
writing dependency_links to space_controller.egg-info/dependency_links.txt
writing entry points to space_controller.egg-info/entry_points.txt
writing requirements to space_controller.egg-info/requires.txt
writing top-level names to space_controller.egg-info/top_level.txt
writing manifest file 'space_controller.egg-info/SOURCES.txt'
reading manifest file 'space_controller.egg-info/SOURCES.txt'
writing manifest file 'space_controller.egg-info/SOURCES.txt'
running build_ext
Creating /home/kj/Desktop/space/ros2_ws/src/install/space_controller/lib/python3.12/site-packages/space-controller.egg-link (link to .)
Installing command_safety_node script to /home/kj/Desktop/space/ros2_ws/src/install/space_controller/lib/space_controller

Installed /home/kj/Desktop/space/ros2_ws/src/build/space_controller
running symlink_data
creating /home/kj/Desktop/space/ros2_ws/src/install/space_controller/share/ament_index
creating /home/kj/Desktop/space/ros2_ws/src/install/space_controller/share/ament_index/resource_index
creating /home/kj/Desktop/space/ros2_ws/src/install/space_controller/share/ament_index/resource_index/packages
symbolically linking /home/kj/Desktop/space/ros2_ws/src/build/space_controller/resource/space_controller -> /home/kj/Desktop/space/ros2_ws/src/install/space_controller/share/ament_index/resource_index/packages
symbolically linking /home/kj/Desktop/space/ros2_ws/src/build/space_controller/package.xml -> /home/kj/Desktop/space/ros2_ws/src/install/space_controller/share/space_controller
