running develop
running egg_info
creating space_ardupilot_interface.egg-info
writing space_ardupilot_interface.egg-info/PKG-INFO
writing dependency_links to space_ardupilot_interface.egg-info/dependency_links.txt
writing requirements to space_ardupilot_interface.egg-info/requires.txt
writing top-level names to space_ardupilot_interface.egg-info/top_level.txt
writing manifest file 'space_ardupilot_interface.egg-info/SOURCES.txt'
reading manifest file 'space_ardupilot_interface.egg-info/SOURCES.txt'
writing manifest file 'space_ardupilot_interface.egg-info/SOURCES.txt'
running build_ext
Creating /home/kms301111/Desktop/space/install/space_ardupilot_interface/lib/python3.12/site-packages/space-ardupilot-interface.egg-link (link to .)

Installed /home/kms301111/Desktop/space/build/space_ardupilot_interface
running symlink_data
creating /home/kms301111/Desktop/space/install/space_ardupilot_interface/share/ament_index
creating /home/kms301111/Desktop/space/install/space_ardupilot_interface/share/ament_index/resource_index
creating /home/kms301111/Desktop/space/install/space_ardupilot_interface/share/ament_index/resource_index/packages
symbolically linking /home/kms301111/Desktop/space/build/space_ardupilot_interface/resource/space_ardupilot_interface -> /home/kms301111/Desktop/space/install/space_ardupilot_interface/share/ament_index/resource_index/packages
symbolically linking /home/kms301111/Desktop/space/build/space_ardupilot_interface/package.xml -> /home/kms301111/Desktop/space/install/space_ardupilot_interface/share/space_ardupilot_interface
symbolically linking /home/kms301111/Desktop/space/build/space_ardupilot_interface/README.md -> /home/kms301111/Desktop/space/install/space_ardupilot_interface/share/space_ardupilot_interface
