running develop
running egg_info
creating space_mission.egg-info
writing space_mission.egg-info/PKG-INFO
writing dependency_links to space_mission.egg-info/dependency_links.txt
writing entry points to space_mission.egg-info/entry_points.txt
writing requirements to space_mission.egg-info/requires.txt
writing top-level names to space_mission.egg-info/top_level.txt
writing manifest file 'space_mission.egg-info/SOURCES.txt'
reading manifest file 'space_mission.egg-info/SOURCES.txt'
writing manifest file 'space_mission.egg-info/SOURCES.txt'
running build_ext
Creating /home/kj/Desktop/space/ros2_ws/src/space_mission/install/space_mission/lib/python3.12/site-packages/space-mission.egg-link (link to .)
Installing slip_estimator script to /home/kj/Desktop/space/ros2_ws/src/space_mission/install/space_mission/lib/space_mission
Installing terrain_map script to /home/kj/Desktop/space/ros2_ws/src/space_mission/install/space_mission/lib/space_mission
Installing traversability_fusion_node script to /home/kj/Desktop/space/ros2_ws/src/space_mission/install/space_mission/lib/space_mission
Installing traversability_transform script to /home/kj/Desktop/space/ros2_ws/src/space_mission/install/space_mission/lib/space_mission

Installed /home/kj/Desktop/space/ros2_ws/src/space_mission/build/space_mission
running symlink_data
creating /home/kj/Desktop/space/ros2_ws/src/space_mission/install/space_mission/share/ament_index
creating /home/kj/Desktop/space/ros2_ws/src/space_mission/install/space_mission/share/ament_index/resource_index
creating /home/kj/Desktop/space/ros2_ws/src/space_mission/install/space_mission/share/ament_index/resource_index/packages
symbolically linking /home/kj/Desktop/space/ros2_ws/src/space_mission/build/space_mission/resource/space_mission -> /home/kj/Desktop/space/ros2_ws/src/space_mission/install/space_mission/share/ament_index/resource_index/packages
symbolically linking /home/kj/Desktop/space/ros2_ws/src/space_mission/build/space_mission/package.xml -> /home/kj/Desktop/space/ros2_ws/src/space_mission/install/space_mission/share/space_mission
creating /home/kj/Desktop/space/ros2_ws/src/space_mission/install/space_mission/share/space_mission/config
symbolically linking /home/kj/Desktop/space/ros2_ws/src/space_mission/build/space_mission/config/slip.yaml -> /home/kj/Desktop/space/ros2_ws/src/space_mission/install/space_mission/share/space_mission/config
symbolically linking /home/kj/Desktop/space/ros2_ws/src/space_mission/build/space_mission/config/terrain_map.yaml -> /home/kj/Desktop/space/ros2_ws/src/space_mission/install/space_mission/share/space_mission/config
symbolically linking /home/kj/Desktop/space/ros2_ws/src/space_mission/build/space_mission/config/rover_spec_medium.yaml -> /home/kj/Desktop/space/ros2_ws/src/space_mission/install/space_mission/share/space_mission/config
symbolically linking /home/kj/Desktop/space/ros2_ws/src/space_mission/build/space_mission/config/mission.yaml -> /home/kj/Desktop/space/ros2_ws/src/space_mission/install/space_mission/share/space_mission/config
symbolically linking /home/kj/Desktop/space/ros2_ws/src/space_mission/build/space_mission/config/rover_spec_small.yaml -> /home/kj/Desktop/space/ros2_ws/src/space_mission/install/space_mission/share/space_mission/config
