[0.027s] Invoking command in '/home/kms301111/Desktop/space/build/space_description': CMAKE_PREFIX_PATH=${CMAKE_PREFIX_PATH}:/opt/ros/jazzy DEBUGINFOD_URLS=https://debuginfod.ubuntu.com /usr/bin/cmake --build /home/kms301111/Desktop/space/build/space_description -- -j12 -l12
[0.421s] Invoked command in '/home/kms301111/Desktop/space/build/space_description' returned '0': CMAKE_PREFIX_PATH=${CMAKE_PREFIX_PATH}:/opt/ros/jazzy DEBUGINFOD_URLS=https://debuginfod.ubuntu.com /usr/bin/cmake --build /home/kms301111/Desktop/space/build/space_description -- -j12 -l12
[0.443s] Invoking command in '/home/kms301111/Desktop/space/build/space_description': CMAKE_PREFIX_PATH=${CMAKE_PREFIX_PATH}:/opt/ros/jazzy DEBUGINFOD_URLS=https://debuginfod.ubuntu.com /usr/bin/cmake --install /home/kms301111/Desktop/space/build/space_description
[0.465s] -- Install configuration: ""
[0.466s] -- Execute custom install script
[0.467s] -- Up-to-date symlink: /home/kms301111/Desktop/space/install/space_description/share/space_description/urdf/space_rover.urdf.xacro
[0.468s] -- Up-to-date symlink: /home/kms301111/Desktop/space/install/space_description/share/ament_index/resource_index/package_run_dependencies/space_description
[0.469s] -- Up-to-date symlink: /home/kms301111/Desktop/space/install/space_description/share/ament_index/resource_index/parent_prefix_path/space_description
[0.469s] -- Up-to-date symlink: /home/kms301111/Desktop/space/install/space_description/share/space_description/environment/ament_prefix_path.sh
[0.470s] -- Up-to-date symlink: /home/kms301111/Desktop/space/install/space_description/share/space_description/environment/ament_prefix_path.dsv
[0.470s] -- Up-to-date symlink: /home/kms301111/Desktop/space/install/space_description/share/space_description/environment/path.sh
[0.470s] -- Up-to-date symlink: /home/kms301111/Desktop/space/install/space_description/share/space_description/environment/path.dsv
[0.471s] -- Up-to-date symlink: /home/kms301111/Desktop/space/install/space_description/share/space_description/local_setup.bash
[0.471s] -- Up-to-date symlink: /home/kms301111/Desktop/space/install/space_description/share/space_description/local_setup.sh
[0.471s] -- Up-to-date symlink: /home/kms301111/Desktop/space/install/space_description/share/space_description/local_setup.zsh
[0.472s] -- Up-to-date symlink: /home/kms301111/Desktop/space/install/space_description/share/space_description/local_setup.dsv
[0.472s] -- Symlinking: /home/kms301111/Desktop/space/install/space_description/share/space_description/package.dsv
[0.498s] -- Up-to-date symlink: /home/kms301111/Desktop/space/install/space_description/share/ament_index/resource_index/packages/space_description
[0.499s] -- Up-to-date symlink: /home/kms301111/Desktop/space/install/space_description/share/space_description/cmake/space_descriptionConfig.cmake
[0.499s] -- Up-to-date symlink: /home/kms301111/Desktop/space/install/space_description/share/space_description/cmake/space_descriptionConfig-version.cmake
[0.499s] -- Up-to-date symlink: /home/kms301111/Desktop/space/install/space_description/share/space_description/package.xml
[0.502s] Invoked command in '/home/kms301111/Desktop/space/build/space_description' returned '0': CMAKE_PREFIX_PATH=${CMAKE_PREFIX_PATH}:/opt/ros/jazzy DEBUGINFOD_URLS=https://debuginfod.ubuntu.com /usr/bin/cmake --install /home/kms301111/Desktop/space/build/space_description
