[0.017s] Invoking command in '/home/kms301111/Desktop/space/build/space_gazebo': AMENT_PREFIX_PATH=/home/kms301111/Desktop/space/install/space_description:${AMENT_PREFIX_PATH} CMAKE_PREFIX_PATH=/home/kms301111/Desktop/space/install/space_description:/opt/ros/jazzy/opt/gz_sim_vendor:/opt/ros/jazzy/opt/gz_sensors_vendor:/opt/ros/jazzy/opt/gz_physics_vendor:/opt/ros/jazzy/opt/sdformat_vendor:/opt/ros/jazzy/opt/gz_gui_vendor:/opt/ros/jazzy/opt/gz_transport_vendor:/opt/ros/jazzy/opt/gz_rendering_vendor:/opt/ros/jazzy/opt/gz_plugin_vendor:/opt/ros/jazzy/opt/gz_fuel_tools_vendor:/opt/ros/jazzy/opt/gz_msgs_vendor:/opt/ros/jazzy/opt/gz_common_vendor:/opt/ros/jazzy/opt/gz_math_vendor:/opt/ros/jazzy/opt/gz_utils_vendor:/opt/ros/jazzy/opt/gz_tools_vendor:/opt/ros/jazzy/opt/gz_ogre_next_vendor:/opt/ros/jazzy/opt/gz_dartsim_vendor:/opt/ros/jazzy/opt/gz_cmake_vendor:/opt/ros/jazzy DEBUGINFOD_URLS=https://debuginfod.ubuntu.com /usr/bin/cmake --build /home/kms301111/Desktop/space/build/space_gazebo -- -j12 -l12
[0.120s] [  0%] Built target RoverKeyTeleop_autogen_timestamp_deps
[0.195s] [ 14%] Automatic MOC for target RoverKeyTeleop
[0.763s] [ 14%] Built target RoverKeyTeleop_autogen
[0.854s] [ 28%] Building CXX object CMakeFiles/RoverKeyTeleop.dir/RoverKeyTeleop_autogen/mocs_compilation.cpp.o
[0.858s] [ 42%] Building CXX object CMakeFiles/RoverKeyTeleop.dir/src/rover_key_teleop.cpp.o
[4.965s] [ 57%] Linking CXX shared library libRoverKeyTeleop.so
[5.291s] [100%] Built target RoverKeyTeleop
[5.311s] Invoked command in '/home/kms301111/Desktop/space/build/space_gazebo' returned '0': AMENT_PREFIX_PATH=/home/kms301111/Desktop/space/install/space_description:${AMENT_PREFIX_PATH} CMAKE_PREFIX_PATH=/home/kms301111/Desktop/space/install/space_description:/opt/ros/jazzy/opt/gz_sim_vendor:/opt/ros/jazzy/opt/gz_sensors_vendor:/opt/ros/jazzy/opt/gz_physics_vendor:/opt/ros/jazzy/opt/sdformat_vendor:/opt/ros/jazzy/opt/gz_gui_vendor:/opt/ros/jazzy/opt/gz_transport_vendor:/opt/ros/jazzy/opt/gz_rendering_vendor:/opt/ros/jazzy/opt/gz_plugin_vendor:/opt/ros/jazzy/opt/gz_fuel_tools_vendor:/opt/ros/jazzy/opt/gz_msgs_vendor:/opt/ros/jazzy/opt/gz_common_vendor:/opt/ros/jazzy/opt/gz_math_vendor:/opt/ros/jazzy/opt/gz_utils_vendor:/opt/ros/jazzy/opt/gz_tools_vendor:/opt/ros/jazzy/opt/gz_ogre_next_vendor:/opt/ros/jazzy/opt/gz_dartsim_vendor:/opt/ros/jazzy/opt/gz_cmake_vendor:/opt/ros/jazzy DEBUGINFOD_URLS=https://debuginfod.ubuntu.com /usr/bin/cmake --build /home/kms301111/Desktop/space/build/space_gazebo -- -j12 -l12
[5.331s] Invoking command in '/home/kms301111/Desktop/space/build/space_gazebo': AMENT_PREFIX_PATH=/home/kms301111/Desktop/space/install/space_description:${AMENT_PREFIX_PATH} CMAKE_PREFIX_PATH=/home/kms301111/Desktop/space/install/space_description:/opt/ros/jazzy/opt/gz_sim_vendor:/opt/ros/jazzy/opt/gz_sensors_vendor:/opt/ros/jazzy/opt/gz_physics_vendor:/opt/ros/jazzy/opt/sdformat_vendor:/opt/ros/jazzy/opt/gz_gui_vendor:/opt/ros/jazzy/opt/gz_transport_vendor:/opt/ros/jazzy/opt/gz_rendering_vendor:/opt/ros/jazzy/opt/gz_plugin_vendor:/opt/ros/jazzy/opt/gz_fuel_tools_vendor:/opt/ros/jazzy/opt/gz_msgs_vendor:/opt/ros/jazzy/opt/gz_common_vendor:/opt/ros/jazzy/opt/gz_math_vendor:/opt/ros/jazzy/opt/gz_utils_vendor:/opt/ros/jazzy/opt/gz_tools_vendor:/opt/ros/jazzy/opt/gz_ogre_next_vendor:/opt/ros/jazzy/opt/gz_dartsim_vendor:/opt/ros/jazzy/opt/gz_cmake_vendor:/opt/ros/jazzy DEBUGINFOD_URLS=https://debuginfod.ubuntu.com /usr/bin/cmake --install /home/kms301111/Desktop/space/build/space_gazebo
[5.345s] -- Install configuration: ""
[5.346s] -- Execute custom install script
[5.347s] -- Up-to-date symlink: /home/kms301111/Desktop/space/install/space_gazebo/share/space_gazebo/assets/source_cad/arena_test_slope_v04.stp
[5.348s] -- Up-to-date symlink: /home/kms301111/Desktop/space/install/space_gazebo/share/space_gazebo/config/arena_test_slope_v04.yaml
[5.348s] -- Up-to-date symlink: /home/kms301111/Desktop/space/install/space_gazebo/share/space_gazebo/config/ros_gz_bridge.yaml
[5.349s] -- Up-to-date symlink: /home/kms301111/Desktop/space/install/space_gazebo/share/space_gazebo/config/rover_gui.config
[5.350s] -- Up-to-date symlink: /home/kms301111/Desktop/space/install/space_gazebo/share/space_gazebo/launch/__pycache__/gazebo.launch.cpython-312.pyc
[5.351s] -- Up-to-date symlink: /home/kms301111/Desktop/space/install/space_gazebo/share/space_gazebo/launch/gazebo.launch.py
[5.351s] -- Up-to-date symlink: /home/kms301111/Desktop/space/install/space_gazebo/share/space_gazebo/models/arena_flat/meshes/arena_visual.stl
[5.352s] -- Up-to-date symlink: /home/kms301111/Desktop/space/install/space_gazebo/share/space_gazebo/models/arena_terrain_v04/meshes/arena_collision.stl
[5.352s] -- Up-to-date symlink: /home/kms301111/Desktop/space/install/space_gazebo/share/space_gazebo/models/arena_terrain_v04/meshes/arena_visual.stl
[5.353s] -- Up-to-date symlink: /home/kms301111/Desktop/space/install/space_gazebo/share/space_gazebo/models/arena_terrain_v04/model.config
[5.353s] -- Up-to-date symlink: /home/kms301111/Desktop/space/install/space_gazebo/share/space_gazebo/models/arena_terrain_v04/model.sdf
[5.354s] -- Up-to-date symlink: /home/kms301111/Desktop/space/install/space_gazebo/share/space_gazebo/models/arena_test_slope_v04/meshes/arena_collision.stl
[5.354s] -- Up-to-date symlink: /home/kms301111/Desktop/space/install/space_gazebo/share/space_gazebo/models/arena_test_slope_v04/meshes/arena_visual.stl
[5.354s] -- Up-to-date symlink: /home/kms301111/Desktop/space/install/space_gazebo/share/space_gazebo/models/arena_test_slope_v04/model.config
[5.354s] -- Up-to-date symlink: /home/kms301111/Desktop/space/install/space_gazebo/share/space_gazebo/models/arena_test_slope_v04/model.sdf
[5.355s] -- Up-to-date symlink: /home/kms301111/Desktop/space/install/space_gazebo/share/space_gazebo/urdf/gazebo_extensions.xacro
[5.355s] -- Up-to-date symlink: /home/kms301111/Desktop/space/install/space_gazebo/share/space_gazebo/urdf/space_rover.gazebo.urdf.xacro
[5.355s] -- Up-to-date symlink: /home/kms301111/Desktop/space/install/space_gazebo/share/space_gazebo/worlds/arena_flat.sdf
[5.355s] -- Up-to-date symlink: /home/kms301111/Desktop/space/install/space_gazebo/share/space_gazebo/worlds/arena_terrain_v04.sdf
[5.355s] -- Up-to-date symlink: /home/kms301111/Desktop/space/install/space_gazebo/share/space_gazebo/worlds/arena_test_slope_v04.sdf
[5.355s] -- Up-to-date symlink: /home/kms301111/Desktop/space/install/space_gazebo/share/space_gazebo/worlds/space_challenge_empty.sdf
[5.356s] -- Up-to-date symlink: /home/kms301111/Desktop/space/install/space_gazebo/lib/libRoverKeyTeleop.so
[5.356s] -- Up-to-date symlink: /home/kms301111/Desktop/space/install/space_gazebo/share/space_gazebo/tools/convert_arena_step.py
[5.356s] -- Up-to-date symlink: /home/kms301111/Desktop/space/install/space_gazebo/share/ament_index/resource_index/package_run_dependencies/space_gazebo
[5.356s] -- Up-to-date symlink: /home/kms301111/Desktop/space/install/space_gazebo/share/ament_index/resource_index/parent_prefix_path/space_gazebo
[5.356s] -- Up-to-date symlink: /home/kms301111/Desktop/space/install/space_gazebo/share/space_gazebo/environment/ament_prefix_path.sh
[5.357s] -- Up-to-date symlink: /home/kms301111/Desktop/space/install/space_gazebo/share/space_gazebo/environment/ament_prefix_path.dsv
[5.357s] -- Up-to-date symlink: /home/kms301111/Desktop/space/install/space_gazebo/share/space_gazebo/environment/path.sh
[5.357s] -- Up-to-date symlink: /home/kms301111/Desktop/space/install/space_gazebo/share/space_gazebo/environment/path.dsv
[5.357s] -- Up-to-date symlink: /home/kms301111/Desktop/space/install/space_gazebo/share/space_gazebo/local_setup.bash
[5.358s] -- Up-to-date symlink: /home/kms301111/Desktop/space/install/space_gazebo/share/space_gazebo/local_setup.sh
[5.358s] -- Up-to-date symlink: /home/kms301111/Desktop/space/install/space_gazebo/share/space_gazebo/local_setup.zsh
[5.358s] -- Up-to-date symlink: /home/kms301111/Desktop/space/install/space_gazebo/share/space_gazebo/local_setup.dsv
[5.358s] -- Symlinking: /home/kms301111/Desktop/space/install/space_gazebo/share/space_gazebo/package.dsv
[5.374s] -- Up-to-date symlink: /home/kms301111/Desktop/space/install/space_gazebo/share/ament_index/resource_index/packages/space_gazebo
[5.374s] -- Up-to-date symlink: /home/kms301111/Desktop/space/install/space_gazebo/share/space_gazebo/cmake/space_gazeboConfig.cmake
[5.374s] -- Up-to-date symlink: /home/kms301111/Desktop/space/install/space_gazebo/share/space_gazebo/cmake/space_gazeboConfig-version.cmake
[5.375s] -- Up-to-date symlink: /home/kms301111/Desktop/space/install/space_gazebo/share/space_gazebo/package.xml
[5.375s] -- Up-to-date: /home/kms301111/Desktop/space/install/space_gazebo/lib/space_gazebo/arena_marker_publisher
[5.378s] Invoked command in '/home/kms301111/Desktop/space/build/space_gazebo' returned '0': AMENT_PREFIX_PATH=/home/kms301111/Desktop/space/install/space_description:${AMENT_PREFIX_PATH} CMAKE_PREFIX_PATH=/home/kms301111/Desktop/space/install/space_description:/opt/ros/jazzy/opt/gz_sim_vendor:/opt/ros/jazzy/opt/gz_sensors_vendor:/opt/ros/jazzy/opt/gz_physics_vendor:/opt/ros/jazzy/opt/sdformat_vendor:/opt/ros/jazzy/opt/gz_gui_vendor:/opt/ros/jazzy/opt/gz_transport_vendor:/opt/ros/jazzy/opt/gz_rendering_vendor:/opt/ros/jazzy/opt/gz_plugin_vendor:/opt/ros/jazzy/opt/gz_fuel_tools_vendor:/opt/ros/jazzy/opt/gz_msgs_vendor:/opt/ros/jazzy/opt/gz_common_vendor:/opt/ros/jazzy/opt/gz_math_vendor:/opt/ros/jazzy/opt/gz_utils_vendor:/opt/ros/jazzy/opt/gz_tools_vendor:/opt/ros/jazzy/opt/gz_ogre_next_vendor:/opt/ros/jazzy/opt/gz_dartsim_vendor:/opt/ros/jazzy/opt/gz_cmake_vendor:/opt/ros/jazzy DEBUGINFOD_URLS=https://debuginfod.ubuntu.com /usr/bin/cmake --install /home/kms301111/Desktop/space/build/space_gazebo
