-- The C compiler identification is GNU 13.3.0
-- The CXX compiler identification is GNU 13.3.0
-- Detecting C compiler ABI info
-- Detecting C compiler ABI info - done
-- Check for working C compiler: /usr/bin/cc - skipped
-- Detecting C compile features
-- Detecting C compile features - done
-- Detecting CXX compiler ABI info
-- Detecting CXX compiler ABI info - done
-- Check for working CXX compiler: /usr/bin/c++ - skipped
-- Detecting CXX compile features
-- Detecting CXX compile features - done
-- Found ament_cmake: 2.5.5 (/opt/ros/jazzy/share/ament_cmake/cmake)
-- Found Python3: /usr/bin/python3 (found version "3.12.3") found components: Interpreter 
-- Override CMake install command with custom implementation using symlinks instead of copying resources
-- Found ament_lint_auto: 0.17.4 (/opt/ros/jazzy/share/ament_lint_auto/cmake)
-- Added test 'copyright' to check source files copyright and LICENSE
-- Added test 'lint_cmake' to check CMake code style
-- Added test 'xmllint' to check XML markup files
-- Configuring done (1.1s)
-- Generating done (0.0s)
-- Build files have been written to: /home/kms301111/Desktop/space/build/space_description
-- Install configuration: ""
-- Execute custom install script
-- Symlinking: /home/kms301111/Desktop/space/install/space_description/share/space_description/urdf/space_rover.urdf.xacro
-- Symlinking: /home/kms301111/Desktop/space/install/space_description/share/ament_index/resource_index/package_run_dependencies/space_description
-- Symlinking: /home/kms301111/Desktop/space/install/space_description/share/ament_index/resource_index/parent_prefix_path/space_description
-- Symlinking: /home/kms301111/Desktop/space/install/space_description/share/space_description/environment/ament_prefix_path.sh
-- Symlinking: /home/kms301111/Desktop/space/install/space_description/share/space_description/environment/ament_prefix_path.dsv
-- Symlinking: /home/kms301111/Desktop/space/install/space_description/share/space_description/environment/path.sh
-- Symlinking: /home/kms301111/Desktop/space/install/space_description/share/space_description/environment/path.dsv
-- Symlinking: /home/kms301111/Desktop/space/install/space_description/share/space_description/local_setup.bash
-- Symlinking: /home/kms301111/Desktop/space/install/space_description/share/space_description/local_setup.sh
-- Symlinking: /home/kms301111/Desktop/space/install/space_description/share/space_description/local_setup.zsh
-- Symlinking: /home/kms301111/Desktop/space/install/space_description/share/space_description/local_setup.dsv
-- Symlinking: /home/kms301111/Desktop/space/install/space_description/share/space_description/package.dsv
-- Symlinking: /home/kms301111/Desktop/space/install/space_description/share/ament_index/resource_index/packages/space_description
-- Symlinking: /home/kms301111/Desktop/space/install/space_description/share/space_description/cmake/space_descriptionConfig.cmake
-- Symlinking: /home/kms301111/Desktop/space/install/space_description/share/space_description/cmake/space_descriptionConfig-version.cmake
-- Symlinking: /home/kms301111/Desktop/space/install/space_description/share/space_description/package.xml
