-- The C compiler identification is GNU 13.3.0
-- The CXX compiler identification is GNU 13.3.0
-- Detecting C compiler ABI info
-- Detecting C compiler ABI info - done
-- Check for working C compiler: /usr/bin/cc - skipped
-- Detecting C compile features
-- Detecting C compile features - done
-- Detecting CXX compiler ABI info
-- Detecting CXX compiler ABI info - done
-- Check for working CXX compiler: /usr/bin/c++ - skipped
-- Detecting CXX compile features
-- Detecting CXX compile features - done
-- Found ament_cmake: 2.5.6 (/opt/ros/jazzy/share/ament_cmake/cmake)
-- Found Python3: /usr/bin/python3 (found version "3.12.3") found components: Interpreter 
-- Override CMake install command with custom implementation using symlinks instead of copying resources
-- Found ament_cmake_flake8: 0.17.5 (/opt/ros/jazzy/share/ament_cmake_flake8/cmake)
-- Found ament_cmake_pep257: 0.17.5 (/opt/ros/jazzy/share/ament_cmake_pep257/cmake)
-- Found ament_cmake_pytest: 2.5.6 (/opt/ros/jazzy/share/ament_cmake_pytest/cmake)
-- Configuring done (1.0s)
-- Generating done (0.0s)
-- Build files have been written to: /home/kj/Desktop/space/ros2_ws/src/build/space_description
Built target ament_cmake_python_symlink_space_description
running egg_info
creating space_description.egg-info
writing space_description.egg-info/PKG-INFO
writing dependency_links to space_description.egg-info/dependency_links.txt
writing top-level names to space_description.egg-info/top_level.txt
writing manifest file 'space_description.egg-info/SOURCES.txt'
reading manifest file 'space_description.egg-info/SOURCES.txt'
writing manifest file 'space_description.egg-info/SOURCES.txt'
Built target ament_cmake_python_build_space_description_egg
-- Install configuration: ""
-- Execute custom install script
-- Symlinking: /home/kj/Desktop/space/ros2_ws/src/install/space_description/share/space_description/environment/pythonpath.sh
-- Symlinking: /home/kj/Desktop/space/ros2_ws/src/install/space_description/share/space_description/environment/pythonpath.dsv
-- Symlinking: /home/kj/Desktop/space/ros2_ws/src/install/space_description/lib/python3.12/site-packages/space_description-0.1.0-py3.12.egg-info/PKG-INFO
-- Symlinking: /home/kj/Desktop/space/ros2_ws/src/install/space_description/lib/python3.12/site-packages/space_description-0.1.0-py3.12.egg-info/SOURCES.txt
-- Symlinking: /home/kj/Desktop/space/ros2_ws/src/install/space_description/lib/python3.12/site-packages/space_description-0.1.0-py3.12.egg-info/dependency_links.txt
-- Symlinking: /home/kj/Desktop/space/ros2_ws/src/install/space_description/lib/python3.12/site-packages/space_description-0.1.0-py3.12.egg-info/top_level.txt
-- Symlinking: /home/kj/Desktop/space/ros2_ws/src/install/space_description/lib/python3.12/site-packages/space_description/__init__.py
-- Symlinking: /home/kj/Desktop/space/ros2_ws/src/install/space_description/lib/python3.12/site-packages/space_description/rover_geometry.py
-- Symlinking: /home/kj/Desktop/space/ros2_ws/src/install/space_description/share/space_description/config/rover_geometry.yaml
-- Symlinking: /home/kj/Desktop/space/ros2_ws/src/install/space_description/share/space_description/meshes/rover/left_front_wheel.stl
-- Symlinking: /home/kj/Desktop/space/ros2_ws/src/install/space_description/share/space_description/meshes/rover/left_rear_wheel.stl
-- Symlinking: /home/kj/Desktop/space/ros2_ws/src/install/space_description/share/space_description/meshes/rover/right_front_wheel.stl
-- Symlinking: /home/kj/Desktop/space/ros2_ws/src/install/space_description/share/space_description/meshes/rover/right_rear_wheel.stl
-- Symlinking: /home/kj/Desktop/space/ros2_ws/src/install/space_description/share/space_description/meshes/rover/rover_prototype.stl
-- Symlinking: /home/kj/Desktop/space/ros2_ws/src/install/space_description/share/space_description/urdf/space_rover.urdf.xacro
-- Symlinking: /home/kj/Desktop/space/ros2_ws/src/install/space_description/share/ament_index/resource_index/package_run_dependencies/space_description
-- Symlinking: /home/kj/Desktop/space/ros2_ws/src/install/space_description/share/ament_index/resource_index/parent_prefix_path/space_description
-- Symlinking: /home/kj/Desktop/space/ros2_ws/src/install/space_description/share/space_description/environment/ament_prefix_path.sh
-- Symlinking: /home/kj/Desktop/space/ros2_ws/src/install/space_description/share/space_description/environment/ament_prefix_path.dsv
-- Symlinking: /home/kj/Desktop/space/ros2_ws/src/install/space_description/share/space_description/environment/path.sh
-- Symlinking: /home/kj/Desktop/space/ros2_ws/src/install/space_description/share/space_description/environment/path.dsv
-- Symlinking: /home/kj/Desktop/space/ros2_ws/src/install/space_description/share/space_description/local_setup.bash
-- Symlinking: /home/kj/Desktop/space/ros2_ws/src/install/space_description/share/space_description/local_setup.sh
-- Symlinking: /home/kj/Desktop/space/ros2_ws/src/install/space_description/share/space_description/local_setup.zsh
-- Symlinking: /home/kj/Desktop/space/ros2_ws/src/install/space_description/share/space_description/local_setup.dsv
-- Symlinking: /home/kj/Desktop/space/ros2_ws/src/install/space_description/share/space_description/package.dsv
-- Symlinking: /home/kj/Desktop/space/ros2_ws/src/install/space_description/share/ament_index/resource_index/packages/space_description
-- Symlinking: /home/kj/Desktop/space/ros2_ws/src/install/space_description/share/space_description/cmake/space_descriptionConfig.cmake
-- Symlinking: /home/kj/Desktop/space/ros2_ws/src/install/space_description/share/space_description/cmake/space_descriptionConfig-version.cmake
-- Symlinking: /home/kj/Desktop/space/ros2_ws/src/install/space_description/share/space_description/package.xml
Listing '/home/kj/Desktop/space/ros2_ws/src/install/space_description/lib/python3.12/site-packages/space_description'...
Compiling '/home/kj/Desktop/space/ros2_ws/src/install/space_description/lib/python3.12/site-packages/space_description/__init__.py'...
Compiling '/home/kj/Desktop/space/ros2_ws/src/install/space_description/lib/python3.12/site-packages/space_description/rover_geometry.py'...
