[0.018s] Invoking command in '/home/kj/Desktop/space/ros2_ws/src/build/space_description': CMAKE_PREFIX_PATH=${CMAKE_PREFIX_PATH}:/opt/ros/jazzy DEBUGINFOD_URLS=https://debuginfod.ubuntu.com /usr/bin/cmake /home/kj/Desktop/space/ros2_ws/src/space_description -DAMENT_CMAKE_SYMLINK_INSTALL=1 -DCMAKE_INSTALL_PREFIX=/home/kj/Desktop/space/ros2_ws/src/install/space_description
[0.340s] -- The C compiler identification is GNU 13.3.0
[0.340s] -- The CXX compiler identification is GNU 13.3.0
[0.340s] -- Detecting C compiler ABI info
[0.340s] -- Detecting C compiler ABI info - done
[0.340s] -- Check for working C compiler: /usr/bin/cc - skipped
[0.340s] -- Detecting C compile features
[0.340s] -- Detecting C compile features - done
[0.340s] -- Detecting CXX compiler ABI info
[0.340s] -- Detecting CXX compiler ABI info - done
[0.340s] -- Check for working CXX compiler: /usr/bin/c++ - skipped
[0.340s] -- Detecting CXX compile features
[0.340s] -- Detecting CXX compile features - done
[0.340s] -- Found ament_cmake: 2.5.6 (/opt/ros/jazzy/share/ament_cmake/cmake)
[0.491s] -- Found Python3: /usr/bin/python3 (found version "3.12.3") found components: Interpreter 
[0.491s] -- Override CMake install command with custom implementation using symlinks instead of copying resources
[0.602s] -- Found ament_cmake_flake8: 0.17.5 (/opt/ros/jazzy/share/ament_cmake_flake8/cmake)
[0.606s] -- Found ament_cmake_pep257: 0.17.5 (/opt/ros/jazzy/share/ament_cmake_pep257/cmake)
[0.610s] -- Found ament_cmake_pytest: 2.5.6 (/opt/ros/jazzy/share/ament_cmake_pytest/cmake)
[0.980s] -- Configuring done (1.0s)
[0.984s] -- Generating done (0.0s)
[0.985s] -- Build files have been written to: /home/kj/Desktop/space/ros2_ws/src/build/space_description
[0.990s] Invoked command in '/home/kj/Desktop/space/ros2_ws/src/build/space_description' returned '0': CMAKE_PREFIX_PATH=${CMAKE_PREFIX_PATH}:/opt/ros/jazzy DEBUGINFOD_URLS=https://debuginfod.ubuntu.com /usr/bin/cmake /home/kj/Desktop/space/ros2_ws/src/space_description -DAMENT_CMAKE_SYMLINK_INSTALL=1 -DCMAKE_INSTALL_PREFIX=/home/kj/Desktop/space/ros2_ws/src/install/space_description
[0.990s] Invoking command in '/home/kj/Desktop/space/ros2_ws/src/build/space_description': CMAKE_PREFIX_PATH=${CMAKE_PREFIX_PATH}:/opt/ros/jazzy DEBUGINFOD_URLS=https://debuginfod.ubuntu.com /usr/bin/cmake --build /home/kj/Desktop/space/ros2_ws/src/build/space_description -- -j16 -l16
[1.047s] Built target ament_cmake_python_symlink_space_description
[1.203s] running egg_info
[1.203s] creating space_description.egg-info
[1.216s] writing space_description.egg-info/PKG-INFO
[1.216s] writing dependency_links to space_description.egg-info/dependency_links.txt
[1.216s] writing top-level names to space_description.egg-info/top_level.txt
[1.216s] writing manifest file 'space_description.egg-info/SOURCES.txt'
[1.256s] reading manifest file 'space_description.egg-info/SOURCES.txt'
[1.257s] writing manifest file 'space_description.egg-info/SOURCES.txt'
[1.281s] Built target ament_cmake_python_build_space_description_egg
[1.290s] Invoked command in '/home/kj/Desktop/space/ros2_ws/src/build/space_description' returned '0': CMAKE_PREFIX_PATH=${CMAKE_PREFIX_PATH}:/opt/ros/jazzy DEBUGINFOD_URLS=https://debuginfod.ubuntu.com /usr/bin/cmake --build /home/kj/Desktop/space/ros2_ws/src/build/space_description -- -j16 -l16
[1.301s] Invoking command in '/home/kj/Desktop/space/ros2_ws/src/build/space_description': CMAKE_PREFIX_PATH=${CMAKE_PREFIX_PATH}:/opt/ros/jazzy DEBUGINFOD_URLS=https://debuginfod.ubuntu.com /usr/bin/cmake --install /home/kj/Desktop/space/ros2_ws/src/build/space_description
[1.308s] -- Install configuration: ""
[1.308s] -- Execute custom install script
[1.309s] -- Symlinking: /home/kj/Desktop/space/ros2_ws/src/install/space_description/share/space_description/environment/pythonpath.sh
[1.317s] -- Symlinking: /home/kj/Desktop/space/ros2_ws/src/install/space_description/share/space_description/environment/pythonpath.dsv
[1.327s] -- Symlinking: /home/kj/Desktop/space/ros2_ws/src/install/space_description/lib/python3.12/site-packages/space_description-0.1.0-py3.12.egg-info/PKG-INFO
[1.336s] -- Symlinking: /home/kj/Desktop/space/ros2_ws/src/install/space_description/lib/python3.12/site-packages/space_description-0.1.0-py3.12.egg-info/SOURCES.txt
[1.345s] -- Symlinking: /home/kj/Desktop/space/ros2_ws/src/install/space_description/lib/python3.12/site-packages/space_description-0.1.0-py3.12.egg-info/dependency_links.txt
[1.355s] -- Symlinking: /home/kj/Desktop/space/ros2_ws/src/install/space_description/lib/python3.12/site-packages/space_description-0.1.0-py3.12.egg-info/top_level.txt
[1.364s] -- Symlinking: /home/kj/Desktop/space/ros2_ws/src/install/space_description/lib/python3.12/site-packages/space_description/__init__.py
[1.373s] -- Symlinking: /home/kj/Desktop/space/ros2_ws/src/install/space_description/lib/python3.12/site-packages/space_description/rover_geometry.py
[1.383s] -- Symlinking: /home/kj/Desktop/space/ros2_ws/src/install/space_description/share/space_description/config/rover_geometry.yaml
[1.398s] -- Symlinking: /home/kj/Desktop/space/ros2_ws/src/install/space_description/share/space_description/meshes/rover/left_front_wheel.stl
[1.402s] -- Symlinking: /home/kj/Desktop/space/ros2_ws/src/install/space_description/share/space_description/meshes/rover/left_rear_wheel.stl
[1.413s] -- Symlinking: /home/kj/Desktop/space/ros2_ws/src/install/space_description/share/space_description/meshes/rover/right_front_wheel.stl
[1.421s] -- Symlinking: /home/kj/Desktop/space/ros2_ws/src/install/space_description/share/space_description/meshes/rover/right_rear_wheel.stl
[1.430s] -- Symlinking: /home/kj/Desktop/space/ros2_ws/src/install/space_description/share/space_description/meshes/rover/rover_prototype.stl
[1.440s] -- Symlinking: /home/kj/Desktop/space/ros2_ws/src/install/space_description/share/space_description/urdf/space_rover.urdf.xacro
[1.449s] -- Symlinking: /home/kj/Desktop/space/ros2_ws/src/install/space_description/share/ament_index/resource_index/package_run_dependencies/space_description
[1.457s] -- Symlinking: /home/kj/Desktop/space/ros2_ws/src/install/space_description/share/ament_index/resource_index/parent_prefix_path/space_description
[1.466s] -- Symlinking: /home/kj/Desktop/space/ros2_ws/src/install/space_description/share/space_description/environment/ament_prefix_path.sh
[1.476s] -- Symlinking: /home/kj/Desktop/space/ros2_ws/src/install/space_description/share/space_description/environment/ament_prefix_path.dsv
[1.484s] -- Symlinking: /home/kj/Desktop/space/ros2_ws/src/install/space_description/share/space_description/environment/path.sh
[1.492s] -- Symlinking: /home/kj/Desktop/space/ros2_ws/src/install/space_description/share/space_description/environment/path.dsv
[1.501s] -- Symlinking: /home/kj/Desktop/space/ros2_ws/src/install/space_description/share/space_description/local_setup.bash
[1.509s] -- Symlinking: /home/kj/Desktop/space/ros2_ws/src/install/space_description/share/space_description/local_setup.sh
[1.518s] -- Symlinking: /home/kj/Desktop/space/ros2_ws/src/install/space_description/share/space_description/local_setup.zsh
[1.525s] -- Symlinking: /home/kj/Desktop/space/ros2_ws/src/install/space_description/share/space_description/local_setup.dsv
[1.534s] -- Symlinking: /home/kj/Desktop/space/ros2_ws/src/install/space_description/share/space_description/package.dsv
[1.545s] -- Symlinking: /home/kj/Desktop/space/ros2_ws/src/install/space_description/share/ament_index/resource_index/packages/space_description
[1.553s] -- Symlinking: /home/kj/Desktop/space/ros2_ws/src/install/space_description/share/space_description/cmake/space_descriptionConfig.cmake
[1.562s] -- Symlinking: /home/kj/Desktop/space/ros2_ws/src/install/space_description/share/space_description/cmake/space_descriptionConfig-version.cmake
[1.570s] -- Symlinking: /home/kj/Desktop/space/ros2_ws/src/install/space_description/share/space_description/package.xml
[1.605s] Listing '/home/kj/Desktop/space/ros2_ws/src/install/space_description/lib/python3.12/site-packages/space_description'...
[1.605s] Compiling '/home/kj/Desktop/space/ros2_ws/src/install/space_description/lib/python3.12/site-packages/space_description/__init__.py'...
[1.605s] Compiling '/home/kj/Desktop/space/ros2_ws/src/install/space_description/lib/python3.12/site-packages/space_description/rover_geometry.py'...
[1.612s] Invoked command in '/home/kj/Desktop/space/ros2_ws/src/build/space_description' returned '0': CMAKE_PREFIX_PATH=${CMAKE_PREFIX_PATH}:/opt/ros/jazzy DEBUGINFOD_URLS=https://debuginfod.ubuntu.com /usr/bin/cmake --install /home/kj/Desktop/space/ros2_ws/src/build/space_description
