[0.539s] Invoking command in '/home/kj/Desktop/space/ros2_ws/src/space_mission/build/space_mission': DEBUGINFOD_URLS=https://debuginfod.ubuntu.com PYTHONPATH=/home/kj/Desktop/space/ros2_ws/src/space_mission/build/space_mission/prefix_override:/usr/lib/python3/dist-packages/colcon_core/task/python/colcon_distutils_commands:/home/kj/Desktop/space/ros2_ws/src/space_mission/install/space_mission/lib/python3.12/site-packages:${PYTHONPATH} /usr/bin/python3 -W ignore:setup.py install is deprecated -W ignore:easy_install command is deprecated setup.py develop --editable --build-directory /home/kj/Desktop/space/ros2_ws/src/space_mission/build/space_mission/build --no-deps symlink_data
[0.749s] running develop
[0.885s] running egg_info
[0.900s] writing space_mission.egg-info/PKG-INFO
[0.900s] writing dependency_links to space_mission.egg-info/dependency_links.txt
[0.901s] writing entry points to space_mission.egg-info/entry_points.txt
[0.901s] writing requirements to space_mission.egg-info/requires.txt
[0.901s] writing top-level names to space_mission.egg-info/top_level.txt
[0.931s] reading manifest file 'space_mission.egg-info/SOURCES.txt'
[0.931s] writing manifest file 'space_mission.egg-info/SOURCES.txt'
[0.946s] running build_ext
[0.946s] Creating /home/kj/Desktop/space/ros2_ws/src/space_mission/install/space_mission/lib/python3.12/site-packages/space-mission.egg-link (link to .)
[0.946s] Installing slip_estimator script to /home/kj/Desktop/space/ros2_ws/src/space_mission/install/space_mission/lib/space_mission
[0.946s] Installing terrain_map script to /home/kj/Desktop/space/ros2_ws/src/space_mission/install/space_mission/lib/space_mission
[0.946s] Installing traversability_fusion_node script to /home/kj/Desktop/space/ros2_ws/src/space_mission/install/space_mission/lib/space_mission
[0.947s] Installing traversability_transform script to /home/kj/Desktop/space/ros2_ws/src/space_mission/install/space_mission/lib/space_mission
[0.947s] 
[0.947s] Installed /home/kj/Desktop/space/ros2_ws/src/space_mission/build/space_mission
[0.947s] running symlink_data
[0.998s] Invoked command in '/home/kj/Desktop/space/ros2_ws/src/space_mission/build/space_mission' returned '0': DEBUGINFOD_URLS=https://debuginfod.ubuntu.com PYTHONPATH=/home/kj/Desktop/space/ros2_ws/src/space_mission/build/space_mission/prefix_override:/usr/lib/python3/dist-packages/colcon_core/task/python/colcon_distutils_commands:/home/kj/Desktop/space/ros2_ws/src/space_mission/install/space_mission/lib/python3.12/site-packages:${PYTHONPATH} /usr/bin/python3 -W ignore:setup.py install is deprecated -W ignore:easy_install command is deprecated setup.py develop --editable --build-directory /home/kj/Desktop/space/ros2_ws/src/space_mission/build/space_mission/build --no-deps symlink_data
