[0.144s] DEBUG:colcon:Command line arguments: ['/usr/bin/colcon', 'build', '--symlink-install', '--packages-select', 'space_description', 'space_gazebo', 'space_controller', 'space_bringup']
[0.144s] DEBUG:colcon:Parsed command line arguments: Namespace(log_base=None, log_level=None, verb_name='build', build_base='build', install_base='install', merge_install=False, symlink_install=True, test_result_base=None, continue_on_error=False, executor='parallel', parallel_workers=12, event_handlers=None, ignore_user_meta=False, metas=['./colcon.meta'], base_paths=['.'], packages_ignore=None, packages_ignore_regex=None, paths=None, packages_up_to=None, packages_up_to_regex=None, packages_above=None, packages_above_and_dependencies=None, packages_above_depth=None, packages_select_by_dep=None, packages_skip_by_dep=None, packages_skip_up_to=None, packages_select_build_failed=False, packages_skip_build_finished=False, packages_select_test_failures=False, packages_skip_test_passed=False, packages_select=['space_description', 'space_gazebo', 'space_controller', 'space_bringup'], packages_skip=None, packages_select_regex=None, packages_skip_regex=None, packages_start=None, packages_end=None, allow_overriding=[], cmake_args=None, cmake_target=None, cmake_target_skip_unavailable=False, cmake_clean_cache=False, cmake_clean_first=False, cmake_force_configure=False, ament_cmake_args=None, catkin_cmake_args=None, catkin_skip_building_tests=False, mixin_files=None, mixin=None, verb_parser=<colcon_mixin.mixin.mixin_argument.MixinArgumentDecorator object at 0x78b893f33680>, verb_extension=<colcon_core.verb.build.BuildVerb object at 0x78b8940af7d0>, main=<bound method BuildVerb.main of <colcon_core.verb.build.BuildVerb object at 0x78b8940af7d0>>, mixin_verb=('build',))
[0.192s] Level 1:colcon.colcon_core.package_discovery:discover_packages(colcon_meta) check parameters
[0.192s] Level 1:colcon.colcon_core.package_discovery:discover_packages(recursive) check parameters
[0.192s] Level 1:colcon.colcon_core.package_discovery:discover_packages(ignore) check parameters
[0.192s] Level 1:colcon.colcon_core.package_discovery:discover_packages(path) check parameters
[0.192s] Level 1:colcon.colcon_core.package_discovery:discover_packages(colcon_meta) discover
[0.192s] Level 1:colcon.colcon_core.package_discovery:discover_packages(recursive) discover
[0.192s] INFO:colcon.colcon_core.package_discovery:Crawling recursively for packages in '/home/kms301111/Desktop/space'
[0.192s] Level 1:colcon.colcon_core.package_identification:_identify(.) by extensions ['ignore', 'ignore_ament_install']
[0.193s] Level 1:colcon.colcon_core.package_identification:_identify(.) by extension 'ignore'
[0.193s] Level 1:colcon.colcon_core.package_identification:_identify(.) by extension 'ignore_ament_install'
[0.193s] Level 1:colcon.colcon_core.package_identification:_identify(.) by extensions ['colcon_pkg']
[0.193s] Level 1:colcon.colcon_core.package_identification:_identify(.) by extension 'colcon_pkg'
[0.193s] Level 1:colcon.colcon_core.package_identification:_identify(.) by extensions ['colcon_meta']
[0.193s] Level 1:colcon.colcon_core.package_identification:_identify(.) by extension 'colcon_meta'
[0.193s] Level 1:colcon.colcon_core.package_identification:_identify(.) by extensions ['ros']
[0.193s] Level 1:colcon.colcon_core.package_identification:_identify(.) by extension 'ros'
[0.249s] Level 1:colcon.colcon_core.package_identification:_identify(.) by extensions ['cmake', 'python']
[0.249s] Level 1:colcon.colcon_core.package_identification:_identify(.) by extension 'cmake'
[0.249s] Level 1:colcon.colcon_core.package_identification:_identify(.) by extension 'python'
[0.249s] Level 1:colcon.colcon_core.package_identification:_identify(.) by extensions ['python_setup_py']
[0.249s] Level 1:colcon.colcon_core.package_identification:_identify(.) by extension 'python_setup_py'
[0.249s] Level 1:colcon.colcon_core.package_identification:_identify(build) by extensions ['ignore', 'ignore_ament_install']
[0.249s] Level 1:colcon.colcon_core.package_identification:_identify(build) by extension 'ignore'
[0.249s] Level 1:colcon.colcon_core.package_identification:_identify(build) ignored
[0.249s] Level 1:colcon.colcon_core.package_identification:_identify(docs) by extensions ['ignore', 'ignore_ament_install']
[0.250s] Level 1:colcon.colcon_core.package_identification:_identify(docs) by extension 'ignore'
[0.250s] Level 1:colcon.colcon_core.package_identification:_identify(docs) by extension 'ignore_ament_install'
[0.250s] Level 1:colcon.colcon_core.package_identification:_identify(docs) by extensions ['colcon_pkg']
[0.250s] Level 1:colcon.colcon_core.package_identification:_identify(docs) by extension 'colcon_pkg'
[0.250s] Level 1:colcon.colcon_core.package_identification:_identify(docs) by extensions ['colcon_meta']
[0.250s] Level 1:colcon.colcon_core.package_identification:_identify(docs) by extension 'colcon_meta'
[0.250s] Level 1:colcon.colcon_core.package_identification:_identify(docs) by extensions ['ros']
[0.250s] Level 1:colcon.colcon_core.package_identification:_identify(docs) by extension 'ros'
[0.250s] Level 1:colcon.colcon_core.package_identification:_identify(docs) by extensions ['cmake', 'python']
[0.250s] Level 1:colcon.colcon_core.package_identification:_identify(docs) by extension 'cmake'
[0.250s] Level 1:colcon.colcon_core.package_identification:_identify(docs) by extension 'python'
[0.250s] Level 1:colcon.colcon_core.package_identification:_identify(docs) by extensions ['python_setup_py']
[0.250s] Level 1:colcon.colcon_core.package_identification:_identify(docs) by extension 'python_setup_py'
[0.250s] Level 1:colcon.colcon_core.package_identification:_identify(docs/calibration) by extensions ['ignore', 'ignore_ament_install']
[0.250s] Level 1:colcon.colcon_core.package_identification:_identify(docs/calibration) by extension 'ignore'
[0.250s] Level 1:colcon.colcon_core.package_identification:_identify(docs/calibration) by extension 'ignore_ament_install'
[0.250s] Level 1:colcon.colcon_core.package_identification:_identify(docs/calibration) by extensions ['colcon_pkg']
[0.250s] Level 1:colcon.colcon_core.package_identification:_identify(docs/calibration) by extension 'colcon_pkg'
[0.251s] Level 1:colcon.colcon_core.package_identification:_identify(docs/calibration) by extensions ['colcon_meta']
[0.251s] Level 1:colcon.colcon_core.package_identification:_identify(docs/calibration) by extension 'colcon_meta'
[0.251s] Level 1:colcon.colcon_core.package_identification:_identify(docs/calibration) by extensions ['ros']
[0.251s] Level 1:colcon.colcon_core.package_identification:_identify(docs/calibration) by extension 'ros'
[0.251s] Level 1:colcon.colcon_core.package_identification:_identify(docs/calibration) by extensions ['cmake', 'python']
[0.251s] Level 1:colcon.colcon_core.package_identification:_identify(docs/calibration) by extension 'cmake'
[0.251s] Level 1:colcon.colcon_core.package_identification:_identify(docs/calibration) by extension 'python'
[0.251s] Level 1:colcon.colcon_core.package_identification:_identify(docs/calibration) by extensions ['python_setup_py']
[0.251s] Level 1:colcon.colcon_core.package_identification:_identify(docs/calibration) by extension 'python_setup_py'
[0.251s] Level 1:colcon.colcon_core.package_identification:_identify(firmware) by extensions ['ignore', 'ignore_ament_install']
[0.251s] Level 1:colcon.colcon_core.package_identification:_identify(firmware) by extension 'ignore'
[0.251s] Level 1:colcon.colcon_core.package_identification:_identify(firmware) by extension 'ignore_ament_install'
[0.251s] Level 1:colcon.colcon_core.package_identification:_identify(firmware) by extensions ['colcon_pkg']
[0.251s] Level 1:colcon.colcon_core.package_identification:_identify(firmware) by extension 'colcon_pkg'
[0.251s] Level 1:colcon.colcon_core.package_identification:_identify(firmware) by extensions ['colcon_meta']
[0.251s] Level 1:colcon.colcon_core.package_identification:_identify(firmware) by extension 'colcon_meta'
[0.251s] Level 1:colcon.colcon_core.package_identification:_identify(firmware) by extensions ['ros']
[0.251s] Level 1:colcon.colcon_core.package_identification:_identify(firmware) by extension 'ros'
[0.251s] Level 1:colcon.colcon_core.package_identification:_identify(firmware) by extensions ['cmake', 'python']
[0.251s] Level 1:colcon.colcon_core.package_identification:_identify(firmware) by extension 'cmake'
[0.251s] Level 1:colcon.colcon_core.package_identification:_identify(firmware) by extension 'python'
[0.252s] Level 1:colcon.colcon_core.package_identification:_identify(firmware) by extensions ['python_setup_py']
[0.252s] Level 1:colcon.colcon_core.package_identification:_identify(firmware) by extension 'python_setup_py'
[0.252s] Level 1:colcon.colcon_core.package_identification:_identify(firmware/ardupilot) by extensions ['ignore', 'ignore_ament_install']
[0.252s] Level 1:colcon.colcon_core.package_identification:_identify(firmware/ardupilot) by extension 'ignore'
[0.252s] Level 1:colcon.colcon_core.package_identification:_identify(firmware/ardupilot) by extension 'ignore_ament_install'
[0.252s] Level 1:colcon.colcon_core.package_identification:_identify(firmware/ardupilot) by extensions ['colcon_pkg']
[0.252s] Level 1:colcon.colcon_core.package_identification:_identify(firmware/ardupilot) by extension 'colcon_pkg'
[0.252s] Level 1:colcon.colcon_core.package_identification:_identify(firmware/ardupilot) by extensions ['colcon_meta']
[0.252s] Level 1:colcon.colcon_core.package_identification:_identify(firmware/ardupilot) by extension 'colcon_meta'
[0.252s] Level 1:colcon.colcon_core.package_identification:_identify(firmware/ardupilot) by extensions ['ros']
[0.252s] Level 1:colcon.colcon_core.package_identification:_identify(firmware/ardupilot) by extension 'ros'
[0.252s] Level 1:colcon.colcon_core.package_identification:_identify(firmware/ardupilot) by extensions ['cmake', 'python']
[0.252s] Level 1:colcon.colcon_core.package_identification:_identify(firmware/ardupilot) by extension 'cmake'
[0.252s] Level 1:colcon.colcon_core.package_identification:_identify(firmware/ardupilot) by extension 'python'
[0.252s] Level 1:colcon.colcon_core.package_identification:_identify(firmware/ardupilot) by extensions ['python_setup_py']
[0.252s] Level 1:colcon.colcon_core.package_identification:_identify(firmware/ardupilot) by extension 'python_setup_py'
[0.252s] Level 1:colcon.colcon_core.package_identification:_identify(firmware/ardupilot/params) by extensions ['ignore', 'ignore_ament_install']
[0.252s] Level 1:colcon.colcon_core.package_identification:_identify(firmware/ardupilot/params) by extension 'ignore'
[0.253s] Level 1:colcon.colcon_core.package_identification:_identify(firmware/ardupilot/params) by extension 'ignore_ament_install'
[0.253s] Level 1:colcon.colcon_core.package_identification:_identify(firmware/ardupilot/params) by extensions ['colcon_pkg']
[0.253s] Level 1:colcon.colcon_core.package_identification:_identify(firmware/ardupilot/params) by extension 'colcon_pkg'
[0.253s] Level 1:colcon.colcon_core.package_identification:_identify(firmware/ardupilot/params) by extensions ['colcon_meta']
[0.253s] Level 1:colcon.colcon_core.package_identification:_identify(firmware/ardupilot/params) by extension 'colcon_meta'
[0.253s] Level 1:colcon.colcon_core.package_identification:_identify(firmware/ardupilot/params) by extensions ['ros']
[0.253s] Level 1:colcon.colcon_core.package_identification:_identify(firmware/ardupilot/params) by extension 'ros'
[0.253s] Level 1:colcon.colcon_core.package_identification:_identify(firmware/ardupilot/params) by extensions ['cmake', 'python']
[0.253s] Level 1:colcon.colcon_core.package_identification:_identify(firmware/ardupilot/params) by extension 'cmake'
[0.253s] Level 1:colcon.colcon_core.package_identification:_identify(firmware/ardupilot/params) by extension 'python'
[0.253s] Level 1:colcon.colcon_core.package_identification:_identify(firmware/ardupilot/params) by extensions ['python_setup_py']
[0.253s] Level 1:colcon.colcon_core.package_identification:_identify(firmware/ardupilot/params) by extension 'python_setup_py'
[0.253s] Level 1:colcon.colcon_core.package_identification:_identify(firmware/ardupilot/scripts) by extensions ['ignore', 'ignore_ament_install']
[0.253s] Level 1:colcon.colcon_core.package_identification:_identify(firmware/ardupilot/scripts) by extension 'ignore'
[0.253s] Level 1:colcon.colcon_core.package_identification:_identify(firmware/ardupilot/scripts) by extension 'ignore_ament_install'
[0.253s] Level 1:colcon.colcon_core.package_identification:_identify(firmware/ardupilot/scripts) by extensions ['colcon_pkg']
[0.253s] Level 1:colcon.colcon_core.package_identification:_identify(firmware/ardupilot/scripts) by extension 'colcon_pkg'
[0.253s] Level 1:colcon.colcon_core.package_identification:_identify(firmware/ardupilot/scripts) by extensions ['colcon_meta']
[0.254s] Level 1:colcon.colcon_core.package_identification:_identify(firmware/ardupilot/scripts) by extension 'colcon_meta'
[0.254s] Level 1:colcon.colcon_core.package_identification:_identify(firmware/ardupilot/scripts) by extensions ['ros']
[0.254s] Level 1:colcon.colcon_core.package_identification:_identify(firmware/ardupilot/scripts) by extension 'ros'
[0.254s] Level 1:colcon.colcon_core.package_identification:_identify(firmware/ardupilot/scripts) by extensions ['cmake', 'python']
[0.254s] Level 1:colcon.colcon_core.package_identification:_identify(firmware/ardupilot/scripts) by extension 'cmake'
[0.254s] Level 1:colcon.colcon_core.package_identification:_identify(firmware/ardupilot/scripts) by extension 'python'
[0.254s] Level 1:colcon.colcon_core.package_identification:_identify(firmware/ardupilot/scripts) by extensions ['python_setup_py']
[0.254s] Level 1:colcon.colcon_core.package_identification:_identify(firmware/ardupilot/scripts) by extension 'python_setup_py'
[0.254s] Level 1:colcon.colcon_core.package_identification:_identify(hardware) by extensions ['ignore', 'ignore_ament_install']
[0.254s] Level 1:colcon.colcon_core.package_identification:_identify(hardware) by extension 'ignore'
[0.254s] Level 1:colcon.colcon_core.package_identification:_identify(hardware) by extension 'ignore_ament_install'
[0.254s] Level 1:colcon.colcon_core.package_identification:_identify(hardware) by extensions ['colcon_pkg']
[0.254s] Level 1:colcon.colcon_core.package_identification:_identify(hardware) by extension 'colcon_pkg'
[0.254s] Level 1:colcon.colcon_core.package_identification:_identify(hardware) by extensions ['colcon_meta']
[0.254s] Level 1:colcon.colcon_core.package_identification:_identify(hardware) by extension 'colcon_meta'
[0.254s] Level 1:colcon.colcon_core.package_identification:_identify(hardware) by extensions ['ros']
[0.255s] Level 1:colcon.colcon_core.package_identification:_identify(hardware) by extension 'ros'
[0.255s] Level 1:colcon.colcon_core.package_identification:_identify(hardware) by extensions ['cmake', 'python']
[0.255s] Level 1:colcon.colcon_core.package_identification:_identify(hardware) by extension 'cmake'
[0.255s] Level 1:colcon.colcon_core.package_identification:_identify(hardware) by extension 'python'
[0.255s] Level 1:colcon.colcon_core.package_identification:_identify(hardware) by extensions ['python_setup_py']
[0.255s] Level 1:colcon.colcon_core.package_identification:_identify(hardware) by extension 'python_setup_py'
[0.255s] Level 1:colcon.colcon_core.package_identification:_identify(hardware/drivetrain) by extensions ['ignore', 'ignore_ament_install']
[0.255s] Level 1:colcon.colcon_core.package_identification:_identify(hardware/drivetrain) by extension 'ignore'
[0.255s] Level 1:colcon.colcon_core.package_identification:_identify(hardware/drivetrain) by extension 'ignore_ament_install'
[0.255s] Level 1:colcon.colcon_core.package_identification:_identify(hardware/drivetrain) by extensions ['colcon_pkg']
[0.255s] Level 1:colcon.colcon_core.package_identification:_identify(hardware/drivetrain) by extension 'colcon_pkg'
[0.255s] Level 1:colcon.colcon_core.package_identification:_identify(hardware/drivetrain) by extensions ['colcon_meta']
[0.255s] Level 1:colcon.colcon_core.package_identification:_identify(hardware/drivetrain) by extension 'colcon_meta'
[0.255s] Level 1:colcon.colcon_core.package_identification:_identify(hardware/drivetrain) by extensions ['ros']
[0.255s] Level 1:colcon.colcon_core.package_identification:_identify(hardware/drivetrain) by extension 'ros'
[0.255s] Level 1:colcon.colcon_core.package_identification:_identify(hardware/drivetrain) by extensions ['cmake', 'python']
[0.255s] Level 1:colcon.colcon_core.package_identification:_identify(hardware/drivetrain) by extension 'cmake'
[0.255s] Level 1:colcon.colcon_core.package_identification:_identify(hardware/drivetrain) by extension 'python'
[0.255s] Level 1:colcon.colcon_core.package_identification:_identify(hardware/drivetrain) by extensions ['python_setup_py']
[0.255s] Level 1:colcon.colcon_core.package_identification:_identify(hardware/drivetrain) by extension 'python_setup_py'
[0.256s] Level 1:colcon.colcon_core.package_identification:_identify(hardware/power) by extensions ['ignore', 'ignore_ament_install']
[0.256s] Level 1:colcon.colcon_core.package_identification:_identify(hardware/power) by extension 'ignore'
[0.256s] Level 1:colcon.colcon_core.package_identification:_identify(hardware/power) by extension 'ignore_ament_install'
[0.256s] Level 1:colcon.colcon_core.package_identification:_identify(hardware/power) by extensions ['colcon_pkg']
[0.256s] Level 1:colcon.colcon_core.package_identification:_identify(hardware/power) by extension 'colcon_pkg'
[0.256s] Level 1:colcon.colcon_core.package_identification:_identify(hardware/power) by extensions ['colcon_meta']
[0.256s] Level 1:colcon.colcon_core.package_identification:_identify(hardware/power) by extension 'colcon_meta'
[0.256s] Level 1:colcon.colcon_core.package_identification:_identify(hardware/power) by extensions ['ros']
[0.256s] Level 1:colcon.colcon_core.package_identification:_identify(hardware/power) by extension 'ros'
[0.256s] Level 1:colcon.colcon_core.package_identification:_identify(hardware/power) by extensions ['cmake', 'python']
[0.256s] Level 1:colcon.colcon_core.package_identification:_identify(hardware/power) by extension 'cmake'
[0.256s] Level 1:colcon.colcon_core.package_identification:_identify(hardware/power) by extension 'python'
[0.256s] Level 1:colcon.colcon_core.package_identification:_identify(hardware/power) by extensions ['python_setup_py']
[0.256s] Level 1:colcon.colcon_core.package_identification:_identify(hardware/power) by extension 'python_setup_py'
[0.256s] Level 1:colcon.colcon_core.package_identification:_identify(install) by extensions ['ignore', 'ignore_ament_install']
[0.256s] Level 1:colcon.colcon_core.package_identification:_identify(install) by extension 'ignore'
[0.256s] Level 1:colcon.colcon_core.package_identification:_identify(install) ignored
[0.256s] Level 1:colcon.colcon_core.package_identification:_identify(log) by extensions ['ignore', 'ignore_ament_install']
[0.257s] Level 1:colcon.colcon_core.package_identification:_identify(log) by extension 'ignore'
[0.257s] Level 1:colcon.colcon_core.package_identification:_identify(log) ignored
[0.257s] Level 1:colcon.colcon_core.package_identification:_identify(ros2_ws) by extensions ['ignore', 'ignore_ament_install']
[0.257s] Level 1:colcon.colcon_core.package_identification:_identify(ros2_ws) by extension 'ignore'
[0.257s] Level 1:colcon.colcon_core.package_identification:_identify(ros2_ws) by extension 'ignore_ament_install'
[0.257s] Level 1:colcon.colcon_core.package_identification:_identify(ros2_ws) by extensions ['colcon_pkg']
[0.257s] Level 1:colcon.colcon_core.package_identification:_identify(ros2_ws) by extension 'colcon_pkg'
[0.257s] Level 1:colcon.colcon_core.package_identification:_identify(ros2_ws) by extensions ['colcon_meta']
[0.257s] Level 1:colcon.colcon_core.package_identification:_identify(ros2_ws) by extension 'colcon_meta'
[0.257s] Level 1:colcon.colcon_core.package_identification:_identify(ros2_ws) by extensions ['ros']
[0.257s] Level 1:colcon.colcon_core.package_identification:_identify(ros2_ws) by extension 'ros'
[0.257s] Level 1:colcon.colcon_core.package_identification:_identify(ros2_ws) by extensions ['cmake', 'python']
[0.257s] Level 1:colcon.colcon_core.package_identification:_identify(ros2_ws) by extension 'cmake'
[0.257s] Level 1:colcon.colcon_core.package_identification:_identify(ros2_ws) by extension 'python'
[0.257s] Level 1:colcon.colcon_core.package_identification:_identify(ros2_ws) by extensions ['python_setup_py']
[0.257s] Level 1:colcon.colcon_core.package_identification:_identify(ros2_ws) by extension 'python_setup_py'
[0.257s] Level 1:colcon.colcon_core.package_identification:_identify(ros2_ws/src) by extensions ['ignore', 'ignore_ament_install']
[0.257s] Level 1:colcon.colcon_core.package_identification:_identify(ros2_ws/src) by extension 'ignore'
[0.257s] Level 1:colcon.colcon_core.package_identification:_identify(ros2_ws/src) by extension 'ignore_ament_install'
[0.257s] Level 1:colcon.colcon_core.package_identification:_identify(ros2_ws/src) by extensions ['colcon_pkg']
[0.258s] Level 1:colcon.colcon_core.package_identification:_identify(ros2_ws/src) by extension 'colcon_pkg'
[0.258s] Level 1:colcon.colcon_core.package_identification:_identify(ros2_ws/src) by extensions ['colcon_meta']
[0.258s] Level 1:colcon.colcon_core.package_identification:_identify(ros2_ws/src) by extension 'colcon_meta'
[0.258s] Level 1:colcon.colcon_core.package_identification:_identify(ros2_ws/src) by extensions ['ros']
[0.258s] Level 1:colcon.colcon_core.package_identification:_identify(ros2_ws/src) by extension 'ros'
[0.258s] Level 1:colcon.colcon_core.package_identification:_identify(ros2_ws/src) by extensions ['cmake', 'python']
[0.258s] Level 1:colcon.colcon_core.package_identification:_identify(ros2_ws/src) by extension 'cmake'
[0.258s] Level 1:colcon.colcon_core.package_identification:_identify(ros2_ws/src) by extension 'python'
[0.258s] Level 1:colcon.colcon_core.package_identification:_identify(ros2_ws/src) by extensions ['python_setup_py']
[0.258s] Level 1:colcon.colcon_core.package_identification:_identify(ros2_ws/src) by extension 'python_setup_py'
[0.258s] Level 1:colcon.colcon_core.package_identification:_identify(ros2_ws/src/space_ardupilot_interface) by extensions ['ignore', 'ignore_ament_install']
[0.258s] Level 1:colcon.colcon_core.package_identification:_identify(ros2_ws/src/space_ardupilot_interface) by extension 'ignore'
[0.258s] Level 1:colcon.colcon_core.package_identification:_identify(ros2_ws/src/space_ardupilot_interface) by extension 'ignore_ament_install'
[0.258s] Level 1:colcon.colcon_core.package_identification:_identify(ros2_ws/src/space_ardupilot_interface) by extensions ['colcon_pkg']
[0.258s] Level 1:colcon.colcon_core.package_identification:_identify(ros2_ws/src/space_ardupilot_interface) by extension 'colcon_pkg'
[0.258s] Level 1:colcon.colcon_core.package_identification:_identify(ros2_ws/src/space_ardupilot_interface) by extensions ['colcon_meta']
[0.258s] Level 1:colcon.colcon_core.package_identification:_identify(ros2_ws/src/space_ardupilot_interface) by extension 'colcon_meta'
[0.258s] Level 1:colcon.colcon_core.package_identification:_identify(ros2_ws/src/space_ardupilot_interface) by extensions ['ros']
[0.258s] Level 1:colcon.colcon_core.package_identification:_identify(ros2_ws/src/space_ardupilot_interface) by extension 'ros'
[0.262s] DEBUG:colcon.colcon_core.package_identification:Package 'ros2_ws/src/space_ardupilot_interface' with type 'ros.ament_python' and name 'space_ardupilot_interface'
[0.262s] Level 1:colcon.colcon_core.package_identification:_identify(ros2_ws/src/space_bringup) by extensions ['ignore', 'ignore_ament_install']
[0.262s] Level 1:colcon.colcon_core.package_identification:_identify(ros2_ws/src/space_bringup) by extension 'ignore'
[0.262s] Level 1:colcon.colcon_core.package_identification:_identify(ros2_ws/src/space_bringup) by extension 'ignore_ament_install'
[0.262s] Level 1:colcon.colcon_core.package_identification:_identify(ros2_ws/src/space_bringup) by extensions ['colcon_pkg']
[0.262s] Level 1:colcon.colcon_core.package_identification:_identify(ros2_ws/src/space_bringup) by extension 'colcon_pkg'
[0.262s] Level 1:colcon.colcon_core.package_identification:_identify(ros2_ws/src/space_bringup) by extensions ['colcon_meta']
[0.262s] Level 1:colcon.colcon_core.package_identification:_identify(ros2_ws/src/space_bringup) by extension 'colcon_meta'
[0.262s] Level 1:colcon.colcon_core.package_identification:_identify(ros2_ws/src/space_bringup) by extensions ['ros']
[0.262s] Level 1:colcon.colcon_core.package_identification:_identify(ros2_ws/src/space_bringup) by extension 'ros'
[0.263s] DEBUG:colcon.colcon_core.package_identification:Package 'ros2_ws/src/space_bringup' with type 'ros.ament_python' and name 'space_bringup'
[0.263s] Level 1:colcon.colcon_core.package_identification:_identify(ros2_ws/src/space_controller) by extensions ['ignore', 'ignore_ament_install']
[0.263s] Level 1:colcon.colcon_core.package_identification:_identify(ros2_ws/src/space_controller) by extension 'ignore'
[0.263s] Level 1:colcon.colcon_core.package_identification:_identify(ros2_ws/src/space_controller) by extension 'ignore_ament_install'
[0.263s] Level 1:colcon.colcon_core.package_identification:_identify(ros2_ws/src/space_controller) by extensions ['colcon_pkg']
[0.263s] Level 1:colcon.colcon_core.package_identification:_identify(ros2_ws/src/space_controller) by extension 'colcon_pkg'
[0.263s] Level 1:colcon.colcon_core.package_identification:_identify(ros2_ws/src/space_controller) by extensions ['colcon_meta']
[0.263s] Level 1:colcon.colcon_core.package_identification:_identify(ros2_ws/src/space_controller) by extension 'colcon_meta'
[0.264s] Level 1:colcon.colcon_core.package_identification:_identify(ros2_ws/src/space_controller) by extensions ['ros']
[0.264s] Level 1:colcon.colcon_core.package_identification:_identify(ros2_ws/src/space_controller) by extension 'ros'
[0.264s] DEBUG:colcon.colcon_core.package_identification:Package 'ros2_ws/src/space_controller' with type 'ros.ament_python' and name 'space_controller'
[0.264s] Level 1:colcon.colcon_core.package_identification:_identify(ros2_ws/src/space_description) by extensions ['ignore', 'ignore_ament_install']
[0.264s] Level 1:colcon.colcon_core.package_identification:_identify(ros2_ws/src/space_description) by extension 'ignore'
[0.264s] Level 1:colcon.colcon_core.package_identification:_identify(ros2_ws/src/space_description) by extension 'ignore_ament_install'
[0.265s] Level 1:colcon.colcon_core.package_identification:_identify(ros2_ws/src/space_description) by extensions ['colcon_pkg']
[0.265s] Level 1:colcon.colcon_core.package_identification:_identify(ros2_ws/src/space_description) by extension 'colcon_pkg'
[0.265s] Level 1:colcon.colcon_core.package_identification:_identify(ros2_ws/src/space_description) by extensions ['colcon_meta']
[0.265s] Level 1:colcon.colcon_core.package_identification:_identify(ros2_ws/src/space_description) by extension 'colcon_meta'
[0.265s] Level 1:colcon.colcon_core.package_identification:_identify(ros2_ws/src/space_description) by extensions ['ros']
[0.265s] Level 1:colcon.colcon_core.package_identification:_identify(ros2_ws/src/space_description) by extension 'ros'
[0.265s] DEBUG:colcon.colcon_core.package_identification:Package 'ros2_ws/src/space_description' with type 'ros.ament_cmake' and name 'space_description'
[0.265s] Level 1:colcon.colcon_core.package_identification:_identify(ros2_ws/src/space_gazebo) by extensions ['ignore', 'ignore_ament_install']
[0.265s] Level 1:colcon.colcon_core.package_identification:_identify(ros2_ws/src/space_gazebo) by extension 'ignore'
[0.266s] Level 1:colcon.colcon_core.package_identification:_identify(ros2_ws/src/space_gazebo) by extension 'ignore_ament_install'
[0.266s] Level 1:colcon.colcon_core.package_identification:_identify(ros2_ws/src/space_gazebo) by extensions ['colcon_pkg']
[0.266s] Level 1:colcon.colcon_core.package_identification:_identify(ros2_ws/src/space_gazebo) by extension 'colcon_pkg'
[0.266s] Level 1:colcon.colcon_core.package_identification:_identify(ros2_ws/src/space_gazebo) by extensions ['colcon_meta']
[0.266s] Level 1:colcon.colcon_core.package_identification:_identify(ros2_ws/src/space_gazebo) by extension 'colcon_meta'
[0.266s] Level 1:colcon.colcon_core.package_identification:_identify(ros2_ws/src/space_gazebo) by extensions ['ros']
[0.266s] Level 1:colcon.colcon_core.package_identification:_identify(ros2_ws/src/space_gazebo) by extension 'ros'
[0.266s] DEBUG:colcon.colcon_core.package_identification:Package 'ros2_ws/src/space_gazebo' with type 'ros.ament_cmake' and name 'space_gazebo'
[0.266s] Level 1:colcon.colcon_core.package_identification:_identify(ros2_ws/src/space_perception) by extensions ['ignore', 'ignore_ament_install']
[0.267s] Level 1:colcon.colcon_core.package_identification:_identify(ros2_ws/src/space_perception) by extension 'ignore'
[0.267s] Level 1:colcon.colcon_core.package_identification:_identify(ros2_ws/src/space_perception) by extension 'ignore_ament_install'
[0.267s] Level 1:colcon.colcon_core.package_identification:_identify(ros2_ws/src/space_perception) by extensions ['colcon_pkg']
[0.267s] Level 1:colcon.colcon_core.package_identification:_identify(ros2_ws/src/space_perception) by extension 'colcon_pkg'
[0.267s] Level 1:colcon.colcon_core.package_identification:_identify(ros2_ws/src/space_perception) by extensions ['colcon_meta']
[0.267s] Level 1:colcon.colcon_core.package_identification:_identify(ros2_ws/src/space_perception) by extension 'colcon_meta'
[0.267s] Level 1:colcon.colcon_core.package_identification:_identify(ros2_ws/src/space_perception) by extensions ['ros']
[0.267s] Level 1:colcon.colcon_core.package_identification:_identify(ros2_ws/src/space_perception) by extension 'ros'
[0.269s] DEBUG:colcon.colcon_core.package_identification:Package 'ros2_ws/src/space_perception' with type 'ros.ament_cmake' and name 'space_perception'
[0.269s] Level 1:colcon.colcon_core.package_discovery:discover_packages(recursive) using defaults
[0.269s] Level 1:colcon.colcon_core.package_discovery:discover_packages(ignore) discover
[0.269s] Level 1:colcon.colcon_core.package_discovery:discover_packages(ignore) using defaults
[0.269s] Level 1:colcon.colcon_core.package_discovery:discover_packages(path) discover
[0.269s] Level 1:colcon.colcon_core.package_discovery:discover_packages(path) using defaults
[0.296s] INFO:colcon.colcon_core.package_selection:Skipping not selected package 'space_ardupilot_interface' in 'ros2_ws/src/space_ardupilot_interface'
[0.296s] INFO:colcon.colcon_core.package_selection:Skipping not selected package 'space_perception' in 'ros2_ws/src/space_perception'
[0.296s] Level 1:colcon.colcon_core.package_discovery:discover_packages(prefix_path) check parameters
[0.296s] Level 1:colcon.colcon_core.package_discovery:discover_packages(prefix_path) discover
[0.300s] DEBUG:colcon.colcon_installed_package_information.package_discovery:Found 434 installed packages in /opt/ros/jazzy
[0.301s] Level 1:colcon.colcon_core.package_discovery:discover_packages(prefix_path) using defaults
[0.389s] Level 5:colcon.colcon_core.verb:set package 'space_controller' build argument 'cmake_args' from command line to 'None'
[0.389s] Level 5:colcon.colcon_core.verb:set package 'space_controller' build argument 'cmake_target' from command line to 'None'
[0.389s] Level 5:colcon.colcon_core.verb:set package 'space_controller' build argument 'cmake_target_skip_unavailable' from command line to 'False'
[0.389s] Level 5:colcon.colcon_core.verb:set package 'space_controller' build argument 'cmake_clean_cache' from command line to 'False'
[0.389s] Level 5:colcon.colcon_core.verb:set package 'space_controller' build argument 'cmake_clean_first' from command line to 'False'
[0.389s] Level 5:colcon.colcon_core.verb:set package 'space_controller' build argument 'cmake_force_configure' from command line to 'False'
[0.389s] Level 5:colcon.colcon_core.verb:set package 'space_controller' build argument 'ament_cmake_args' from command line to 'None'
[0.389s] Level 5:colcon.colcon_core.verb:set package 'space_controller' build argument 'catkin_cmake_args' from command line to 'None'
[0.389s] Level 5:colcon.colcon_core.verb:set package 'space_controller' build argument 'catkin_skip_building_tests' from command line to 'False'
[0.389s] DEBUG:colcon.colcon_core.verb:Building package 'space_controller' with the following arguments: {'ament_cmake_args': None, 'build_base': '/home/kms301111/Desktop/space/build/space_controller', 'catkin_cmake_args': None, 'catkin_skip_building_tests': False, 'cmake_args': None, 'cmake_clean_cache': False, 'cmake_clean_first': False, 'cmake_force_configure': False, 'cmake_target': None, 'cmake_target_skip_unavailable': False, 'install_base': '/home/kms301111/Desktop/space/install/space_controller', 'merge_install': False, 'path': '/home/kms301111/Desktop/space/ros2_ws/src/space_controller', 'symlink_install': True, 'test_result_base': None}
[0.389s] Level 5:colcon.colcon_core.verb:set package 'space_description' build argument 'cmake_args' from command line to 'None'
[0.389s] Level 5:colcon.colcon_core.verb:set package 'space_description' build argument 'cmake_target' from command line to 'None'
[0.389s] Level 5:colcon.colcon_core.verb:set package 'space_description' build argument 'cmake_target_skip_unavailable' from command line to 'False'
[0.389s] Level 5:colcon.colcon_core.verb:set package 'space_description' build argument 'cmake_clean_cache' from command line to 'False'
[0.389s] Level 5:colcon.colcon_core.verb:set package 'space_description' build argument 'cmake_clean_first' from command line to 'False'
[0.389s] Level 5:colcon.colcon_core.verb:set package 'space_description' build argument 'cmake_force_configure' from command line to 'False'
[0.389s] Level 5:colcon.colcon_core.verb:set package 'space_description' build argument 'ament_cmake_args' from command line to 'None'
[0.389s] Level 5:colcon.colcon_core.verb:set package 'space_description' build argument 'catkin_cmake_args' from command line to 'None'
[0.389s] Level 5:colcon.colcon_core.verb:set package 'space_description' build argument 'catkin_skip_building_tests' from command line to 'False'
[0.389s] DEBUG:colcon.colcon_core.verb:Building package 'space_description' with the following arguments: {'ament_cmake_args': None, 'build_base': '/home/kms301111/Desktop/space/build/space_description', 'catkin_cmake_args': None, 'catkin_skip_building_tests': False, 'cmake_args': None, 'cmake_clean_cache': False, 'cmake_clean_first': False, 'cmake_force_configure': False, 'cmake_target': None, 'cmake_target_skip_unavailable': False, 'install_base': '/home/kms301111/Desktop/space/install/space_description', 'merge_install': False, 'path': '/home/kms301111/Desktop/space/ros2_ws/src/space_description', 'symlink_install': True, 'test_result_base': None}
[0.390s] Level 5:colcon.colcon_core.verb:set package 'space_gazebo' build argument 'cmake_args' from command line to 'None'
[0.390s] Level 5:colcon.colcon_core.verb:set package 'space_gazebo' build argument 'cmake_target' from command line to 'None'
[0.390s] Level 5:colcon.colcon_core.verb:set package 'space_gazebo' build argument 'cmake_target_skip_unavailable' from command line to 'False'
[0.390s] Level 5:colcon.colcon_core.verb:set package 'space_gazebo' build argument 'cmake_clean_cache' from command line to 'False'
[0.390s] Level 5:colcon.colcon_core.verb:set package 'space_gazebo' build argument 'cmake_clean_first' from command line to 'False'
[0.390s] Level 5:colcon.colcon_core.verb:set package 'space_gazebo' build argument 'cmake_force_configure' from command line to 'False'
[0.390s] Level 5:colcon.colcon_core.verb:set package 'space_gazebo' build argument 'ament_cmake_args' from command line to 'None'
[0.390s] Level 5:colcon.colcon_core.verb:set package 'space_gazebo' build argument 'catkin_cmake_args' from command line to 'None'
[0.390s] Level 5:colcon.colcon_core.verb:set package 'space_gazebo' build argument 'catkin_skip_building_tests' from command line to 'False'
[0.390s] DEBUG:colcon.colcon_core.verb:Building package 'space_gazebo' with the following arguments: {'ament_cmake_args': None, 'build_base': '/home/kms301111/Desktop/space/build/space_gazebo', 'catkin_cmake_args': None, 'catkin_skip_building_tests': False, 'cmake_args': None, 'cmake_clean_cache': False, 'cmake_clean_first': False, 'cmake_force_configure': False, 'cmake_target': None, 'cmake_target_skip_unavailable': False, 'install_base': '/home/kms301111/Desktop/space/install/space_gazebo', 'merge_install': False, 'path': '/home/kms301111/Desktop/space/ros2_ws/src/space_gazebo', 'symlink_install': True, 'test_result_base': None}
[0.390s] Level 5:colcon.colcon_core.verb:set package 'space_bringup' build argument 'cmake_args' from command line to 'None'
[0.390s] Level 5:colcon.colcon_core.verb:set package 'space_bringup' build argument 'cmake_target' from command line to 'None'
[0.390s] Level 5:colcon.colcon_core.verb:set package 'space_bringup' build argument 'cmake_target_skip_unavailable' from command line to 'False'
[0.390s] Level 5:colcon.colcon_core.verb:set package 'space_bringup' build argument 'cmake_clean_cache' from command line to 'False'
[0.390s] Level 5:colcon.colcon_core.verb:set package 'space_bringup' build argument 'cmake_clean_first' from command line to 'False'
[0.390s] Level 5:colcon.colcon_core.verb:set package 'space_bringup' build argument 'cmake_force_configure' from command line to 'False'
[0.390s] Level 5:colcon.colcon_core.verb:set package 'space_bringup' build argument 'ament_cmake_args' from command line to 'None'
[0.390s] Level 5:colcon.colcon_core.verb:set package 'space_bringup' build argument 'catkin_cmake_args' from command line to 'None'
[0.390s] Level 5:colcon.colcon_core.verb:set package 'space_bringup' build argument 'catkin_skip_building_tests' from command line to 'False'
[0.390s] DEBUG:colcon.colcon_core.verb:Building package 'space_bringup' with the following arguments: {'ament_cmake_args': None, 'build_base': '/home/kms301111/Desktop/space/build/space_bringup', 'catkin_cmake_args': None, 'catkin_skip_building_tests': False, 'cmake_args': None, 'cmake_clean_cache': False, 'cmake_clean_first': False, 'cmake_force_configure': False, 'cmake_target': None, 'cmake_target_skip_unavailable': False, 'install_base': '/home/kms301111/Desktop/space/install/space_bringup', 'merge_install': False, 'path': '/home/kms301111/Desktop/space/ros2_ws/src/space_bringup', 'symlink_install': True, 'test_result_base': None}
[0.391s] INFO:colcon.colcon_core.executor:Executing jobs using 'parallel' executor
[0.392s] DEBUG:colcon.colcon_parallel_executor.executor.parallel:run_until_complete
[0.392s] INFO:colcon.colcon_ros.task.ament_cmake.build:Building ROS package in '/home/kms301111/Desktop/space/ros2_ws/src/space_description' with build type 'ament_cmake'
[0.393s] INFO:colcon.colcon_cmake.task.cmake.build:Building CMake package in '/home/kms301111/Desktop/space/ros2_ws/src/space_description'
[0.395s] INFO:colcon.colcon_core.plugin_system:Skipping extension 'colcon_core.shell.bat': Not used on non-Windows systems
[0.395s] INFO:colcon.colcon_core.shell:Skip shell extension 'powershell' for command environment: Not usable outside of PowerShell
[0.395s] DEBUG:colcon.colcon_core.shell:Skip shell extension 'dsv' for command environment
[0.400s] INFO:colcon.colcon_ros.task.ament_python.build:Building ROS package in '/home/kms301111/Desktop/space/ros2_ws/src/space_controller' with build type 'ament_python'
[0.400s] Level 1:colcon.colcon_core.shell:create_environment_hook('space_controller', 'ament_prefix_path')
[0.401s] INFO:colcon.colcon_core.shell:Creating environment hook '/home/kms301111/Desktop/space/install/space_controller/share/space_controller/hook/ament_prefix_path.ps1'
[0.402s] INFO:colcon.colcon_core.shell:Creating environment descriptor '/home/kms301111/Desktop/space/install/space_controller/share/space_controller/hook/ament_prefix_path.dsv'
[0.402s] INFO:colcon.colcon_core.shell:Creating environment hook '/home/kms301111/Desktop/space/install/space_controller/share/space_controller/hook/ament_prefix_path.sh'
[0.404s] INFO:colcon.colcon_core.shell:Skip shell extension 'powershell' for command environment: Not usable outside of PowerShell
[0.405s] DEBUG:colcon.colcon_core.shell:Skip shell extension 'dsv' for command environment
[0.421s] DEBUG:colcon.colcon_core.event_handler.log_command:Invoking command in '/home/kms301111/Desktop/space/build/space_description': CMAKE_PREFIX_PATH=${CMAKE_PREFIX_PATH}:/opt/ros/jazzy DEBUGINFOD_URLS=https://debuginfod.ubuntu.com /usr/bin/cmake --build /home/kms301111/Desktop/space/build/space_description -- -j12 -l12
[0.802s] INFO:colcon.colcon_core.task.python.build:Building Python package in '/home/kms301111/Desktop/space/ros2_ws/src/space_controller'
[0.803s] INFO:colcon.colcon_core.shell:Skip shell extension 'powershell' for command environment: Not usable outside of PowerShell
[0.803s] DEBUG:colcon.colcon_core.shell:Skip shell extension 'dsv' for command environment
[0.814s] DEBUG:colcon.colcon_core.event_handler.log_command:Invoked command in '/home/kms301111/Desktop/space/build/space_description' returned '0': CMAKE_PREFIX_PATH=${CMAKE_PREFIX_PATH}:/opt/ros/jazzy DEBUGINFOD_URLS=https://debuginfod.ubuntu.com /usr/bin/cmake --build /home/kms301111/Desktop/space/build/space_description -- -j12 -l12
[0.837s] DEBUG:colcon.colcon_core.event_handler.log_command:Invoking command in '/home/kms301111/Desktop/space/build/space_description': CMAKE_PREFIX_PATH=${CMAKE_PREFIX_PATH}:/opt/ros/jazzy DEBUGINFOD_URLS=https://debuginfod.ubuntu.com /usr/bin/cmake --install /home/kms301111/Desktop/space/build/space_description
[0.895s] Level 1:colcon.colcon_core.environment:create_environment_scripts_only(space_description)
[0.896s] DEBUG:colcon.colcon_core.event_handler.log_command:Invoked command in '/home/kms301111/Desktop/space/build/space_description' returned '0': CMAKE_PREFIX_PATH=${CMAKE_PREFIX_PATH}:/opt/ros/jazzy DEBUGINFOD_URLS=https://debuginfod.ubuntu.com /usr/bin/cmake --install /home/kms301111/Desktop/space/build/space_description
[0.901s] Level 1:colcon.colcon_core.environment:checking '/home/kms301111/Desktop/space/install/space_description' for CMake module files
[0.902s] Level 1:colcon.colcon_core.environment:checking '/home/kms301111/Desktop/space/install/space_description' for CMake config files
[0.903s] Level 1:colcon.colcon_core.shell:create_environment_hook('space_description', 'cmake_prefix_path')
[0.903s] INFO:colcon.colcon_core.shell:Creating environment hook '/home/kms301111/Desktop/space/install/space_description/share/space_description/hook/cmake_prefix_path.ps1'
[0.904s] INFO:colcon.colcon_core.shell:Creating environment descriptor '/home/kms301111/Desktop/space/install/space_description/share/space_description/hook/cmake_prefix_path.dsv'
[0.905s] INFO:colcon.colcon_core.shell:Creating environment hook '/home/kms301111/Desktop/space/install/space_description/share/space_description/hook/cmake_prefix_path.sh'
[0.906s] Level 1:colcon.colcon_core.environment:checking '/home/kms301111/Desktop/space/install/space_description/bin'
[0.906s] Level 1:colcon.colcon_core.environment:checking '/home/kms301111/Desktop/space/install/space_description/lib/pkgconfig/space_description.pc'
[0.907s] Level 1:colcon.colcon_core.environment:checking '/home/kms301111/Desktop/space/install/space_description/lib/python3.12/site-packages'
[0.908s] Level 1:colcon.colcon_core.environment:checking '/home/kms301111/Desktop/space/install/space_description/bin'
[0.908s] INFO:colcon.colcon_core.shell:Creating package script '/home/kms301111/Desktop/space/install/space_description/share/space_description/package.ps1'
[0.909s] INFO:colcon.colcon_core.shell:Creating package descriptor '/home/kms301111/Desktop/space/install/space_description/share/space_description/package.dsv'
[0.911s] INFO:colcon.colcon_core.shell:Creating package script '/home/kms301111/Desktop/space/install/space_description/share/space_description/package.sh'
[0.912s] INFO:colcon.colcon_core.shell:Creating package script '/home/kms301111/Desktop/space/install/space_description/share/space_description/package.bash'
[0.912s] INFO:colcon.colcon_core.shell:Creating package script '/home/kms301111/Desktop/space/install/space_description/share/space_description/package.zsh'
[0.913s] Level 1:colcon.colcon_core.environment:create_file_with_runtime_dependencies(/home/kms301111/Desktop/space/install/space_description/share/colcon-core/packages/space_description)
[0.913s] Level 1:colcon.colcon_core.environment:create_environment_scripts_only(space_description)
[0.914s] Level 1:colcon.colcon_core.environment:checking '/home/kms301111/Desktop/space/install/space_description' for CMake module files
[0.914s] Level 1:colcon.colcon_core.environment:checking '/home/kms301111/Desktop/space/install/space_description' for CMake config files
[0.914s] Level 1:colcon.colcon_core.shell:create_environment_hook('space_description', 'cmake_prefix_path')
[0.914s] INFO:colcon.colcon_core.shell:Creating environment hook '/home/kms301111/Desktop/space/install/space_description/share/space_description/hook/cmake_prefix_path.ps1'
[0.915s] INFO:colcon.colcon_core.shell:Creating environment descriptor '/home/kms301111/Desktop/space/install/space_description/share/space_description/hook/cmake_prefix_path.dsv'
[0.915s] INFO:colcon.colcon_core.shell:Creating environment hook '/home/kms301111/Desktop/space/install/space_description/share/space_description/hook/cmake_prefix_path.sh'
[0.916s] Level 1:colcon.colcon_core.environment:checking '/home/kms301111/Desktop/space/install/space_description/bin'
[0.916s] Level 1:colcon.colcon_core.environment:checking '/home/kms301111/Desktop/space/install/space_description/lib/pkgconfig/space_description.pc'
[0.916s] Level 1:colcon.colcon_core.environment:checking '/home/kms301111/Desktop/space/install/space_description/lib/python3.12/site-packages'
[0.916s] Level 1:colcon.colcon_core.environment:checking '/home/kms301111/Desktop/space/install/space_description/bin'
[0.917s] INFO:colcon.colcon_core.shell:Creating package script '/home/kms301111/Desktop/space/install/space_description/share/space_description/package.ps1'
[0.918s] INFO:colcon.colcon_core.shell:Creating package descriptor '/home/kms301111/Desktop/space/install/space_description/share/space_description/package.dsv'
[0.918s] INFO:colcon.colcon_core.shell:Creating package script '/home/kms301111/Desktop/space/install/space_description/share/space_description/package.sh'
[0.919s] INFO:colcon.colcon_core.shell:Creating package script '/home/kms301111/Desktop/space/install/space_description/share/space_description/package.bash'
[0.919s] INFO:colcon.colcon_core.shell:Creating package script '/home/kms301111/Desktop/space/install/space_description/share/space_description/package.zsh'
[0.920s] Level 1:colcon.colcon_core.environment:create_file_with_runtime_dependencies(/home/kms301111/Desktop/space/install/space_description/share/colcon-core/packages/space_description)
[0.920s] INFO:colcon.colcon_ros.task.ament_cmake.build:Building ROS package in '/home/kms301111/Desktop/space/ros2_ws/src/space_gazebo' with build type 'ament_cmake'
[0.920s] INFO:colcon.colcon_cmake.task.cmake.build:Building CMake package in '/home/kms301111/Desktop/space/ros2_ws/src/space_gazebo'
[0.920s] INFO:colcon.colcon_core.shell:Skip shell extension 'powershell' for command environment: Not usable outside of PowerShell
[0.920s] DEBUG:colcon.colcon_core.shell:Skip shell extension 'dsv' for command environment
[0.941s] DEBUG:colcon.colcon_core.event_handler.log_command:Invoking command in '/home/kms301111/Desktop/space/build/space_gazebo': AMENT_PREFIX_PATH=/home/kms301111/Desktop/space/install/space_description:${AMENT_PREFIX_PATH} CMAKE_PREFIX_PATH=/home/kms301111/Desktop/space/install/space_description:/opt/ros/jazzy/opt/gz_sim_vendor:/opt/ros/jazzy/opt/gz_sensors_vendor:/opt/ros/jazzy/opt/gz_physics_vendor:/opt/ros/jazzy/opt/sdformat_vendor:/opt/ros/jazzy/opt/gz_gui_vendor:/opt/ros/jazzy/opt/gz_transport_vendor:/opt/ros/jazzy/opt/gz_rendering_vendor:/opt/ros/jazzy/opt/gz_plugin_vendor:/opt/ros/jazzy/opt/gz_fuel_tools_vendor:/opt/ros/jazzy/opt/gz_msgs_vendor:/opt/ros/jazzy/opt/gz_common_vendor:/opt/ros/jazzy/opt/gz_math_vendor:/opt/ros/jazzy/opt/gz_utils_vendor:/opt/ros/jazzy/opt/gz_tools_vendor:/opt/ros/jazzy/opt/gz_ogre_next_vendor:/opt/ros/jazzy/opt/gz_dartsim_vendor:/opt/ros/jazzy/opt/gz_cmake_vendor:/opt/ros/jazzy DEBUGINFOD_URLS=https://debuginfod.ubuntu.com /usr/bin/cmake --build /home/kms301111/Desktop/space/build/space_gazebo -- -j12 -l12
[1.023s] DEBUG:colcon.colcon_core.event_handler.log_command:Invoked command in '/home/kms301111/Desktop/space/build/space_gazebo' returned '0': AMENT_PREFIX_PATH=/home/kms301111/Desktop/space/install/space_description:${AMENT_PREFIX_PATH} CMAKE_PREFIX_PATH=/home/kms301111/Desktop/space/install/space_description:/opt/ros/jazzy/opt/gz_sim_vendor:/opt/ros/jazzy/opt/gz_sensors_vendor:/opt/ros/jazzy/opt/gz_physics_vendor:/opt/ros/jazzy/opt/sdformat_vendor:/opt/ros/jazzy/opt/gz_gui_vendor:/opt/ros/jazzy/opt/gz_transport_vendor:/opt/ros/jazzy/opt/gz_rendering_vendor:/opt/ros/jazzy/opt/gz_plugin_vendor:/opt/ros/jazzy/opt/gz_fuel_tools_vendor:/opt/ros/jazzy/opt/gz_msgs_vendor:/opt/ros/jazzy/opt/gz_common_vendor:/opt/ros/jazzy/opt/gz_math_vendor:/opt/ros/jazzy/opt/gz_utils_vendor:/opt/ros/jazzy/opt/gz_tools_vendor:/opt/ros/jazzy/opt/gz_ogre_next_vendor:/opt/ros/jazzy/opt/gz_dartsim_vendor:/opt/ros/jazzy/opt/gz_cmake_vendor:/opt/ros/jazzy DEBUGINFOD_URLS=https://debuginfod.ubuntu.com /usr/bin/cmake --build /home/kms301111/Desktop/space/build/space_gazebo -- -j12 -l12
[1.026s] DEBUG:colcon.colcon_core.event_handler.log_command:Invoking command in '/home/kms301111/Desktop/space/build/space_gazebo': AMENT_PREFIX_PATH=/home/kms301111/Desktop/space/install/space_description:${AMENT_PREFIX_PATH} CMAKE_PREFIX_PATH=/home/kms301111/Desktop/space/install/space_description:/opt/ros/jazzy/opt/gz_sim_vendor:/opt/ros/jazzy/opt/gz_sensors_vendor:/opt/ros/jazzy/opt/gz_physics_vendor:/opt/ros/jazzy/opt/sdformat_vendor:/opt/ros/jazzy/opt/gz_gui_vendor:/opt/ros/jazzy/opt/gz_transport_vendor:/opt/ros/jazzy/opt/gz_rendering_vendor:/opt/ros/jazzy/opt/gz_plugin_vendor:/opt/ros/jazzy/opt/gz_fuel_tools_vendor:/opt/ros/jazzy/opt/gz_msgs_vendor:/opt/ros/jazzy/opt/gz_common_vendor:/opt/ros/jazzy/opt/gz_math_vendor:/opt/ros/jazzy/opt/gz_utils_vendor:/opt/ros/jazzy/opt/gz_tools_vendor:/opt/ros/jazzy/opt/gz_ogre_next_vendor:/opt/ros/jazzy/opt/gz_dartsim_vendor:/opt/ros/jazzy/opt/gz_cmake_vendor:/opt/ros/jazzy DEBUGINFOD_URLS=https://debuginfod.ubuntu.com /usr/bin/cmake --install /home/kms301111/Desktop/space/build/space_gazebo
[1.112s] Level 1:colcon.colcon_core.environment:create_environment_scripts_only(space_gazebo)
[1.113s] DEBUG:colcon.colcon_core.event_handler.log_command:Invoked command in '/home/kms301111/Desktop/space/build/space_gazebo' returned '0': AMENT_PREFIX_PATH=/home/kms301111/Desktop/space/install/space_description:${AMENT_PREFIX_PATH} CMAKE_PREFIX_PATH=/home/kms301111/Desktop/space/install/space_description:/opt/ros/jazzy/opt/gz_sim_vendor:/opt/ros/jazzy/opt/gz_sensors_vendor:/opt/ros/jazzy/opt/gz_physics_vendor:/opt/ros/jazzy/opt/sdformat_vendor:/opt/ros/jazzy/opt/gz_gui_vendor:/opt/ros/jazzy/opt/gz_transport_vendor:/opt/ros/jazzy/opt/gz_rendering_vendor:/opt/ros/jazzy/opt/gz_plugin_vendor:/opt/ros/jazzy/opt/gz_fuel_tools_vendor:/opt/ros/jazzy/opt/gz_msgs_vendor:/opt/ros/jazzy/opt/gz_common_vendor:/opt/ros/jazzy/opt/gz_math_vendor:/opt/ros/jazzy/opt/gz_utils_vendor:/opt/ros/jazzy/opt/gz_tools_vendor:/opt/ros/jazzy/opt/gz_ogre_next_vendor:/opt/ros/jazzy/opt/gz_dartsim_vendor:/opt/ros/jazzy/opt/gz_cmake_vendor:/opt/ros/jazzy DEBUGINFOD_URLS=https://debuginfod.ubuntu.com /usr/bin/cmake --install /home/kms301111/Desktop/space/build/space_gazebo
[1.113s] Level 1:colcon.colcon_core.environment:checking '/home/kms301111/Desktop/space/install/space_gazebo' for CMake module files
[1.115s] Level 1:colcon.colcon_core.environment:checking '/home/kms301111/Desktop/space/install/space_gazebo' for CMake config files
[1.116s] Level 1:colcon.colcon_core.shell:create_environment_hook('space_gazebo', 'cmake_prefix_path')
[1.116s] INFO:colcon.colcon_core.shell:Creating environment hook '/home/kms301111/Desktop/space/install/space_gazebo/share/space_gazebo/hook/cmake_prefix_path.ps1'
[1.117s] INFO:colcon.colcon_core.shell:Creating environment descriptor '/home/kms301111/Desktop/space/install/space_gazebo/share/space_gazebo/hook/cmake_prefix_path.dsv'
[1.118s] INFO:colcon.colcon_core.shell:Creating environment hook '/home/kms301111/Desktop/space/install/space_gazebo/share/space_gazebo/hook/cmake_prefix_path.sh'
[1.119s] Level 1:colcon.colcon_core.environment:checking '/home/kms301111/Desktop/space/install/space_gazebo/lib'
[1.119s] Level 1:colcon.colcon_core.environment:checking '/home/kms301111/Desktop/space/install/space_gazebo/bin'
[1.120s] Level 1:colcon.colcon_core.environment:checking '/home/kms301111/Desktop/space/install/space_gazebo/lib/pkgconfig/space_gazebo.pc'
[1.120s] Level 1:colcon.colcon_core.environment:checking '/home/kms301111/Desktop/space/install/space_gazebo/lib/python3.12/site-packages'
[1.121s] Level 1:colcon.colcon_core.environment:checking '/home/kms301111/Desktop/space/install/space_gazebo/bin'
[1.121s] INFO:colcon.colcon_core.shell:Creating package script '/home/kms301111/Desktop/space/install/space_gazebo/share/space_gazebo/package.ps1'
[1.122s] INFO:colcon.colcon_core.shell:Creating package descriptor '/home/kms301111/Desktop/space/install/space_gazebo/share/space_gazebo/package.dsv'
[1.123s] INFO:colcon.colcon_core.shell:Creating package script '/home/kms301111/Desktop/space/install/space_gazebo/share/space_gazebo/package.sh'
[1.124s] INFO:colcon.colcon_core.shell:Creating package script '/home/kms301111/Desktop/space/install/space_gazebo/share/space_gazebo/package.bash'
[1.125s] INFO:colcon.colcon_core.shell:Creating package script '/home/kms301111/Desktop/space/install/space_gazebo/share/space_gazebo/package.zsh'
[1.125s] Level 1:colcon.colcon_core.environment:create_file_with_runtime_dependencies(/home/kms301111/Desktop/space/install/space_gazebo/share/colcon-core/packages/space_gazebo)
[1.126s] Level 1:colcon.colcon_core.environment:create_environment_scripts_only(space_gazebo)
[1.126s] Level 1:colcon.colcon_core.environment:checking '/home/kms301111/Desktop/space/install/space_gazebo' for CMake module files
[1.126s] Level 1:colcon.colcon_core.environment:checking '/home/kms301111/Desktop/space/install/space_gazebo' for CMake config files
[1.127s] Level 1:colcon.colcon_core.shell:create_environment_hook('space_gazebo', 'cmake_prefix_path')
[1.127s] INFO:colcon.colcon_core.shell:Creating environment hook '/home/kms301111/Desktop/space/install/space_gazebo/share/space_gazebo/hook/cmake_prefix_path.ps1'
[1.127s] INFO:colcon.colcon_core.shell:Creating environment descriptor '/home/kms301111/Desktop/space/install/space_gazebo/share/space_gazebo/hook/cmake_prefix_path.dsv'
[1.128s] INFO:colcon.colcon_core.shell:Creating environment hook '/home/kms301111/Desktop/space/install/space_gazebo/share/space_gazebo/hook/cmake_prefix_path.sh'
[1.128s] Level 1:colcon.colcon_core.environment:checking '/home/kms301111/Desktop/space/install/space_gazebo/lib'
[1.128s] Level 1:colcon.colcon_core.environment:checking '/home/kms301111/Desktop/space/install/space_gazebo/bin'
[1.128s] Level 1:colcon.colcon_core.environment:checking '/home/kms301111/Desktop/space/install/space_gazebo/lib/pkgconfig/space_gazebo.pc'
[1.129s] Level 1:colcon.colcon_core.environment:checking '/home/kms301111/Desktop/space/install/space_gazebo/lib/python3.12/site-packages'
[1.129s] Level 1:colcon.colcon_core.environment:checking '/home/kms301111/Desktop/space/install/space_gazebo/bin'
[1.129s] INFO:colcon.colcon_core.shell:Creating package script '/home/kms301111/Desktop/space/install/space_gazebo/share/space_gazebo/package.ps1'
[1.130s] INFO:colcon.colcon_core.shell:Creating package descriptor '/home/kms301111/Desktop/space/install/space_gazebo/share/space_gazebo/package.dsv'
[1.130s] INFO:colcon.colcon_core.shell:Creating package script '/home/kms301111/Desktop/space/install/space_gazebo/share/space_gazebo/package.sh'
[1.131s] INFO:colcon.colcon_core.shell:Creating package script '/home/kms301111/Desktop/space/install/space_gazebo/share/space_gazebo/package.bash'
[1.131s] INFO:colcon.colcon_core.shell:Creating package script '/home/kms301111/Desktop/space/install/space_gazebo/share/space_gazebo/package.zsh'
[1.132s] Level 1:colcon.colcon_core.environment:create_file_with_runtime_dependencies(/home/kms301111/Desktop/space/install/space_gazebo/share/colcon-core/packages/space_gazebo)
[1.594s] DEBUG:colcon.colcon_core.event_handler.log_command:Invoking command in '/home/kms301111/Desktop/space/build/space_controller': DEBUGINFOD_URLS=https://debuginfod.ubuntu.com PYTHONPATH=/home/kms301111/Desktop/space/build/space_controller/prefix_override:/usr/lib/python3/dist-packages/colcon_core/task/python/colcon_distutils_commands:/home/kms301111/Desktop/space/install/space_controller/lib/python3.12/site-packages:${PYTHONPATH} /usr/bin/python3 -W ignore:setup.py install is deprecated -W ignore:easy_install command is deprecated setup.py develop --editable --build-directory /home/kms301111/Desktop/space/build/space_controller/build --no-deps symlink_data
[2.415s] Level 1:colcon.colcon_core.shell:create_environment_hook('space_controller', 'pythonpath_develop')
[2.415s] INFO:colcon.colcon_core.shell:Creating environment hook '/home/kms301111/Desktop/space/build/space_controller/share/space_controller/hook/pythonpath_develop.ps1'
[2.416s] DEBUG:colcon.colcon_core.event_handler.log_command:Invoked command in '/home/kms301111/Desktop/space/build/space_controller' returned '0': DEBUGINFOD_URLS=https://debuginfod.ubuntu.com PYTHONPATH=/home/kms301111/Desktop/space/build/space_controller/prefix_override:/usr/lib/python3/dist-packages/colcon_core/task/python/colcon_distutils_commands:/home/kms301111/Desktop/space/install/space_controller/lib/python3.12/site-packages:${PYTHONPATH} /usr/bin/python3 -W ignore:setup.py install is deprecated -W ignore:easy_install command is deprecated setup.py develop --editable --build-directory /home/kms301111/Desktop/space/build/space_controller/build --no-deps symlink_data
[2.416s] INFO:colcon.colcon_core.shell:Creating environment descriptor '/home/kms301111/Desktop/space/build/space_controller/share/space_controller/hook/pythonpath_develop.dsv'
[2.417s] INFO:colcon.colcon_core.shell:Creating environment hook '/home/kms301111/Desktop/space/build/space_controller/share/space_controller/hook/pythonpath_develop.sh'
[2.417s] Level 1:colcon.colcon_core.environment:checking '/home/kms301111/Desktop/space/install/space_controller' for CMake module files
[2.418s] Level 1:colcon.colcon_core.environment:checking '/home/kms301111/Desktop/space/install/space_controller' for CMake config files
[2.418s] Level 1:colcon.colcon_core.environment:checking '/home/kms301111/Desktop/space/install/space_controller/lib'
[2.418s] Level 1:colcon.colcon_core.environment:checking '/home/kms301111/Desktop/space/install/space_controller/bin'
[2.419s] Level 1:colcon.colcon_core.environment:checking '/home/kms301111/Desktop/space/install/space_controller/lib/pkgconfig/space_controller.pc'
[2.419s] Level 1:colcon.colcon_core.environment:checking '/home/kms301111/Desktop/space/install/space_controller/lib/python3.12/site-packages'
[2.419s] Level 1:colcon.colcon_core.shell:create_environment_hook('space_controller', 'pythonpath')
[2.419s] INFO:colcon.colcon_core.shell:Creating environment hook '/home/kms301111/Desktop/space/install/space_controller/share/space_controller/hook/pythonpath.ps1'
[2.420s] INFO:colcon.colcon_core.shell:Creating environment descriptor '/home/kms301111/Desktop/space/install/space_controller/share/space_controller/hook/pythonpath.dsv'
[2.420s] INFO:colcon.colcon_core.shell:Creating environment hook '/home/kms301111/Desktop/space/install/space_controller/share/space_controller/hook/pythonpath.sh'
[2.421s] Level 1:colcon.colcon_core.environment:checking '/home/kms301111/Desktop/space/install/space_controller/bin'
[2.421s] Level 1:colcon.colcon_core.environment:create_environment_scripts_only(space_controller)
[2.421s] INFO:colcon.colcon_core.shell:Creating package script '/home/kms301111/Desktop/space/install/space_controller/share/space_controller/package.ps1'
[2.422s] INFO:colcon.colcon_core.shell:Creating package descriptor '/home/kms301111/Desktop/space/install/space_controller/share/space_controller/package.dsv'
[2.423s] INFO:colcon.colcon_core.shell:Creating package script '/home/kms301111/Desktop/space/install/space_controller/share/space_controller/package.sh'
[2.423s] INFO:colcon.colcon_core.shell:Creating package script '/home/kms301111/Desktop/space/install/space_controller/share/space_controller/package.bash'
[2.424s] INFO:colcon.colcon_core.shell:Creating package script '/home/kms301111/Desktop/space/install/space_controller/share/space_controller/package.zsh'
[2.424s] Level 1:colcon.colcon_core.environment:create_file_with_runtime_dependencies(/home/kms301111/Desktop/space/install/space_controller/share/colcon-core/packages/space_controller)
[2.425s] INFO:colcon.colcon_ros.task.ament_python.build:Building ROS package in '/home/kms301111/Desktop/space/ros2_ws/src/space_bringup' with build type 'ament_python'
[2.425s] Level 1:colcon.colcon_core.shell:create_environment_hook('space_bringup', 'ament_prefix_path')
[2.425s] INFO:colcon.colcon_core.shell:Creating environment hook '/home/kms301111/Desktop/space/install/space_bringup/share/space_bringup/hook/ament_prefix_path.ps1'
[2.426s] INFO:colcon.colcon_core.shell:Creating environment descriptor '/home/kms301111/Desktop/space/install/space_bringup/share/space_bringup/hook/ament_prefix_path.dsv'
[2.427s] INFO:colcon.colcon_core.shell:Creating environment hook '/home/kms301111/Desktop/space/install/space_bringup/share/space_bringup/hook/ament_prefix_path.sh'
[2.428s] INFO:colcon.colcon_core.shell:Skip shell extension 'powershell' for command environment: Not usable outside of PowerShell
[2.428s] DEBUG:colcon.colcon_core.shell:Skip shell extension 'dsv' for command environment
[2.950s] INFO:colcon.colcon_core.task.python.build:Building Python package in '/home/kms301111/Desktop/space/ros2_ws/src/space_bringup'
[2.950s] INFO:colcon.colcon_core.shell:Skip shell extension 'powershell' for command environment: Not usable outside of PowerShell
[2.950s] DEBUG:colcon.colcon_core.shell:Skip shell extension 'dsv' for command environment
[3.896s] DEBUG:colcon.colcon_core.event_handler.log_command:Invoking command in '/home/kms301111/Desktop/space/build/space_bringup': AMENT_PREFIX_PATH=/home/kms301111/Desktop/space/install/space_gazebo:/home/kms301111/Desktop/space/install/space_perception:/home/kms301111/Desktop/space/install/space_description:/home/kms301111/Desktop/space/install/space_controller:${AMENT_PREFIX_PATH} CMAKE_PREFIX_PATH=/home/kms301111/Desktop/space/install/space_gazebo:/home/kms301111/Desktop/space/install/space_perception:/home/kms301111/Desktop/space/install/space_description:${CMAKE_PREFIX_PATH} DEBUGINFOD_URLS=https://debuginfod.ubuntu.com LD_LIBRARY_PATH=/home/kms301111/Desktop/space/install/space_perception/lib:${LD_LIBRARY_PATH} PYTHONPATH=/home/kms301111/Desktop/space/build/space_bringup/prefix_override:/usr/lib/python3/dist-packages/colcon_core/task/python/colcon_distutils_commands:/home/kms301111/Desktop/space/install/space_bringup/lib/python3.12/site-packages:/home/kms301111/Desktop/space/install/space_perception/lib/python3.12/site-packages:/home/kms301111/Desktop/space/build/space_controller:/home/kms301111/Desktop/space/install/space_controller/lib/python3.12/site-packages:${PYTHONPATH} /usr/bin/python3 -W ignore:setup.py install is deprecated -W ignore:easy_install command is deprecated setup.py develop --editable --build-directory /home/kms301111/Desktop/space/build/space_bringup/build --no-deps symlink_data
[4.757s] Level 1:colcon.colcon_core.shell:create_environment_hook('space_bringup', 'pythonpath_develop')
[4.757s] INFO:colcon.colcon_core.shell:Creating environment hook '/home/kms301111/Desktop/space/build/space_bringup/share/space_bringup/hook/pythonpath_develop.ps1'
[4.758s] DEBUG:colcon.colcon_core.event_handler.log_command:Invoked command in '/home/kms301111/Desktop/space/build/space_bringup' returned '0': AMENT_PREFIX_PATH=/home/kms301111/Desktop/space/install/space_gazebo:/home/kms301111/Desktop/space/install/space_perception:/home/kms301111/Desktop/space/install/space_description:/home/kms301111/Desktop/space/install/space_controller:${AMENT_PREFIX_PATH} CMAKE_PREFIX_PATH=/home/kms301111/Desktop/space/install/space_gazebo:/home/kms301111/Desktop/space/install/space_perception:/home/kms301111/Desktop/space/install/space_description:${CMAKE_PREFIX_PATH} DEBUGINFOD_URLS=https://debuginfod.ubuntu.com LD_LIBRARY_PATH=/home/kms301111/Desktop/space/install/space_perception/lib:${LD_LIBRARY_PATH} PYTHONPATH=/home/kms301111/Desktop/space/build/space_bringup/prefix_override:/usr/lib/python3/dist-packages/colcon_core/task/python/colcon_distutils_commands:/home/kms301111/Desktop/space/install/space_bringup/lib/python3.12/site-packages:/home/kms301111/Desktop/space/install/space_perception/lib/python3.12/site-packages:/home/kms301111/Desktop/space/build/space_controller:/home/kms301111/Desktop/space/install/space_controller/lib/python3.12/site-packages:${PYTHONPATH} /usr/bin/python3 -W ignore:setup.py install is deprecated -W ignore:easy_install command is deprecated setup.py develop --editable --build-directory /home/kms301111/Desktop/space/build/space_bringup/build --no-deps symlink_data
[4.759s] INFO:colcon.colcon_core.shell:Creating environment descriptor '/home/kms301111/Desktop/space/build/space_bringup/share/space_bringup/hook/pythonpath_develop.dsv'
[4.759s] INFO:colcon.colcon_core.shell:Creating environment hook '/home/kms301111/Desktop/space/build/space_bringup/share/space_bringup/hook/pythonpath_develop.sh'
[4.760s] Level 1:colcon.colcon_core.environment:checking '/home/kms301111/Desktop/space/install/space_bringup' for CMake module files
[4.761s] Level 1:colcon.colcon_core.environment:checking '/home/kms301111/Desktop/space/install/space_bringup' for CMake config files
[4.761s] Level 1:colcon.colcon_core.environment:checking '/home/kms301111/Desktop/space/install/space_bringup/lib'
[4.761s] Level 1:colcon.colcon_core.environment:checking '/home/kms301111/Desktop/space/install/space_bringup/bin'
[4.761s] Level 1:colcon.colcon_core.environment:checking '/home/kms301111/Desktop/space/install/space_bringup/lib/pkgconfig/space_bringup.pc'
[4.762s] Level 1:colcon.colcon_core.environment:checking '/home/kms301111/Desktop/space/install/space_bringup/lib/python3.12/site-packages'
[4.762s] Level 1:colcon.colcon_core.shell:create_environment_hook('space_bringup', 'pythonpath')
[4.762s] INFO:colcon.colcon_core.shell:Creating environment hook '/home/kms301111/Desktop/space/install/space_bringup/share/space_bringup/hook/pythonpath.ps1'
[4.762s] INFO:colcon.colcon_core.shell:Creating environment descriptor '/home/kms301111/Desktop/space/install/space_bringup/share/space_bringup/hook/pythonpath.dsv'
[4.763s] INFO:colcon.colcon_core.shell:Creating environment hook '/home/kms301111/Desktop/space/install/space_bringup/share/space_bringup/hook/pythonpath.sh'
[4.764s] Level 1:colcon.colcon_core.environment:checking '/home/kms301111/Desktop/space/install/space_bringup/bin'
[4.764s] Level 1:colcon.colcon_core.environment:create_environment_scripts_only(space_bringup)
[4.764s] INFO:colcon.colcon_core.shell:Creating package script '/home/kms301111/Desktop/space/install/space_bringup/share/space_bringup/package.ps1'
[4.765s] INFO:colcon.colcon_core.shell:Creating package descriptor '/home/kms301111/Desktop/space/install/space_bringup/share/space_bringup/package.dsv'
[4.765s] INFO:colcon.colcon_core.shell:Creating package script '/home/kms301111/Desktop/space/install/space_bringup/share/space_bringup/package.sh'
[4.766s] INFO:colcon.colcon_core.shell:Creating package script '/home/kms301111/Desktop/space/install/space_bringup/share/space_bringup/package.bash'
[4.766s] INFO:colcon.colcon_core.shell:Creating package script '/home/kms301111/Desktop/space/install/space_bringup/share/space_bringup/package.zsh'
[4.766s] Level 1:colcon.colcon_core.environment:create_file_with_runtime_dependencies(/home/kms301111/Desktop/space/install/space_bringup/share/colcon-core/packages/space_bringup)
[4.767s] DEBUG:colcon.colcon_parallel_executor.executor.parallel:closing loop
[4.767s] DEBUG:colcon.colcon_parallel_executor.executor.parallel:loop closed
[4.767s] DEBUG:colcon.colcon_parallel_executor.executor.parallel:run_until_complete finished with '0'
[4.767s] DEBUG:colcon.colcon_core.event_reactor:joining thread
[4.780s] INFO:colcon.colcon_core.plugin_system:Skipping extension 'colcon_notification.desktop_notification.terminal_notifier': Not used on non-Darwin systems
[4.780s] INFO:colcon.colcon_core.plugin_system:Skipping extension 'colcon_notification.desktop_notification.win32': Not used on non-Windows systems
[4.780s] INFO:colcon.colcon_notification.desktop_notification:Sending desktop notification using 'notify2'
[4.780s] DEBUG:colcon.colcon_notification.desktop_notification.notify2:Failed to initialize notify2: org.freedesktop.DBus.Error.AccessDenied: Failed to connect to socket /run/user/1000/bus: Operation not permitted
[4.780s] DEBUG:colcon.colcon_core.event_reactor:joined thread
[4.781s] INFO:colcon.colcon_core.shell:Creating prefix script '/home/kms301111/Desktop/space/install/local_setup.ps1'
[4.782s] INFO:colcon.colcon_core.shell:Creating prefix util module '/home/kms301111/Desktop/space/install/_local_setup_util_ps1.py'
[4.784s] INFO:colcon.colcon_core.shell:Creating prefix chain script '/home/kms301111/Desktop/space/install/setup.ps1'
[4.785s] INFO:colcon.colcon_core.shell:Creating prefix script '/home/kms301111/Desktop/space/install/local_setup.sh'
[4.786s] INFO:colcon.colcon_core.shell:Creating prefix util module '/home/kms301111/Desktop/space/install/_local_setup_util_sh.py'
[4.787s] INFO:colcon.colcon_core.shell:Creating prefix chain script '/home/kms301111/Desktop/space/install/setup.sh'
[4.789s] INFO:colcon.colcon_core.shell:Creating prefix script '/home/kms301111/Desktop/space/install/local_setup.bash'
[4.789s] INFO:colcon.colcon_core.shell:Creating prefix chain script '/home/kms301111/Desktop/space/install/setup.bash'
[4.791s] INFO:colcon.colcon_core.shell:Creating prefix script '/home/kms301111/Desktop/space/install/local_setup.zsh'
[4.791s] INFO:colcon.colcon_core.shell:Creating prefix chain script '/home/kms301111/Desktop/space/install/setup.zsh'
